[2026-07-10T19:49:24.211+0000] {local_task_job_runner.py:123} INFO - ::group::Pre task execution logs
[2026-07-10T19:49:24.240+0000] {taskinstance.py:2613} INFO - Dependencies all met for dep_context=non-requeueable deps ti=<TaskInstance: 05_sensor.generate_summary manual__2026-07-10T19:49:16.535683+00:00 [queued]>
[2026-07-10T19:49:24.251+0000] {taskinstance.py:2613} INFO - Dependencies all met for dep_context=requeueable deps ti=<TaskInstance: 05_sensor.generate_summary manual__2026-07-10T19:49:16.535683+00:00 [queued]>
[2026-07-10T19:49:24.252+0000] {taskinstance.py:2866} INFO - Starting attempt 1 of 1
[2026-07-10T19:49:24.273+0000] {taskinstance.py:2889} INFO - Executing <Task(PythonOperator): generate_summary> on 2026-07-10 19:49:16.535683+00:00
[2026-07-10T19:49:24.283+0000] {logging_mixin.py:190} WARNING - /home/***/.local/lib/python3.12/site-packages/***/task/task_runner/standard_task_runner.py:70 DeprecationWarning: This process (pid=1400) is multi-threaded, use of fork() may lead to deadlocks in the child.
[2026-07-10T19:49:24.285+0000] {standard_task_runner.py:72} INFO - Started process 1401 to run task
[2026-07-10T19:49:24.283+0000] {standard_task_runner.py:104} INFO - Running: ['***', 'tasks', 'run', '05_sensor', 'generate_summary', 'manual__2026-07-10T19:49:16.535683+00:00', '--job-id', '63', '--raw', '--subdir', 'DAGS_FOLDER/05_sensor.py', '--cfg-path', '/tmp/tmppyhbgxqc']
[2026-07-10T19:49:24.288+0000] {standard_task_runner.py:105} INFO - Job 63: Subtask generate_summary
[2026-07-10T19:49:24.365+0000] {task_command.py:467} INFO - Running <TaskInstance: 05_sensor.generate_summary manual__2026-07-10T19:49:16.535683+00:00 [running]> on host 35bdc1b28d94
[2026-07-10T19:49:24.525+0000] {taskinstance.py:3132} INFO - Exporting env vars: AIRFLOW_CTX_DAG_OWNER='***' AIRFLOW_CTX_DAG_ID='05_sensor' AIRFLOW_CTX_TASK_ID='generate_summary' AIRFLOW_CTX_EXECUTION_DATE='2026-07-10T19:49:16.535683+00:00' AIRFLOW_CTX_TRY_NUMBER='1' AIRFLOW_CTX_DAG_RUN_ID='manual__2026-07-10T19:49:16.535683+00:00'
[2026-07-10T19:49:24.526+0000] {taskinstance.py:731} INFO - ::endgroup::
[2026-07-10T19:49:24.576+0000] {logging_mixin.py:190} INFO - 
📋 Summary generated:
[2026-07-10T19:49:24.577+0000] {logging_mixin.py:190} INFO -    - Total orders: 5
[2026-07-10T19:49:24.577+0000] {logging_mixin.py:190} INFO -    - Total revenue: $3,205
[2026-07-10T19:49:24.578+0000] {logging_mixin.py:190} INFO -    - Avg order value: $641.00
[2026-07-10T19:49:24.578+0000] {logging_mixin.py:190} INFO -    - Total customers: 5
[2026-07-10T19:49:24.578+0000] {logging_mixin.py:190} INFO -    - Total products: 5
[2026-07-10T19:49:24.580+0000] {python.py:240} INFO - Done. Returned value was: None
[2026-07-10T19:49:24.600+0000] {taskinstance.py:340} INFO - ::group::Post task execution logs
[2026-07-10T19:49:24.601+0000] {taskinstance.py:352} INFO - Marking task as SUCCESS. dag_id=05_sensor, task_id=generate_summary, run_id=manual__2026-07-10T19:49:16.535683+00:00, execution_date=20260710T194916, start_date=20260710T194924, end_date=20260710T194924
[2026-07-10T19:49:24.667+0000] {local_task_job_runner.py:266} INFO - Task exited with return code 0
[2026-07-10T19:49:24.698+0000] {taskinstance.py:3895} INFO - 0 downstream tasks scheduled from follow-on schedule check
[2026-07-10T19:49:24.708+0000] {local_task_job_runner.py:245} INFO - ::endgroup::
