[2026-07-09T15:44:54.272+0000] {local_task_job_runner.py:123} INFO - ::group::Pre task execution logs
[2026-07-09T15:44:54.344+0000] {taskinstance.py:2613} INFO - Dependencies all met for dep_context=non-requeueable deps ti=<TaskInstance: 04_branch.process_large manual__2026-07-09T15:44:48.054045+00:00 [queued]>
[2026-07-09T15:44:54.380+0000] {taskinstance.py:2613} INFO - Dependencies all met for dep_context=requeueable deps ti=<TaskInstance: 04_branch.process_large manual__2026-07-09T15:44:48.054045+00:00 [queued]>
[2026-07-09T15:44:54.380+0000] {taskinstance.py:2866} INFO - Starting attempt 1 of 1
[2026-07-09T15:44:54.429+0000] {taskinstance.py:2889} INFO - Executing <Task(PythonOperator): process_large> on 2026-07-09 15:44:48.054045+00:00
[2026-07-09T15:44:54.456+0000] {standard_task_runner.py:104} INFO - Running: ['***', 'tasks', 'run', '04_branch', 'process_large', 'manual__2026-07-09T15:44:48.054045+00:00', '--job-id', '11', '--raw', '--subdir', 'DAGS_FOLDER/04_branch.py', '--cfg-path', '/tmp/tmpwavowt6i']
[2026-07-09T15:44:54.458+0000] {logging_mixin.py:190} WARNING - /home/***/.local/lib/python3.12/site-packages/***/task/task_runner/standard_task_runner.py:70 DeprecationWarning: This process (pid=3340) is multi-threaded, use of fork() may lead to deadlocks in the child.
[2026-07-09T15:44:54.460+0000] {standard_task_runner.py:105} INFO - Job 11: Subtask process_large
[2026-07-09T15:44:54.460+0000] {standard_task_runner.py:72} INFO - Started process 3341 to run task
[2026-07-09T15:44:54.551+0000] {task_command.py:467} INFO - Running <TaskInstance: 04_branch.process_large manual__2026-07-09T15:44:48.054045+00:00 [running]> on host 5a7e11089a04
[2026-07-09T15:44:54.700+0000] {taskinstance.py:3132} INFO - Exporting env vars: AIRFLOW_CTX_DAG_OWNER='***' AIRFLOW_CTX_DAG_ID='04_branch' AIRFLOW_CTX_TASK_ID='process_large' AIRFLOW_CTX_EXECUTION_DATE='2026-07-09T15:44:48.054045+00:00' AIRFLOW_CTX_TRY_NUMBER='1' AIRFLOW_CTX_DAG_RUN_ID='manual__2026-07-09T15:44:48.054045+00:00'
[2026-07-09T15:44:54.702+0000] {taskinstance.py:731} INFO - ::endgroup::
[2026-07-09T15:44:54.724+0000] {logging_mixin.py:190} INFO - 🔴 Processing LARGE order volume (> 80 orders)
[2026-07-09T15:44:54.725+0000] {logging_mixin.py:190} INFO -    - Intensive validation
[2026-07-09T15:44:54.725+0000] {logging_mixin.py:190} INFO -    - Complex aggregation
[2026-07-09T15:44:54.725+0000] {logging_mixin.py:190} INFO -    - Slow execution (simulated)
[2026-07-09T15:44:54.726+0000] {python.py:240} INFO - Done. Returned value was: None
[2026-07-09T15:44:54.743+0000] {taskinstance.py:340} INFO - ::group::Post task execution logs
[2026-07-09T15:44:54.744+0000] {taskinstance.py:352} INFO - Marking task as SUCCESS. dag_id=04_branch, task_id=process_large, run_id=manual__2026-07-09T15:44:48.054045+00:00, execution_date=20260709T154448, start_date=20260709T154454, end_date=20260709T154454
[2026-07-09T15:44:54.799+0000] {local_task_job_runner.py:266} INFO - Task exited with return code 0
[2026-07-09T15:44:54.843+0000] {taskinstance.py:3895} INFO - 1 downstream tasks scheduled from follow-on schedule check
[2026-07-09T15:44:54.845+0000] {local_task_job_runner.py:245} INFO - ::endgroup::
