[2026-07-10T19:42:17.262+0000] {local_task_job_runner.py:123} INFO - ::group::Pre task execution logs
[2026-07-10T19:42:17.293+0000] {taskinstance.py:2613} INFO - Dependencies all met for dep_context=non-requeueable deps ti=<TaskInstance: 04_branch.load_orders manual__2026-07-10T19:42:14.073695+00:00 [queued]>
[2026-07-10T19:42:17.308+0000] {taskinstance.py:2613} INFO - Dependencies all met for dep_context=requeueable deps ti=<TaskInstance: 04_branch.load_orders manual__2026-07-10T19:42:14.073695+00:00 [queued]>
[2026-07-10T19:42:17.309+0000] {taskinstance.py:2866} INFO - Starting attempt 1 of 1
[2026-07-10T19:42:17.327+0000] {taskinstance.py:2889} INFO - Executing <Task(PythonOperator): load_orders> on 2026-07-10 19:42:14.073695+00:00
[2026-07-10T19:42:17.341+0000] {logging_mixin.py:190} WARNING - /home/***/.local/lib/python3.12/site-packages/***/task/task_runner/standard_task_runner.py:70 DeprecationWarning: This process (pid=515) is multi-threaded, use of fork() may lead to deadlocks in the child.
[2026-07-10T19:42:17.343+0000] {standard_task_runner.py:72} INFO - Started process 517 to run task
[2026-07-10T19:42:17.341+0000] {standard_task_runner.py:104} INFO - Running: ['***', 'tasks', 'run', '04_branch', 'load_orders', 'manual__2026-07-10T19:42:14.073695+00:00', '--job-id', '3', '--raw', '--subdir', 'DAGS_FOLDER/04_branch.py', '--cfg-path', '/tmp/tmpwv_au92z']
[2026-07-10T19:42:17.344+0000] {standard_task_runner.py:105} INFO - Job 3: Subtask load_orders
[2026-07-10T19:42:17.436+0000] {task_command.py:467} INFO - Running <TaskInstance: 04_branch.load_orders manual__2026-07-10T19:42:14.073695+00:00 [running]> on host 35bdc1b28d94
[2026-07-10T19:42:17.572+0000] {taskinstance.py:3132} INFO - Exporting env vars: AIRFLOW_CTX_DAG_OWNER='***' AIRFLOW_CTX_DAG_ID='04_branch' AIRFLOW_CTX_TASK_ID='load_orders' AIRFLOW_CTX_EXECUTION_DATE='2026-07-10T19:42:14.073695+00:00' AIRFLOW_CTX_TRY_NUMBER='1' AIRFLOW_CTX_DAG_RUN_ID='manual__2026-07-10T19:42:14.073695+00:00'
[2026-07-10T19:42:17.574+0000] {taskinstance.py:731} INFO - ::endgroup::
[2026-07-10T19:42:17.612+0000] {taskinstance.py:3311} ERROR - Task failed with exception
Traceback (most recent call last):
  File "/home/airflow/.local/lib/python3.12/site-packages/airflow/models/taskinstance.py", line 767, in _execute_task
    result = _execute_callable(context=context, **execute_callable_kwargs)
             ^^^^^^^^^^^^^^^^^^^^^^^^^^^^^^^^^^^^^^^^^^^^^^^^^^^^^^^^^^^^^
  File "/home/airflow/.local/lib/python3.12/site-packages/airflow/models/taskinstance.py", line 733, in _execute_callable
    return ExecutionCallableRunner(
           ^^^^^^^^^^^^^^^^^^^^^^^^
  File "/home/airflow/.local/lib/python3.12/site-packages/airflow/utils/operator_helpers.py", line 252, in run
    return self.func(*args, **kwargs)
           ^^^^^^^^^^^^^^^^^^^^^^^^^^
  File "/home/airflow/.local/lib/python3.12/site-packages/airflow/models/baseoperator.py", line 417, in wrapper
    return func(self, *args, **kwargs)
           ^^^^^^^^^^^^^^^^^^^^^^^^^^^
  File "/home/airflow/.local/lib/python3.12/site-packages/airflow/operators/python.py", line 238, in execute
    return_value = self.execute_callable()
                   ^^^^^^^^^^^^^^^^^^^^^^^
  File "/home/airflow/.local/lib/python3.12/site-packages/airflow/operators/python.py", line 256, in execute_callable
    return runner.run(*self.op_args, **self.op_kwargs)
           ^^^^^^^^^^^^^^^^^^^^^^^^^^^^^^^^^^^^^^^^^^^
  File "/home/airflow/.local/lib/python3.12/site-packages/airflow/utils/operator_helpers.py", line 252, in run
    return self.func(*args, **kwargs)
           ^^^^^^^^^^^^^^^^^^^^^^^^^^
  File "/opt/airflow/dags/04_branch.py", line 74, in load_orders
    load_data("t04_orders", rows, ["order_id", "customer_id", "amount", "status"])
  File "/opt/airflow/dags/04_branch.py", line 34, in load_data
    cur.execute(sql, tuple(row[col] for col in columns))
psycopg2.errors.ForeignKeyViolation: insert or update on table "t04_orders" violates foreign key constraint "t04_orders_customer_id_fkey"
DETAIL:  Key (customer_id)=(4) is not present in table "t04_customers".

[2026-07-10T19:42:17.640+0000] {taskinstance.py:1225} INFO - Marking task as FAILED. dag_id=04_branch, task_id=load_orders, run_id=manual__2026-07-10T19:42:14.073695+00:00, execution_date=20260710T194214, start_date=20260710T194217, end_date=20260710T194217
[2026-07-10T19:42:17.662+0000] {taskinstance.py:340} INFO - ::group::Post task execution logs
[2026-07-10T19:42:17.667+0000] {standard_task_runner.py:124} ERROR - Failed to execute job 3 for task load_orders (insert or update on table "t04_orders" violates foreign key constraint "t04_orders_customer_id_fkey"
DETAIL:  Key (customer_id)=(4) is not present in table "t04_customers".
; 517)
Traceback (most recent call last):
  File "/home/airflow/.local/lib/python3.12/site-packages/airflow/task/task_runner/standard_task_runner.py", line 117, in _start_by_fork
    ret = args.func(args, dag=self.dag)
          ^^^^^^^^^^^^^^^^^^^^^^^^^^^^^
  File "/home/airflow/.local/lib/python3.12/site-packages/airflow/cli/cli_config.py", line 49, in command
    return func(*args, **kwargs)
           ^^^^^^^^^^^^^^^^^^^^^
  File "/home/airflow/.local/lib/python3.12/site-packages/airflow/utils/cli.py", line 116, in wrapper
    return f(*args, **kwargs)
           ^^^^^^^^^^^^^^^^^^
  File "/home/airflow/.local/lib/python3.12/site-packages/airflow/cli/commands/task_command.py", line 483, in task_run
    task_return_code = _run_task_by_selected_method(args, _dag, ti)
                       ^^^^^^^^^^^^^^^^^^^^^^^^^^^^^^^^^^^^^^^^^^^^
  File "/home/airflow/.local/lib/python3.12/site-packages/airflow/cli/commands/task_command.py", line 256, in _run_task_by_selected_method
    return _run_raw_task(args, ti)
           ^^^^^^^^^^^^^^^^^^^^^^^
  File "/home/airflow/.local/lib/python3.12/site-packages/airflow/cli/commands/task_command.py", line 341, in _run_raw_task
    return ti._run_raw_task(
           ^^^^^^^^^^^^^^^^^
  File "/home/airflow/.local/lib/python3.12/site-packages/airflow/utils/session.py", line 97, in wrapper
    return func(*args, session=session, **kwargs)
           ^^^^^^^^^^^^^^^^^^^^^^^^^^^^^^^^^^^^^^
  File "/home/airflow/.local/lib/python3.12/site-packages/airflow/models/taskinstance.py", line 3005, in _run_raw_task
    return _run_raw_task(
           ^^^^^^^^^^^^^^
  File "/home/airflow/.local/lib/python3.12/site-packages/airflow/models/taskinstance.py", line 273, in _run_raw_task
    TaskInstance._execute_task_with_callbacks(
  File "/home/airflow/.local/lib/python3.12/site-packages/airflow/models/taskinstance.py", line 3159, in _execute_task_with_callbacks
    result = self._execute_task(context, task_orig)
             ^^^^^^^^^^^^^^^^^^^^^^^^^^^^^^^^^^^^^^
  File "/home/airflow/.local/lib/python3.12/site-packages/airflow/models/taskinstance.py", line 3183, in _execute_task
    return _execute_task(self, context, task_orig)
           ^^^^^^^^^^^^^^^^^^^^^^^^^^^^^^^^^^^^^^^
  File "/home/airflow/.local/lib/python3.12/site-packages/airflow/models/taskinstance.py", line 767, in _execute_task
    result = _execute_callable(context=context, **execute_callable_kwargs)
             ^^^^^^^^^^^^^^^^^^^^^^^^^^^^^^^^^^^^^^^^^^^^^^^^^^^^^^^^^^^^^
  File "/home/airflow/.local/lib/python3.12/site-packages/airflow/models/taskinstance.py", line 733, in _execute_callable
    return ExecutionCallableRunner(
           ^^^^^^^^^^^^^^^^^^^^^^^^
  File "/home/airflow/.local/lib/python3.12/site-packages/airflow/utils/operator_helpers.py", line 252, in run
    return self.func(*args, **kwargs)
           ^^^^^^^^^^^^^^^^^^^^^^^^^^
  File "/home/airflow/.local/lib/python3.12/site-packages/airflow/models/baseoperator.py", line 417, in wrapper
    return func(self, *args, **kwargs)
           ^^^^^^^^^^^^^^^^^^^^^^^^^^^
  File "/home/airflow/.local/lib/python3.12/site-packages/airflow/operators/python.py", line 238, in execute
    return_value = self.execute_callable()
                   ^^^^^^^^^^^^^^^^^^^^^^^
  File "/home/airflow/.local/lib/python3.12/site-packages/airflow/operators/python.py", line 256, in execute_callable
    return runner.run(*self.op_args, **self.op_kwargs)
           ^^^^^^^^^^^^^^^^^^^^^^^^^^^^^^^^^^^^^^^^^^^
  File "/home/airflow/.local/lib/python3.12/site-packages/airflow/utils/operator_helpers.py", line 252, in run
    return self.func(*args, **kwargs)
           ^^^^^^^^^^^^^^^^^^^^^^^^^^
  File "/opt/airflow/dags/04_branch.py", line 74, in load_orders
    load_data("t04_orders", rows, ["order_id", "customer_id", "amount", "status"])
  File "/opt/airflow/dags/04_branch.py", line 34, in load_data
    cur.execute(sql, tuple(row[col] for col in columns))
psycopg2.errors.ForeignKeyViolation: insert or update on table "t04_orders" violates foreign key constraint "t04_orders_customer_id_fkey"
DETAIL:  Key (customer_id)=(4) is not present in table "t04_customers".

[2026-07-10T19:42:17.681+0000] {local_task_job_runner.py:266} INFO - Task exited with return code 1
[2026-07-10T19:42:17.730+0000] {taskinstance.py:3895} INFO - 0 downstream tasks scheduled from follow-on schedule check
[2026-07-10T19:42:17.741+0000] {local_task_job_runner.py:245} INFO - ::endgroup::
