[2026-07-09T15:52:29.266+0000] {local_task_job_runner.py:123} INFO - ::group::Pre task execution logs
[2026-07-09T15:52:29.344+0000] {taskinstance.py:2613} INFO - Dependencies all met for dep_context=non-requeueable deps ti=<TaskInstance: 04_branch.process_medium manual__2026-07-09T15:52:22.582647+00:00 [queued]>
[2026-07-09T15:52:29.366+0000] {taskinstance.py:2613} INFO - Dependencies all met for dep_context=requeueable deps ti=<TaskInstance: 04_branch.process_medium manual__2026-07-09T15:52:22.582647+00:00 [queued]>
[2026-07-09T15:52:29.366+0000] {taskinstance.py:2866} INFO - Starting attempt 1 of 1
[2026-07-09T15:52:29.392+0000] {taskinstance.py:2889} INFO - Executing <Task(PythonOperator): process_medium> on 2026-07-09 15:52:22.582647+00:00
[2026-07-09T15:52:29.409+0000] {logging_mixin.py:190} WARNING - /home/***/.local/lib/python3.12/site-packages/***/task/task_runner/standard_task_runner.py:70 DeprecationWarning: This process (pid=3736) is multi-threaded, use of fork() may lead to deadlocks in the child.
[2026-07-09T15:52:29.407+0000] {standard_task_runner.py:104} INFO - Running: ['***', 'tasks', 'run', '04_branch', 'process_medium', 'manual__2026-07-09T15:52:22.582647+00:00', '--job-id', '23', '--raw', '--subdir', 'DAGS_FOLDER/04_branch.py', '--cfg-path', '/tmp/tmpaevi53gc']
[2026-07-09T15:52:29.411+0000] {standard_task_runner.py:105} INFO - Job 23: Subtask process_medium
[2026-07-09T15:52:29.411+0000] {standard_task_runner.py:72} INFO - Started process 3737 to run task
[2026-07-09T15:52:29.515+0000] {task_command.py:467} INFO - Running <TaskInstance: 04_branch.process_medium manual__2026-07-09T15:52:22.582647+00:00 [running]> on host 5a7e11089a04
[2026-07-09T15:52:29.682+0000] {taskinstance.py:3132} INFO - Exporting env vars: AIRFLOW_CTX_DAG_OWNER='***' AIRFLOW_CTX_DAG_ID='04_branch' AIRFLOW_CTX_TASK_ID='process_medium' AIRFLOW_CTX_EXECUTION_DATE='2026-07-09T15:52:22.582647+00:00' AIRFLOW_CTX_TRY_NUMBER='1' AIRFLOW_CTX_DAG_RUN_ID='manual__2026-07-09T15:52:22.582647+00:00'
[2026-07-09T15:52:29.683+0000] {taskinstance.py:731} INFO - ::endgroup::
[2026-07-09T15:52:29.712+0000] {logging_mixin.py:190} INFO - 🟡 Processing MEDIUM order volume (30-80 orders)
[2026-07-09T15:52:29.712+0000] {logging_mixin.py:190} INFO -    - Standard validation
[2026-07-09T15:52:29.713+0000] {logging_mixin.py:190} INFO -    - Full aggregation
[2026-07-09T15:52:29.713+0000] {logging_mixin.py:190} INFO -    - Normal execution
[2026-07-09T15:52:29.713+0000] {python.py:240} INFO - Done. Returned value was: None
[2026-07-09T15:52:29.754+0000] {taskinstance.py:340} INFO - ::group::Post task execution logs
[2026-07-09T15:52:29.756+0000] {taskinstance.py:352} INFO - Marking task as SUCCESS. dag_id=04_branch, task_id=process_medium, run_id=manual__2026-07-09T15:52:22.582647+00:00, execution_date=20260709T155222, start_date=20260709T155229, end_date=20260709T155229
[2026-07-09T15:52:29.792+0000] {local_task_job_runner.py:266} INFO - Task exited with return code 0
[2026-07-09T15:52:29.817+0000] {local_task_job_runner.py:245} INFO - ::endgroup::
