[2026-07-08T19:08:03.437+0000] {processor.py:186} INFO - Started process (PID=173) to work on /opt/airflow/dags/00_hello_world.py
[2026-07-08T19:08:03.440+0000] {processor.py:914} INFO - Processing file /opt/airflow/dags/00_hello_world.py for tasks to queue
[2026-07-08T19:08:03.445+0000] {logging_mixin.py:190} INFO - [2026-07-08T19:08:03.444+0000] {dagbag.py:588} INFO - Filling up the DagBag from /opt/airflow/dags/00_hello_world.py
[2026-07-08T19:08:03.471+0000] {processor.py:925} INFO - DAG(s) '00_hello_world' retrieved from /opt/airflow/dags/00_hello_world.py
[2026-07-08T19:08:03.706+0000] {logging_mixin.py:190} INFO - [2026-07-08T19:08:03.705+0000] {override.py:1911} INFO - Created Permission View: can delete on DAG:00_hello_world
[2026-07-08T19:08:03.723+0000] {logging_mixin.py:190} INFO - [2026-07-08T19:08:03.723+0000] {override.py:1911} INFO - Created Permission View: can edit on DAG:00_hello_world
[2026-07-08T19:08:03.740+0000] {logging_mixin.py:190} INFO - [2026-07-08T19:08:03.739+0000] {override.py:1911} INFO - Created Permission View: can read on DAG:00_hello_world
[2026-07-08T19:08:03.755+0000] {logging_mixin.py:190} INFO - [2026-07-08T19:08:03.754+0000] {override.py:1911} INFO - Created Permission View: can delete on DAG Run:00_hello_world
[2026-07-08T19:08:03.771+0000] {logging_mixin.py:190} INFO - [2026-07-08T19:08:03.770+0000] {override.py:1911} INFO - Created Permission View: menu access on DAG Run:00_hello_world
[2026-07-08T19:08:03.793+0000] {logging_mixin.py:190} INFO - [2026-07-08T19:08:03.793+0000] {override.py:1911} INFO - Created Permission View: can create on DAG Run:00_hello_world
[2026-07-08T19:08:03.815+0000] {logging_mixin.py:190} INFO - [2026-07-08T19:08:03.814+0000] {override.py:1911} INFO - Created Permission View: can read on DAG Run:00_hello_world
[2026-07-08T19:08:03.816+0000] {logging_mixin.py:190} INFO - [2026-07-08T19:08:03.815+0000] {dag.py:3239} INFO - Sync 1 DAGs
[2026-07-08T19:08:03.840+0000] {logging_mixin.py:190} INFO - [2026-07-08T19:08:03.840+0000] {dag.py:3262} INFO - Creating ORM DAG for 00_hello_world
[2026-07-08T19:08:03.841+0000] {logging_mixin.py:190} INFO - [2026-07-08T19:08:03.841+0000] {dag.py:4180} INFO - Setting next_dagrun for 00_hello_world to None, run_after=None
[2026-07-08T19:08:03.875+0000] {processor.py:208} INFO - Processing /opt/airflow/dags/00_hello_world.py took 0.468 seconds
[2026-07-08T19:08:35.678+0000] {processor.py:186} INFO - Started process (PID=188) to work on /opt/airflow/dags/00_hello_world.py
[2026-07-08T19:08:35.680+0000] {processor.py:914} INFO - Processing file /opt/airflow/dags/00_hello_world.py for tasks to queue
[2026-07-08T19:08:35.687+0000] {logging_mixin.py:190} INFO - [2026-07-08T19:08:35.687+0000] {dagbag.py:588} INFO - Filling up the DagBag from /opt/airflow/dags/00_hello_world.py
[2026-07-08T19:08:35.728+0000] {processor.py:925} INFO - DAG(s) '00_hello_world' retrieved from /opt/airflow/dags/00_hello_world.py
[2026-07-08T19:08:35.822+0000] {logging_mixin.py:190} INFO - [2026-07-08T19:08:35.822+0000] {dag.py:3239} INFO - Sync 1 DAGs
[2026-07-08T19:08:35.845+0000] {logging_mixin.py:190} INFO - [2026-07-08T19:08:35.845+0000] {dag.py:4180} INFO - Setting next_dagrun for 00_hello_world to None, run_after=None
[2026-07-08T19:08:35.866+0000] {processor.py:208} INFO - Processing /opt/airflow/dags/00_hello_world.py took 0.197 seconds
[2026-07-08T19:09:06.339+0000] {processor.py:186} INFO - Started process (PID=203) to work on /opt/airflow/dags/00_hello_world.py
[2026-07-08T19:09:06.340+0000] {processor.py:914} INFO - Processing file /opt/airflow/dags/00_hello_world.py for tasks to queue
[2026-07-08T19:09:06.343+0000] {logging_mixin.py:190} INFO - [2026-07-08T19:09:06.342+0000] {dagbag.py:588} INFO - Filling up the DagBag from /opt/airflow/dags/00_hello_world.py
[2026-07-08T19:09:06.356+0000] {processor.py:925} INFO - DAG(s) '00_hello_world' retrieved from /opt/airflow/dags/00_hello_world.py
[2026-07-08T19:09:06.399+0000] {logging_mixin.py:190} INFO - [2026-07-08T19:09:06.399+0000] {dag.py:3239} INFO - Sync 1 DAGs
[2026-07-08T19:09:06.419+0000] {logging_mixin.py:190} INFO - [2026-07-08T19:09:06.419+0000] {dag.py:4180} INFO - Setting next_dagrun for 00_hello_world to None, run_after=None
[2026-07-08T19:09:06.454+0000] {processor.py:208} INFO - Processing /opt/airflow/dags/00_hello_world.py took 0.127 seconds
[2026-07-08T19:09:40.139+0000] {processor.py:186} INFO - Started process (PID=218) to work on /opt/airflow/dags/00_hello_world.py
[2026-07-08T19:09:40.141+0000] {processor.py:914} INFO - Processing file /opt/airflow/dags/00_hello_world.py for tasks to queue
[2026-07-08T19:09:40.148+0000] {logging_mixin.py:190} INFO - [2026-07-08T19:09:40.147+0000] {dagbag.py:588} INFO - Filling up the DagBag from /opt/airflow/dags/00_hello_world.py
[2026-07-08T19:09:40.171+0000] {processor.py:925} INFO - DAG(s) '00_hello_world' retrieved from /opt/airflow/dags/00_hello_world.py
[2026-07-08T19:09:40.215+0000] {logging_mixin.py:190} INFO - [2026-07-08T19:09:40.215+0000] {dag.py:3239} INFO - Sync 1 DAGs
[2026-07-08T19:09:40.235+0000] {logging_mixin.py:190} INFO - [2026-07-08T19:09:40.234+0000] {dag.py:4180} INFO - Setting next_dagrun for 00_hello_world to None, run_after=None
[2026-07-08T19:09:40.257+0000] {processor.py:208} INFO - Processing /opt/airflow/dags/00_hello_world.py took 0.128 seconds
[2026-07-08T19:10:13.594+0000] {processor.py:186} INFO - Started process (PID=233) to work on /opt/airflow/dags/00_hello_world.py
[2026-07-08T19:10:13.596+0000] {processor.py:914} INFO - Processing file /opt/airflow/dags/00_hello_world.py for tasks to queue
[2026-07-08T19:10:13.600+0000] {logging_mixin.py:190} INFO - [2026-07-08T19:10:13.600+0000] {dagbag.py:588} INFO - Filling up the DagBag from /opt/airflow/dags/00_hello_world.py
[2026-07-08T19:10:13.623+0000] {processor.py:925} INFO - DAG(s) '00_hello_world' retrieved from /opt/airflow/dags/00_hello_world.py
[2026-07-08T19:10:13.685+0000] {logging_mixin.py:190} INFO - [2026-07-08T19:10:13.685+0000] {dag.py:3239} INFO - Sync 1 DAGs
[2026-07-08T19:10:13.709+0000] {logging_mixin.py:190} INFO - [2026-07-08T19:10:13.709+0000] {dag.py:4180} INFO - Setting next_dagrun for 00_hello_world to None, run_after=None
[2026-07-08T19:10:13.771+0000] {processor.py:208} INFO - Processing /opt/airflow/dags/00_hello_world.py took 0.193 seconds
[2026-07-08T19:10:51.118+0000] {processor.py:186} INFO - Started process (PID=248) to work on /opt/airflow/dags/00_hello_world.py
[2026-07-08T19:10:51.127+0000] {processor.py:914} INFO - Processing file /opt/airflow/dags/00_hello_world.py for tasks to queue
[2026-07-08T19:10:51.139+0000] {logging_mixin.py:190} INFO - [2026-07-08T19:10:51.138+0000] {dagbag.py:588} INFO - Filling up the DagBag from /opt/airflow/dags/00_hello_world.py
[2026-07-08T19:10:51.208+0000] {processor.py:925} INFO - DAG(s) '00_hello_world' retrieved from /opt/airflow/dags/00_hello_world.py
[2026-07-08T19:10:51.717+0000] {logging_mixin.py:190} INFO - [2026-07-08T19:10:51.717+0000] {dag.py:3239} INFO - Sync 1 DAGs
[2026-07-08T19:10:51.759+0000] {logging_mixin.py:190} INFO - [2026-07-08T19:10:51.759+0000] {dag.py:4180} INFO - Setting next_dagrun for 00_hello_world to None, run_after=None
[2026-07-08T19:10:51.813+0000] {processor.py:208} INFO - Processing /opt/airflow/dags/00_hello_world.py took 0.748 seconds
[2026-07-08T19:11:26.150+0000] {processor.py:186} INFO - Started process (PID=263) to work on /opt/airflow/dags/00_hello_world.py
[2026-07-08T19:11:26.156+0000] {processor.py:914} INFO - Processing file /opt/airflow/dags/00_hello_world.py for tasks to queue
[2026-07-08T19:11:26.161+0000] {logging_mixin.py:190} INFO - [2026-07-08T19:11:26.160+0000] {dagbag.py:588} INFO - Filling up the DagBag from /opt/airflow/dags/00_hello_world.py
[2026-07-08T19:11:26.208+0000] {processor.py:925} INFO - DAG(s) '00_hello_world' retrieved from /opt/airflow/dags/00_hello_world.py
[2026-07-08T19:11:26.558+0000] {logging_mixin.py:190} INFO - [2026-07-08T19:11:26.557+0000] {dag.py:3239} INFO - Sync 1 DAGs
[2026-07-08T19:11:26.634+0000] {logging_mixin.py:190} INFO - [2026-07-08T19:11:26.634+0000] {dag.py:4180} INFO - Setting next_dagrun for 00_hello_world to None, run_after=None
[2026-07-08T19:11:26.754+0000] {processor.py:208} INFO - Processing /opt/airflow/dags/00_hello_world.py took 0.630 seconds
[2026-07-08T19:12:23.423+0000] {processor.py:186} INFO - Started process (PID=281) to work on /opt/airflow/dags/00_hello_world.py
[2026-07-08T19:12:23.499+0000] {processor.py:914} INFO - Processing file /opt/airflow/dags/00_hello_world.py for tasks to queue
[2026-07-08T19:12:23.562+0000] {logging_mixin.py:190} INFO - [2026-07-08T19:12:23.507+0000] {dagbag.py:588} INFO - Filling up the DagBag from /opt/airflow/dags/00_hello_world.py
[2026-07-08T19:12:29.341+0000] {processor.py:925} INFO - DAG(s) '00_hello_world' retrieved from /opt/airflow/dags/00_hello_world.py
[2026-07-08T19:12:51.136+0000] {logging_mixin.py:190} INFO - [2026-07-08T19:12:50.413+0000] {dag.py:3239} INFO - Sync 1 DAGs
[2026-07-08T19:12:53.209+0000] {logging_mixin.py:190} INFO - [2026-07-08T19:12:52.911+0000] {dag.py:4180} INFO - Setting next_dagrun for 00_hello_world to None, run_after=None
[2026-07-08T19:12:56.111+0000] {processor.py:208} INFO - Processing /opt/airflow/dags/00_hello_world.py took 33.747 seconds
[2026-07-08T19:14:05.353+0000] {processor.py:186} INFO - Started process (PID=298) to work on /opt/airflow/dags/00_hello_world.py
[2026-07-08T19:14:05.454+0000] {processor.py:914} INFO - Processing file /opt/airflow/dags/00_hello_world.py for tasks to queue
[2026-07-08T19:14:06.450+0000] {logging_mixin.py:190} INFO - [2026-07-08T19:14:06.124+0000] {dagbag.py:588} INFO - Filling up the DagBag from /opt/airflow/dags/00_hello_world.py
[2026-07-08T19:14:11.227+0000] {processor.py:925} INFO - DAG(s) '00_hello_world' retrieved from /opt/airflow/dags/00_hello_world.py
[2026-07-08T19:14:22.238+0000] {logging_mixin.py:190} INFO - [2026-07-08T19:14:22.235+0000] {dag.py:3239} INFO - Sync 1 DAGs
[2026-07-08T19:14:25.899+0000] {logging_mixin.py:190} INFO - [2026-07-08T19:14:25.881+0000] {dag.py:4180} INFO - Setting next_dagrun for 00_hello_world to None, run_after=None
[2026-07-08T19:14:27.130+0000] {processor.py:208} INFO - Processing /opt/airflow/dags/00_hello_world.py took 24.258 seconds
[2026-07-08T19:14:58.709+0000] {processor.py:186} INFO - Started process (PID=318) to work on /opt/airflow/dags/00_hello_world.py
[2026-07-08T19:14:58.776+0000] {processor.py:914} INFO - Processing file /opt/airflow/dags/00_hello_world.py for tasks to queue
[2026-07-08T19:14:58.806+0000] {logging_mixin.py:190} INFO - [2026-07-08T19:14:58.798+0000] {dagbag.py:588} INFO - Filling up the DagBag from /opt/airflow/dags/00_hello_world.py
[2026-07-08T19:15:00.565+0000] {processor.py:925} INFO - DAG(s) '00_hello_world' retrieved from /opt/airflow/dags/00_hello_world.py
[2026-07-08T19:15:03.407+0000] {logging_mixin.py:190} INFO - [2026-07-08T19:15:03.360+0000] {dag.py:3239} INFO - Sync 1 DAGs
[2026-07-08T19:15:04.213+0000] {logging_mixin.py:190} INFO - [2026-07-08T19:15:04.213+0000] {dag.py:4180} INFO - Setting next_dagrun for 00_hello_world to None, run_after=None
[2026-07-08T19:15:04.349+0000] {processor.py:208} INFO - Processing /opt/airflow/dags/00_hello_world.py took 6.245 seconds
[2026-07-08T19:15:34.715+0000] {processor.py:186} INFO - Started process (PID=333) to work on /opt/airflow/dags/00_hello_world.py
[2026-07-08T19:15:34.733+0000] {processor.py:914} INFO - Processing file /opt/airflow/dags/00_hello_world.py for tasks to queue
[2026-07-08T19:15:34.750+0000] {logging_mixin.py:190} INFO - [2026-07-08T19:15:34.750+0000] {dagbag.py:588} INFO - Filling up the DagBag from /opt/airflow/dags/00_hello_world.py
[2026-07-08T19:15:34.889+0000] {processor.py:925} INFO - DAG(s) '00_hello_world' retrieved from /opt/airflow/dags/00_hello_world.py
[2026-07-08T19:15:35.137+0000] {logging_mixin.py:190} INFO - [2026-07-08T19:15:35.136+0000] {dag.py:3239} INFO - Sync 1 DAGs
[2026-07-08T19:15:35.193+0000] {logging_mixin.py:190} INFO - [2026-07-08T19:15:35.193+0000] {dag.py:4180} INFO - Setting next_dagrun for 00_hello_world to None, run_after=None
[2026-07-08T19:15:35.232+0000] {processor.py:208} INFO - Processing /opt/airflow/dags/00_hello_world.py took 0.574 seconds
[2026-07-08T19:16:11.663+0000] {processor.py:186} INFO - Started process (PID=346) to work on /opt/airflow/dags/00_hello_world.py
[2026-07-08T19:16:12.243+0000] {processor.py:914} INFO - Processing file /opt/airflow/dags/00_hello_world.py for tasks to queue
[2026-07-08T19:16:12.439+0000] {logging_mixin.py:190} INFO - [2026-07-08T19:16:12.424+0000] {dagbag.py:588} INFO - Filling up the DagBag from /opt/airflow/dags/00_hello_world.py
[2026-07-08T19:16:13.861+0000] {processor.py:925} INFO - DAG(s) '00_hello_world' retrieved from /opt/airflow/dags/00_hello_world.py
[2026-07-08T19:16:14.979+0000] {logging_mixin.py:190} INFO - [2026-07-08T19:16:14.975+0000] {dag.py:3239} INFO - Sync 1 DAGs
[2026-07-08T19:16:15.131+0000] {logging_mixin.py:190} INFO - [2026-07-08T19:16:15.130+0000] {dag.py:4180} INFO - Setting next_dagrun for 00_hello_world to None, run_after=None
[2026-07-08T19:16:15.442+0000] {processor.py:208} INFO - Processing /opt/airflow/dags/00_hello_world.py took 3.834 seconds
[2026-07-08T19:16:48.461+0000] {processor.py:186} INFO - Started process (PID=363) to work on /opt/airflow/dags/00_hello_world.py
[2026-07-08T19:16:48.465+0000] {processor.py:914} INFO - Processing file /opt/airflow/dags/00_hello_world.py for tasks to queue
[2026-07-08T19:16:48.472+0000] {logging_mixin.py:190} INFO - [2026-07-08T19:16:48.471+0000] {dagbag.py:588} INFO - Filling up the DagBag from /opt/airflow/dags/00_hello_world.py
[2026-07-08T19:16:48.581+0000] {processor.py:925} INFO - DAG(s) '00_hello_world' retrieved from /opt/airflow/dags/00_hello_world.py
[2026-07-08T19:16:49.093+0000] {logging_mixin.py:190} INFO - [2026-07-08T19:16:49.093+0000] {dag.py:3239} INFO - Sync 1 DAGs
[2026-07-08T19:16:49.131+0000] {logging_mixin.py:190} INFO - [2026-07-08T19:16:49.130+0000] {dag.py:4180} INFO - Setting next_dagrun for 00_hello_world to None, run_after=None
[2026-07-08T19:16:49.198+0000] {processor.py:208} INFO - Processing /opt/airflow/dags/00_hello_world.py took 0.792 seconds
[2026-07-08T19:17:21.640+0000] {processor.py:186} INFO - Started process (PID=378) to work on /opt/airflow/dags/00_hello_world.py
[2026-07-08T19:17:21.645+0000] {processor.py:914} INFO - Processing file /opt/airflow/dags/00_hello_world.py for tasks to queue
[2026-07-08T19:17:21.657+0000] {logging_mixin.py:190} INFO - [2026-07-08T19:17:21.655+0000] {dagbag.py:588} INFO - Filling up the DagBag from /opt/airflow/dags/00_hello_world.py
[2026-07-08T19:17:21.761+0000] {processor.py:925} INFO - DAG(s) '00_hello_world' retrieved from /opt/airflow/dags/00_hello_world.py
[2026-07-08T19:17:22.142+0000] {logging_mixin.py:190} INFO - [2026-07-08T19:17:22.141+0000] {dag.py:3239} INFO - Sync 1 DAGs
[2026-07-08T19:17:22.189+0000] {logging_mixin.py:190} INFO - [2026-07-08T19:17:22.188+0000] {dag.py:4180} INFO - Setting next_dagrun for 00_hello_world to None, run_after=None
[2026-07-08T19:17:22.278+0000] {processor.py:208} INFO - Processing /opt/airflow/dags/00_hello_world.py took 0.666 seconds
[2026-07-08T19:17:58.275+0000] {processor.py:186} INFO - Started process (PID=393) to work on /opt/airflow/dags/00_hello_world.py
[2026-07-08T19:17:58.298+0000] {processor.py:914} INFO - Processing file /opt/airflow/dags/00_hello_world.py for tasks to queue
[2026-07-08T19:17:58.395+0000] {logging_mixin.py:190} INFO - [2026-07-08T19:17:58.391+0000] {dagbag.py:588} INFO - Filling up the DagBag from /opt/airflow/dags/00_hello_world.py
[2026-07-08T19:17:58.742+0000] {processor.py:925} INFO - DAG(s) '00_hello_world' retrieved from /opt/airflow/dags/00_hello_world.py
[2026-07-08T19:17:59.515+0000] {logging_mixin.py:190} INFO - [2026-07-08T19:17:59.513+0000] {dag.py:3239} INFO - Sync 1 DAGs
[2026-07-08T19:17:59.650+0000] {logging_mixin.py:190} INFO - [2026-07-08T19:17:59.650+0000] {dag.py:4180} INFO - Setting next_dagrun for 00_hello_world to None, run_after=None
[2026-07-08T19:17:59.926+0000] {processor.py:208} INFO - Processing /opt/airflow/dags/00_hello_world.py took 2.478 seconds
[2026-07-08T19:27:59.290+0000] {processor.py:186} INFO - Started process (PID=173) to work on /opt/airflow/dags/00_hello_world.py
[2026-07-08T19:27:59.295+0000] {processor.py:914} INFO - Processing file /opt/airflow/dags/00_hello_world.py for tasks to queue
[2026-07-08T19:27:59.300+0000] {logging_mixin.py:190} INFO - [2026-07-08T19:27:59.299+0000] {dagbag.py:588} INFO - Filling up the DagBag from /opt/airflow/dags/00_hello_world.py
[2026-07-08T19:27:59.323+0000] {processor.py:925} INFO - DAG(s) '00_hello_world' retrieved from /opt/airflow/dags/00_hello_world.py
[2026-07-08T19:27:59.723+0000] {logging_mixin.py:190} INFO - [2026-07-08T19:27:59.721+0000] {override.py:1911} INFO - Created Permission View: can edit on DAG:00_hello_world
[2026-07-08T19:27:59.769+0000] {logging_mixin.py:190} INFO - [2026-07-08T19:27:59.767+0000] {override.py:1911} INFO - Created Permission View: can read on DAG:00_hello_world
[2026-07-08T19:27:59.998+0000] {logging_mixin.py:190} INFO - [2026-07-08T19:27:59.998+0000] {override.py:1911} INFO - Created Permission View: can delete on DAG:00_hello_world
[2026-07-08T19:28:00.081+0000] {logging_mixin.py:190} INFO - [2026-07-08T19:28:00.080+0000] {override.py:1911} INFO - Created Permission View: menu access on DAG Run:00_hello_world
[2026-07-08T19:28:00.147+0000] {logging_mixin.py:190} INFO - [2026-07-08T19:28:00.146+0000] {override.py:1911} INFO - Created Permission View: can create on DAG Run:00_hello_world
[2026-07-08T19:28:00.184+0000] {logging_mixin.py:190} INFO - [2026-07-08T19:28:00.183+0000] {override.py:1911} INFO - Created Permission View: can read on DAG Run:00_hello_world
[2026-07-08T19:28:00.227+0000] {logging_mixin.py:190} INFO - [2026-07-08T19:28:00.227+0000] {override.py:1911} INFO - Created Permission View: can delete on DAG Run:00_hello_world
[2026-07-08T19:28:00.228+0000] {logging_mixin.py:190} INFO - [2026-07-08T19:28:00.228+0000] {dag.py:3239} INFO - Sync 1 DAGs
[2026-07-08T19:28:00.266+0000] {logging_mixin.py:190} INFO - [2026-07-08T19:28:00.266+0000] {dag.py:3262} INFO - Creating ORM DAG for 00_hello_world
[2026-07-08T19:28:00.268+0000] {logging_mixin.py:190} INFO - [2026-07-08T19:28:00.267+0000] {dag.py:4180} INFO - Setting next_dagrun for 00_hello_world to None, run_after=None
[2026-07-08T19:28:00.317+0000] {processor.py:208} INFO - Processing /opt/airflow/dags/00_hello_world.py took 1.045 seconds
[2026-07-08T19:28:30.728+0000] {processor.py:186} INFO - Started process (PID=188) to work on /opt/airflow/dags/00_hello_world.py
[2026-07-08T19:28:30.729+0000] {processor.py:914} INFO - Processing file /opt/airflow/dags/00_hello_world.py for tasks to queue
[2026-07-08T19:28:30.734+0000] {logging_mixin.py:190} INFO - [2026-07-08T19:28:30.733+0000] {dagbag.py:588} INFO - Filling up the DagBag from /opt/airflow/dags/00_hello_world.py
[2026-07-08T19:28:30.763+0000] {processor.py:925} INFO - DAG(s) '00_hello_world' retrieved from /opt/airflow/dags/00_hello_world.py
[2026-07-08T19:28:30.831+0000] {logging_mixin.py:190} INFO - [2026-07-08T19:28:30.830+0000] {dag.py:3239} INFO - Sync 1 DAGs
[2026-07-08T19:28:30.870+0000] {logging_mixin.py:190} INFO - [2026-07-08T19:28:30.870+0000] {dag.py:4180} INFO - Setting next_dagrun for 00_hello_world to None, run_after=None
[2026-07-08T19:28:30.903+0000] {processor.py:208} INFO - Processing /opt/airflow/dags/00_hello_world.py took 0.188 seconds
[2026-07-08T19:29:01.199+0000] {processor.py:186} INFO - Started process (PID=212) to work on /opt/airflow/dags/00_hello_world.py
[2026-07-08T19:29:01.205+0000] {processor.py:914} INFO - Processing file /opt/airflow/dags/00_hello_world.py for tasks to queue
[2026-07-08T19:29:01.217+0000] {logging_mixin.py:190} INFO - [2026-07-08T19:29:01.216+0000] {dagbag.py:588} INFO - Filling up the DagBag from /opt/airflow/dags/00_hello_world.py
[2026-07-08T19:29:01.281+0000] {processor.py:925} INFO - DAG(s) '00_hello_world' retrieved from /opt/airflow/dags/00_hello_world.py
[2026-07-08T19:29:01.358+0000] {logging_mixin.py:190} INFO - [2026-07-08T19:29:01.357+0000] {dag.py:3239} INFO - Sync 1 DAGs
[2026-07-08T19:29:01.376+0000] {logging_mixin.py:190} INFO - [2026-07-08T19:29:01.376+0000] {dag.py:4180} INFO - Setting next_dagrun for 00_hello_world to None, run_after=None
[2026-07-08T19:29:01.399+0000] {processor.py:208} INFO - Processing /opt/airflow/dags/00_hello_world.py took 0.238 seconds
[2026-07-08T19:29:31.894+0000] {processor.py:186} INFO - Started process (PID=227) to work on /opt/airflow/dags/00_hello_world.py
[2026-07-08T19:29:31.895+0000] {processor.py:914} INFO - Processing file /opt/airflow/dags/00_hello_world.py for tasks to queue
[2026-07-08T19:29:31.899+0000] {logging_mixin.py:190} INFO - [2026-07-08T19:29:31.898+0000] {dagbag.py:588} INFO - Filling up the DagBag from /opt/airflow/dags/00_hello_world.py
[2026-07-08T19:29:31.911+0000] {processor.py:925} INFO - DAG(s) '00_hello_world' retrieved from /opt/airflow/dags/00_hello_world.py
[2026-07-08T19:29:31.948+0000] {logging_mixin.py:190} INFO - [2026-07-08T19:29:31.948+0000] {dag.py:3239} INFO - Sync 1 DAGs
[2026-07-08T19:29:31.967+0000] {logging_mixin.py:190} INFO - [2026-07-08T19:29:31.967+0000] {dag.py:4180} INFO - Setting next_dagrun for 00_hello_world to None, run_after=None
[2026-07-08T19:29:31.988+0000] {processor.py:208} INFO - Processing /opt/airflow/dags/00_hello_world.py took 0.114 seconds
[2026-07-08T19:30:02.643+0000] {processor.py:186} INFO - Started process (PID=242) to work on /opt/airflow/dags/00_hello_world.py
[2026-07-08T19:30:02.647+0000] {processor.py:914} INFO - Processing file /opt/airflow/dags/00_hello_world.py for tasks to queue
[2026-07-08T19:30:02.657+0000] {logging_mixin.py:190} INFO - [2026-07-08T19:30:02.656+0000] {dagbag.py:588} INFO - Filling up the DagBag from /opt/airflow/dags/00_hello_world.py
[2026-07-08T19:30:02.692+0000] {processor.py:925} INFO - DAG(s) '00_hello_world' retrieved from /opt/airflow/dags/00_hello_world.py
[2026-07-08T19:30:02.825+0000] {logging_mixin.py:190} INFO - [2026-07-08T19:30:02.825+0000] {dag.py:3239} INFO - Sync 1 DAGs
[2026-07-08T19:30:02.857+0000] {logging_mixin.py:190} INFO - [2026-07-08T19:30:02.856+0000] {dag.py:4180} INFO - Setting next_dagrun for 00_hello_world to None, run_after=None
[2026-07-08T19:30:02.895+0000] {processor.py:208} INFO - Processing /opt/airflow/dags/00_hello_world.py took 0.278 seconds
[2026-07-08T19:30:33.166+0000] {processor.py:186} INFO - Started process (PID=257) to work on /opt/airflow/dags/00_hello_world.py
[2026-07-08T19:30:33.168+0000] {processor.py:914} INFO - Processing file /opt/airflow/dags/00_hello_world.py for tasks to queue
[2026-07-08T19:30:33.171+0000] {logging_mixin.py:190} INFO - [2026-07-08T19:30:33.171+0000] {dagbag.py:588} INFO - Filling up the DagBag from /opt/airflow/dags/00_hello_world.py
[2026-07-08T19:30:33.187+0000] {processor.py:925} INFO - DAG(s) '00_hello_world' retrieved from /opt/airflow/dags/00_hello_world.py
[2026-07-08T19:30:33.233+0000] {logging_mixin.py:190} INFO - [2026-07-08T19:30:33.232+0000] {dag.py:3239} INFO - Sync 1 DAGs
[2026-07-08T19:30:33.255+0000] {logging_mixin.py:190} INFO - [2026-07-08T19:30:33.254+0000] {dag.py:4180} INFO - Setting next_dagrun for 00_hello_world to None, run_after=None
[2026-07-08T19:30:33.281+0000] {processor.py:208} INFO - Processing /opt/airflow/dags/00_hello_world.py took 0.135 seconds
[2026-07-08T19:31:03.867+0000] {processor.py:186} INFO - Started process (PID=272) to work on /opt/airflow/dags/00_hello_world.py
[2026-07-08T19:31:03.871+0000] {processor.py:914} INFO - Processing file /opt/airflow/dags/00_hello_world.py for tasks to queue
[2026-07-08T19:31:03.879+0000] {logging_mixin.py:190} INFO - [2026-07-08T19:31:03.878+0000] {dagbag.py:588} INFO - Filling up the DagBag from /opt/airflow/dags/00_hello_world.py
[2026-07-08T19:31:03.905+0000] {processor.py:925} INFO - DAG(s) '00_hello_world' retrieved from /opt/airflow/dags/00_hello_world.py
[2026-07-08T19:31:03.988+0000] {logging_mixin.py:190} INFO - [2026-07-08T19:31:03.987+0000] {dag.py:3239} INFO - Sync 1 DAGs
[2026-07-08T19:31:04.035+0000] {logging_mixin.py:190} INFO - [2026-07-08T19:31:04.034+0000] {dag.py:4180} INFO - Setting next_dagrun for 00_hello_world to None, run_after=None
[2026-07-08T19:31:04.086+0000] {processor.py:208} INFO - Processing /opt/airflow/dags/00_hello_world.py took 0.251 seconds
[2026-07-08T19:31:34.367+0000] {processor.py:186} INFO - Started process (PID=287) to work on /opt/airflow/dags/00_hello_world.py
[2026-07-08T19:31:34.370+0000] {processor.py:914} INFO - Processing file /opt/airflow/dags/00_hello_world.py for tasks to queue
[2026-07-08T19:31:34.379+0000] {logging_mixin.py:190} INFO - [2026-07-08T19:31:34.378+0000] {dagbag.py:588} INFO - Filling up the DagBag from /opt/airflow/dags/00_hello_world.py
[2026-07-08T19:31:34.409+0000] {processor.py:925} INFO - DAG(s) '00_hello_world' retrieved from /opt/airflow/dags/00_hello_world.py
[2026-07-08T19:31:34.487+0000] {logging_mixin.py:190} INFO - [2026-07-08T19:31:34.487+0000] {dag.py:3239} INFO - Sync 1 DAGs
[2026-07-08T19:31:34.512+0000] {logging_mixin.py:190} INFO - [2026-07-08T19:31:34.511+0000] {dag.py:4180} INFO - Setting next_dagrun for 00_hello_world to None, run_after=None
[2026-07-08T19:31:34.537+0000] {processor.py:208} INFO - Processing /opt/airflow/dags/00_hello_world.py took 0.197 seconds
[2026-07-08T19:32:05.054+0000] {processor.py:186} INFO - Started process (PID=302) to work on /opt/airflow/dags/00_hello_world.py
[2026-07-08T19:32:05.060+0000] {processor.py:914} INFO - Processing file /opt/airflow/dags/00_hello_world.py for tasks to queue
[2026-07-08T19:32:05.073+0000] {logging_mixin.py:190} INFO - [2026-07-08T19:32:05.072+0000] {dagbag.py:588} INFO - Filling up the DagBag from /opt/airflow/dags/00_hello_world.py
[2026-07-08T19:32:05.127+0000] {processor.py:925} INFO - DAG(s) '00_hello_world' retrieved from /opt/airflow/dags/00_hello_world.py
[2026-07-08T19:32:05.272+0000] {logging_mixin.py:190} INFO - [2026-07-08T19:32:05.271+0000] {dag.py:3239} INFO - Sync 1 DAGs
[2026-07-08T19:32:05.335+0000] {logging_mixin.py:190} INFO - [2026-07-08T19:32:05.334+0000] {dag.py:4180} INFO - Setting next_dagrun for 00_hello_world to None, run_after=None
[2026-07-08T19:32:05.406+0000] {processor.py:208} INFO - Processing /opt/airflow/dags/00_hello_world.py took 0.393 seconds
[2026-07-08T19:32:35.829+0000] {processor.py:186} INFO - Started process (PID=317) to work on /opt/airflow/dags/00_hello_world.py
[2026-07-08T19:32:35.830+0000] {processor.py:914} INFO - Processing file /opt/airflow/dags/00_hello_world.py for tasks to queue
[2026-07-08T19:32:35.834+0000] {logging_mixin.py:190} INFO - [2026-07-08T19:32:35.833+0000] {dagbag.py:588} INFO - Filling up the DagBag from /opt/airflow/dags/00_hello_world.py
[2026-07-08T19:32:35.848+0000] {processor.py:925} INFO - DAG(s) '00_hello_world' retrieved from /opt/airflow/dags/00_hello_world.py
[2026-07-08T19:32:35.886+0000] {logging_mixin.py:190} INFO - [2026-07-08T19:32:35.885+0000] {dag.py:3239} INFO - Sync 1 DAGs
[2026-07-08T19:32:35.905+0000] {logging_mixin.py:190} INFO - [2026-07-08T19:32:35.904+0000] {dag.py:4180} INFO - Setting next_dagrun for 00_hello_world to None, run_after=None
[2026-07-08T19:32:35.929+0000] {processor.py:208} INFO - Processing /opt/airflow/dags/00_hello_world.py took 0.110 seconds
[2026-07-08T19:33:06.448+0000] {processor.py:186} INFO - Started process (PID=332) to work on /opt/airflow/dags/00_hello_world.py
[2026-07-08T19:33:06.453+0000] {processor.py:914} INFO - Processing file /opt/airflow/dags/00_hello_world.py for tasks to queue
[2026-07-08T19:33:06.462+0000] {logging_mixin.py:190} INFO - [2026-07-08T19:33:06.461+0000] {dagbag.py:588} INFO - Filling up the DagBag from /opt/airflow/dags/00_hello_world.py
[2026-07-08T19:33:06.499+0000] {processor.py:925} INFO - DAG(s) '00_hello_world' retrieved from /opt/airflow/dags/00_hello_world.py
[2026-07-08T19:33:06.543+0000] {logging_mixin.py:190} INFO - [2026-07-08T19:33:06.543+0000] {dag.py:3239} INFO - Sync 1 DAGs
[2026-07-08T19:33:06.557+0000] {logging_mixin.py:190} INFO - [2026-07-08T19:33:06.557+0000] {dag.py:4180} INFO - Setting next_dagrun for 00_hello_world to None, run_after=None
[2026-07-08T19:33:06.582+0000] {processor.py:208} INFO - Processing /opt/airflow/dags/00_hello_world.py took 0.162 seconds
[2026-07-08T19:33:37.125+0000] {processor.py:186} INFO - Started process (PID=347) to work on /opt/airflow/dags/00_hello_world.py
[2026-07-08T19:33:37.128+0000] {processor.py:914} INFO - Processing file /opt/airflow/dags/00_hello_world.py for tasks to queue
[2026-07-08T19:33:37.136+0000] {logging_mixin.py:190} INFO - [2026-07-08T19:33:37.135+0000] {dagbag.py:588} INFO - Filling up the DagBag from /opt/airflow/dags/00_hello_world.py
[2026-07-08T19:33:37.172+0000] {processor.py:925} INFO - DAG(s) '00_hello_world' retrieved from /opt/airflow/dags/00_hello_world.py
[2026-07-08T19:33:37.235+0000] {logging_mixin.py:190} INFO - [2026-07-08T19:33:37.235+0000] {dag.py:3239} INFO - Sync 1 DAGs
[2026-07-08T19:33:37.269+0000] {logging_mixin.py:190} INFO - [2026-07-08T19:33:37.268+0000] {dag.py:4180} INFO - Setting next_dagrun for 00_hello_world to None, run_after=None
[2026-07-08T19:33:37.307+0000] {processor.py:208} INFO - Processing /opt/airflow/dags/00_hello_world.py took 0.205 seconds
[2026-07-08T19:34:07.971+0000] {processor.py:186} INFO - Started process (PID=362) to work on /opt/airflow/dags/00_hello_world.py
[2026-07-08T19:34:07.975+0000] {processor.py:914} INFO - Processing file /opt/airflow/dags/00_hello_world.py for tasks to queue
[2026-07-08T19:34:07.984+0000] {logging_mixin.py:190} INFO - [2026-07-08T19:34:07.983+0000] {dagbag.py:588} INFO - Filling up the DagBag from /opt/airflow/dags/00_hello_world.py
[2026-07-08T19:34:08.025+0000] {processor.py:925} INFO - DAG(s) '00_hello_world' retrieved from /opt/airflow/dags/00_hello_world.py
[2026-07-08T19:34:08.124+0000] {logging_mixin.py:190} INFO - [2026-07-08T19:34:08.124+0000] {dag.py:3239} INFO - Sync 1 DAGs
[2026-07-08T19:34:08.166+0000] {logging_mixin.py:190} INFO - [2026-07-08T19:34:08.166+0000] {dag.py:4180} INFO - Setting next_dagrun for 00_hello_world to None, run_after=None
[2026-07-08T19:34:08.215+0000] {processor.py:208} INFO - Processing /opt/airflow/dags/00_hello_world.py took 0.272 seconds
[2026-07-08T19:34:38.656+0000] {processor.py:186} INFO - Started process (PID=377) to work on /opt/airflow/dags/00_hello_world.py
[2026-07-08T19:34:38.657+0000] {processor.py:914} INFO - Processing file /opt/airflow/dags/00_hello_world.py for tasks to queue
[2026-07-08T19:34:38.661+0000] {logging_mixin.py:190} INFO - [2026-07-08T19:34:38.660+0000] {dagbag.py:588} INFO - Filling up the DagBag from /opt/airflow/dags/00_hello_world.py
[2026-07-08T19:34:38.673+0000] {processor.py:925} INFO - DAG(s) '00_hello_world' retrieved from /opt/airflow/dags/00_hello_world.py
[2026-07-08T19:34:38.704+0000] {logging_mixin.py:190} INFO - [2026-07-08T19:34:38.703+0000] {dag.py:3239} INFO - Sync 1 DAGs
[2026-07-08T19:34:38.718+0000] {logging_mixin.py:190} INFO - [2026-07-08T19:34:38.717+0000] {dag.py:4180} INFO - Setting next_dagrun for 00_hello_world to None, run_after=None
[2026-07-08T19:34:38.736+0000] {processor.py:208} INFO - Processing /opt/airflow/dags/00_hello_world.py took 0.093 seconds
[2026-07-08T19:35:09.146+0000] {processor.py:186} INFO - Started process (PID=392) to work on /opt/airflow/dags/00_hello_world.py
[2026-07-08T19:35:09.151+0000] {processor.py:914} INFO - Processing file /opt/airflow/dags/00_hello_world.py for tasks to queue
[2026-07-08T19:35:09.169+0000] {logging_mixin.py:190} INFO - [2026-07-08T19:35:09.166+0000] {dagbag.py:588} INFO - Filling up the DagBag from /opt/airflow/dags/00_hello_world.py
[2026-07-08T19:35:09.219+0000] {processor.py:925} INFO - DAG(s) '00_hello_world' retrieved from /opt/airflow/dags/00_hello_world.py
[2026-07-08T19:35:09.273+0000] {logging_mixin.py:190} INFO - [2026-07-08T19:35:09.273+0000] {dag.py:3239} INFO - Sync 1 DAGs
[2026-07-08T19:35:09.290+0000] {logging_mixin.py:190} INFO - [2026-07-08T19:35:09.289+0000] {dag.py:4180} INFO - Setting next_dagrun for 00_hello_world to None, run_after=None
[2026-07-08T19:35:09.307+0000] {processor.py:208} INFO - Processing /opt/airflow/dags/00_hello_world.py took 0.189 seconds
[2026-07-08T19:35:39.960+0000] {processor.py:186} INFO - Started process (PID=407) to work on /opt/airflow/dags/00_hello_world.py
[2026-07-08T19:35:39.965+0000] {processor.py:914} INFO - Processing file /opt/airflow/dags/00_hello_world.py for tasks to queue
[2026-07-08T19:35:39.981+0000] {logging_mixin.py:190} INFO - [2026-07-08T19:35:39.979+0000] {dagbag.py:588} INFO - Filling up the DagBag from /opt/airflow/dags/00_hello_world.py
[2026-07-08T19:35:40.012+0000] {processor.py:925} INFO - DAG(s) '00_hello_world' retrieved from /opt/airflow/dags/00_hello_world.py
[2026-07-08T19:35:40.061+0000] {logging_mixin.py:190} INFO - [2026-07-08T19:35:40.061+0000] {dag.py:3239} INFO - Sync 1 DAGs
[2026-07-08T19:35:40.080+0000] {logging_mixin.py:190} INFO - [2026-07-08T19:35:40.080+0000] {dag.py:4180} INFO - Setting next_dagrun for 00_hello_world to None, run_after=None
[2026-07-08T19:35:40.107+0000] {processor.py:208} INFO - Processing /opt/airflow/dags/00_hello_world.py took 0.199 seconds
[2026-07-08T19:36:10.675+0000] {processor.py:186} INFO - Started process (PID=422) to work on /opt/airflow/dags/00_hello_world.py
[2026-07-08T19:36:10.679+0000] {processor.py:914} INFO - Processing file /opt/airflow/dags/00_hello_world.py for tasks to queue
[2026-07-08T19:36:10.686+0000] {logging_mixin.py:190} INFO - [2026-07-08T19:36:10.684+0000] {dagbag.py:588} INFO - Filling up the DagBag from /opt/airflow/dags/00_hello_world.py
[2026-07-08T19:36:10.704+0000] {processor.py:925} INFO - DAG(s) '00_hello_world' retrieved from /opt/airflow/dags/00_hello_world.py
[2026-07-08T19:36:10.744+0000] {logging_mixin.py:190} INFO - [2026-07-08T19:36:10.744+0000] {dag.py:3239} INFO - Sync 1 DAGs
[2026-07-08T19:36:10.764+0000] {logging_mixin.py:190} INFO - [2026-07-08T19:36:10.764+0000] {dag.py:4180} INFO - Setting next_dagrun for 00_hello_world to None, run_after=None
[2026-07-08T19:36:10.788+0000] {processor.py:208} INFO - Processing /opt/airflow/dags/00_hello_world.py took 0.160 seconds
[2026-07-08T19:36:41.237+0000] {processor.py:186} INFO - Started process (PID=437) to work on /opt/airflow/dags/00_hello_world.py
[2026-07-08T19:36:41.238+0000] {processor.py:914} INFO - Processing file /opt/airflow/dags/00_hello_world.py for tasks to queue
[2026-07-08T19:36:41.241+0000] {logging_mixin.py:190} INFO - [2026-07-08T19:36:41.240+0000] {dagbag.py:588} INFO - Filling up the DagBag from /opt/airflow/dags/00_hello_world.py
[2026-07-08T19:36:41.252+0000] {processor.py:925} INFO - DAG(s) '00_hello_world' retrieved from /opt/airflow/dags/00_hello_world.py
[2026-07-08T19:36:41.294+0000] {logging_mixin.py:190} INFO - [2026-07-08T19:36:41.294+0000] {dag.py:3239} INFO - Sync 1 DAGs
[2026-07-08T19:36:41.310+0000] {logging_mixin.py:190} INFO - [2026-07-08T19:36:41.310+0000] {dag.py:4180} INFO - Setting next_dagrun for 00_hello_world to None, run_after=None
[2026-07-08T19:36:41.329+0000] {processor.py:208} INFO - Processing /opt/airflow/dags/00_hello_world.py took 0.100 seconds
[2026-07-08T19:37:11.831+0000] {processor.py:186} INFO - Started process (PID=452) to work on /opt/airflow/dags/00_hello_world.py
[2026-07-08T19:37:11.834+0000] {processor.py:914} INFO - Processing file /opt/airflow/dags/00_hello_world.py for tasks to queue
[2026-07-08T19:37:11.837+0000] {logging_mixin.py:190} INFO - [2026-07-08T19:37:11.837+0000] {dagbag.py:588} INFO - Filling up the DagBag from /opt/airflow/dags/00_hello_world.py
[2026-07-08T19:37:11.853+0000] {processor.py:925} INFO - DAG(s) '00_hello_world' retrieved from /opt/airflow/dags/00_hello_world.py
[2026-07-08T19:37:11.899+0000] {logging_mixin.py:190} INFO - [2026-07-08T19:37:11.899+0000] {dag.py:3239} INFO - Sync 1 DAGs
[2026-07-08T19:37:11.921+0000] {logging_mixin.py:190} INFO - [2026-07-08T19:37:11.920+0000] {dag.py:4180} INFO - Setting next_dagrun for 00_hello_world to None, run_after=None
[2026-07-08T19:37:11.950+0000] {processor.py:208} INFO - Processing /opt/airflow/dags/00_hello_world.py took 0.129 seconds
[2026-07-08T19:37:42.404+0000] {processor.py:186} INFO - Started process (PID=467) to work on /opt/airflow/dags/00_hello_world.py
[2026-07-08T19:37:42.407+0000] {processor.py:914} INFO - Processing file /opt/airflow/dags/00_hello_world.py for tasks to queue
[2026-07-08T19:37:42.419+0000] {logging_mixin.py:190} INFO - [2026-07-08T19:37:42.418+0000] {dagbag.py:588} INFO - Filling up the DagBag from /opt/airflow/dags/00_hello_world.py
[2026-07-08T19:37:42.464+0000] {processor.py:925} INFO - DAG(s) '00_hello_world' retrieved from /opt/airflow/dags/00_hello_world.py
[2026-07-08T19:37:42.537+0000] {logging_mixin.py:190} INFO - [2026-07-08T19:37:42.537+0000] {dag.py:3239} INFO - Sync 1 DAGs
[2026-07-08T19:37:42.569+0000] {logging_mixin.py:190} INFO - [2026-07-08T19:37:42.569+0000] {dag.py:4180} INFO - Setting next_dagrun for 00_hello_world to None, run_after=None
[2026-07-08T19:37:42.607+0000] {processor.py:208} INFO - Processing /opt/airflow/dags/00_hello_world.py took 0.236 seconds
[2026-07-08T19:38:13.355+0000] {processor.py:186} INFO - Started process (PID=482) to work on /opt/airflow/dags/00_hello_world.py
[2026-07-08T19:38:13.359+0000] {processor.py:914} INFO - Processing file /opt/airflow/dags/00_hello_world.py for tasks to queue
[2026-07-08T19:38:13.367+0000] {logging_mixin.py:190} INFO - [2026-07-08T19:38:13.366+0000] {dagbag.py:588} INFO - Filling up the DagBag from /opt/airflow/dags/00_hello_world.py
[2026-07-08T19:38:13.399+0000] {processor.py:925} INFO - DAG(s) '00_hello_world' retrieved from /opt/airflow/dags/00_hello_world.py
[2026-07-08T19:38:13.503+0000] {logging_mixin.py:190} INFO - [2026-07-08T19:38:13.502+0000] {dag.py:3239} INFO - Sync 1 DAGs
[2026-07-08T19:38:13.553+0000] {logging_mixin.py:190} INFO - [2026-07-08T19:38:13.553+0000] {dag.py:4180} INFO - Setting next_dagrun for 00_hello_world to None, run_after=None
[2026-07-08T19:38:13.624+0000] {processor.py:208} INFO - Processing /opt/airflow/dags/00_hello_world.py took 0.307 seconds
[2026-07-08T19:38:44.128+0000] {processor.py:186} INFO - Started process (PID=497) to work on /opt/airflow/dags/00_hello_world.py
[2026-07-08T19:38:44.131+0000] {processor.py:914} INFO - Processing file /opt/airflow/dags/00_hello_world.py for tasks to queue
[2026-07-08T19:38:44.145+0000] {logging_mixin.py:190} INFO - [2026-07-08T19:38:44.144+0000] {dagbag.py:588} INFO - Filling up the DagBag from /opt/airflow/dags/00_hello_world.py
[2026-07-08T19:38:44.199+0000] {processor.py:925} INFO - DAG(s) '00_hello_world' retrieved from /opt/airflow/dags/00_hello_world.py
[2026-07-08T19:38:44.352+0000] {logging_mixin.py:190} INFO - [2026-07-08T19:38:44.352+0000] {dag.py:3239} INFO - Sync 1 DAGs
[2026-07-08T19:38:44.376+0000] {logging_mixin.py:190} INFO - [2026-07-08T19:38:44.376+0000] {dag.py:4180} INFO - Setting next_dagrun for 00_hello_world to None, run_after=None
[2026-07-08T19:38:44.404+0000] {processor.py:208} INFO - Processing /opt/airflow/dags/00_hello_world.py took 0.308 seconds
[2026-07-08T19:39:14.859+0000] {processor.py:186} INFO - Started process (PID=512) to work on /opt/airflow/dags/00_hello_world.py
[2026-07-08T19:39:14.864+0000] {processor.py:914} INFO - Processing file /opt/airflow/dags/00_hello_world.py for tasks to queue
[2026-07-08T19:39:14.871+0000] {logging_mixin.py:190} INFO - [2026-07-08T19:39:14.870+0000] {dagbag.py:588} INFO - Filling up the DagBag from /opt/airflow/dags/00_hello_world.py
[2026-07-08T19:39:14.888+0000] {processor.py:925} INFO - DAG(s) '00_hello_world' retrieved from /opt/airflow/dags/00_hello_world.py
[2026-07-08T19:39:14.936+0000] {logging_mixin.py:190} INFO - [2026-07-08T19:39:14.935+0000] {dag.py:3239} INFO - Sync 1 DAGs
[2026-07-08T19:39:14.955+0000] {logging_mixin.py:190} INFO - [2026-07-08T19:39:14.955+0000] {dag.py:4180} INFO - Setting next_dagrun for 00_hello_world to None, run_after=None
[2026-07-08T19:39:14.985+0000] {processor.py:208} INFO - Processing /opt/airflow/dags/00_hello_world.py took 0.141 seconds
[2026-07-08T19:39:45.399+0000] {processor.py:186} INFO - Started process (PID=527) to work on /opt/airflow/dags/00_hello_world.py
[2026-07-08T19:39:45.406+0000] {processor.py:914} INFO - Processing file /opt/airflow/dags/00_hello_world.py for tasks to queue
[2026-07-08T19:39:45.422+0000] {logging_mixin.py:190} INFO - [2026-07-08T19:39:45.418+0000] {dagbag.py:588} INFO - Filling up the DagBag from /opt/airflow/dags/00_hello_world.py
[2026-07-08T19:39:45.459+0000] {processor.py:925} INFO - DAG(s) '00_hello_world' retrieved from /opt/airflow/dags/00_hello_world.py
[2026-07-08T19:39:45.502+0000] {logging_mixin.py:190} INFO - [2026-07-08T19:39:45.502+0000] {dag.py:3239} INFO - Sync 1 DAGs
[2026-07-08T19:39:45.523+0000] {logging_mixin.py:190} INFO - [2026-07-08T19:39:45.522+0000] {dag.py:4180} INFO - Setting next_dagrun for 00_hello_world to None, run_after=None
[2026-07-08T19:39:45.546+0000] {processor.py:208} INFO - Processing /opt/airflow/dags/00_hello_world.py took 0.179 seconds
[2026-07-08T19:40:16.217+0000] {processor.py:186} INFO - Started process (PID=542) to work on /opt/airflow/dags/00_hello_world.py
[2026-07-08T19:40:16.221+0000] {processor.py:914} INFO - Processing file /opt/airflow/dags/00_hello_world.py for tasks to queue
[2026-07-08T19:40:16.237+0000] {logging_mixin.py:190} INFO - [2026-07-08T19:40:16.235+0000] {dagbag.py:588} INFO - Filling up the DagBag from /opt/airflow/dags/00_hello_world.py
[2026-07-08T19:40:16.287+0000] {processor.py:925} INFO - DAG(s) '00_hello_world' retrieved from /opt/airflow/dags/00_hello_world.py
[2026-07-08T19:40:16.375+0000] {logging_mixin.py:190} INFO - [2026-07-08T19:40:16.374+0000] {dag.py:3239} INFO - Sync 1 DAGs
[2026-07-08T19:40:16.411+0000] {logging_mixin.py:190} INFO - [2026-07-08T19:40:16.411+0000] {dag.py:4180} INFO - Setting next_dagrun for 00_hello_world to None, run_after=None
[2026-07-08T19:40:16.460+0000] {processor.py:208} INFO - Processing /opt/airflow/dags/00_hello_world.py took 0.280 seconds
[2026-07-08T19:40:46.927+0000] {processor.py:186} INFO - Started process (PID=557) to work on /opt/airflow/dags/00_hello_world.py
[2026-07-08T19:40:46.931+0000] {processor.py:914} INFO - Processing file /opt/airflow/dags/00_hello_world.py for tasks to queue
[2026-07-08T19:40:46.937+0000] {logging_mixin.py:190} INFO - [2026-07-08T19:40:46.936+0000] {dagbag.py:588} INFO - Filling up the DagBag from /opt/airflow/dags/00_hello_world.py
[2026-07-08T19:40:46.965+0000] {processor.py:925} INFO - DAG(s) '00_hello_world' retrieved from /opt/airflow/dags/00_hello_world.py
[2026-07-08T19:40:47.038+0000] {logging_mixin.py:190} INFO - [2026-07-08T19:40:47.037+0000] {dag.py:3239} INFO - Sync 1 DAGs
[2026-07-08T19:40:47.071+0000] {logging_mixin.py:190} INFO - [2026-07-08T19:40:47.071+0000] {dag.py:4180} INFO - Setting next_dagrun for 00_hello_world to None, run_after=None
[2026-07-08T19:40:47.103+0000] {processor.py:208} INFO - Processing /opt/airflow/dags/00_hello_world.py took 0.189 seconds
[2026-07-08T19:41:17.531+0000] {processor.py:186} INFO - Started process (PID=572) to work on /opt/airflow/dags/00_hello_world.py
[2026-07-08T19:41:17.534+0000] {processor.py:914} INFO - Processing file /opt/airflow/dags/00_hello_world.py for tasks to queue
[2026-07-08T19:41:17.542+0000] {logging_mixin.py:190} INFO - [2026-07-08T19:41:17.541+0000] {dagbag.py:588} INFO - Filling up the DagBag from /opt/airflow/dags/00_hello_world.py
[2026-07-08T19:41:17.578+0000] {processor.py:925} INFO - DAG(s) '00_hello_world' retrieved from /opt/airflow/dags/00_hello_world.py
[2026-07-08T19:41:17.635+0000] {logging_mixin.py:190} INFO - [2026-07-08T19:41:17.635+0000] {dag.py:3239} INFO - Sync 1 DAGs
[2026-07-08T19:41:17.664+0000] {logging_mixin.py:190} INFO - [2026-07-08T19:41:17.664+0000] {dag.py:4180} INFO - Setting next_dagrun for 00_hello_world to None, run_after=None
[2026-07-08T19:41:17.696+0000] {processor.py:208} INFO - Processing /opt/airflow/dags/00_hello_world.py took 0.194 seconds
[2026-07-08T19:41:47.937+0000] {processor.py:186} INFO - Started process (PID=587) to work on /opt/airflow/dags/00_hello_world.py
[2026-07-08T19:41:47.940+0000] {processor.py:914} INFO - Processing file /opt/airflow/dags/00_hello_world.py for tasks to queue
[2026-07-08T19:41:47.945+0000] {logging_mixin.py:190} INFO - [2026-07-08T19:41:47.944+0000] {dagbag.py:588} INFO - Filling up the DagBag from /opt/airflow/dags/00_hello_world.py
[2026-07-08T19:41:47.961+0000] {processor.py:925} INFO - DAG(s) '00_hello_world' retrieved from /opt/airflow/dags/00_hello_world.py
[2026-07-08T19:41:48.010+0000] {logging_mixin.py:190} INFO - [2026-07-08T19:41:48.010+0000] {dag.py:3239} INFO - Sync 1 DAGs
[2026-07-08T19:41:48.033+0000] {logging_mixin.py:190} INFO - [2026-07-08T19:41:48.033+0000] {dag.py:4180} INFO - Setting next_dagrun for 00_hello_world to None, run_after=None
[2026-07-08T19:41:48.062+0000] {processor.py:208} INFO - Processing /opt/airflow/dags/00_hello_world.py took 0.135 seconds
[2026-07-08T19:42:18.411+0000] {processor.py:186} INFO - Started process (PID=602) to work on /opt/airflow/dags/00_hello_world.py
[2026-07-08T19:42:18.412+0000] {processor.py:914} INFO - Processing file /opt/airflow/dags/00_hello_world.py for tasks to queue
[2026-07-08T19:42:18.416+0000] {logging_mixin.py:190} INFO - [2026-07-08T19:42:18.415+0000] {dagbag.py:588} INFO - Filling up the DagBag from /opt/airflow/dags/00_hello_world.py
[2026-07-08T19:42:18.432+0000] {processor.py:925} INFO - DAG(s) '00_hello_world' retrieved from /opt/airflow/dags/00_hello_world.py
[2026-07-08T19:42:18.469+0000] {logging_mixin.py:190} INFO - [2026-07-08T19:42:18.469+0000] {dag.py:3239} INFO - Sync 1 DAGs
[2026-07-08T19:42:18.491+0000] {logging_mixin.py:190} INFO - [2026-07-08T19:42:18.491+0000] {dag.py:4180} INFO - Setting next_dagrun for 00_hello_world to None, run_after=None
[2026-07-08T19:42:18.515+0000] {processor.py:208} INFO - Processing /opt/airflow/dags/00_hello_world.py took 0.115 seconds
[2026-07-08T19:42:48.887+0000] {processor.py:186} INFO - Started process (PID=617) to work on /opt/airflow/dags/00_hello_world.py
[2026-07-08T19:42:48.888+0000] {processor.py:914} INFO - Processing file /opt/airflow/dags/00_hello_world.py for tasks to queue
[2026-07-08T19:42:48.893+0000] {logging_mixin.py:190} INFO - [2026-07-08T19:42:48.892+0000] {dagbag.py:588} INFO - Filling up the DagBag from /opt/airflow/dags/00_hello_world.py
[2026-07-08T19:42:48.903+0000] {processor.py:925} INFO - DAG(s) '00_hello_world' retrieved from /opt/airflow/dags/00_hello_world.py
[2026-07-08T19:42:48.946+0000] {logging_mixin.py:190} INFO - [2026-07-08T19:42:48.945+0000] {dag.py:3239} INFO - Sync 1 DAGs
[2026-07-08T19:42:48.964+0000] {logging_mixin.py:190} INFO - [2026-07-08T19:42:48.964+0000] {dag.py:4180} INFO - Setting next_dagrun for 00_hello_world to None, run_after=None
[2026-07-08T19:42:48.988+0000] {processor.py:208} INFO - Processing /opt/airflow/dags/00_hello_world.py took 0.109 seconds
[2026-07-08T19:43:19.404+0000] {processor.py:186} INFO - Started process (PID=632) to work on /opt/airflow/dags/00_hello_world.py
[2026-07-08T19:43:19.405+0000] {processor.py:914} INFO - Processing file /opt/airflow/dags/00_hello_world.py for tasks to queue
[2026-07-08T19:43:19.411+0000] {logging_mixin.py:190} INFO - [2026-07-08T19:43:19.409+0000] {dagbag.py:588} INFO - Filling up the DagBag from /opt/airflow/dags/00_hello_world.py
[2026-07-08T19:43:19.426+0000] {processor.py:925} INFO - DAG(s) '00_hello_world' retrieved from /opt/airflow/dags/00_hello_world.py
[2026-07-08T19:43:19.473+0000] {logging_mixin.py:190} INFO - [2026-07-08T19:43:19.472+0000] {dag.py:3239} INFO - Sync 1 DAGs
[2026-07-08T19:43:19.495+0000] {logging_mixin.py:190} INFO - [2026-07-08T19:43:19.494+0000] {dag.py:4180} INFO - Setting next_dagrun for 00_hello_world to None, run_after=None
[2026-07-08T19:43:19.518+0000] {processor.py:208} INFO - Processing /opt/airflow/dags/00_hello_world.py took 0.124 seconds
[2026-07-08T19:43:49.983+0000] {processor.py:186} INFO - Started process (PID=647) to work on /opt/airflow/dags/00_hello_world.py
[2026-07-08T19:43:49.984+0000] {processor.py:914} INFO - Processing file /opt/airflow/dags/00_hello_world.py for tasks to queue
[2026-07-08T19:43:49.988+0000] {logging_mixin.py:190} INFO - [2026-07-08T19:43:49.988+0000] {dagbag.py:588} INFO - Filling up the DagBag from /opt/airflow/dags/00_hello_world.py
[2026-07-08T19:43:50.007+0000] {processor.py:925} INFO - DAG(s) '00_hello_world' retrieved from /opt/airflow/dags/00_hello_world.py
[2026-07-08T19:43:50.059+0000] {logging_mixin.py:190} INFO - [2026-07-08T19:43:50.059+0000] {dag.py:3239} INFO - Sync 1 DAGs
[2026-07-08T19:43:50.087+0000] {logging_mixin.py:190} INFO - [2026-07-08T19:43:50.087+0000] {dag.py:4180} INFO - Setting next_dagrun for 00_hello_world to None, run_after=None
[2026-07-08T19:43:50.121+0000] {processor.py:208} INFO - Processing /opt/airflow/dags/00_hello_world.py took 0.154 seconds
[2026-07-08T19:44:20.695+0000] {processor.py:186} INFO - Started process (PID=660) to work on /opt/airflow/dags/00_hello_world.py
[2026-07-08T19:44:20.697+0000] {processor.py:914} INFO - Processing file /opt/airflow/dags/00_hello_world.py for tasks to queue
[2026-07-08T19:44:20.701+0000] {logging_mixin.py:190} INFO - [2026-07-08T19:44:20.701+0000] {dagbag.py:588} INFO - Filling up the DagBag from /opt/airflow/dags/00_hello_world.py
[2026-07-08T19:44:20.715+0000] {processor.py:925} INFO - DAG(s) '00_hello_world' retrieved from /opt/airflow/dags/00_hello_world.py
[2026-07-08T19:44:20.760+0000] {logging_mixin.py:190} INFO - [2026-07-08T19:44:20.759+0000] {dag.py:3239} INFO - Sync 1 DAGs
[2026-07-08T19:44:20.780+0000] {logging_mixin.py:190} INFO - [2026-07-08T19:44:20.780+0000] {dag.py:4180} INFO - Setting next_dagrun for 00_hello_world to None, run_after=None
[2026-07-08T19:44:20.809+0000] {processor.py:208} INFO - Processing /opt/airflow/dags/00_hello_world.py took 0.124 seconds
[2026-07-08T19:44:51.257+0000] {processor.py:186} INFO - Started process (PID=677) to work on /opt/airflow/dags/00_hello_world.py
[2026-07-08T19:44:51.258+0000] {processor.py:914} INFO - Processing file /opt/airflow/dags/00_hello_world.py for tasks to queue
[2026-07-08T19:44:51.261+0000] {logging_mixin.py:190} INFO - [2026-07-08T19:44:51.261+0000] {dagbag.py:588} INFO - Filling up the DagBag from /opt/airflow/dags/00_hello_world.py
[2026-07-08T19:44:51.274+0000] {processor.py:925} INFO - DAG(s) '00_hello_world' retrieved from /opt/airflow/dags/00_hello_world.py
[2026-07-08T19:44:51.318+0000] {logging_mixin.py:190} INFO - [2026-07-08T19:44:51.318+0000] {dag.py:3239} INFO - Sync 1 DAGs
[2026-07-08T19:44:51.336+0000] {logging_mixin.py:190} INFO - [2026-07-08T19:44:51.335+0000] {dag.py:4180} INFO - Setting next_dagrun for 00_hello_world to None, run_after=None
[2026-07-08T19:44:51.357+0000] {processor.py:208} INFO - Processing /opt/airflow/dags/00_hello_world.py took 0.108 seconds
[2026-07-08T19:45:23.926+0000] {processor.py:186} INFO - Started process (PID=692) to work on /opt/airflow/dags/00_hello_world.py
[2026-07-08T19:45:23.929+0000] {processor.py:914} INFO - Processing file /opt/airflow/dags/00_hello_world.py for tasks to queue
[2026-07-08T19:45:23.935+0000] {logging_mixin.py:190} INFO - [2026-07-08T19:45:23.934+0000] {dagbag.py:588} INFO - Filling up the DagBag from /opt/airflow/dags/00_hello_world.py
[2026-07-08T19:45:23.960+0000] {processor.py:925} INFO - DAG(s) '00_hello_world' retrieved from /opt/airflow/dags/00_hello_world.py
[2026-07-08T19:45:24.020+0000] {logging_mixin.py:190} INFO - [2026-07-08T19:45:24.020+0000] {dag.py:3239} INFO - Sync 1 DAGs
[2026-07-08T19:45:24.045+0000] {logging_mixin.py:190} INFO - [2026-07-08T19:45:24.045+0000] {dag.py:4180} INFO - Setting next_dagrun for 00_hello_world to None, run_after=None
[2026-07-08T19:45:24.087+0000] {processor.py:208} INFO - Processing /opt/airflow/dags/00_hello_world.py took 0.177 seconds
[2026-07-08T19:45:54.476+0000] {processor.py:186} INFO - Started process (PID=707) to work on /opt/airflow/dags/00_hello_world.py
[2026-07-08T19:45:54.477+0000] {processor.py:914} INFO - Processing file /opt/airflow/dags/00_hello_world.py for tasks to queue
[2026-07-08T19:45:54.480+0000] {logging_mixin.py:190} INFO - [2026-07-08T19:45:54.480+0000] {dagbag.py:588} INFO - Filling up the DagBag from /opt/airflow/dags/00_hello_world.py
[2026-07-08T19:45:54.495+0000] {processor.py:925} INFO - DAG(s) '00_hello_world' retrieved from /opt/airflow/dags/00_hello_world.py
[2026-07-08T19:45:54.530+0000] {logging_mixin.py:190} INFO - [2026-07-08T19:45:54.529+0000] {dag.py:3239} INFO - Sync 1 DAGs
[2026-07-08T19:45:54.546+0000] {logging_mixin.py:190} INFO - [2026-07-08T19:45:54.546+0000] {dag.py:4180} INFO - Setting next_dagrun for 00_hello_world to None, run_after=None
[2026-07-08T19:45:54.571+0000] {processor.py:208} INFO - Processing /opt/airflow/dags/00_hello_world.py took 0.104 seconds
[2026-07-08T19:46:25.051+0000] {processor.py:186} INFO - Started process (PID=722) to work on /opt/airflow/dags/00_hello_world.py
[2026-07-08T19:46:25.052+0000] {processor.py:914} INFO - Processing file /opt/airflow/dags/00_hello_world.py for tasks to queue
[2026-07-08T19:46:25.056+0000] {logging_mixin.py:190} INFO - [2026-07-08T19:46:25.055+0000] {dagbag.py:588} INFO - Filling up the DagBag from /opt/airflow/dags/00_hello_world.py
[2026-07-08T19:46:25.070+0000] {processor.py:925} INFO - DAG(s) '00_hello_world' retrieved from /opt/airflow/dags/00_hello_world.py
[2026-07-08T19:46:25.116+0000] {logging_mixin.py:190} INFO - [2026-07-08T19:46:25.115+0000] {dag.py:3239} INFO - Sync 1 DAGs
[2026-07-08T19:46:25.135+0000] {logging_mixin.py:190} INFO - [2026-07-08T19:46:25.135+0000] {dag.py:4180} INFO - Setting next_dagrun for 00_hello_world to None, run_after=None
[2026-07-08T19:46:25.156+0000] {processor.py:208} INFO - Processing /opt/airflow/dags/00_hello_world.py took 0.117 seconds
[2026-07-08T19:46:55.534+0000] {processor.py:186} INFO - Started process (PID=735) to work on /opt/airflow/dags/00_hello_world.py
[2026-07-08T19:46:55.536+0000] {processor.py:914} INFO - Processing file /opt/airflow/dags/00_hello_world.py for tasks to queue
[2026-07-08T19:46:55.541+0000] {logging_mixin.py:190} INFO - [2026-07-08T19:46:55.541+0000] {dagbag.py:588} INFO - Filling up the DagBag from /opt/airflow/dags/00_hello_world.py
[2026-07-08T19:46:55.566+0000] {processor.py:925} INFO - DAG(s) '00_hello_world' retrieved from /opt/airflow/dags/00_hello_world.py
[2026-07-08T19:46:55.611+0000] {logging_mixin.py:190} INFO - [2026-07-08T19:46:55.610+0000] {dag.py:3239} INFO - Sync 1 DAGs
[2026-07-08T19:46:55.638+0000] {logging_mixin.py:190} INFO - [2026-07-08T19:46:55.638+0000] {dag.py:4180} INFO - Setting next_dagrun for 00_hello_world to None, run_after=None
[2026-07-08T19:46:55.666+0000] {processor.py:208} INFO - Processing /opt/airflow/dags/00_hello_world.py took 0.150 seconds
[2026-07-08T19:47:26.269+0000] {processor.py:186} INFO - Started process (PID=750) to work on /opt/airflow/dags/00_hello_world.py
[2026-07-08T19:47:26.275+0000] {processor.py:914} INFO - Processing file /opt/airflow/dags/00_hello_world.py for tasks to queue
[2026-07-08T19:47:26.294+0000] {logging_mixin.py:190} INFO - [2026-07-08T19:47:26.292+0000] {dagbag.py:588} INFO - Filling up the DagBag from /opt/airflow/dags/00_hello_world.py
[2026-07-08T19:47:26.348+0000] {processor.py:925} INFO - DAG(s) '00_hello_world' retrieved from /opt/airflow/dags/00_hello_world.py
[2026-07-08T19:47:26.403+0000] {logging_mixin.py:190} INFO - [2026-07-08T19:47:26.403+0000] {dag.py:3239} INFO - Sync 1 DAGs
[2026-07-08T19:47:26.431+0000] {logging_mixin.py:190} INFO - [2026-07-08T19:47:26.431+0000] {dag.py:4180} INFO - Setting next_dagrun for 00_hello_world to None, run_after=None
[2026-07-08T19:47:26.473+0000] {processor.py:208} INFO - Processing /opt/airflow/dags/00_hello_world.py took 0.258 seconds
[2026-07-08T19:47:56.881+0000] {processor.py:186} INFO - Started process (PID=765) to work on /opt/airflow/dags/00_hello_world.py
[2026-07-08T19:47:56.883+0000] {processor.py:914} INFO - Processing file /opt/airflow/dags/00_hello_world.py for tasks to queue
[2026-07-08T19:47:56.886+0000] {logging_mixin.py:190} INFO - [2026-07-08T19:47:56.885+0000] {dagbag.py:588} INFO - Filling up the DagBag from /opt/airflow/dags/00_hello_world.py
[2026-07-08T19:47:56.900+0000] {processor.py:925} INFO - DAG(s) '00_hello_world' retrieved from /opt/airflow/dags/00_hello_world.py
[2026-07-08T19:47:56.940+0000] {logging_mixin.py:190} INFO - [2026-07-08T19:47:56.940+0000] {dag.py:3239} INFO - Sync 1 DAGs
[2026-07-08T19:47:56.967+0000] {logging_mixin.py:190} INFO - [2026-07-08T19:47:56.966+0000] {dag.py:4180} INFO - Setting next_dagrun for 00_hello_world to None, run_after=None
[2026-07-08T19:47:56.993+0000] {processor.py:208} INFO - Processing /opt/airflow/dags/00_hello_world.py took 0.121 seconds
[2026-07-08T19:48:27.652+0000] {processor.py:186} INFO - Started process (PID=780) to work on /opt/airflow/dags/00_hello_world.py
[2026-07-08T19:48:27.655+0000] {processor.py:914} INFO - Processing file /opt/airflow/dags/00_hello_world.py for tasks to queue
[2026-07-08T19:48:27.662+0000] {logging_mixin.py:190} INFO - [2026-07-08T19:48:27.662+0000] {dagbag.py:588} INFO - Filling up the DagBag from /opt/airflow/dags/00_hello_world.py
[2026-07-08T19:48:27.681+0000] {processor.py:925} INFO - DAG(s) '00_hello_world' retrieved from /opt/airflow/dags/00_hello_world.py
[2026-07-08T19:48:27.716+0000] {logging_mixin.py:190} INFO - [2026-07-08T19:48:27.716+0000] {dag.py:3239} INFO - Sync 1 DAGs
[2026-07-08T19:48:27.733+0000] {logging_mixin.py:190} INFO - [2026-07-08T19:48:27.732+0000] {dag.py:4180} INFO - Setting next_dagrun for 00_hello_world to None, run_after=None
[2026-07-08T19:48:27.757+0000] {processor.py:208} INFO - Processing /opt/airflow/dags/00_hello_world.py took 0.158 seconds
[2026-07-08T19:48:58.336+0000] {processor.py:186} INFO - Started process (PID=795) to work on /opt/airflow/dags/00_hello_world.py
[2026-07-08T19:48:58.342+0000] {processor.py:914} INFO - Processing file /opt/airflow/dags/00_hello_world.py for tasks to queue
[2026-07-08T19:48:58.358+0000] {logging_mixin.py:190} INFO - [2026-07-08T19:48:58.356+0000] {dagbag.py:588} INFO - Filling up the DagBag from /opt/airflow/dags/00_hello_world.py
[2026-07-08T19:48:58.412+0000] {processor.py:925} INFO - DAG(s) '00_hello_world' retrieved from /opt/airflow/dags/00_hello_world.py
[2026-07-08T19:48:58.453+0000] {logging_mixin.py:190} INFO - [2026-07-08T19:48:58.453+0000] {dag.py:3239} INFO - Sync 1 DAGs
[2026-07-08T19:48:58.472+0000] {logging_mixin.py:190} INFO - [2026-07-08T19:48:58.472+0000] {dag.py:4180} INFO - Setting next_dagrun for 00_hello_world to None, run_after=None
[2026-07-08T19:48:58.498+0000] {processor.py:208} INFO - Processing /opt/airflow/dags/00_hello_world.py took 0.213 seconds
[2026-07-08T19:49:29.045+0000] {processor.py:186} INFO - Started process (PID=810) to work on /opt/airflow/dags/00_hello_world.py
[2026-07-08T19:49:29.048+0000] {processor.py:914} INFO - Processing file /opt/airflow/dags/00_hello_world.py for tasks to queue
[2026-07-08T19:49:29.054+0000] {logging_mixin.py:190} INFO - [2026-07-08T19:49:29.053+0000] {dagbag.py:588} INFO - Filling up the DagBag from /opt/airflow/dags/00_hello_world.py
[2026-07-08T19:49:29.069+0000] {processor.py:925} INFO - DAG(s) '00_hello_world' retrieved from /opt/airflow/dags/00_hello_world.py
[2026-07-08T19:49:29.112+0000] {logging_mixin.py:190} INFO - [2026-07-08T19:49:29.111+0000] {dag.py:3239} INFO - Sync 1 DAGs
[2026-07-08T19:49:29.138+0000] {logging_mixin.py:190} INFO - [2026-07-08T19:49:29.137+0000] {dag.py:4180} INFO - Setting next_dagrun for 00_hello_world to None, run_after=None
[2026-07-08T19:49:29.168+0000] {processor.py:208} INFO - Processing /opt/airflow/dags/00_hello_world.py took 0.163 seconds
[2026-07-08T19:49:59.634+0000] {processor.py:186} INFO - Started process (PID=825) to work on /opt/airflow/dags/00_hello_world.py
[2026-07-08T19:49:59.636+0000] {processor.py:914} INFO - Processing file /opt/airflow/dags/00_hello_world.py for tasks to queue
[2026-07-08T19:49:59.640+0000] {logging_mixin.py:190} INFO - [2026-07-08T19:49:59.639+0000] {dagbag.py:588} INFO - Filling up the DagBag from /opt/airflow/dags/00_hello_world.py
[2026-07-08T19:49:59.659+0000] {processor.py:925} INFO - DAG(s) '00_hello_world' retrieved from /opt/airflow/dags/00_hello_world.py
[2026-07-08T19:49:59.704+0000] {logging_mixin.py:190} INFO - [2026-07-08T19:49:59.702+0000] {dag.py:3239} INFO - Sync 1 DAGs
[2026-07-08T19:49:59.734+0000] {logging_mixin.py:190} INFO - [2026-07-08T19:49:59.733+0000] {dag.py:4180} INFO - Setting next_dagrun for 00_hello_world to None, run_after=None
[2026-07-08T19:49:59.765+0000] {processor.py:208} INFO - Processing /opt/airflow/dags/00_hello_world.py took 0.142 seconds
[2026-07-08T19:50:30.181+0000] {processor.py:186} INFO - Started process (PID=849) to work on /opt/airflow/dags/00_hello_world.py
[2026-07-08T19:50:30.183+0000] {processor.py:914} INFO - Processing file /opt/airflow/dags/00_hello_world.py for tasks to queue
[2026-07-08T19:50:30.186+0000] {logging_mixin.py:190} INFO - [2026-07-08T19:50:30.186+0000] {dagbag.py:588} INFO - Filling up the DagBag from /opt/airflow/dags/00_hello_world.py
[2026-07-08T19:50:30.200+0000] {processor.py:925} INFO - DAG(s) '00_hello_world' retrieved from /opt/airflow/dags/00_hello_world.py
[2026-07-08T19:50:30.249+0000] {logging_mixin.py:190} INFO - [2026-07-08T19:50:30.248+0000] {dag.py:3239} INFO - Sync 1 DAGs
[2026-07-08T19:50:30.274+0000] {logging_mixin.py:190} INFO - [2026-07-08T19:50:30.274+0000] {dag.py:4180} INFO - Setting next_dagrun for 00_hello_world to None, run_after=None
[2026-07-08T19:50:30.301+0000] {processor.py:208} INFO - Processing /opt/airflow/dags/00_hello_world.py took 0.129 seconds
[2026-07-08T19:51:00.768+0000] {processor.py:186} INFO - Started process (PID=864) to work on /opt/airflow/dags/00_hello_world.py
[2026-07-08T19:51:00.772+0000] {processor.py:914} INFO - Processing file /opt/airflow/dags/00_hello_world.py for tasks to queue
[2026-07-08T19:51:00.787+0000] {logging_mixin.py:190} INFO - [2026-07-08T19:51:00.783+0000] {dagbag.py:588} INFO - Filling up the DagBag from /opt/airflow/dags/00_hello_world.py
[2026-07-08T19:51:00.824+0000] {processor.py:925} INFO - DAG(s) '00_hello_world' retrieved from /opt/airflow/dags/00_hello_world.py
[2026-07-08T19:51:00.893+0000] {logging_mixin.py:190} INFO - [2026-07-08T19:51:00.893+0000] {dag.py:3239} INFO - Sync 1 DAGs
[2026-07-08T19:51:00.914+0000] {logging_mixin.py:190} INFO - [2026-07-08T19:51:00.914+0000] {dag.py:4180} INFO - Setting next_dagrun for 00_hello_world to None, run_after=None
[2026-07-08T19:51:00.942+0000] {processor.py:208} INFO - Processing /opt/airflow/dags/00_hello_world.py took 0.200 seconds
