[2026-07-08T19:08:02.446+0000] {processor.py:186} INFO - Started process (PID=166) to work on /opt/airflow/dags/01_load_csv.py
[2026-07-08T19:08:02.447+0000] {processor.py:914} INFO - Processing file /opt/airflow/dags/01_load_csv.py for tasks to queue
[2026-07-08T19:08:02.450+0000] {logging_mixin.py:190} INFO - [2026-07-08T19:08:02.449+0000] {dagbag.py:588} INFO - Filling up the DagBag from /opt/airflow/dags/01_load_csv.py
[2026-07-08T19:08:02.491+0000] {processor.py:925} INFO - DAG(s) '01_load_csv' retrieved from /opt/airflow/dags/01_load_csv.py
[2026-07-08T19:08:03.049+0000] {logging_mixin.py:190} INFO - [2026-07-08T19:08:03.047+0000] {override.py:1911} INFO - Created Permission View: can delete on DAG:01_load_csv
[2026-07-08T19:08:03.083+0000] {logging_mixin.py:190} INFO - [2026-07-08T19:08:03.082+0000] {override.py:1911} INFO - Created Permission View: can edit on DAG:01_load_csv
[2026-07-08T19:08:03.100+0000] {logging_mixin.py:190} INFO - [2026-07-08T19:08:03.099+0000] {override.py:1911} INFO - Created Permission View: can read on DAG:01_load_csv
[2026-07-08T19:08:03.113+0000] {logging_mixin.py:190} INFO - [2026-07-08T19:08:03.113+0000] {override.py:1911} INFO - Created Permission View: can delete on DAG Run:01_load_csv
[2026-07-08T19:08:03.119+0000] {logging_mixin.py:190} INFO - [2026-07-08T19:08:03.119+0000] {override.py:1911} INFO - Created Permission View: menu access on DAG Run:01_load_csv
[2026-07-08T19:08:03.128+0000] {logging_mixin.py:190} INFO - [2026-07-08T19:08:03.128+0000] {override.py:1911} INFO - Created Permission View: can create on DAG Run:01_load_csv
[2026-07-08T19:08:03.139+0000] {logging_mixin.py:190} INFO - [2026-07-08T19:08:03.138+0000] {override.py:1911} INFO - Created Permission View: can read on DAG Run:01_load_csv
[2026-07-08T19:08:03.140+0000] {logging_mixin.py:190} INFO - [2026-07-08T19:08:03.139+0000] {dag.py:3239} INFO - Sync 1 DAGs
[2026-07-08T19:08:03.173+0000] {logging_mixin.py:190} INFO - [2026-07-08T19:08:03.172+0000] {dag.py:3262} INFO - Creating ORM DAG for 01_load_csv
[2026-07-08T19:08:03.175+0000] {logging_mixin.py:190} INFO - [2026-07-08T19:08:03.175+0000] {dag.py:4180} INFO - Setting next_dagrun for 01_load_csv to None, run_after=None
[2026-07-08T19:08:03.239+0000] {processor.py:208} INFO - Processing /opt/airflow/dags/01_load_csv.py took 0.800 seconds
[2026-07-08T19:08:34.092+0000] {processor.py:186} INFO - Started process (PID=179) to work on /opt/airflow/dags/01_load_csv.py
[2026-07-08T19:08:34.098+0000] {processor.py:914} INFO - Processing file /opt/airflow/dags/01_load_csv.py for tasks to queue
[2026-07-08T19:08:34.204+0000] {logging_mixin.py:190} INFO - [2026-07-08T19:08:34.192+0000] {dagbag.py:588} INFO - Filling up the DagBag from /opt/airflow/dags/01_load_csv.py
[2026-07-08T19:08:34.612+0000] {processor.py:925} INFO - DAG(s) '01_load_csv' retrieved from /opt/airflow/dags/01_load_csv.py
[2026-07-08T19:08:35.220+0000] {logging_mixin.py:190} INFO - [2026-07-08T19:08:35.218+0000] {dag.py:3239} INFO - Sync 1 DAGs
[2026-07-08T19:08:35.509+0000] {logging_mixin.py:190} INFO - [2026-07-08T19:08:35.508+0000] {dag.py:4180} INFO - Setting next_dagrun for 01_load_csv to None, run_after=None
[2026-07-08T19:08:35.623+0000] {processor.py:208} INFO - Processing /opt/airflow/dags/01_load_csv.py took 1.702 seconds
[2026-07-08T19:09:06.057+0000] {processor.py:186} INFO - Started process (PID=196) to work on /opt/airflow/dags/01_load_csv.py
[2026-07-08T19:09:06.058+0000] {processor.py:914} INFO - Processing file /opt/airflow/dags/01_load_csv.py for tasks to queue
[2026-07-08T19:09:06.062+0000] {logging_mixin.py:190} INFO - [2026-07-08T19:09:06.061+0000] {dagbag.py:588} INFO - Filling up the DagBag from /opt/airflow/dags/01_load_csv.py
[2026-07-08T19:09:06.092+0000] {processor.py:925} INFO - DAG(s) '01_load_csv' retrieved from /opt/airflow/dags/01_load_csv.py
[2026-07-08T19:09:06.209+0000] {logging_mixin.py:190} INFO - [2026-07-08T19:09:06.208+0000] {dag.py:3239} INFO - Sync 1 DAGs
[2026-07-08T19:09:06.241+0000] {logging_mixin.py:190} INFO - [2026-07-08T19:09:06.241+0000] {dag.py:4180} INFO - Setting next_dagrun for 01_load_csv to None, run_after=None
[2026-07-08T19:09:06.282+0000] {processor.py:208} INFO - Processing /opt/airflow/dags/01_load_csv.py took 0.241 seconds
[2026-07-08T19:09:37.212+0000] {processor.py:186} INFO - Started process (PID=209) to work on /opt/airflow/dags/01_load_csv.py
[2026-07-08T19:09:37.224+0000] {processor.py:914} INFO - Processing file /opt/airflow/dags/01_load_csv.py for tasks to queue
[2026-07-08T19:09:37.400+0000] {logging_mixin.py:190} INFO - [2026-07-08T19:09:37.388+0000] {dagbag.py:588} INFO - Filling up the DagBag from /opt/airflow/dags/01_load_csv.py
[2026-07-08T19:09:37.962+0000] {processor.py:925} INFO - DAG(s) '01_load_csv' retrieved from /opt/airflow/dags/01_load_csv.py
[2026-07-08T19:09:39.044+0000] {logging_mixin.py:190} INFO - [2026-07-08T19:09:39.042+0000] {dag.py:3239} INFO - Sync 1 DAGs
[2026-07-08T19:09:39.749+0000] {logging_mixin.py:190} INFO - [2026-07-08T19:09:39.748+0000] {dag.py:4180} INFO - Setting next_dagrun for 01_load_csv to None, run_after=None
[2026-07-08T19:09:40.048+0000] {processor.py:208} INFO - Processing /opt/airflow/dags/01_load_csv.py took 3.073 seconds
[2026-07-08T19:10:11.899+0000] {processor.py:186} INFO - Started process (PID=224) to work on /opt/airflow/dags/01_load_csv.py
[2026-07-08T19:10:11.977+0000] {processor.py:914} INFO - Processing file /opt/airflow/dags/01_load_csv.py for tasks to queue
[2026-07-08T19:10:12.218+0000] {logging_mixin.py:190} INFO - [2026-07-08T19:10:12.204+0000] {dagbag.py:588} INFO - Filling up the DagBag from /opt/airflow/dags/01_load_csv.py
[2026-07-08T19:10:13.023+0000] {processor.py:925} INFO - DAG(s) '01_load_csv' retrieved from /opt/airflow/dags/01_load_csv.py
[2026-07-08T19:10:13.268+0000] {logging_mixin.py:190} INFO - [2026-07-08T19:10:13.268+0000] {dag.py:3239} INFO - Sync 1 DAGs
[2026-07-08T19:10:13.414+0000] {logging_mixin.py:190} INFO - [2026-07-08T19:10:13.413+0000] {dag.py:4180} INFO - Setting next_dagrun for 01_load_csv to None, run_after=None
[2026-07-08T19:10:13.535+0000] {processor.py:208} INFO - Processing /opt/airflow/dags/01_load_csv.py took 2.293 seconds
[2026-07-08T19:10:44.169+0000] {processor.py:186} INFO - Started process (PID=239) to work on /opt/airflow/dags/01_load_csv.py
[2026-07-08T19:10:44.187+0000] {processor.py:914} INFO - Processing file /opt/airflow/dags/01_load_csv.py for tasks to queue
[2026-07-08T19:10:44.590+0000] {logging_mixin.py:190} INFO - [2026-07-08T19:10:44.584+0000] {dagbag.py:588} INFO - Filling up the DagBag from /opt/airflow/dags/01_load_csv.py
[2026-07-08T19:10:45.948+0000] {processor.py:925} INFO - DAG(s) '01_load_csv' retrieved from /opt/airflow/dags/01_load_csv.py
[2026-07-08T19:10:48.777+0000] {logging_mixin.py:190} INFO - [2026-07-08T19:10:48.760+0000] {dag.py:3239} INFO - Sync 1 DAGs
[2026-07-08T19:10:49.286+0000] {logging_mixin.py:190} INFO - [2026-07-08T19:10:49.285+0000] {dag.py:4180} INFO - Setting next_dagrun for 01_load_csv to None, run_after=None
[2026-07-08T19:10:50.356+0000] {processor.py:208} INFO - Processing /opt/airflow/dags/01_load_csv.py took 6.279 seconds
[2026-07-08T19:11:22.709+0000] {processor.py:186} INFO - Started process (PID=256) to work on /opt/airflow/dags/01_load_csv.py
[2026-07-08T19:11:22.732+0000] {processor.py:914} INFO - Processing file /opt/airflow/dags/01_load_csv.py for tasks to queue
[2026-07-08T19:11:23.046+0000] {logging_mixin.py:190} INFO - [2026-07-08T19:11:23.030+0000] {dagbag.py:588} INFO - Filling up the DagBag from /opt/airflow/dags/01_load_csv.py
[2026-07-08T19:11:25.020+0000] {processor.py:925} INFO - DAG(s) '01_load_csv' retrieved from /opt/airflow/dags/01_load_csv.py
[2026-07-08T19:11:25.744+0000] {logging_mixin.py:190} INFO - [2026-07-08T19:11:25.744+0000] {dag.py:3239} INFO - Sync 1 DAGs
[2026-07-08T19:11:25.927+0000] {logging_mixin.py:190} INFO - [2026-07-08T19:11:25.927+0000] {dag.py:4180} INFO - Setting next_dagrun for 01_load_csv to None, run_after=None
[2026-07-08T19:11:26.036+0000] {processor.py:208} INFO - Processing /opt/airflow/dags/01_load_csv.py took 4.191 seconds
[2026-07-08T19:11:58.068+0000] {processor.py:186} INFO - Started process (PID=272) to work on /opt/airflow/dags/01_load_csv.py
[2026-07-08T19:11:58.274+0000] {processor.py:914} INFO - Processing file /opt/airflow/dags/01_load_csv.py for tasks to queue
[2026-07-08T19:12:04.177+0000] {logging_mixin.py:190} INFO - [2026-07-08T19:12:03.325+0000] {dagbag.py:588} INFO - Filling up the DagBag from /opt/airflow/dags/01_load_csv.py
[2026-07-08T19:12:07.904+0000] {processor.py:925} INFO - DAG(s) '01_load_csv' retrieved from /opt/airflow/dags/01_load_csv.py
[2026-07-08T19:12:13.719+0000] {logging_mixin.py:190} INFO - [2026-07-08T19:12:13.013+0000] {dag.py:3239} INFO - Sync 1 DAGs
[2026-07-08T19:12:14.360+0000] {logging_mixin.py:190} INFO - [2026-07-08T19:12:14.335+0000] {dag.py:4180} INFO - Setting next_dagrun for 01_load_csv to None, run_after=None
[2026-07-08T19:12:18.591+0000] {processor.py:208} INFO - Processing /opt/airflow/dags/01_load_csv.py took 21.310 seconds
[2026-07-08T19:12:59.815+0000] {processor.py:186} INFO - Started process (PID=295) to work on /opt/airflow/dags/01_load_csv.py
[2026-07-08T19:13:00.769+0000] {processor.py:914} INFO - Processing file /opt/airflow/dags/01_load_csv.py for tasks to queue
[2026-07-08T19:13:01.253+0000] {logging_mixin.py:190} INFO - [2026-07-08T19:13:00.953+0000] {dagbag.py:588} INFO - Filling up the DagBag from /opt/airflow/dags/01_load_csv.py
[2026-07-08T19:13:19.285+0000] {processor.py:925} INFO - DAG(s) '01_load_csv' retrieved from /opt/airflow/dags/01_load_csv.py
[2026-07-08T19:14:33.049+0000] {processor.py:186} INFO - Started process (PID=306) to work on /opt/airflow/dags/01_load_csv.py
[2026-07-08T19:14:33.131+0000] {processor.py:914} INFO - Processing file /opt/airflow/dags/01_load_csv.py for tasks to queue
[2026-07-08T19:14:33.769+0000] {logging_mixin.py:190} INFO - [2026-07-08T19:14:33.590+0000] {dagbag.py:588} INFO - Filling up the DagBag from /opt/airflow/dags/01_load_csv.py
[2026-07-08T19:14:38.652+0000] {processor.py:925} INFO - DAG(s) '01_load_csv' retrieved from /opt/airflow/dags/01_load_csv.py
[2026-07-08T19:14:42.222+0000] {logging_mixin.py:190} INFO - [2026-07-08T19:14:42.204+0000] {dag.py:3239} INFO - Sync 1 DAGs
[2026-07-08T19:14:42.399+0000] {logging_mixin.py:190} INFO - [2026-07-08T19:14:42.399+0000] {dag.py:4180} INFO - Setting next_dagrun for 01_load_csv to None, run_after=None
[2026-07-08T19:14:42.810+0000] {processor.py:208} INFO - Processing /opt/airflow/dags/01_load_csv.py took 11.174 seconds
[2026-07-08T19:15:13.752+0000] {processor.py:186} INFO - Started process (PID=323) to work on /opt/airflow/dags/01_load_csv.py
[2026-07-08T19:15:13.758+0000] {processor.py:914} INFO - Processing file /opt/airflow/dags/01_load_csv.py for tasks to queue
[2026-07-08T19:15:13.949+0000] {logging_mixin.py:190} INFO - [2026-07-08T19:15:13.948+0000] {dagbag.py:588} INFO - Filling up the DagBag from /opt/airflow/dags/01_load_csv.py
[2026-07-08T19:15:14.617+0000] {processor.py:925} INFO - DAG(s) '01_load_csv' retrieved from /opt/airflow/dags/01_load_csv.py
[2026-07-08T19:15:16.137+0000] {logging_mixin.py:190} INFO - [2026-07-08T19:15:16.124+0000] {dag.py:3239} INFO - Sync 1 DAGs
[2026-07-08T19:15:16.340+0000] {logging_mixin.py:190} INFO - [2026-07-08T19:15:16.338+0000] {dag.py:4180} INFO - Setting next_dagrun for 01_load_csv to None, run_after=None
[2026-07-08T19:15:16.470+0000] {processor.py:208} INFO - Processing /opt/airflow/dags/01_load_csv.py took 2.903 seconds
[2026-07-08T19:15:49.678+0000] {processor.py:186} INFO - Started process (PID=338) to work on /opt/airflow/dags/01_load_csv.py
[2026-07-08T19:15:49.689+0000] {processor.py:914} INFO - Processing file /opt/airflow/dags/01_load_csv.py for tasks to queue
[2026-07-08T19:15:50.583+0000] {logging_mixin.py:190} INFO - [2026-07-08T19:15:50.455+0000] {dagbag.py:588} INFO - Filling up the DagBag from /opt/airflow/dags/01_load_csv.py
[2026-07-08T19:15:55.879+0000] {processor.py:925} INFO - DAG(s) '01_load_csv' retrieved from /opt/airflow/dags/01_load_csv.py
[2026-07-08T19:16:04.837+0000] {logging_mixin.py:190} INFO - [2026-07-08T19:16:04.812+0000] {dag.py:3239} INFO - Sync 1 DAGs
[2026-07-08T19:16:08.541+0000] {logging_mixin.py:190} INFO - [2026-07-08T19:16:08.541+0000] {dag.py:4180} INFO - Setting next_dagrun for 01_load_csv to None, run_after=None
[2026-07-08T19:16:10.596+0000] {processor.py:208} INFO - Processing /opt/airflow/dags/01_load_csv.py took 22.490 seconds
[2026-07-08T19:16:43.534+0000] {processor.py:186} INFO - Started process (PID=354) to work on /opt/airflow/dags/01_load_csv.py
[2026-07-08T19:16:43.562+0000] {processor.py:914} INFO - Processing file /opt/airflow/dags/01_load_csv.py for tasks to queue
[2026-07-08T19:16:43.642+0000] {logging_mixin.py:190} INFO - [2026-07-08T19:16:43.635+0000] {dagbag.py:588} INFO - Filling up the DagBag from /opt/airflow/dags/01_load_csv.py
[2026-07-08T19:16:44.118+0000] {processor.py:925} INFO - DAG(s) '01_load_csv' retrieved from /opt/airflow/dags/01_load_csv.py
[2026-07-08T19:16:47.056+0000] {logging_mixin.py:190} INFO - [2026-07-08T19:16:47.003+0000] {dag.py:3239} INFO - Sync 1 DAGs
[2026-07-08T19:16:47.722+0000] {logging_mixin.py:190} INFO - [2026-07-08T19:16:47.722+0000] {dag.py:4180} INFO - Setting next_dagrun for 01_load_csv to None, run_after=None
[2026-07-08T19:16:48.218+0000] {processor.py:208} INFO - Processing /opt/airflow/dags/01_load_csv.py took 5.416 seconds
[2026-07-08T19:17:19.682+0000] {processor.py:186} INFO - Started process (PID=369) to work on /opt/airflow/dags/01_load_csv.py
[2026-07-08T19:17:19.725+0000] {processor.py:914} INFO - Processing file /opt/airflow/dags/01_load_csv.py for tasks to queue
[2026-07-08T19:17:19.737+0000] {logging_mixin.py:190} INFO - [2026-07-08T19:17:19.736+0000] {dagbag.py:588} INFO - Filling up the DagBag from /opt/airflow/dags/01_load_csv.py
[2026-07-08T19:17:20.198+0000] {processor.py:925} INFO - DAG(s) '01_load_csv' retrieved from /opt/airflow/dags/01_load_csv.py
[2026-07-08T19:17:20.965+0000] {logging_mixin.py:190} INFO - [2026-07-08T19:17:20.964+0000] {dag.py:3239} INFO - Sync 1 DAGs
[2026-07-08T19:17:21.203+0000] {logging_mixin.py:190} INFO - [2026-07-08T19:17:21.203+0000] {dag.py:4180} INFO - Setting next_dagrun for 01_load_csv to None, run_after=None
[2026-07-08T19:17:21.471+0000] {processor.py:208} INFO - Processing /opt/airflow/dags/01_load_csv.py took 2.531 seconds
[2026-07-08T19:17:52.738+0000] {processor.py:186} INFO - Started process (PID=384) to work on /opt/airflow/dags/01_load_csv.py
[2026-07-08T19:17:52.770+0000] {processor.py:914} INFO - Processing file /opt/airflow/dags/01_load_csv.py for tasks to queue
[2026-07-08T19:17:53.110+0000] {logging_mixin.py:190} INFO - [2026-07-08T19:17:53.105+0000] {dagbag.py:588} INFO - Filling up the DagBag from /opt/airflow/dags/01_load_csv.py
[2026-07-08T19:17:53.741+0000] {processor.py:925} INFO - DAG(s) '01_load_csv' retrieved from /opt/airflow/dags/01_load_csv.py
[2026-07-08T19:17:54.422+0000] {logging_mixin.py:190} INFO - [2026-07-08T19:17:54.419+0000] {dag.py:3239} INFO - Sync 1 DAGs
[2026-07-08T19:17:55.105+0000] {logging_mixin.py:190} INFO - [2026-07-08T19:17:55.103+0000] {dag.py:4180} INFO - Setting next_dagrun for 01_load_csv to None, run_after=None
[2026-07-08T19:17:56.613+0000] {processor.py:208} INFO - Processing /opt/airflow/dags/01_load_csv.py took 4.330 seconds
[2026-07-08T19:27:58.079+0000] {processor.py:186} INFO - Started process (PID=166) to work on /opt/airflow/dags/01_load_csv.py
[2026-07-08T19:27:58.083+0000] {processor.py:914} INFO - Processing file /opt/airflow/dags/01_load_csv.py for tasks to queue
[2026-07-08T19:27:58.086+0000] {logging_mixin.py:190} INFO - [2026-07-08T19:27:58.086+0000] {dagbag.py:588} INFO - Filling up the DagBag from /opt/airflow/dags/01_load_csv.py
[2026-07-08T19:27:58.129+0000] {processor.py:925} INFO - DAG(s) '01_load_csv' retrieved from /opt/airflow/dags/01_load_csv.py
[2026-07-08T19:27:58.920+0000] {logging_mixin.py:190} INFO - [2026-07-08T19:27:58.919+0000] {override.py:1911} INFO - Created Permission View: can edit on DAG:01_load_csv
[2026-07-08T19:27:58.951+0000] {logging_mixin.py:190} INFO - [2026-07-08T19:27:58.950+0000] {override.py:1911} INFO - Created Permission View: can read on DAG:01_load_csv
[2026-07-08T19:27:58.974+0000] {logging_mixin.py:190} INFO - [2026-07-08T19:27:58.973+0000] {override.py:1911} INFO - Created Permission View: can delete on DAG:01_load_csv
[2026-07-08T19:27:59.015+0000] {logging_mixin.py:190} INFO - [2026-07-08T19:27:59.014+0000] {override.py:1911} INFO - Created Permission View: menu access on DAG Run:01_load_csv
[2026-07-08T19:27:59.047+0000] {logging_mixin.py:190} INFO - [2026-07-08T19:27:59.047+0000] {override.py:1911} INFO - Created Permission View: can create on DAG Run:01_load_csv
[2026-07-08T19:27:59.078+0000] {logging_mixin.py:190} INFO - [2026-07-08T19:27:59.078+0000] {override.py:1911} INFO - Created Permission View: can read on DAG Run:01_load_csv
[2026-07-08T19:27:59.101+0000] {logging_mixin.py:190} INFO - [2026-07-08T19:27:59.100+0000] {override.py:1911} INFO - Created Permission View: can delete on DAG Run:01_load_csv
[2026-07-08T19:27:59.101+0000] {logging_mixin.py:190} INFO - [2026-07-08T19:27:59.101+0000] {dag.py:3239} INFO - Sync 1 DAGs
[2026-07-08T19:27:59.157+0000] {logging_mixin.py:190} INFO - [2026-07-08T19:27:59.156+0000] {dag.py:3262} INFO - Creating ORM DAG for 01_load_csv
[2026-07-08T19:27:59.160+0000] {logging_mixin.py:190} INFO - [2026-07-08T19:27:59.159+0000] {dag.py:4180} INFO - Setting next_dagrun for 01_load_csv to None, run_after=None
[2026-07-08T19:27:59.241+0000] {processor.py:208} INFO - Processing /opt/airflow/dags/01_load_csv.py took 1.181 seconds
[2026-07-08T19:28:29.584+0000] {processor.py:186} INFO - Started process (PID=181) to work on /opt/airflow/dags/01_load_csv.py
[2026-07-08T19:28:29.586+0000] {processor.py:914} INFO - Processing file /opt/airflow/dags/01_load_csv.py for tasks to queue
[2026-07-08T19:28:29.588+0000] {logging_mixin.py:190} INFO - [2026-07-08T19:28:29.588+0000] {dagbag.py:588} INFO - Filling up the DagBag from /opt/airflow/dags/01_load_csv.py
[2026-07-08T19:28:29.600+0000] {processor.py:925} INFO - DAG(s) '01_load_csv' retrieved from /opt/airflow/dags/01_load_csv.py
[2026-07-08T19:28:29.635+0000] {logging_mixin.py:190} INFO - [2026-07-08T19:28:29.635+0000] {dag.py:3239} INFO - Sync 1 DAGs
[2026-07-08T19:28:29.657+0000] {logging_mixin.py:190} INFO - [2026-07-08T19:28:29.656+0000] {dag.py:4180} INFO - Setting next_dagrun for 01_load_csv to None, run_after=None
[2026-07-08T19:28:29.679+0000] {processor.py:208} INFO - Processing /opt/airflow/dags/01_load_csv.py took 0.106 seconds
[2026-07-08T19:29:00.098+0000] {processor.py:186} INFO - Started process (PID=205) to work on /opt/airflow/dags/01_load_csv.py
[2026-07-08T19:29:00.100+0000] {processor.py:914} INFO - Processing file /opt/airflow/dags/01_load_csv.py for tasks to queue
[2026-07-08T19:29:00.102+0000] {logging_mixin.py:190} INFO - [2026-07-08T19:29:00.102+0000] {dagbag.py:588} INFO - Filling up the DagBag from /opt/airflow/dags/01_load_csv.py
[2026-07-08T19:29:00.118+0000] {processor.py:925} INFO - DAG(s) '01_load_csv' retrieved from /opt/airflow/dags/01_load_csv.py
[2026-07-08T19:29:00.168+0000] {logging_mixin.py:190} INFO - [2026-07-08T19:29:00.168+0000] {dag.py:3239} INFO - Sync 1 DAGs
[2026-07-08T19:29:00.187+0000] {logging_mixin.py:190} INFO - [2026-07-08T19:29:00.187+0000] {dag.py:4180} INFO - Setting next_dagrun for 01_load_csv to None, run_after=None
[2026-07-08T19:29:00.214+0000] {processor.py:208} INFO - Processing /opt/airflow/dags/01_load_csv.py took 0.126 seconds
[2026-07-08T19:29:30.678+0000] {processor.py:186} INFO - Started process (PID=220) to work on /opt/airflow/dags/01_load_csv.py
[2026-07-08T19:29:30.680+0000] {processor.py:914} INFO - Processing file /opt/airflow/dags/01_load_csv.py for tasks to queue
[2026-07-08T19:29:30.687+0000] {logging_mixin.py:190} INFO - [2026-07-08T19:29:30.686+0000] {dagbag.py:588} INFO - Filling up the DagBag from /opt/airflow/dags/01_load_csv.py
[2026-07-08T19:29:30.706+0000] {processor.py:925} INFO - DAG(s) '01_load_csv' retrieved from /opt/airflow/dags/01_load_csv.py
[2026-07-08T19:29:30.756+0000] {logging_mixin.py:190} INFO - [2026-07-08T19:29:30.755+0000] {dag.py:3239} INFO - Sync 1 DAGs
[2026-07-08T19:29:30.773+0000] {logging_mixin.py:190} INFO - [2026-07-08T19:29:30.773+0000] {dag.py:4180} INFO - Setting next_dagrun for 01_load_csv to None, run_after=None
[2026-07-08T19:29:30.796+0000] {processor.py:208} INFO - Processing /opt/airflow/dags/01_load_csv.py took 0.147 seconds
[2026-07-08T19:30:01.353+0000] {processor.py:186} INFO - Started process (PID=235) to work on /opt/airflow/dags/01_load_csv.py
[2026-07-08T19:30:01.358+0000] {processor.py:914} INFO - Processing file /opt/airflow/dags/01_load_csv.py for tasks to queue
[2026-07-08T19:30:01.368+0000] {logging_mixin.py:190} INFO - [2026-07-08T19:30:01.367+0000] {dagbag.py:588} INFO - Filling up the DagBag from /opt/airflow/dags/01_load_csv.py
[2026-07-08T19:30:01.428+0000] {processor.py:925} INFO - DAG(s) '01_load_csv' retrieved from /opt/airflow/dags/01_load_csv.py
[2026-07-08T19:30:01.491+0000] {logging_mixin.py:190} INFO - [2026-07-08T19:30:01.490+0000] {dag.py:3239} INFO - Sync 1 DAGs
[2026-07-08T19:30:01.512+0000] {logging_mixin.py:190} INFO - [2026-07-08T19:30:01.512+0000] {dag.py:4180} INFO - Setting next_dagrun for 01_load_csv to None, run_after=None
[2026-07-08T19:30:01.545+0000] {processor.py:208} INFO - Processing /opt/airflow/dags/01_load_csv.py took 0.223 seconds
[2026-07-08T19:30:32.119+0000] {processor.py:186} INFO - Started process (PID=250) to work on /opt/airflow/dags/01_load_csv.py
[2026-07-08T19:30:32.121+0000] {processor.py:914} INFO - Processing file /opt/airflow/dags/01_load_csv.py for tasks to queue
[2026-07-08T19:30:32.125+0000] {logging_mixin.py:190} INFO - [2026-07-08T19:30:32.124+0000] {dagbag.py:588} INFO - Filling up the DagBag from /opt/airflow/dags/01_load_csv.py
[2026-07-08T19:30:32.146+0000] {processor.py:925} INFO - DAG(s) '01_load_csv' retrieved from /opt/airflow/dags/01_load_csv.py
[2026-07-08T19:30:32.193+0000] {logging_mixin.py:190} INFO - [2026-07-08T19:30:32.192+0000] {dag.py:3239} INFO - Sync 1 DAGs
[2026-07-08T19:30:32.208+0000] {logging_mixin.py:190} INFO - [2026-07-08T19:30:32.208+0000] {dag.py:4180} INFO - Setting next_dagrun for 01_load_csv to None, run_after=None
[2026-07-08T19:30:32.229+0000] {processor.py:208} INFO - Processing /opt/airflow/dags/01_load_csv.py took 0.124 seconds
[2026-07-08T19:31:02.706+0000] {processor.py:186} INFO - Started process (PID=265) to work on /opt/airflow/dags/01_load_csv.py
[2026-07-08T19:31:02.707+0000] {processor.py:914} INFO - Processing file /opt/airflow/dags/01_load_csv.py for tasks to queue
[2026-07-08T19:31:02.710+0000] {logging_mixin.py:190} INFO - [2026-07-08T19:31:02.710+0000] {dagbag.py:588} INFO - Filling up the DagBag from /opt/airflow/dags/01_load_csv.py
[2026-07-08T19:31:02.720+0000] {processor.py:925} INFO - DAG(s) '01_load_csv' retrieved from /opt/airflow/dags/01_load_csv.py
[2026-07-08T19:31:02.753+0000] {logging_mixin.py:190} INFO - [2026-07-08T19:31:02.752+0000] {dag.py:3239} INFO - Sync 1 DAGs
[2026-07-08T19:31:02.770+0000] {logging_mixin.py:190} INFO - [2026-07-08T19:31:02.770+0000] {dag.py:4180} INFO - Setting next_dagrun for 01_load_csv to None, run_after=None
[2026-07-08T19:31:02.788+0000] {processor.py:208} INFO - Processing /opt/airflow/dags/01_load_csv.py took 0.093 seconds
[2026-07-08T19:31:33.195+0000] {processor.py:186} INFO - Started process (PID=280) to work on /opt/airflow/dags/01_load_csv.py
[2026-07-08T19:31:33.196+0000] {processor.py:914} INFO - Processing file /opt/airflow/dags/01_load_csv.py for tasks to queue
[2026-07-08T19:31:33.198+0000] {logging_mixin.py:190} INFO - [2026-07-08T19:31:33.198+0000] {dagbag.py:588} INFO - Filling up the DagBag from /opt/airflow/dags/01_load_csv.py
[2026-07-08T19:31:33.210+0000] {processor.py:925} INFO - DAG(s) '01_load_csv' retrieved from /opt/airflow/dags/01_load_csv.py
[2026-07-08T19:31:33.244+0000] {logging_mixin.py:190} INFO - [2026-07-08T19:31:33.244+0000] {dag.py:3239} INFO - Sync 1 DAGs
[2026-07-08T19:31:33.261+0000] {logging_mixin.py:190} INFO - [2026-07-08T19:31:33.261+0000] {dag.py:4180} INFO - Setting next_dagrun for 01_load_csv to None, run_after=None
[2026-07-08T19:31:33.284+0000] {processor.py:208} INFO - Processing /opt/airflow/dags/01_load_csv.py took 0.099 seconds
[2026-07-08T19:32:03.878+0000] {processor.py:186} INFO - Started process (PID=295) to work on /opt/airflow/dags/01_load_csv.py
[2026-07-08T19:32:03.882+0000] {processor.py:914} INFO - Processing file /opt/airflow/dags/01_load_csv.py for tasks to queue
[2026-07-08T19:32:03.892+0000] {logging_mixin.py:190} INFO - [2026-07-08T19:32:03.891+0000] {dagbag.py:588} INFO - Filling up the DagBag from /opt/airflow/dags/01_load_csv.py
[2026-07-08T19:32:03.949+0000] {processor.py:925} INFO - DAG(s) '01_load_csv' retrieved from /opt/airflow/dags/01_load_csv.py
[2026-07-08T19:32:04.078+0000] {logging_mixin.py:190} INFO - [2026-07-08T19:32:04.077+0000] {dag.py:3239} INFO - Sync 1 DAGs
[2026-07-08T19:32:04.113+0000] {logging_mixin.py:190} INFO - [2026-07-08T19:32:04.113+0000] {dag.py:4180} INFO - Setting next_dagrun for 01_load_csv to None, run_after=None
[2026-07-08T19:32:04.155+0000] {processor.py:208} INFO - Processing /opt/airflow/dags/01_load_csv.py took 0.313 seconds
[2026-07-08T19:32:34.633+0000] {processor.py:186} INFO - Started process (PID=310) to work on /opt/airflow/dags/01_load_csv.py
[2026-07-08T19:32:34.634+0000] {processor.py:914} INFO - Processing file /opt/airflow/dags/01_load_csv.py for tasks to queue
[2026-07-08T19:32:34.639+0000] {logging_mixin.py:190} INFO - [2026-07-08T19:32:34.638+0000] {dagbag.py:588} INFO - Filling up the DagBag from /opt/airflow/dags/01_load_csv.py
[2026-07-08T19:32:34.660+0000] {processor.py:925} INFO - DAG(s) '01_load_csv' retrieved from /opt/airflow/dags/01_load_csv.py
[2026-07-08T19:32:34.717+0000] {logging_mixin.py:190} INFO - [2026-07-08T19:32:34.716+0000] {dag.py:3239} INFO - Sync 1 DAGs
[2026-07-08T19:32:34.743+0000] {logging_mixin.py:190} INFO - [2026-07-08T19:32:34.742+0000] {dag.py:4180} INFO - Setting next_dagrun for 01_load_csv to None, run_after=None
[2026-07-08T19:32:34.770+0000] {processor.py:208} INFO - Processing /opt/airflow/dags/01_load_csv.py took 0.150 seconds
[2026-07-08T19:33:05.377+0000] {processor.py:186} INFO - Started process (PID=325) to work on /opt/airflow/dags/01_load_csv.py
[2026-07-08T19:33:05.381+0000] {processor.py:914} INFO - Processing file /opt/airflow/dags/01_load_csv.py for tasks to queue
[2026-07-08T19:33:05.388+0000] {logging_mixin.py:190} INFO - [2026-07-08T19:33:05.387+0000] {dagbag.py:588} INFO - Filling up the DagBag from /opt/airflow/dags/01_load_csv.py
[2026-07-08T19:33:05.414+0000] {processor.py:925} INFO - DAG(s) '01_load_csv' retrieved from /opt/airflow/dags/01_load_csv.py
[2026-07-08T19:33:05.504+0000] {logging_mixin.py:190} INFO - [2026-07-08T19:33:05.504+0000] {dag.py:3239} INFO - Sync 1 DAGs
[2026-07-08T19:33:05.540+0000] {logging_mixin.py:190} INFO - [2026-07-08T19:33:05.540+0000] {dag.py:4180} INFO - Setting next_dagrun for 01_load_csv to None, run_after=None
[2026-07-08T19:33:05.568+0000] {processor.py:208} INFO - Processing /opt/airflow/dags/01_load_csv.py took 0.217 seconds
[2026-07-08T19:33:36.044+0000] {processor.py:186} INFO - Started process (PID=340) to work on /opt/airflow/dags/01_load_csv.py
[2026-07-08T19:33:36.046+0000] {processor.py:914} INFO - Processing file /opt/airflow/dags/01_load_csv.py for tasks to queue
[2026-07-08T19:33:36.051+0000] {logging_mixin.py:190} INFO - [2026-07-08T19:33:36.050+0000] {dagbag.py:588} INFO - Filling up the DagBag from /opt/airflow/dags/01_load_csv.py
[2026-07-08T19:33:36.064+0000] {processor.py:925} INFO - DAG(s) '01_load_csv' retrieved from /opt/airflow/dags/01_load_csv.py
[2026-07-08T19:33:36.098+0000] {logging_mixin.py:190} INFO - [2026-07-08T19:33:36.098+0000] {dag.py:3239} INFO - Sync 1 DAGs
[2026-07-08T19:33:36.114+0000] {logging_mixin.py:190} INFO - [2026-07-08T19:33:36.114+0000] {dag.py:4180} INFO - Setting next_dagrun for 01_load_csv to None, run_after=None
[2026-07-08T19:33:36.134+0000] {processor.py:208} INFO - Processing /opt/airflow/dags/01_load_csv.py took 0.105 seconds
[2026-07-08T19:34:06.685+0000] {processor.py:186} INFO - Started process (PID=355) to work on /opt/airflow/dags/01_load_csv.py
[2026-07-08T19:34:06.692+0000] {processor.py:914} INFO - Processing file /opt/airflow/dags/01_load_csv.py for tasks to queue
[2026-07-08T19:34:06.704+0000] {logging_mixin.py:190} INFO - [2026-07-08T19:34:06.702+0000] {dagbag.py:588} INFO - Filling up the DagBag from /opt/airflow/dags/01_load_csv.py
[2026-07-08T19:34:06.747+0000] {processor.py:925} INFO - DAG(s) '01_load_csv' retrieved from /opt/airflow/dags/01_load_csv.py
[2026-07-08T19:34:06.808+0000] {logging_mixin.py:190} INFO - [2026-07-08T19:34:06.807+0000] {dag.py:3239} INFO - Sync 1 DAGs
[2026-07-08T19:34:06.838+0000] {logging_mixin.py:190} INFO - [2026-07-08T19:34:06.837+0000] {dag.py:4180} INFO - Setting next_dagrun for 01_load_csv to None, run_after=None
[2026-07-08T19:34:06.872+0000] {processor.py:208} INFO - Processing /opt/airflow/dags/01_load_csv.py took 0.221 seconds
[2026-07-08T19:34:37.419+0000] {processor.py:186} INFO - Started process (PID=370) to work on /opt/airflow/dags/01_load_csv.py
[2026-07-08T19:34:37.422+0000] {processor.py:914} INFO - Processing file /opt/airflow/dags/01_load_csv.py for tasks to queue
[2026-07-08T19:34:37.430+0000] {logging_mixin.py:190} INFO - [2026-07-08T19:34:37.429+0000] {dagbag.py:588} INFO - Filling up the DagBag from /opt/airflow/dags/01_load_csv.py
[2026-07-08T19:34:37.452+0000] {processor.py:925} INFO - DAG(s) '01_load_csv' retrieved from /opt/airflow/dags/01_load_csv.py
[2026-07-08T19:34:37.509+0000] {logging_mixin.py:190} INFO - [2026-07-08T19:34:37.509+0000] {dag.py:3239} INFO - Sync 1 DAGs
[2026-07-08T19:34:37.535+0000] {logging_mixin.py:190} INFO - [2026-07-08T19:34:37.535+0000] {dag.py:4180} INFO - Setting next_dagrun for 01_load_csv to None, run_after=None
[2026-07-08T19:34:37.567+0000] {processor.py:208} INFO - Processing /opt/airflow/dags/01_load_csv.py took 0.176 seconds
[2026-07-08T19:35:08.024+0000] {processor.py:186} INFO - Started process (PID=385) to work on /opt/airflow/dags/01_load_csv.py
[2026-07-08T19:35:08.026+0000] {processor.py:914} INFO - Processing file /opt/airflow/dags/01_load_csv.py for tasks to queue
[2026-07-08T19:35:08.029+0000] {logging_mixin.py:190} INFO - [2026-07-08T19:35:08.029+0000] {dagbag.py:588} INFO - Filling up the DagBag from /opt/airflow/dags/01_load_csv.py
[2026-07-08T19:35:08.041+0000] {processor.py:925} INFO - DAG(s) '01_load_csv' retrieved from /opt/airflow/dags/01_load_csv.py
[2026-07-08T19:35:08.080+0000] {logging_mixin.py:190} INFO - [2026-07-08T19:35:08.080+0000] {dag.py:3239} INFO - Sync 1 DAGs
[2026-07-08T19:35:08.101+0000] {logging_mixin.py:190} INFO - [2026-07-08T19:35:08.101+0000] {dag.py:4180} INFO - Setting next_dagrun for 01_load_csv to None, run_after=None
[2026-07-08T19:35:08.128+0000] {processor.py:208} INFO - Processing /opt/airflow/dags/01_load_csv.py took 0.113 seconds
[2026-07-08T19:35:38.601+0000] {processor.py:186} INFO - Started process (PID=400) to work on /opt/airflow/dags/01_load_csv.py
[2026-07-08T19:35:38.607+0000] {processor.py:914} INFO - Processing file /opt/airflow/dags/01_load_csv.py for tasks to queue
[2026-07-08T19:35:38.621+0000] {logging_mixin.py:190} INFO - [2026-07-08T19:35:38.619+0000] {dagbag.py:588} INFO - Filling up the DagBag from /opt/airflow/dags/01_load_csv.py
[2026-07-08T19:35:38.670+0000] {processor.py:925} INFO - DAG(s) '01_load_csv' retrieved from /opt/airflow/dags/01_load_csv.py
[2026-07-08T19:35:38.780+0000] {logging_mixin.py:190} INFO - [2026-07-08T19:35:38.780+0000] {dag.py:3239} INFO - Sync 1 DAGs
[2026-07-08T19:35:38.801+0000] {logging_mixin.py:190} INFO - [2026-07-08T19:35:38.801+0000] {dag.py:4180} INFO - Setting next_dagrun for 01_load_csv to None, run_after=None
[2026-07-08T19:35:38.824+0000] {processor.py:208} INFO - Processing /opt/airflow/dags/01_load_csv.py took 0.270 seconds
[2026-07-08T19:36:09.439+0000] {processor.py:186} INFO - Started process (PID=415) to work on /opt/airflow/dags/01_load_csv.py
[2026-07-08T19:36:09.442+0000] {processor.py:914} INFO - Processing file /opt/airflow/dags/01_load_csv.py for tasks to queue
[2026-07-08T19:36:09.449+0000] {logging_mixin.py:190} INFO - [2026-07-08T19:36:09.448+0000] {dagbag.py:588} INFO - Filling up the DagBag from /opt/airflow/dags/01_load_csv.py
[2026-07-08T19:36:09.478+0000] {processor.py:925} INFO - DAG(s) '01_load_csv' retrieved from /opt/airflow/dags/01_load_csv.py
[2026-07-08T19:36:09.557+0000] {logging_mixin.py:190} INFO - [2026-07-08T19:36:09.556+0000] {dag.py:3239} INFO - Sync 1 DAGs
[2026-07-08T19:36:09.596+0000] {logging_mixin.py:190} INFO - [2026-07-08T19:36:09.596+0000] {dag.py:4180} INFO - Setting next_dagrun for 01_load_csv to None, run_after=None
[2026-07-08T19:36:09.632+0000] {processor.py:208} INFO - Processing /opt/airflow/dags/01_load_csv.py took 0.213 seconds
[2026-07-08T19:36:40.227+0000] {processor.py:186} INFO - Started process (PID=430) to work on /opt/airflow/dags/01_load_csv.py
[2026-07-08T19:36:40.229+0000] {processor.py:914} INFO - Processing file /opt/airflow/dags/01_load_csv.py for tasks to queue
[2026-07-08T19:36:40.233+0000] {logging_mixin.py:190} INFO - [2026-07-08T19:36:40.232+0000] {dagbag.py:588} INFO - Filling up the DagBag from /opt/airflow/dags/01_load_csv.py
[2026-07-08T19:36:40.251+0000] {processor.py:925} INFO - DAG(s) '01_load_csv' retrieved from /opt/airflow/dags/01_load_csv.py
[2026-07-08T19:36:40.295+0000] {logging_mixin.py:190} INFO - [2026-07-08T19:36:40.295+0000] {dag.py:3239} INFO - Sync 1 DAGs
[2026-07-08T19:36:40.325+0000] {logging_mixin.py:190} INFO - [2026-07-08T19:36:40.325+0000] {dag.py:4180} INFO - Setting next_dagrun for 01_load_csv to None, run_after=None
[2026-07-08T19:36:40.348+0000] {processor.py:208} INFO - Processing /opt/airflow/dags/01_load_csv.py took 0.134 seconds
[2026-07-08T19:37:10.669+0000] {processor.py:186} INFO - Started process (PID=445) to work on /opt/airflow/dags/01_load_csv.py
[2026-07-08T19:37:10.670+0000] {processor.py:914} INFO - Processing file /opt/airflow/dags/01_load_csv.py for tasks to queue
[2026-07-08T19:37:10.673+0000] {logging_mixin.py:190} INFO - [2026-07-08T19:37:10.673+0000] {dagbag.py:588} INFO - Filling up the DagBag from /opt/airflow/dags/01_load_csv.py
[2026-07-08T19:37:10.687+0000] {processor.py:925} INFO - DAG(s) '01_load_csv' retrieved from /opt/airflow/dags/01_load_csv.py
[2026-07-08T19:37:10.731+0000] {logging_mixin.py:190} INFO - [2026-07-08T19:37:10.731+0000] {dag.py:3239} INFO - Sync 1 DAGs
[2026-07-08T19:37:10.757+0000] {logging_mixin.py:190} INFO - [2026-07-08T19:37:10.757+0000] {dag.py:4180} INFO - Setting next_dagrun for 01_load_csv to None, run_after=None
[2026-07-08T19:37:10.777+0000] {processor.py:208} INFO - Processing /opt/airflow/dags/01_load_csv.py took 0.119 seconds
[2026-07-08T19:37:41.274+0000] {processor.py:186} INFO - Started process (PID=460) to work on /opt/airflow/dags/01_load_csv.py
[2026-07-08T19:37:41.277+0000] {processor.py:914} INFO - Processing file /opt/airflow/dags/01_load_csv.py for tasks to queue
[2026-07-08T19:37:41.285+0000] {logging_mixin.py:190} INFO - [2026-07-08T19:37:41.284+0000] {dagbag.py:588} INFO - Filling up the DagBag from /opt/airflow/dags/01_load_csv.py
[2026-07-08T19:37:41.314+0000] {processor.py:925} INFO - DAG(s) '01_load_csv' retrieved from /opt/airflow/dags/01_load_csv.py
[2026-07-08T19:37:41.389+0000] {logging_mixin.py:190} INFO - [2026-07-08T19:37:41.388+0000] {dag.py:3239} INFO - Sync 1 DAGs
[2026-07-08T19:37:41.432+0000] {logging_mixin.py:190} INFO - [2026-07-08T19:37:41.432+0000] {dag.py:4180} INFO - Setting next_dagrun for 01_load_csv to None, run_after=None
[2026-07-08T19:37:41.473+0000] {processor.py:208} INFO - Processing /opt/airflow/dags/01_load_csv.py took 0.220 seconds
[2026-07-08T19:38:12.026+0000] {processor.py:186} INFO - Started process (PID=475) to work on /opt/airflow/dags/01_load_csv.py
[2026-07-08T19:38:12.034+0000] {processor.py:914} INFO - Processing file /opt/airflow/dags/01_load_csv.py for tasks to queue
[2026-07-08T19:38:12.059+0000] {logging_mixin.py:190} INFO - [2026-07-08T19:38:12.057+0000] {dagbag.py:588} INFO - Filling up the DagBag from /opt/airflow/dags/01_load_csv.py
[2026-07-08T19:38:12.100+0000] {processor.py:925} INFO - DAG(s) '01_load_csv' retrieved from /opt/airflow/dags/01_load_csv.py
[2026-07-08T19:38:12.167+0000] {logging_mixin.py:190} INFO - [2026-07-08T19:38:12.166+0000] {dag.py:3239} INFO - Sync 1 DAGs
[2026-07-08T19:38:12.194+0000] {logging_mixin.py:190} INFO - [2026-07-08T19:38:12.194+0000] {dag.py:4180} INFO - Setting next_dagrun for 01_load_csv to None, run_after=None
[2026-07-08T19:38:12.229+0000] {processor.py:208} INFO - Processing /opt/airflow/dags/01_load_csv.py took 0.246 seconds
[2026-07-08T19:38:42.874+0000] {processor.py:186} INFO - Started process (PID=490) to work on /opt/airflow/dags/01_load_csv.py
[2026-07-08T19:38:42.877+0000] {processor.py:914} INFO - Processing file /opt/airflow/dags/01_load_csv.py for tasks to queue
[2026-07-08T19:38:42.883+0000] {logging_mixin.py:190} INFO - [2026-07-08T19:38:42.882+0000] {dagbag.py:588} INFO - Filling up the DagBag from /opt/airflow/dags/01_load_csv.py
[2026-07-08T19:38:42.903+0000] {processor.py:925} INFO - DAG(s) '01_load_csv' retrieved from /opt/airflow/dags/01_load_csv.py
[2026-07-08T19:38:42.955+0000] {logging_mixin.py:190} INFO - [2026-07-08T19:38:42.954+0000] {dag.py:3239} INFO - Sync 1 DAGs
[2026-07-08T19:38:42.976+0000] {logging_mixin.py:190} INFO - [2026-07-08T19:38:42.975+0000] {dag.py:4180} INFO - Setting next_dagrun for 01_load_csv to None, run_after=None
[2026-07-08T19:38:43.004+0000] {processor.py:208} INFO - Processing /opt/airflow/dags/01_load_csv.py took 0.165 seconds
