[2026-07-08T20:58:06.711+0000] {processor.py:186} INFO - Started process (PID=2888) to work on /opt/airflow/dags/02_sql_transform.py
[2026-07-08T20:58:06.714+0000] {processor.py:914} INFO - Processing file /opt/airflow/dags/02_sql_transform.py for tasks to queue
[2026-07-08T20:58:06.722+0000] {logging_mixin.py:190} INFO - [2026-07-08T20:58:06.721+0000] {dagbag.py:588} INFO - Filling up the DagBag from /opt/airflow/dags/02_sql_transform.py
[2026-07-08T20:58:06.768+0000] {processor.py:925} INFO - DAG(s) '02_sql_transform' retrieved from /opt/airflow/dags/02_sql_transform.py
[2026-07-08T20:58:07.431+0000] {logging_mixin.py:190} INFO - [2026-07-08T20:58:07.430+0000] {override.py:1911} INFO - Created Permission View: can edit on DAG:02_sql_transform
[2026-07-08T20:58:07.459+0000] {logging_mixin.py:190} INFO - [2026-07-08T20:58:07.459+0000] {override.py:1911} INFO - Created Permission View: can read on DAG:02_sql_transform
[2026-07-08T20:58:07.472+0000] {logging_mixin.py:190} INFO - [2026-07-08T20:58:07.472+0000] {override.py:1911} INFO - Created Permission View: can delete on DAG:02_sql_transform
[2026-07-08T20:58:07.491+0000] {logging_mixin.py:190} INFO - [2026-07-08T20:58:07.491+0000] {override.py:1911} INFO - Created Permission View: menu access on DAG Run:02_sql_transform
[2026-07-08T20:58:07.499+0000] {logging_mixin.py:190} INFO - [2026-07-08T20:58:07.499+0000] {override.py:1911} INFO - Created Permission View: can create on DAG Run:02_sql_transform
[2026-07-08T20:58:07.508+0000] {logging_mixin.py:190} INFO - [2026-07-08T20:58:07.507+0000] {override.py:1911} INFO - Created Permission View: can read on DAG Run:02_sql_transform
[2026-07-08T20:58:07.515+0000] {logging_mixin.py:190} INFO - [2026-07-08T20:58:07.515+0000] {override.py:1911} INFO - Created Permission View: can delete on DAG Run:02_sql_transform
[2026-07-08T20:58:07.516+0000] {logging_mixin.py:190} INFO - [2026-07-08T20:58:07.516+0000] {dag.py:3239} INFO - Sync 1 DAGs
[2026-07-08T20:58:07.530+0000] {logging_mixin.py:190} INFO - [2026-07-08T20:58:07.530+0000] {dag.py:3262} INFO - Creating ORM DAG for 02_sql_transform
[2026-07-08T20:58:07.531+0000] {logging_mixin.py:190} INFO - [2026-07-08T20:58:07.531+0000] {dag.py:4180} INFO - Setting next_dagrun for 02_sql_transform to None, run_after=None
[2026-07-08T20:58:07.551+0000] {processor.py:208} INFO - Processing /opt/airflow/dags/02_sql_transform.py took 0.868 seconds
[2026-07-08T20:58:38.550+0000] {processor.py:186} INFO - Started process (PID=2908) to work on /opt/airflow/dags/02_sql_transform.py
[2026-07-08T20:58:38.552+0000] {processor.py:914} INFO - Processing file /opt/airflow/dags/02_sql_transform.py for tasks to queue
[2026-07-08T20:58:38.559+0000] {logging_mixin.py:190} INFO - [2026-07-08T20:58:38.558+0000] {dagbag.py:588} INFO - Filling up the DagBag from /opt/airflow/dags/02_sql_transform.py
[2026-07-08T20:58:38.577+0000] {processor.py:925} INFO - DAG(s) '02_sql_transform' retrieved from /opt/airflow/dags/02_sql_transform.py
[2026-07-08T20:58:38.616+0000] {logging_mixin.py:190} INFO - [2026-07-08T20:58:38.616+0000] {dag.py:3239} INFO - Sync 1 DAGs
[2026-07-08T20:58:38.635+0000] {logging_mixin.py:190} INFO - [2026-07-08T20:58:38.635+0000] {dag.py:4180} INFO - Setting next_dagrun for 02_sql_transform to None, run_after=None
[2026-07-08T20:58:38.655+0000] {processor.py:208} INFO - Processing /opt/airflow/dags/02_sql_transform.py took 0.135 seconds
[2026-07-08T20:59:09.134+0000] {processor.py:186} INFO - Started process (PID=2928) to work on /opt/airflow/dags/02_sql_transform.py
[2026-07-08T20:59:09.135+0000] {processor.py:914} INFO - Processing file /opt/airflow/dags/02_sql_transform.py for tasks to queue
[2026-07-08T20:59:09.138+0000] {logging_mixin.py:190} INFO - [2026-07-08T20:59:09.138+0000] {dagbag.py:588} INFO - Filling up the DagBag from /opt/airflow/dags/02_sql_transform.py
[2026-07-08T20:59:09.157+0000] {processor.py:925} INFO - DAG(s) '02_sql_transform' retrieved from /opt/airflow/dags/02_sql_transform.py
[2026-07-08T20:59:09.229+0000] {logging_mixin.py:190} INFO - [2026-07-08T20:59:09.229+0000] {dag.py:3239} INFO - Sync 1 DAGs
[2026-07-08T20:59:09.248+0000] {logging_mixin.py:190} INFO - [2026-07-08T20:59:09.248+0000] {dag.py:4180} INFO - Setting next_dagrun for 02_sql_transform to None, run_after=None
[2026-07-08T20:59:09.271+0000] {processor.py:208} INFO - Processing /opt/airflow/dags/02_sql_transform.py took 0.152 seconds
[2026-07-08T20:59:40.031+0000] {processor.py:186} INFO - Started process (PID=2948) to work on /opt/airflow/dags/02_sql_transform.py
[2026-07-08T20:59:40.034+0000] {processor.py:914} INFO - Processing file /opt/airflow/dags/02_sql_transform.py for tasks to queue
[2026-07-08T20:59:40.040+0000] {logging_mixin.py:190} INFO - [2026-07-08T20:59:40.039+0000] {dagbag.py:588} INFO - Filling up the DagBag from /opt/airflow/dags/02_sql_transform.py
[2026-07-08T20:59:40.059+0000] {processor.py:925} INFO - DAG(s) '02_sql_transform' retrieved from /opt/airflow/dags/02_sql_transform.py
[2026-07-08T20:59:40.101+0000] {logging_mixin.py:190} INFO - [2026-07-08T20:59:40.101+0000] {dag.py:3239} INFO - Sync 1 DAGs
[2026-07-08T20:59:40.126+0000] {logging_mixin.py:190} INFO - [2026-07-08T20:59:40.124+0000] {dag.py:4180} INFO - Setting next_dagrun for 02_sql_transform to None, run_after=None
[2026-07-08T20:59:40.151+0000] {processor.py:208} INFO - Processing /opt/airflow/dags/02_sql_transform.py took 0.139 seconds
[2026-07-08T21:00:10.810+0000] {processor.py:186} INFO - Started process (PID=2968) to work on /opt/airflow/dags/02_sql_transform.py
[2026-07-08T21:00:10.811+0000] {processor.py:914} INFO - Processing file /opt/airflow/dags/02_sql_transform.py for tasks to queue
[2026-07-08T21:00:10.822+0000] {logging_mixin.py:190} INFO - [2026-07-08T21:00:10.822+0000] {dagbag.py:588} INFO - Filling up the DagBag from /opt/airflow/dags/02_sql_transform.py
[2026-07-08T21:00:10.843+0000] {processor.py:925} INFO - DAG(s) '02_sql_transform' retrieved from /opt/airflow/dags/02_sql_transform.py
[2026-07-08T21:00:10.878+0000] {logging_mixin.py:190} INFO - [2026-07-08T21:00:10.878+0000] {dag.py:3239} INFO - Sync 1 DAGs
[2026-07-08T21:00:10.896+0000] {logging_mixin.py:190} INFO - [2026-07-08T21:00:10.896+0000] {dag.py:4180} INFO - Setting next_dagrun for 02_sql_transform to None, run_after=None
[2026-07-08T21:00:10.919+0000] {processor.py:208} INFO - Processing /opt/airflow/dags/02_sql_transform.py took 0.135 seconds
[2026-07-08T21:00:41.550+0000] {processor.py:186} INFO - Started process (PID=2988) to work on /opt/airflow/dags/02_sql_transform.py
[2026-07-08T21:00:41.556+0000] {processor.py:914} INFO - Processing file /opt/airflow/dags/02_sql_transform.py for tasks to queue
[2026-07-08T21:00:41.571+0000] {logging_mixin.py:190} INFO - [2026-07-08T21:00:41.569+0000] {dagbag.py:588} INFO - Filling up the DagBag from /opt/airflow/dags/02_sql_transform.py
[2026-07-08T21:00:41.620+0000] {processor.py:925} INFO - DAG(s) '02_sql_transform' retrieved from /opt/airflow/dags/02_sql_transform.py
[2026-07-08T21:00:41.676+0000] {logging_mixin.py:190} INFO - [2026-07-08T21:00:41.676+0000] {dag.py:3239} INFO - Sync 1 DAGs
[2026-07-08T21:00:41.701+0000] {logging_mixin.py:190} INFO - [2026-07-08T21:00:41.700+0000] {dag.py:4180} INFO - Setting next_dagrun for 02_sql_transform to None, run_after=None
[2026-07-08T21:00:41.726+0000] {processor.py:208} INFO - Processing /opt/airflow/dags/02_sql_transform.py took 0.220 seconds
[2026-07-08T21:01:12.293+0000] {processor.py:186} INFO - Started process (PID=3008) to work on /opt/airflow/dags/02_sql_transform.py
[2026-07-08T21:01:12.297+0000] {processor.py:914} INFO - Processing file /opt/airflow/dags/02_sql_transform.py for tasks to queue
[2026-07-08T21:01:12.311+0000] {logging_mixin.py:190} INFO - [2026-07-08T21:01:12.308+0000] {dagbag.py:588} INFO - Filling up the DagBag from /opt/airflow/dags/02_sql_transform.py
[2026-07-08T21:01:12.386+0000] {processor.py:925} INFO - DAG(s) '02_sql_transform' retrieved from /opt/airflow/dags/02_sql_transform.py
[2026-07-08T21:01:12.445+0000] {logging_mixin.py:190} INFO - [2026-07-08T21:01:12.445+0000] {dag.py:3239} INFO - Sync 1 DAGs
[2026-07-08T21:01:12.464+0000] {logging_mixin.py:190} INFO - [2026-07-08T21:01:12.464+0000] {dag.py:4180} INFO - Setting next_dagrun for 02_sql_transform to None, run_after=None
[2026-07-08T21:01:12.488+0000] {processor.py:208} INFO - Processing /opt/airflow/dags/02_sql_transform.py took 0.229 seconds
[2026-07-08T21:01:43.141+0000] {processor.py:186} INFO - Started process (PID=3028) to work on /opt/airflow/dags/02_sql_transform.py
[2026-07-08T21:01:43.216+0000] {processor.py:914} INFO - Processing file /opt/airflow/dags/02_sql_transform.py for tasks to queue
[2026-07-08T21:01:43.225+0000] {logging_mixin.py:190} INFO - [2026-07-08T21:01:43.224+0000] {dagbag.py:588} INFO - Filling up the DagBag from /opt/airflow/dags/02_sql_transform.py
[2026-07-08T21:01:43.273+0000] {processor.py:925} INFO - DAG(s) '02_sql_transform' retrieved from /opt/airflow/dags/02_sql_transform.py
[2026-07-08T21:01:43.334+0000] {logging_mixin.py:190} INFO - [2026-07-08T21:01:43.334+0000] {dag.py:3239} INFO - Sync 1 DAGs
[2026-07-08T21:01:43.353+0000] {logging_mixin.py:190} INFO - [2026-07-08T21:01:43.353+0000] {dag.py:4180} INFO - Setting next_dagrun for 02_sql_transform to None, run_after=None
[2026-07-08T21:01:43.376+0000] {processor.py:208} INFO - Processing /opt/airflow/dags/02_sql_transform.py took 0.270 seconds
[2026-07-08T21:02:13.988+0000] {processor.py:186} INFO - Started process (PID=3048) to work on /opt/airflow/dags/02_sql_transform.py
[2026-07-08T21:02:13.990+0000] {processor.py:914} INFO - Processing file /opt/airflow/dags/02_sql_transform.py for tasks to queue
[2026-07-08T21:02:13.994+0000] {logging_mixin.py:190} INFO - [2026-07-08T21:02:13.994+0000] {dagbag.py:588} INFO - Filling up the DagBag from /opt/airflow/dags/02_sql_transform.py
[2026-07-08T21:02:14.009+0000] {processor.py:925} INFO - DAG(s) '02_sql_transform' retrieved from /opt/airflow/dags/02_sql_transform.py
[2026-07-08T21:02:14.050+0000] {logging_mixin.py:190} INFO - [2026-07-08T21:02:14.050+0000] {dag.py:3239} INFO - Sync 1 DAGs
[2026-07-08T21:02:14.069+0000] {logging_mixin.py:190} INFO - [2026-07-08T21:02:14.069+0000] {dag.py:4180} INFO - Setting next_dagrun for 02_sql_transform to None, run_after=None
[2026-07-08T21:02:14.091+0000] {processor.py:208} INFO - Processing /opt/airflow/dags/02_sql_transform.py took 0.116 seconds
[2026-07-08T21:02:44.778+0000] {processor.py:186} INFO - Started process (PID=3068) to work on /opt/airflow/dags/02_sql_transform.py
[2026-07-08T21:02:44.781+0000] {processor.py:914} INFO - Processing file /opt/airflow/dags/02_sql_transform.py for tasks to queue
[2026-07-08T21:02:44.786+0000] {logging_mixin.py:190} INFO - [2026-07-08T21:02:44.785+0000] {dagbag.py:588} INFO - Filling up the DagBag from /opt/airflow/dags/02_sql_transform.py
[2026-07-08T21:02:44.803+0000] {processor.py:925} INFO - DAG(s) '02_sql_transform' retrieved from /opt/airflow/dags/02_sql_transform.py
[2026-07-08T21:02:44.841+0000] {logging_mixin.py:190} INFO - [2026-07-08T21:02:44.841+0000] {dag.py:3239} INFO - Sync 1 DAGs
[2026-07-08T21:02:44.857+0000] {logging_mixin.py:190} INFO - [2026-07-08T21:02:44.857+0000] {dag.py:4180} INFO - Setting next_dagrun for 02_sql_transform to None, run_after=None
[2026-07-08T21:02:44.881+0000] {processor.py:208} INFO - Processing /opt/airflow/dags/02_sql_transform.py took 0.158 seconds
[2026-07-08T21:03:15.597+0000] {processor.py:186} INFO - Started process (PID=3088) to work on /opt/airflow/dags/02_sql_transform.py
[2026-07-08T21:03:15.599+0000] {processor.py:914} INFO - Processing file /opt/airflow/dags/02_sql_transform.py for tasks to queue
[2026-07-08T21:03:15.604+0000] {logging_mixin.py:190} INFO - [2026-07-08T21:03:15.603+0000] {dagbag.py:588} INFO - Filling up the DagBag from /opt/airflow/dags/02_sql_transform.py
[2026-07-08T21:03:15.622+0000] {processor.py:925} INFO - DAG(s) '02_sql_transform' retrieved from /opt/airflow/dags/02_sql_transform.py
[2026-07-08T21:03:15.661+0000] {logging_mixin.py:190} INFO - [2026-07-08T21:03:15.661+0000] {dag.py:3239} INFO - Sync 1 DAGs
[2026-07-08T21:03:15.677+0000] {logging_mixin.py:190} INFO - [2026-07-08T21:03:15.677+0000] {dag.py:4180} INFO - Setting next_dagrun for 02_sql_transform to None, run_after=None
[2026-07-08T21:03:15.699+0000] {processor.py:208} INFO - Processing /opt/airflow/dags/02_sql_transform.py took 0.126 seconds
[2026-07-08T21:03:46.298+0000] {processor.py:186} INFO - Started process (PID=3108) to work on /opt/airflow/dags/02_sql_transform.py
[2026-07-08T21:03:46.299+0000] {processor.py:914} INFO - Processing file /opt/airflow/dags/02_sql_transform.py for tasks to queue
[2026-07-08T21:03:46.303+0000] {logging_mixin.py:190} INFO - [2026-07-08T21:03:46.303+0000] {dagbag.py:588} INFO - Filling up the DagBag from /opt/airflow/dags/02_sql_transform.py
[2026-07-08T21:03:46.321+0000] {processor.py:925} INFO - DAG(s) '02_sql_transform' retrieved from /opt/airflow/dags/02_sql_transform.py
[2026-07-08T21:03:46.363+0000] {logging_mixin.py:190} INFO - [2026-07-08T21:03:46.363+0000] {dag.py:3239} INFO - Sync 1 DAGs
[2026-07-08T21:03:46.382+0000] {logging_mixin.py:190} INFO - [2026-07-08T21:03:46.382+0000] {dag.py:4180} INFO - Setting next_dagrun for 02_sql_transform to None, run_after=None
[2026-07-08T21:03:46.406+0000] {processor.py:208} INFO - Processing /opt/airflow/dags/02_sql_transform.py took 0.120 seconds
[2026-07-08T21:04:17.091+0000] {processor.py:186} INFO - Started process (PID=3128) to work on /opt/airflow/dags/02_sql_transform.py
[2026-07-08T21:04:17.097+0000] {processor.py:914} INFO - Processing file /opt/airflow/dags/02_sql_transform.py for tasks to queue
[2026-07-08T21:04:17.111+0000] {logging_mixin.py:190} INFO - [2026-07-08T21:04:17.109+0000] {dagbag.py:588} INFO - Filling up the DagBag from /opt/airflow/dags/02_sql_transform.py
[2026-07-08T21:04:17.166+0000] {processor.py:925} INFO - DAG(s) '02_sql_transform' retrieved from /opt/airflow/dags/02_sql_transform.py
[2026-07-08T21:04:17.264+0000] {logging_mixin.py:190} INFO - [2026-07-08T21:04:17.264+0000] {dag.py:3239} INFO - Sync 1 DAGs
[2026-07-08T21:04:17.286+0000] {logging_mixin.py:190} INFO - [2026-07-08T21:04:17.286+0000] {dag.py:4180} INFO - Setting next_dagrun for 02_sql_transform to None, run_after=None
[2026-07-08T21:04:17.313+0000] {processor.py:208} INFO - Processing /opt/airflow/dags/02_sql_transform.py took 0.254 seconds
[2026-07-08T21:04:47.943+0000] {processor.py:186} INFO - Started process (PID=3148) to work on /opt/airflow/dags/02_sql_transform.py
[2026-07-08T21:04:47.946+0000] {processor.py:914} INFO - Processing file /opt/airflow/dags/02_sql_transform.py for tasks to queue
[2026-07-08T21:04:47.950+0000] {logging_mixin.py:190} INFO - [2026-07-08T21:04:47.949+0000] {dagbag.py:588} INFO - Filling up the DagBag from /opt/airflow/dags/02_sql_transform.py
[2026-07-08T21:04:47.968+0000] {processor.py:925} INFO - DAG(s) '02_sql_transform' retrieved from /opt/airflow/dags/02_sql_transform.py
[2026-07-08T21:04:48.008+0000] {logging_mixin.py:190} INFO - [2026-07-08T21:04:48.008+0000] {dag.py:3239} INFO - Sync 1 DAGs
[2026-07-08T21:04:48.029+0000] {logging_mixin.py:190} INFO - [2026-07-08T21:04:48.028+0000] {dag.py:4180} INFO - Setting next_dagrun for 02_sql_transform to None, run_after=None
[2026-07-08T21:04:48.048+0000] {processor.py:208} INFO - Processing /opt/airflow/dags/02_sql_transform.py took 0.121 seconds
[2026-07-08T21:05:18.508+0000] {processor.py:186} INFO - Started process (PID=3168) to work on /opt/airflow/dags/02_sql_transform.py
[2026-07-08T21:05:18.509+0000] {processor.py:914} INFO - Processing file /opt/airflow/dags/02_sql_transform.py for tasks to queue
[2026-07-08T21:05:18.513+0000] {logging_mixin.py:190} INFO - [2026-07-08T21:05:18.512+0000] {dagbag.py:588} INFO - Filling up the DagBag from /opt/airflow/dags/02_sql_transform.py
[2026-07-08T21:05:18.526+0000] {processor.py:925} INFO - DAG(s) '02_sql_transform' retrieved from /opt/airflow/dags/02_sql_transform.py
[2026-07-08T21:05:18.565+0000] {logging_mixin.py:190} INFO - [2026-07-08T21:05:18.564+0000] {dag.py:3239} INFO - Sync 1 DAGs
[2026-07-08T21:05:18.583+0000] {logging_mixin.py:190} INFO - [2026-07-08T21:05:18.582+0000] {dag.py:4180} INFO - Setting next_dagrun for 02_sql_transform to None, run_after=None
[2026-07-08T21:05:18.605+0000] {processor.py:208} INFO - Processing /opt/airflow/dags/02_sql_transform.py took 0.108 seconds
[2026-07-08T21:05:49.105+0000] {processor.py:186} INFO - Started process (PID=3203) to work on /opt/airflow/dags/02_sql_transform.py
[2026-07-08T21:05:49.112+0000] {processor.py:914} INFO - Processing file /opt/airflow/dags/02_sql_transform.py for tasks to queue
[2026-07-08T21:05:49.123+0000] {logging_mixin.py:190} INFO - [2026-07-08T21:05:49.121+0000] {dagbag.py:588} INFO - Filling up the DagBag from /opt/airflow/dags/02_sql_transform.py
[2026-07-08T21:05:49.181+0000] {processor.py:925} INFO - DAG(s) '02_sql_transform' retrieved from /opt/airflow/dags/02_sql_transform.py
[2026-07-08T21:05:49.342+0000] {logging_mixin.py:190} INFO - [2026-07-08T21:05:49.341+0000] {dag.py:3239} INFO - Sync 1 DAGs
[2026-07-08T21:05:49.380+0000] {logging_mixin.py:190} INFO - [2026-07-08T21:05:49.379+0000] {dag.py:4180} INFO - Setting next_dagrun for 02_sql_transform to None, run_after=None
[2026-07-08T21:05:49.416+0000] {processor.py:208} INFO - Processing /opt/airflow/dags/02_sql_transform.py took 0.352 seconds
[2026-07-08T21:06:20.014+0000] {processor.py:186} INFO - Started process (PID=3223) to work on /opt/airflow/dags/02_sql_transform.py
[2026-07-08T21:06:20.016+0000] {processor.py:914} INFO - Processing file /opt/airflow/dags/02_sql_transform.py for tasks to queue
[2026-07-08T21:06:20.019+0000] {logging_mixin.py:190} INFO - [2026-07-08T21:06:20.019+0000] {dagbag.py:588} INFO - Filling up the DagBag from /opt/airflow/dags/02_sql_transform.py
[2026-07-08T21:06:20.033+0000] {processor.py:925} INFO - DAG(s) '02_sql_transform' retrieved from /opt/airflow/dags/02_sql_transform.py
[2026-07-08T21:06:20.078+0000] {logging_mixin.py:190} INFO - [2026-07-08T21:06:20.078+0000] {dag.py:3239} INFO - Sync 1 DAGs
[2026-07-08T21:06:20.096+0000] {logging_mixin.py:190} INFO - [2026-07-08T21:06:20.096+0000] {dag.py:4180} INFO - Setting next_dagrun for 02_sql_transform to None, run_after=None
[2026-07-08T21:06:20.117+0000] {processor.py:208} INFO - Processing /opt/airflow/dags/02_sql_transform.py took 0.112 seconds
[2026-07-08T21:06:50.753+0000] {processor.py:186} INFO - Started process (PID=3243) to work on /opt/airflow/dags/02_sql_transform.py
[2026-07-08T21:06:50.758+0000] {processor.py:914} INFO - Processing file /opt/airflow/dags/02_sql_transform.py for tasks to queue
[2026-07-08T21:06:50.769+0000] {logging_mixin.py:190} INFO - [2026-07-08T21:06:50.766+0000] {dagbag.py:588} INFO - Filling up the DagBag from /opt/airflow/dags/02_sql_transform.py
[2026-07-08T21:06:50.792+0000] {processor.py:925} INFO - DAG(s) '02_sql_transform' retrieved from /opt/airflow/dags/02_sql_transform.py
[2026-07-08T21:06:50.830+0000] {logging_mixin.py:190} INFO - [2026-07-08T21:06:50.830+0000] {dag.py:3239} INFO - Sync 1 DAGs
[2026-07-08T21:06:50.849+0000] {logging_mixin.py:190} INFO - [2026-07-08T21:06:50.849+0000] {dag.py:4180} INFO - Setting next_dagrun for 02_sql_transform to None, run_after=None
[2026-07-08T21:06:50.874+0000] {processor.py:208} INFO - Processing /opt/airflow/dags/02_sql_transform.py took 0.192 seconds
[2026-07-08T21:07:21.395+0000] {processor.py:186} INFO - Started process (PID=3263) to work on /opt/airflow/dags/02_sql_transform.py
[2026-07-08T21:07:21.396+0000] {processor.py:914} INFO - Processing file /opt/airflow/dags/02_sql_transform.py for tasks to queue
[2026-07-08T21:07:21.401+0000] {logging_mixin.py:190} INFO - [2026-07-08T21:07:21.400+0000] {dagbag.py:588} INFO - Filling up the DagBag from /opt/airflow/dags/02_sql_transform.py
[2026-07-08T21:07:21.414+0000] {processor.py:925} INFO - DAG(s) '02_sql_transform' retrieved from /opt/airflow/dags/02_sql_transform.py
[2026-07-08T21:07:21.451+0000] {logging_mixin.py:190} INFO - [2026-07-08T21:07:21.450+0000] {dag.py:3239} INFO - Sync 1 DAGs
[2026-07-08T21:07:21.466+0000] {logging_mixin.py:190} INFO - [2026-07-08T21:07:21.466+0000] {dag.py:4180} INFO - Setting next_dagrun for 02_sql_transform to None, run_after=None
[2026-07-08T21:07:21.488+0000] {processor.py:208} INFO - Processing /opt/airflow/dags/02_sql_transform.py took 0.109 seconds
[2026-07-08T21:07:52.060+0000] {processor.py:186} INFO - Started process (PID=3283) to work on /opt/airflow/dags/02_sql_transform.py
[2026-07-08T21:07:52.061+0000] {processor.py:914} INFO - Processing file /opt/airflow/dags/02_sql_transform.py for tasks to queue
[2026-07-08T21:07:52.064+0000] {logging_mixin.py:190} INFO - [2026-07-08T21:07:52.064+0000] {dagbag.py:588} INFO - Filling up the DagBag from /opt/airflow/dags/02_sql_transform.py
[2026-07-08T21:07:52.078+0000] {processor.py:925} INFO - DAG(s) '02_sql_transform' retrieved from /opt/airflow/dags/02_sql_transform.py
[2026-07-08T21:07:52.120+0000] {logging_mixin.py:190} INFO - [2026-07-08T21:07:52.120+0000] {dag.py:3239} INFO - Sync 1 DAGs
[2026-07-08T21:07:52.142+0000] {logging_mixin.py:190} INFO - [2026-07-08T21:07:52.142+0000] {dag.py:4180} INFO - Setting next_dagrun for 02_sql_transform to None, run_after=None
[2026-07-08T21:07:52.163+0000] {processor.py:208} INFO - Processing /opt/airflow/dags/02_sql_transform.py took 0.112 seconds
[2026-07-08T21:08:22.773+0000] {processor.py:186} INFO - Started process (PID=3303) to work on /opt/airflow/dags/02_sql_transform.py
[2026-07-08T21:08:22.778+0000] {processor.py:914} INFO - Processing file /opt/airflow/dags/02_sql_transform.py for tasks to queue
[2026-07-08T21:08:22.791+0000] {logging_mixin.py:190} INFO - [2026-07-08T21:08:22.789+0000] {dagbag.py:588} INFO - Filling up the DagBag from /opt/airflow/dags/02_sql_transform.py
[2026-07-08T21:08:22.839+0000] {processor.py:925} INFO - DAG(s) '02_sql_transform' retrieved from /opt/airflow/dags/02_sql_transform.py
[2026-07-08T21:08:22.905+0000] {logging_mixin.py:190} INFO - [2026-07-08T21:08:22.905+0000] {dag.py:3239} INFO - Sync 1 DAGs
[2026-07-08T21:08:22.931+0000] {logging_mixin.py:190} INFO - [2026-07-08T21:08:22.931+0000] {dag.py:4180} INFO - Setting next_dagrun for 02_sql_transform to None, run_after=None
[2026-07-08T21:08:22.954+0000] {processor.py:208} INFO - Processing /opt/airflow/dags/02_sql_transform.py took 0.215 seconds
[2026-07-08T21:08:53.556+0000] {processor.py:186} INFO - Started process (PID=3323) to work on /opt/airflow/dags/02_sql_transform.py
[2026-07-08T21:08:53.561+0000] {processor.py:914} INFO - Processing file /opt/airflow/dags/02_sql_transform.py for tasks to queue
[2026-07-08T21:08:53.571+0000] {logging_mixin.py:190} INFO - [2026-07-08T21:08:53.570+0000] {dagbag.py:588} INFO - Filling up the DagBag from /opt/airflow/dags/02_sql_transform.py
[2026-07-08T21:08:53.645+0000] {processor.py:925} INFO - DAG(s) '02_sql_transform' retrieved from /opt/airflow/dags/02_sql_transform.py
[2026-07-08T21:08:53.725+0000] {logging_mixin.py:190} INFO - [2026-07-08T21:08:53.725+0000] {dag.py:3239} INFO - Sync 1 DAGs
[2026-07-08T21:08:53.747+0000] {logging_mixin.py:190} INFO - [2026-07-08T21:08:53.747+0000] {dag.py:4180} INFO - Setting next_dagrun for 02_sql_transform to None, run_after=None
[2026-07-08T21:08:53.775+0000] {processor.py:208} INFO - Processing /opt/airflow/dags/02_sql_transform.py took 0.249 seconds
[2026-07-08T21:09:24.360+0000] {processor.py:186} INFO - Started process (PID=3343) to work on /opt/airflow/dags/02_sql_transform.py
[2026-07-08T21:09:24.361+0000] {processor.py:914} INFO - Processing file /opt/airflow/dags/02_sql_transform.py for tasks to queue
[2026-07-08T21:09:24.367+0000] {logging_mixin.py:190} INFO - [2026-07-08T21:09:24.366+0000] {dagbag.py:588} INFO - Filling up the DagBag from /opt/airflow/dags/02_sql_transform.py
[2026-07-08T21:09:24.389+0000] {processor.py:925} INFO - DAG(s) '02_sql_transform' retrieved from /opt/airflow/dags/02_sql_transform.py
[2026-07-08T21:09:24.433+0000] {logging_mixin.py:190} INFO - [2026-07-08T21:09:24.433+0000] {dag.py:3239} INFO - Sync 1 DAGs
[2026-07-08T21:09:24.452+0000] {logging_mixin.py:190} INFO - [2026-07-08T21:09:24.451+0000] {dag.py:4180} INFO - Setting next_dagrun for 02_sql_transform to None, run_after=None
[2026-07-08T21:09:24.472+0000] {processor.py:208} INFO - Processing /opt/airflow/dags/02_sql_transform.py took 0.130 seconds
[2026-07-08T21:09:55.099+0000] {processor.py:186} INFO - Started process (PID=3363) to work on /opt/airflow/dags/02_sql_transform.py
[2026-07-08T21:09:55.105+0000] {processor.py:914} INFO - Processing file /opt/airflow/dags/02_sql_transform.py for tasks to queue
[2026-07-08T21:09:55.117+0000] {logging_mixin.py:190} INFO - [2026-07-08T21:09:55.115+0000] {dagbag.py:588} INFO - Filling up the DagBag from /opt/airflow/dags/02_sql_transform.py
[2026-07-08T21:09:55.176+0000] {processor.py:925} INFO - DAG(s) '02_sql_transform' retrieved from /opt/airflow/dags/02_sql_transform.py
[2026-07-08T21:09:55.231+0000] {logging_mixin.py:190} INFO - [2026-07-08T21:09:55.231+0000] {dag.py:3239} INFO - Sync 1 DAGs
[2026-07-08T21:09:55.250+0000] {logging_mixin.py:190} INFO - [2026-07-08T21:09:55.250+0000] {dag.py:4180} INFO - Setting next_dagrun for 02_sql_transform to None, run_after=None
[2026-07-08T21:09:55.273+0000] {processor.py:208} INFO - Processing /opt/airflow/dags/02_sql_transform.py took 0.204 seconds
[2026-07-08T21:10:25.936+0000] {processor.py:186} INFO - Started process (PID=3383) to work on /opt/airflow/dags/02_sql_transform.py
[2026-07-08T21:10:25.943+0000] {processor.py:914} INFO - Processing file /opt/airflow/dags/02_sql_transform.py for tasks to queue
[2026-07-08T21:10:25.959+0000] {logging_mixin.py:190} INFO - [2026-07-08T21:10:25.956+0000] {dagbag.py:588} INFO - Filling up the DagBag from /opt/airflow/dags/02_sql_transform.py
[2026-07-08T21:10:26.031+0000] {processor.py:925} INFO - DAG(s) '02_sql_transform' retrieved from /opt/airflow/dags/02_sql_transform.py
[2026-07-08T21:10:26.088+0000] {logging_mixin.py:190} INFO - [2026-07-08T21:10:26.088+0000] {dag.py:3239} INFO - Sync 1 DAGs
[2026-07-08T21:10:26.109+0000] {logging_mixin.py:190} INFO - [2026-07-08T21:10:26.109+0000] {dag.py:4180} INFO - Setting next_dagrun for 02_sql_transform to None, run_after=None
[2026-07-08T21:10:26.137+0000] {processor.py:208} INFO - Processing /opt/airflow/dags/02_sql_transform.py took 0.251 seconds
[2026-07-08T21:10:56.797+0000] {processor.py:186} INFO - Started process (PID=3403) to work on /opt/airflow/dags/02_sql_transform.py
[2026-07-08T21:10:56.804+0000] {processor.py:914} INFO - Processing file /opt/airflow/dags/02_sql_transform.py for tasks to queue
[2026-07-08T21:10:56.827+0000] {logging_mixin.py:190} INFO - [2026-07-08T21:10:56.824+0000] {dagbag.py:588} INFO - Filling up the DagBag from /opt/airflow/dags/02_sql_transform.py
[2026-07-08T21:10:56.866+0000] {processor.py:925} INFO - DAG(s) '02_sql_transform' retrieved from /opt/airflow/dags/02_sql_transform.py
[2026-07-08T21:10:56.915+0000] {logging_mixin.py:190} INFO - [2026-07-08T21:10:56.915+0000] {dag.py:3239} INFO - Sync 1 DAGs
[2026-07-08T21:10:56.939+0000] {logging_mixin.py:190} INFO - [2026-07-08T21:10:56.938+0000] {dag.py:4180} INFO - Setting next_dagrun for 02_sql_transform to None, run_after=None
[2026-07-08T21:10:56.960+0000] {processor.py:208} INFO - Processing /opt/airflow/dags/02_sql_transform.py took 0.192 seconds
[2026-07-08T21:11:27.590+0000] {processor.py:186} INFO - Started process (PID=3423) to work on /opt/airflow/dags/02_sql_transform.py
[2026-07-08T21:11:27.595+0000] {processor.py:914} INFO - Processing file /opt/airflow/dags/02_sql_transform.py for tasks to queue
[2026-07-08T21:11:27.606+0000] {logging_mixin.py:190} INFO - [2026-07-08T21:11:27.605+0000] {dagbag.py:588} INFO - Filling up the DagBag from /opt/airflow/dags/02_sql_transform.py
[2026-07-08T21:11:27.660+0000] {processor.py:925} INFO - DAG(s) '02_sql_transform' retrieved from /opt/airflow/dags/02_sql_transform.py
[2026-07-08T21:11:27.803+0000] {logging_mixin.py:190} INFO - [2026-07-08T21:11:27.802+0000] {dag.py:3239} INFO - Sync 1 DAGs
[2026-07-08T21:11:27.851+0000] {logging_mixin.py:190} INFO - [2026-07-08T21:11:27.851+0000] {dag.py:4180} INFO - Setting next_dagrun for 02_sql_transform to None, run_after=None
[2026-07-08T21:11:27.880+0000] {processor.py:208} INFO - Processing /opt/airflow/dags/02_sql_transform.py took 0.334 seconds
[2026-07-08T21:11:58.470+0000] {processor.py:186} INFO - Started process (PID=3443) to work on /opt/airflow/dags/02_sql_transform.py
[2026-07-08T21:11:58.473+0000] {processor.py:914} INFO - Processing file /opt/airflow/dags/02_sql_transform.py for tasks to queue
[2026-07-08T21:11:58.477+0000] {logging_mixin.py:190} INFO - [2026-07-08T21:11:58.477+0000] {dagbag.py:588} INFO - Filling up the DagBag from /opt/airflow/dags/02_sql_transform.py
[2026-07-08T21:11:58.495+0000] {processor.py:925} INFO - DAG(s) '02_sql_transform' retrieved from /opt/airflow/dags/02_sql_transform.py
[2026-07-08T21:11:58.533+0000] {logging_mixin.py:190} INFO - [2026-07-08T21:11:58.533+0000] {dag.py:3239} INFO - Sync 1 DAGs
[2026-07-08T21:11:58.548+0000] {logging_mixin.py:190} INFO - [2026-07-08T21:11:58.548+0000] {dag.py:4180} INFO - Setting next_dagrun for 02_sql_transform to None, run_after=None
[2026-07-08T21:11:58.567+0000] {processor.py:208} INFO - Processing /opt/airflow/dags/02_sql_transform.py took 0.111 seconds
[2026-07-08T21:12:29.179+0000] {processor.py:186} INFO - Started process (PID=3463) to work on /opt/airflow/dags/02_sql_transform.py
[2026-07-08T21:12:29.184+0000] {processor.py:914} INFO - Processing file /opt/airflow/dags/02_sql_transform.py for tasks to queue
[2026-07-08T21:12:29.200+0000] {logging_mixin.py:190} INFO - [2026-07-08T21:12:29.199+0000] {dagbag.py:588} INFO - Filling up the DagBag from /opt/airflow/dags/02_sql_transform.py
[2026-07-08T21:12:29.252+0000] {processor.py:925} INFO - DAG(s) '02_sql_transform' retrieved from /opt/airflow/dags/02_sql_transform.py
[2026-07-08T21:12:29.402+0000] {logging_mixin.py:190} INFO - [2026-07-08T21:12:29.402+0000] {dag.py:3239} INFO - Sync 1 DAGs
[2026-07-08T21:12:29.499+0000] {logging_mixin.py:190} INFO - [2026-07-08T21:12:29.496+0000] {dag.py:4180} INFO - Setting next_dagrun for 02_sql_transform to None, run_after=None
[2026-07-08T21:12:29.548+0000] {processor.py:208} INFO - Processing /opt/airflow/dags/02_sql_transform.py took 0.404 seconds
[2026-07-08T21:13:00.309+0000] {processor.py:186} INFO - Started process (PID=3483) to work on /opt/airflow/dags/02_sql_transform.py
[2026-07-08T21:13:00.317+0000] {processor.py:914} INFO - Processing file /opt/airflow/dags/02_sql_transform.py for tasks to queue
[2026-07-08T21:13:00.337+0000] {logging_mixin.py:190} INFO - [2026-07-08T21:13:00.334+0000] {dagbag.py:588} INFO - Filling up the DagBag from /opt/airflow/dags/02_sql_transform.py
[2026-07-08T21:13:00.404+0000] {processor.py:925} INFO - DAG(s) '02_sql_transform' retrieved from /opt/airflow/dags/02_sql_transform.py
[2026-07-08T21:13:00.487+0000] {logging_mixin.py:190} INFO - [2026-07-08T21:13:00.486+0000] {dag.py:3239} INFO - Sync 1 DAGs
[2026-07-08T21:13:00.537+0000] {logging_mixin.py:190} INFO - [2026-07-08T21:13:00.537+0000] {dag.py:4180} INFO - Setting next_dagrun for 02_sql_transform to None, run_after=None
[2026-07-08T21:13:00.577+0000] {processor.py:208} INFO - Processing /opt/airflow/dags/02_sql_transform.py took 0.308 seconds
[2026-07-08T21:13:31.170+0000] {processor.py:186} INFO - Started process (PID=3503) to work on /opt/airflow/dags/02_sql_transform.py
[2026-07-08T21:13:31.171+0000] {processor.py:914} INFO - Processing file /opt/airflow/dags/02_sql_transform.py for tasks to queue
[2026-07-08T21:13:31.174+0000] {logging_mixin.py:190} INFO - [2026-07-08T21:13:31.174+0000] {dagbag.py:588} INFO - Filling up the DagBag from /opt/airflow/dags/02_sql_transform.py
[2026-07-08T21:13:31.194+0000] {processor.py:925} INFO - DAG(s) '02_sql_transform' retrieved from /opt/airflow/dags/02_sql_transform.py
[2026-07-08T21:13:31.243+0000] {logging_mixin.py:190} INFO - [2026-07-08T21:13:31.243+0000] {dag.py:3239} INFO - Sync 1 DAGs
[2026-07-08T21:13:31.271+0000] {logging_mixin.py:190} INFO - [2026-07-08T21:13:31.270+0000] {dag.py:4180} INFO - Setting next_dagrun for 02_sql_transform to None, run_after=None
[2026-07-08T21:13:31.293+0000] {processor.py:208} INFO - Processing /opt/airflow/dags/02_sql_transform.py took 0.134 seconds
[2026-07-08T21:14:02.049+0000] {processor.py:186} INFO - Started process (PID=3523) to work on /opt/airflow/dags/02_sql_transform.py
[2026-07-08T21:14:02.056+0000] {processor.py:914} INFO - Processing file /opt/airflow/dags/02_sql_transform.py for tasks to queue
[2026-07-08T21:14:02.069+0000] {logging_mixin.py:190} INFO - [2026-07-08T21:14:02.068+0000] {dagbag.py:588} INFO - Filling up the DagBag from /opt/airflow/dags/02_sql_transform.py
[2026-07-08T21:14:02.098+0000] {processor.py:925} INFO - DAG(s) '02_sql_transform' retrieved from /opt/airflow/dags/02_sql_transform.py
[2026-07-08T21:14:02.150+0000] {logging_mixin.py:190} INFO - [2026-07-08T21:14:02.149+0000] {dag.py:3239} INFO - Sync 1 DAGs
[2026-07-08T21:14:02.169+0000] {logging_mixin.py:190} INFO - [2026-07-08T21:14:02.169+0000] {dag.py:4180} INFO - Setting next_dagrun for 02_sql_transform to None, run_after=None
[2026-07-08T21:14:02.193+0000] {processor.py:208} INFO - Processing /opt/airflow/dags/02_sql_transform.py took 0.215 seconds
[2026-07-08T21:14:32.775+0000] {processor.py:186} INFO - Started process (PID=3543) to work on /opt/airflow/dags/02_sql_transform.py
[2026-07-08T21:14:32.776+0000] {processor.py:914} INFO - Processing file /opt/airflow/dags/02_sql_transform.py for tasks to queue
[2026-07-08T21:14:32.782+0000] {logging_mixin.py:190} INFO - [2026-07-08T21:14:32.781+0000] {dagbag.py:588} INFO - Filling up the DagBag from /opt/airflow/dags/02_sql_transform.py
[2026-07-08T21:14:32.813+0000] {processor.py:925} INFO - DAG(s) '02_sql_transform' retrieved from /opt/airflow/dags/02_sql_transform.py
[2026-07-08T21:14:32.860+0000] {logging_mixin.py:190} INFO - [2026-07-08T21:14:32.859+0000] {dag.py:3239} INFO - Sync 1 DAGs
[2026-07-08T21:14:32.889+0000] {logging_mixin.py:190} INFO - [2026-07-08T21:14:32.889+0000] {dag.py:4180} INFO - Setting next_dagrun for 02_sql_transform to None, run_after=None
[2026-07-08T21:14:32.914+0000] {processor.py:208} INFO - Processing /opt/airflow/dags/02_sql_transform.py took 0.151 seconds
[2026-07-08T21:15:03.453+0000] {processor.py:186} INFO - Started process (PID=3563) to work on /opt/airflow/dags/02_sql_transform.py
[2026-07-08T21:15:03.455+0000] {processor.py:914} INFO - Processing file /opt/airflow/dags/02_sql_transform.py for tasks to queue
[2026-07-08T21:15:03.459+0000] {logging_mixin.py:190} INFO - [2026-07-08T21:15:03.459+0000] {dagbag.py:588} INFO - Filling up the DagBag from /opt/airflow/dags/02_sql_transform.py
[2026-07-08T21:15:03.477+0000] {processor.py:925} INFO - DAG(s) '02_sql_transform' retrieved from /opt/airflow/dags/02_sql_transform.py
[2026-07-08T21:15:03.524+0000] {logging_mixin.py:190} INFO - [2026-07-08T21:15:03.524+0000] {dag.py:3239} INFO - Sync 1 DAGs
[2026-07-08T21:15:03.550+0000] {logging_mixin.py:190} INFO - [2026-07-08T21:15:03.550+0000] {dag.py:4180} INFO - Setting next_dagrun for 02_sql_transform to None, run_after=None
[2026-07-08T21:15:03.574+0000] {processor.py:208} INFO - Processing /opt/airflow/dags/02_sql_transform.py took 0.136 seconds
[2026-07-08T21:15:34.210+0000] {processor.py:186} INFO - Started process (PID=3583) to work on /opt/airflow/dags/02_sql_transform.py
[2026-07-08T21:15:34.215+0000] {processor.py:914} INFO - Processing file /opt/airflow/dags/02_sql_transform.py for tasks to queue
[2026-07-08T21:15:34.224+0000] {logging_mixin.py:190} INFO - [2026-07-08T21:15:34.223+0000] {dagbag.py:588} INFO - Filling up the DagBag from /opt/airflow/dags/02_sql_transform.py
[2026-07-08T21:15:34.263+0000] {processor.py:925} INFO - DAG(s) '02_sql_transform' retrieved from /opt/airflow/dags/02_sql_transform.py
[2026-07-08T21:15:34.314+0000] {logging_mixin.py:190} INFO - [2026-07-08T21:15:34.314+0000] {dag.py:3239} INFO - Sync 1 DAGs
[2026-07-08T21:15:34.334+0000] {logging_mixin.py:190} INFO - [2026-07-08T21:15:34.334+0000] {dag.py:4180} INFO - Setting next_dagrun for 02_sql_transform to None, run_after=None
[2026-07-08T21:15:34.354+0000] {processor.py:208} INFO - Processing /opt/airflow/dags/02_sql_transform.py took 0.184 seconds
[2026-07-08T21:16:04.902+0000] {processor.py:186} INFO - Started process (PID=3603) to work on /opt/airflow/dags/02_sql_transform.py
[2026-07-08T21:16:04.904+0000] {processor.py:914} INFO - Processing file /opt/airflow/dags/02_sql_transform.py for tasks to queue
[2026-07-08T21:16:04.909+0000] {logging_mixin.py:190} INFO - [2026-07-08T21:16:04.909+0000] {dagbag.py:588} INFO - Filling up the DagBag from /opt/airflow/dags/02_sql_transform.py
[2026-07-08T21:16:04.923+0000] {processor.py:925} INFO - DAG(s) '02_sql_transform' retrieved from /opt/airflow/dags/02_sql_transform.py
[2026-07-08T21:16:04.968+0000] {logging_mixin.py:190} INFO - [2026-07-08T21:16:04.968+0000] {dag.py:3239} INFO - Sync 1 DAGs
[2026-07-08T21:16:04.984+0000] {logging_mixin.py:190} INFO - [2026-07-08T21:16:04.984+0000] {dag.py:4180} INFO - Setting next_dagrun for 02_sql_transform to None, run_after=None
[2026-07-08T21:16:05.004+0000] {processor.py:208} INFO - Processing /opt/airflow/dags/02_sql_transform.py took 0.109 seconds
[2026-07-08T21:16:35.635+0000] {processor.py:186} INFO - Started process (PID=3623) to work on /opt/airflow/dags/02_sql_transform.py
[2026-07-08T21:16:35.645+0000] {processor.py:914} INFO - Processing file /opt/airflow/dags/02_sql_transform.py for tasks to queue
[2026-07-08T21:16:35.687+0000] {logging_mixin.py:190} INFO - [2026-07-08T21:16:35.682+0000] {dagbag.py:588} INFO - Filling up the DagBag from /opt/airflow/dags/02_sql_transform.py
[2026-07-08T21:16:35.715+0000] {processor.py:925} INFO - DAG(s) '02_sql_transform' retrieved from /opt/airflow/dags/02_sql_transform.py
[2026-07-08T21:16:35.762+0000] {logging_mixin.py:190} INFO - [2026-07-08T21:16:35.762+0000] {dag.py:3239} INFO - Sync 1 DAGs
[2026-07-08T21:16:35.784+0000] {logging_mixin.py:190} INFO - [2026-07-08T21:16:35.784+0000] {dag.py:4180} INFO - Setting next_dagrun for 02_sql_transform to None, run_after=None
[2026-07-08T21:16:35.812+0000] {processor.py:208} INFO - Processing /opt/airflow/dags/02_sql_transform.py took 0.230 seconds
[2026-07-08T21:17:06.339+0000] {processor.py:186} INFO - Started process (PID=3643) to work on /opt/airflow/dags/02_sql_transform.py
[2026-07-08T21:17:06.346+0000] {processor.py:914} INFO - Processing file /opt/airflow/dags/02_sql_transform.py for tasks to queue
[2026-07-08T21:17:06.358+0000] {logging_mixin.py:190} INFO - [2026-07-08T21:17:06.356+0000] {dagbag.py:588} INFO - Filling up the DagBag from /opt/airflow/dags/02_sql_transform.py
[2026-07-08T21:17:06.388+0000] {processor.py:925} INFO - DAG(s) '02_sql_transform' retrieved from /opt/airflow/dags/02_sql_transform.py
[2026-07-08T21:17:06.443+0000] {logging_mixin.py:190} INFO - [2026-07-08T21:17:06.443+0000] {dag.py:3239} INFO - Sync 1 DAGs
[2026-07-08T21:17:06.460+0000] {logging_mixin.py:190} INFO - [2026-07-08T21:17:06.460+0000] {dag.py:4180} INFO - Setting next_dagrun for 02_sql_transform to None, run_after=None
[2026-07-08T21:17:06.481+0000] {processor.py:208} INFO - Processing /opt/airflow/dags/02_sql_transform.py took 0.191 seconds
[2026-07-08T21:17:37.147+0000] {processor.py:186} INFO - Started process (PID=3663) to work on /opt/airflow/dags/02_sql_transform.py
[2026-07-08T21:17:37.149+0000] {processor.py:914} INFO - Processing file /opt/airflow/dags/02_sql_transform.py for tasks to queue
[2026-07-08T21:17:37.153+0000] {logging_mixin.py:190} INFO - [2026-07-08T21:17:37.151+0000] {dagbag.py:588} INFO - Filling up the DagBag from /opt/airflow/dags/02_sql_transform.py
[2026-07-08T21:17:37.186+0000] {processor.py:925} INFO - DAG(s) '02_sql_transform' retrieved from /opt/airflow/dags/02_sql_transform.py
[2026-07-08T21:17:37.235+0000] {logging_mixin.py:190} INFO - [2026-07-08T21:17:37.235+0000] {dag.py:3239} INFO - Sync 1 DAGs
[2026-07-08T21:17:37.260+0000] {logging_mixin.py:190} INFO - [2026-07-08T21:17:37.260+0000] {dag.py:4180} INFO - Setting next_dagrun for 02_sql_transform to None, run_after=None
[2026-07-08T21:17:37.288+0000] {processor.py:208} INFO - Processing /opt/airflow/dags/02_sql_transform.py took 0.163 seconds
[2026-07-08T21:18:08.079+0000] {processor.py:186} INFO - Started process (PID=3683) to work on /opt/airflow/dags/02_sql_transform.py
[2026-07-08T21:18:08.082+0000] {processor.py:914} INFO - Processing file /opt/airflow/dags/02_sql_transform.py for tasks to queue
[2026-07-08T21:18:08.086+0000] {logging_mixin.py:190} INFO - [2026-07-08T21:18:08.086+0000] {dagbag.py:588} INFO - Filling up the DagBag from /opt/airflow/dags/02_sql_transform.py
[2026-07-08T21:18:08.106+0000] {processor.py:925} INFO - DAG(s) '02_sql_transform' retrieved from /opt/airflow/dags/02_sql_transform.py
[2026-07-08T21:18:08.159+0000] {logging_mixin.py:190} INFO - [2026-07-08T21:18:08.158+0000] {dag.py:3239} INFO - Sync 1 DAGs
[2026-07-08T21:18:08.179+0000] {logging_mixin.py:190} INFO - [2026-07-08T21:18:08.179+0000] {dag.py:4180} INFO - Setting next_dagrun for 02_sql_transform to None, run_after=None
[2026-07-08T21:18:08.201+0000] {processor.py:208} INFO - Processing /opt/airflow/dags/02_sql_transform.py took 0.158 seconds
[2026-07-08T21:18:38.763+0000] {processor.py:186} INFO - Started process (PID=3703) to work on /opt/airflow/dags/02_sql_transform.py
[2026-07-08T21:18:38.769+0000] {processor.py:914} INFO - Processing file /opt/airflow/dags/02_sql_transform.py for tasks to queue
[2026-07-08T21:18:38.774+0000] {logging_mixin.py:190} INFO - [2026-07-08T21:18:38.773+0000] {dagbag.py:588} INFO - Filling up the DagBag from /opt/airflow/dags/02_sql_transform.py
[2026-07-08T21:18:38.793+0000] {processor.py:925} INFO - DAG(s) '02_sql_transform' retrieved from /opt/airflow/dags/02_sql_transform.py
[2026-07-08T21:18:38.854+0000] {logging_mixin.py:190} INFO - [2026-07-08T21:18:38.854+0000] {dag.py:3239} INFO - Sync 1 DAGs
[2026-07-08T21:18:38.875+0000] {logging_mixin.py:190} INFO - [2026-07-08T21:18:38.874+0000] {dag.py:4180} INFO - Setting next_dagrun for 02_sql_transform to None, run_after=None
[2026-07-08T21:18:38.898+0000] {processor.py:208} INFO - Processing /opt/airflow/dags/02_sql_transform.py took 0.164 seconds
[2026-07-08T21:19:09.406+0000] {processor.py:186} INFO - Started process (PID=3723) to work on /opt/airflow/dags/02_sql_transform.py
[2026-07-08T21:19:09.410+0000] {processor.py:914} INFO - Processing file /opt/airflow/dags/02_sql_transform.py for tasks to queue
[2026-07-08T21:19:09.416+0000] {logging_mixin.py:190} INFO - [2026-07-08T21:19:09.415+0000] {dagbag.py:588} INFO - Filling up the DagBag from /opt/airflow/dags/02_sql_transform.py
[2026-07-08T21:19:09.441+0000] {processor.py:925} INFO - DAG(s) '02_sql_transform' retrieved from /opt/airflow/dags/02_sql_transform.py
[2026-07-08T21:19:09.481+0000] {logging_mixin.py:190} INFO - [2026-07-08T21:19:09.481+0000] {dag.py:3239} INFO - Sync 1 DAGs
[2026-07-08T21:19:09.499+0000] {logging_mixin.py:190} INFO - [2026-07-08T21:19:09.498+0000] {dag.py:4180} INFO - Setting next_dagrun for 02_sql_transform to None, run_after=None
[2026-07-08T21:19:09.519+0000] {processor.py:208} INFO - Processing /opt/airflow/dags/02_sql_transform.py took 0.152 seconds
[2026-07-08T21:19:40.071+0000] {processor.py:186} INFO - Started process (PID=3743) to work on /opt/airflow/dags/02_sql_transform.py
[2026-07-08T21:19:40.074+0000] {processor.py:914} INFO - Processing file /opt/airflow/dags/02_sql_transform.py for tasks to queue
[2026-07-08T21:19:40.080+0000] {logging_mixin.py:190} INFO - [2026-07-08T21:19:40.079+0000] {dagbag.py:588} INFO - Filling up the DagBag from /opt/airflow/dags/02_sql_transform.py
[2026-07-08T21:19:40.098+0000] {processor.py:925} INFO - DAG(s) '02_sql_transform' retrieved from /opt/airflow/dags/02_sql_transform.py
[2026-07-08T21:19:40.146+0000] {logging_mixin.py:190} INFO - [2026-07-08T21:19:40.145+0000] {dag.py:3239} INFO - Sync 1 DAGs
[2026-07-08T21:19:40.172+0000] {logging_mixin.py:190} INFO - [2026-07-08T21:19:40.171+0000] {dag.py:4180} INFO - Setting next_dagrun for 02_sql_transform to None, run_after=None
[2026-07-08T21:19:40.205+0000] {processor.py:208} INFO - Processing /opt/airflow/dags/02_sql_transform.py took 0.166 seconds
[2026-07-08T21:20:10.875+0000] {processor.py:186} INFO - Started process (PID=3763) to work on /opt/airflow/dags/02_sql_transform.py
[2026-07-08T21:20:10.881+0000] {processor.py:914} INFO - Processing file /opt/airflow/dags/02_sql_transform.py for tasks to queue
[2026-07-08T21:20:10.890+0000] {logging_mixin.py:190} INFO - [2026-07-08T21:20:10.888+0000] {dagbag.py:588} INFO - Filling up the DagBag from /opt/airflow/dags/02_sql_transform.py
[2026-07-08T21:20:10.906+0000] {processor.py:925} INFO - DAG(s) '02_sql_transform' retrieved from /opt/airflow/dags/02_sql_transform.py
[2026-07-08T21:20:10.952+0000] {logging_mixin.py:190} INFO - [2026-07-08T21:20:10.952+0000] {dag.py:3239} INFO - Sync 1 DAGs
[2026-07-08T21:20:10.975+0000] {logging_mixin.py:190} INFO - [2026-07-08T21:20:10.975+0000] {dag.py:4180} INFO - Setting next_dagrun for 02_sql_transform to None, run_after=None
[2026-07-08T21:20:11.004+0000] {processor.py:208} INFO - Processing /opt/airflow/dags/02_sql_transform.py took 0.172 seconds
