[2026-07-10T19:24:10.702+0000] {local_task_job_runner.py:123} INFO - ::group::Pre task execution logs
[2026-07-10T19:24:10.789+0000] {taskinstance.py:2613} INFO - Dependencies all met for dep_context=non-requeueable deps ti=<TaskInstance: 10_sql_operator_pro.grade_distribution manual__2026-07-10T19:24:02.130280+00:00 [queued]>
[2026-07-10T19:24:10.805+0000] {taskinstance.py:2613} INFO - Dependencies all met for dep_context=requeueable deps ti=<TaskInstance: 10_sql_operator_pro.grade_distribution manual__2026-07-10T19:24:02.130280+00:00 [queued]>
[2026-07-10T19:24:10.806+0000] {taskinstance.py:2866} INFO - Starting attempt 1 of 1
[2026-07-10T19:24:10.839+0000] {taskinstance.py:2889} INFO - Executing <Task(PostgresOperator): grade_distribution> on 2026-07-10 19:24:02.130280+00:00
[2026-07-10T19:24:10.893+0000] {logging_mixin.py:190} WARNING - /home/***/.local/lib/python3.12/site-packages/***/task/task_runner/standard_task_runner.py:70 DeprecationWarning: This process (pid=331) is multi-threaded, use of fork() may lead to deadlocks in the child.
[2026-07-10T19:24:10.903+0000] {standard_task_runner.py:72} INFO - Started process 333 to run task
[2026-07-10T19:24:10.875+0000] {standard_task_runner.py:104} INFO - Running: ['***', 'tasks', 'run', '10_sql_operator_pro', 'grade_distribution', 'manual__2026-07-10T19:24:02.130280+00:00', '--job-id', '8', '--raw', '--subdir', 'DAGS_FOLDER/10_sql_operator_pro.py', '--cfg-path', '/tmp/tmpiml3or2x']
[2026-07-10T19:24:10.910+0000] {standard_task_runner.py:105} INFO - Job 8: Subtask grade_distribution
[2026-07-10T19:24:12.076+0000] {task_command.py:467} INFO - Running <TaskInstance: 10_sql_operator_pro.grade_distribution manual__2026-07-10T19:24:02.130280+00:00 [running]> on host 9e68c458d5bd
[2026-07-10T19:24:13.178+0000] {taskinstance.py:3132} INFO - Exporting env vars: AIRFLOW_CTX_DAG_OWNER='***' AIRFLOW_CTX_DAG_ID='10_sql_operator_pro' AIRFLOW_CTX_TASK_ID='grade_distribution' AIRFLOW_CTX_EXECUTION_DATE='2026-07-10T19:24:02.130280+00:00' AIRFLOW_CTX_TRY_NUMBER='1' AIRFLOW_CTX_DAG_RUN_ID='manual__2026-07-10T19:24:02.130280+00:00'
[2026-07-10T19:24:13.183+0000] {taskinstance.py:731} INFO - ::endgroup::
[2026-07-10T19:24:13.243+0000] {sql.py:278} INFO - Executing: 
            SELECT c.course_name, e.grade, COUNT(*) as count
            FROM t10_enrollments e
            JOIN t10_courses c ON e.course_id = c.course_id
            GROUP BY c.course_name, e.grade
            ORDER BY c.course_name, e.grade;
        
[2026-07-10T19:24:13.248+0000] {crypto.py:82} WARNING - empty cryptography key - values will not be stored encrypted.
[2026-07-10T19:24:13.258+0000] {base.py:84} INFO - Retrieving connection 'etl_postgres'
[2026-07-10T19:24:13.268+0000] {base.py:84} INFO - Retrieving connection 'etl_postgres'
[2026-07-10T19:24:13.293+0000] {sql.py:544} INFO - Running statement: 
            SELECT c.course_name, e.grade, COUNT(*) as count
            FROM t10_enrollments e
            JOIN t10_courses c ON e.course_id = c.course_id
            GROUP BY c.course_name, e.grade
            ORDER BY c.course_name, e.grade;
        , parameters: None
[2026-07-10T19:24:13.303+0000] {sql.py:553} INFO - Rows affected: 16
[2026-07-10T19:24:13.435+0000] {taskinstance.py:340} INFO - ::group::Post task execution logs
[2026-07-10T19:24:13.436+0000] {taskinstance.py:352} INFO - Marking task as SUCCESS. dag_id=10_sql_operator_pro, task_id=grade_distribution, run_id=manual__2026-07-10T19:24:02.130280+00:00, execution_date=20260710T192402, start_date=20260710T192410, end_date=20260710T192413
[2026-07-10T19:24:13.548+0000] {local_task_job_runner.py:266} INFO - Task exited with return code 0
[2026-07-10T19:24:13.619+0000] {taskinstance.py:3895} INFO - 0 downstream tasks scheduled from follow-on schedule check
[2026-07-10T19:24:13.622+0000] {local_task_job_runner.py:245} INFO - ::endgroup::
