[2026-07-10T19:48:53.691+0000] {local_task_job_runner.py:123} INFO - ::group::Pre task execution logs
[2026-07-10T19:48:53.728+0000] {taskinstance.py:2613} INFO - Dependencies all met for dep_context=non-requeueable deps ti=<TaskInstance: 04_branch.generate_summary manual__2026-07-10T19:48:46.934851+00:00 [queued]>
[2026-07-10T19:48:53.746+0000] {taskinstance.py:2613} INFO - Dependencies all met for dep_context=requeueable deps ti=<TaskInstance: 04_branch.generate_summary manual__2026-07-10T19:48:46.934851+00:00 [queued]>
[2026-07-10T19:48:53.746+0000] {taskinstance.py:2866} INFO - Starting attempt 1 of 1
[2026-07-10T19:48:53.774+0000] {taskinstance.py:2889} INFO - Executing <Task(PythonOperator): generate_summary> on 2026-07-10 19:48:46.934851+00:00
[2026-07-10T19:48:53.786+0000] {logging_mixin.py:190} WARNING - /home/***/.local/lib/python3.12/site-packages/***/task/task_runner/standard_task_runner.py:70 DeprecationWarning: This process (pid=1332) is multi-threaded, use of fork() may lead to deadlocks in the child.
[2026-07-10T19:48:53.789+0000] {standard_task_runner.py:72} INFO - Started process 1333 to run task
[2026-07-10T19:48:53.789+0000] {standard_task_runner.py:104} INFO - Running: ['***', 'tasks', 'run', '04_branch', 'generate_summary', 'manual__2026-07-10T19:48:46.934851+00:00', '--job-id', '57', '--raw', '--subdir', 'DAGS_FOLDER/04_branch.py', '--cfg-path', '/tmp/tmpls9ey0ky']
[2026-07-10T19:48:53.794+0000] {standard_task_runner.py:105} INFO - Job 57: Subtask generate_summary
[2026-07-10T19:48:53.916+0000] {task_command.py:467} INFO - Running <TaskInstance: 04_branch.generate_summary manual__2026-07-10T19:48:46.934851+00:00 [running]> on host 35bdc1b28d94
[2026-07-10T19:48:54.040+0000] {taskinstance.py:3132} INFO - Exporting env vars: AIRFLOW_CTX_DAG_OWNER='***' AIRFLOW_CTX_DAG_ID='04_branch' AIRFLOW_CTX_TASK_ID='generate_summary' AIRFLOW_CTX_EXECUTION_DATE='2026-07-10T19:48:46.934851+00:00' AIRFLOW_CTX_TRY_NUMBER='1' AIRFLOW_CTX_DAG_RUN_ID='manual__2026-07-10T19:48:46.934851+00:00'
[2026-07-10T19:48:54.041+0000] {taskinstance.py:731} INFO - ::endgroup::
[2026-07-10T19:48:54.079+0000] {logging_mixin.py:190} INFO - 
📋 Summary generated:
[2026-07-10T19:48:54.080+0000] {logging_mixin.py:190} INFO -    - Branch: MEDIUM
[2026-07-10T19:48:54.080+0000] {logging_mixin.py:190} INFO -    - Total orders: 79
[2026-07-10T19:48:54.081+0000] {logging_mixin.py:190} INFO -    - Total revenue: $24320
[2026-07-10T19:48:54.081+0000] {logging_mixin.py:190} INFO -    - Status: Pending=20, Shipped=20, Delivered=24, Cancelled=15
[2026-07-10T19:48:54.083+0000] {python.py:240} INFO - Done. Returned value was: None
[2026-07-10T19:48:54.101+0000] {taskinstance.py:340} INFO - ::group::Post task execution logs
[2026-07-10T19:48:54.103+0000] {taskinstance.py:352} INFO - Marking task as SUCCESS. dag_id=04_branch, task_id=generate_summary, run_id=manual__2026-07-10T19:48:46.934851+00:00, execution_date=20260710T194846, start_date=20260710T194853, end_date=20260710T194854
[2026-07-10T19:48:54.139+0000] {local_task_job_runner.py:266} INFO - Task exited with return code 0
[2026-07-10T19:48:54.165+0000] {taskinstance.py:3895} INFO - 0 downstream tasks scheduled from follow-on schedule check
[2026-07-10T19:48:54.167+0000] {local_task_job_runner.py:245} INFO - ::endgroup::
