[2026-07-09T17:02:51.720+0000] {local_task_job_runner.py:123} INFO - ::group::Pre task execution logs
[2026-07-09T17:02:51.754+0000] {taskinstance.py:2613} INFO - Dependencies all met for dep_context=non-requeueable deps ti=<TaskInstance: 05_sensor.generate_summary manual__2026-07-09T17:02:41.660654+00:00 [queued]>
[2026-07-09T17:02:51.766+0000] {taskinstance.py:2613} INFO - Dependencies all met for dep_context=requeueable deps ti=<TaskInstance: 05_sensor.generate_summary manual__2026-07-09T17:02:41.660654+00:00 [queued]>
[2026-07-09T17:02:51.767+0000] {taskinstance.py:2866} INFO - Starting attempt 1 of 1
[2026-07-09T17:02:51.788+0000] {taskinstance.py:2889} INFO - Executing <Task(PythonOperator): generate_summary> on 2026-07-09 17:02:41.660654+00:00
[2026-07-09T17:02:51.806+0000] {standard_task_runner.py:104} INFO - Running: ['***', 'tasks', 'run', '05_sensor', 'generate_summary', 'manual__2026-07-09T17:02:41.660654+00:00', '--job-id', '38', '--raw', '--subdir', 'DAGS_FOLDER/05_sensor.py', '--cfg-path', '/tmp/tmpn7mv71ss']
[2026-07-09T17:02:51.809+0000] {standard_task_runner.py:105} INFO - Job 38: Subtask generate_summary
[2026-07-09T17:02:51.811+0000] {logging_mixin.py:190} WARNING - /home/***/.local/lib/python3.12/site-packages/***/task/task_runner/standard_task_runner.py:70 DeprecationWarning: This process (pid=7586) is multi-threaded, use of fork() may lead to deadlocks in the child.
[2026-07-09T17:02:51.814+0000] {standard_task_runner.py:72} INFO - Started process 7587 to run task
[2026-07-09T17:02:51.909+0000] {task_command.py:467} INFO - Running <TaskInstance: 05_sensor.generate_summary manual__2026-07-09T17:02:41.660654+00:00 [running]> on host 5a7e11089a04
[2026-07-09T17:02:52.058+0000] {taskinstance.py:3132} INFO - Exporting env vars: AIRFLOW_CTX_DAG_OWNER='***' AIRFLOW_CTX_DAG_ID='05_sensor' AIRFLOW_CTX_TASK_ID='generate_summary' AIRFLOW_CTX_EXECUTION_DATE='2026-07-09T17:02:41.660654+00:00' AIRFLOW_CTX_TRY_NUMBER='1' AIRFLOW_CTX_DAG_RUN_ID='manual__2026-07-09T17:02:41.660654+00:00'
[2026-07-09T17:02:52.059+0000] {taskinstance.py:731} INFO - ::endgroup::
[2026-07-09T17:02:52.119+0000] {logging_mixin.py:190} INFO - 
📋 Summary generated:
[2026-07-09T17:02:52.124+0000] {logging_mixin.py:190} INFO -    - Total orders: 5
[2026-07-09T17:02:52.125+0000] {logging_mixin.py:190} INFO -    - Total revenue: $3,205
[2026-07-09T17:02:52.125+0000] {logging_mixin.py:190} INFO -    - Avg order value: $641.00
[2026-07-09T17:02:52.126+0000] {logging_mixin.py:190} INFO -    - Total customers: 5
[2026-07-09T17:02:52.126+0000] {logging_mixin.py:190} INFO -    - Total products: 5
[2026-07-09T17:02:52.127+0000] {python.py:240} INFO - Done. Returned value was: None
[2026-07-09T17:02:52.149+0000] {taskinstance.py:340} INFO - ::group::Post task execution logs
[2026-07-09T17:02:52.150+0000] {taskinstance.py:352} INFO - Marking task as SUCCESS. dag_id=05_sensor, task_id=generate_summary, run_id=manual__2026-07-09T17:02:41.660654+00:00, execution_date=20260709T170241, start_date=20260709T170251, end_date=20260709T170252
[2026-07-09T17:02:52.196+0000] {local_task_job_runner.py:266} INFO - Task exited with return code 0
[2026-07-09T17:02:52.229+0000] {taskinstance.py:3895} INFO - 0 downstream tasks scheduled from follow-on schedule check
[2026-07-09T17:02:52.233+0000] {local_task_job_runner.py:245} INFO - ::endgroup::
