[2026-09-10T03:12:12.648+0000] {local_task_job_runner.py:123} INFO - ::group::Pre task execution logs
[2026-09-10T03:12:12.679+0000] {taskinstance.py:2613} INFO - Dependencies all met for dep_context=non-requeueable deps ti=<TaskInstance: 04_branch.generate_summary manual__2026-09-10T03:12:06.329386+00:00 [queued]>
[2026-09-10T03:12:12.689+0000] {taskinstance.py:2613} INFO - Dependencies all met for dep_context=requeueable deps ti=<TaskInstance: 04_branch.generate_summary manual__2026-09-10T03:12:06.329386+00:00 [queued]>
[2026-09-10T03:12:12.689+0000] {taskinstance.py:2866} INFO - Starting attempt 1 of 1
[2026-09-10T03:12:12.705+0000] {taskinstance.py:2889} INFO - Executing <Task(PythonOperator): generate_summary> on 2026-09-10 03:12:06.329386+00:00
[2026-09-10T03:12:12.716+0000] {logging_mixin.py:190} WARNING - /home/***/.local/lib/python3.12/site-packages/***/task/task_runner/standard_task_runner.py:70 DeprecationWarning: This process (pid=3308) is multi-threaded, use of fork() may lead to deadlocks in the child.
[2026-09-10T03:12:12.715+0000] {standard_task_runner.py:104} INFO - Running: ['***', 'tasks', 'run', '04_branch', 'generate_summary', 'manual__2026-09-10T03:12:06.329386+00:00', '--job-id', '17', '--raw', '--subdir', 'DAGS_FOLDER/04_branch.py', '--cfg-path', '/tmp/tmp6n16zb25']
[2026-09-10T03:12:12.717+0000] {standard_task_runner.py:105} INFO - Job 17: Subtask generate_summary
[2026-09-10T03:12:12.717+0000] {standard_task_runner.py:72} INFO - Started process 3309 to run task
[2026-09-10T03:12:12.776+0000] {task_command.py:467} INFO - Running <TaskInstance: 04_branch.generate_summary manual__2026-09-10T03:12:06.329386+00:00 [running]> on host 205a39116a9d
[2026-09-10T03:12:12.866+0000] {taskinstance.py:3132} INFO - Exporting env vars: AIRFLOW_CTX_DAG_OWNER='***' AIRFLOW_CTX_DAG_ID='04_branch' AIRFLOW_CTX_TASK_ID='generate_summary' AIRFLOW_CTX_EXECUTION_DATE='2026-09-10T03:12:06.329386+00:00' AIRFLOW_CTX_TRY_NUMBER='1' AIRFLOW_CTX_DAG_RUN_ID='manual__2026-09-10T03:12:06.329386+00:00'
[2026-09-10T03:12:12.867+0000] {taskinstance.py:731} INFO - ::endgroup::
[2026-09-10T03:12:12.902+0000] {logging_mixin.py:190} INFO - 
📋 Summary generated:
[2026-09-10T03:12:12.902+0000] {logging_mixin.py:190} INFO -    - Branch: SMALL
[2026-09-10T03:12:12.902+0000] {logging_mixin.py:190} INFO -    - Total orders: 0
[2026-09-10T03:12:12.903+0000] {logging_mixin.py:190} INFO -    - Total revenue: $0
[2026-09-10T03:12:12.903+0000] {logging_mixin.py:190} INFO -    - Status: Pending=0, Shipped=0, Delivered=0, Cancelled=0
[2026-09-10T03:12:12.904+0000] {python.py:240} INFO - Done. Returned value was: None
[2026-09-10T03:12:12.918+0000] {taskinstance.py:340} INFO - ::group::Post task execution logs
[2026-09-10T03:12:12.918+0000] {taskinstance.py:352} INFO - Marking task as SUCCESS. dag_id=04_branch, task_id=generate_summary, run_id=manual__2026-09-10T03:12:06.329386+00:00, execution_date=20260910T031206, start_date=20260910T031212, end_date=20260910T031212
[2026-09-10T03:12:12.974+0000] {local_task_job_runner.py:266} INFO - Task exited with return code 0
[2026-09-10T03:12:12.994+0000] {taskinstance.py:3895} INFO - 0 downstream tasks scheduled from follow-on schedule check
[2026-09-10T03:12:12.996+0000] {local_task_job_runner.py:245} INFO - ::endgroup::
