[2026-07-10T19:44:54.829+0000] {local_task_job_runner.py:123} INFO - ::group::Pre task execution logs
[2026-07-10T19:44:54.888+0000] {taskinstance.py:2613} INFO - Dependencies all met for dep_context=non-requeueable deps ti=<TaskInstance: 10_sql_operator_pro.update_course_credits manual__2026-07-10T19:44:48.859845+00:00 [queued]>
[2026-07-10T19:44:54.915+0000] {taskinstance.py:2613} INFO - Dependencies all met for dep_context=requeueable deps ti=<TaskInstance: 10_sql_operator_pro.update_course_credits manual__2026-07-10T19:44:48.859845+00:00 [queued]>
[2026-07-10T19:44:54.918+0000] {taskinstance.py:2866} INFO - Starting attempt 1 of 1
[2026-07-10T19:44:55.039+0000] {taskinstance.py:2889} INFO - Executing <Task(PostgresOperator): update_course_credits> on 2026-07-10 19:44:48.859845+00:00
[2026-07-10T19:44:55.063+0000] {logging_mixin.py:190} WARNING - /home/***/.local/lib/python3.12/site-packages/***/task/task_runner/standard_task_runner.py:70 DeprecationWarning: This process (pid=862) is multi-threaded, use of fork() may lead to deadlocks in the child.
[2026-07-10T19:44:55.066+0000] {standard_task_runner.py:72} INFO - Started process 873 to run task
[2026-07-10T19:44:55.096+0000] {standard_task_runner.py:104} INFO - Running: ['***', 'tasks', 'run', '10_sql_operator_pro', 'update_course_credits', 'manual__2026-07-10T19:44:48.859845+00:00', '--job-id', '39', '--raw', '--subdir', 'DAGS_FOLDER/10_sql_operator_pro.py', '--cfg-path', '/tmp/tmpnvya9i34']
[2026-07-10T19:44:55.106+0000] {standard_task_runner.py:105} INFO - Job 39: Subtask update_course_credits
[2026-07-10T19:44:55.416+0000] {task_command.py:467} INFO - Running <TaskInstance: 10_sql_operator_pro.update_course_credits manual__2026-07-10T19:44:48.859845+00:00 [running]> on host 35bdc1b28d94
[2026-07-10T19:44:56.217+0000] {taskinstance.py:3132} INFO - Exporting env vars: AIRFLOW_CTX_DAG_OWNER='***' AIRFLOW_CTX_DAG_ID='10_sql_operator_pro' AIRFLOW_CTX_TASK_ID='update_course_credits' AIRFLOW_CTX_EXECUTION_DATE='2026-07-10T19:44:48.859845+00:00' AIRFLOW_CTX_TRY_NUMBER='1' AIRFLOW_CTX_DAG_RUN_ID='manual__2026-07-10T19:44:48.859845+00:00'
[2026-07-10T19:44:56.228+0000] {taskinstance.py:731} INFO - ::endgroup::
[2026-07-10T19:44:56.311+0000] {sql.py:278} INFO - Executing: 
            UPDATE t10_courses 
            SET credits = credits + 1 
            WHERE department = 'Physics';
            
            SELECT course_name, credits 
            FROM t10_courses 
            WHERE department = 'Physics';
        
[2026-07-10T19:44:56.322+0000] {crypto.py:82} WARNING - empty cryptography key - values will not be stored encrypted.
[2026-07-10T19:44:56.331+0000] {base.py:84} INFO - Retrieving connection 'etl_postgres'
[2026-07-10T19:44:56.354+0000] {base.py:84} INFO - Retrieving connection 'etl_postgres'
[2026-07-10T19:44:56.401+0000] {sql.py:544} INFO - Running statement: 
            UPDATE t10_courses 
            SET credits = credits + 1 
            WHERE department = 'Physics';
            
            SELECT course_name, credits 
            FROM t10_courses 
            WHERE department = 'Physics';
        , parameters: None
[2026-07-10T19:44:56.411+0000] {sql.py:553} INFO - Rows affected: 2
[2026-07-10T19:44:56.565+0000] {taskinstance.py:340} INFO - ::group::Post task execution logs
[2026-07-10T19:44:56.571+0000] {taskinstance.py:352} INFO - Marking task as SUCCESS. dag_id=10_sql_operator_pro, task_id=update_course_credits, run_id=manual__2026-07-10T19:44:48.859845+00:00, execution_date=20260710T194448, start_date=20260710T194454, end_date=20260710T194456
[2026-07-10T19:44:56.706+0000] {local_task_job_runner.py:266} INFO - Task exited with return code 0
[2026-07-10T19:44:56.736+0000] {local_task_job_runner.py:245} INFO - ::endgroup::
