[2026-07-10T19:24:14.294+0000] {local_task_job_runner.py:123} INFO - ::group::Pre task execution logs
[2026-07-10T19:24:14.342+0000] {taskinstance.py:2613} INFO - Dependencies all met for dep_context=non-requeueable deps ti=<TaskInstance: 10_sql_operator_pro.print_results manual__2026-07-10T19:24:02.130280+00:00 [queued]>
[2026-07-10T19:24:14.361+0000] {taskinstance.py:2613} INFO - Dependencies all met for dep_context=requeueable deps ti=<TaskInstance: 10_sql_operator_pro.print_results manual__2026-07-10T19:24:02.130280+00:00 [queued]>
[2026-07-10T19:24:14.362+0000] {taskinstance.py:2866} INFO - Starting attempt 1 of 1
[2026-07-10T19:24:14.380+0000] {taskinstance.py:2889} INFO - Executing <Task(PythonOperator): print_results> on 2026-07-10 19:24:02.130280+00:00
[2026-07-10T19:24:14.393+0000] {logging_mixin.py:190} WARNING - /home/***/.local/lib/python3.12/site-packages/***/task/task_runner/standard_task_runner.py:70 DeprecationWarning: This process (pid=346) is multi-threaded, use of fork() may lead to deadlocks in the child.
[2026-07-10T19:24:14.392+0000] {standard_task_runner.py:104} INFO - Running: ['***', 'tasks', 'run', '10_sql_operator_pro', 'print_results', 'manual__2026-07-10T19:24:02.130280+00:00', '--job-id', '13', '--raw', '--subdir', 'DAGS_FOLDER/10_sql_operator_pro.py', '--cfg-path', '/tmp/tmpyrr3xg_o']
[2026-07-10T19:24:14.395+0000] {standard_task_runner.py:105} INFO - Job 13: Subtask print_results
[2026-07-10T19:24:14.395+0000] {standard_task_runner.py:72} INFO - Started process 347 to run task
[2026-07-10T19:24:14.499+0000] {task_command.py:467} INFO - Running <TaskInstance: 10_sql_operator_pro.print_results manual__2026-07-10T19:24:02.130280+00:00 [running]> on host 9e68c458d5bd
[2026-07-10T19:24:14.628+0000] {taskinstance.py:3132} INFO - Exporting env vars: AIRFLOW_CTX_DAG_OWNER='***' AIRFLOW_CTX_DAG_ID='10_sql_operator_pro' AIRFLOW_CTX_TASK_ID='print_results' AIRFLOW_CTX_EXECUTION_DATE='2026-07-10T19:24:02.130280+00:00' AIRFLOW_CTX_TRY_NUMBER='1' AIRFLOW_CTX_DAG_RUN_ID='manual__2026-07-10T19:24:02.130280+00:00'
[2026-07-10T19:24:14.631+0000] {taskinstance.py:731} INFO - ::endgroup::
[2026-07-10T19:24:14.674+0000] {logging_mixin.py:190} INFO - 
🏆 TOP 5 STUDENTS BY GPA:
[2026-07-10T19:24:14.674+0000] {logging_mixin.py:190} INFO -    Diana Pérez (Computer Science) - 2 courses, GPA: 3.85
[2026-07-10T19:24:14.675+0000] {logging_mixin.py:190} INFO -    Ana García (Computer Science) - 2 courses, GPA: 3.65
[2026-07-10T19:24:14.675+0000] {logging_mixin.py:190} INFO -    Carlos López (Physics) - 2 courses, GPA: 3.65
[2026-07-10T19:24:14.675+0000] {logging_mixin.py:190} INFO -    Gloria Sánchez (Mathematics) - 2 courses, GPA: 3.50
[2026-07-10T19:24:14.675+0000] {logging_mixin.py:190} INFO -    Fernando Gómez (Biology) - 2 courses, GPA: 3.50
[2026-07-10T19:24:14.676+0000] {python.py:240} INFO - Done. Returned value was: None
[2026-07-10T19:24:14.692+0000] {taskinstance.py:340} INFO - ::group::Post task execution logs
[2026-07-10T19:24:14.692+0000] {taskinstance.py:352} INFO - Marking task as SUCCESS. dag_id=10_sql_operator_pro, task_id=print_results, run_id=manual__2026-07-10T19:24:02.130280+00:00, execution_date=20260710T192402, start_date=20260710T192414, end_date=20260710T192414
[2026-07-10T19:24:14.734+0000] {local_task_job_runner.py:266} INFO - Task exited with return code 0
[2026-07-10T19:24:14.762+0000] {taskinstance.py:3895} INFO - 0 downstream tasks scheduled from follow-on schedule check
[2026-07-10T19:24:14.765+0000] {local_task_job_runner.py:245} INFO - ::endgroup::
