[2026-07-10T19:44:54.435+0000] {local_task_job_runner.py:123} INFO - ::group::Pre task execution logs
[2026-07-10T19:44:54.526+0000] {taskinstance.py:2613} INFO - Dependencies all met for dep_context=non-requeueable deps ti=<TaskInstance: 10_sql_operator_pro.enrollment_details manual__2026-07-10T19:44:48.859845+00:00 [queued]>
[2026-07-10T19:44:54.593+0000] {taskinstance.py:2613} INFO - Dependencies all met for dep_context=requeueable deps ti=<TaskInstance: 10_sql_operator_pro.enrollment_details manual__2026-07-10T19:44:48.859845+00:00 [queued]>
[2026-07-10T19:44:54.594+0000] {taskinstance.py:2866} INFO - Starting attempt 1 of 1
[2026-07-10T19:44:54.676+0000] {taskinstance.py:2889} INFO - Executing <Task(PostgresOperator): enrollment_details> on 2026-07-10 19:44:48.859845+00:00
[2026-07-10T19:44:54.714+0000] {logging_mixin.py:190} WARNING - /home/***/.local/lib/python3.12/site-packages/***/task/task_runner/standard_task_runner.py:70 DeprecationWarning: This process (pid=863) is multi-threaded, use of fork() may lead to deadlocks in the child.
[2026-07-10T19:44:54.720+0000] {standard_task_runner.py:72} INFO - Started process 865 to run task
[2026-07-10T19:44:54.732+0000] {standard_task_runner.py:104} INFO - Running: ['***', 'tasks', 'run', '10_sql_operator_pro', 'enrollment_details', 'manual__2026-07-10T19:44:48.859845+00:00', '--job-id', '34', '--raw', '--subdir', 'DAGS_FOLDER/10_sql_operator_pro.py', '--cfg-path', '/tmp/tmpxvs_zzws']
[2026-07-10T19:44:54.736+0000] {standard_task_runner.py:105} INFO - Job 34: Subtask enrollment_details
[2026-07-10T19:44:54.933+0000] {task_command.py:467} INFO - Running <TaskInstance: 10_sql_operator_pro.enrollment_details manual__2026-07-10T19:44:48.859845+00:00 [running]> on host 35bdc1b28d94
[2026-07-10T19:44:55.461+0000] {taskinstance.py:3132} INFO - Exporting env vars: AIRFLOW_CTX_DAG_OWNER='***' AIRFLOW_CTX_DAG_ID='10_sql_operator_pro' AIRFLOW_CTX_TASK_ID='enrollment_details' AIRFLOW_CTX_EXECUTION_DATE='2026-07-10T19:44:48.859845+00:00' AIRFLOW_CTX_TRY_NUMBER='1' AIRFLOW_CTX_DAG_RUN_ID='manual__2026-07-10T19:44:48.859845+00:00'
[2026-07-10T19:44:55.463+0000] {taskinstance.py:731} INFO - ::endgroup::
[2026-07-10T19:44:55.565+0000] {sql.py:278} INFO - Executing: 
            SELECT s.name, c.course_name, e.grade, e.status
            FROM t10_students s
            JOIN t10_enrollments e ON s.student_id = e.student_id
            JOIN t10_courses c ON e.course_id = c.course_id
            ORDER BY s.name, c.course_name
            LIMIT 10;
        
[2026-07-10T19:44:55.575+0000] {crypto.py:82} WARNING - empty cryptography key - values will not be stored encrypted.
[2026-07-10T19:44:55.585+0000] {base.py:84} INFO - Retrieving connection 'etl_postgres'
[2026-07-10T19:44:55.725+0000] {base.py:84} INFO - Retrieving connection 'etl_postgres'
[2026-07-10T19:44:55.780+0000] {sql.py:544} INFO - Running statement: 
            SELECT s.name, c.course_name, e.grade, e.status
            FROM t10_students s
            JOIN t10_enrollments e ON s.student_id = e.student_id
            JOIN t10_courses c ON e.course_id = c.course_id
            ORDER BY s.name, c.course_name
            LIMIT 10;
        , parameters: None
[2026-07-10T19:44:55.783+0000] {sql.py:553} INFO - Rows affected: 10
[2026-07-10T19:44:56.084+0000] {taskinstance.py:340} INFO - ::group::Post task execution logs
[2026-07-10T19:44:56.085+0000] {taskinstance.py:352} INFO - Marking task as SUCCESS. dag_id=10_sql_operator_pro, task_id=enrollment_details, run_id=manual__2026-07-10T19:44:48.859845+00:00, execution_date=20260710T194448, start_date=20260710T194454, end_date=20260710T194456
[2026-07-10T19:44:56.202+0000] {local_task_job_runner.py:266} INFO - Task exited with return code 0
[2026-07-10T19:44:56.344+0000] {taskinstance.py:3895} INFO - 0 downstream tasks scheduled from follow-on schedule check
[2026-07-10T19:44:56.351+0000] {local_task_job_runner.py:245} INFO - ::endgroup::
