[2026-07-09T21:28:01.971+0000] {local_task_job_runner.py:123} INFO - ::group::Pre task execution logs
[2026-07-09T21:28:02.002+0000] {taskinstance.py:2613} INFO - Dependencies all met for dep_context=non-requeueable deps ti=<TaskInstance: 05_sensor.generate_summary manual__2026-07-09T21:27:53.870352+00:00 [queued]>
[2026-07-09T21:28:02.020+0000] {taskinstance.py:2613} INFO - Dependencies all met for dep_context=requeueable deps ti=<TaskInstance: 05_sensor.generate_summary manual__2026-07-09T21:27:53.870352+00:00 [queued]>
[2026-07-09T21:28:02.020+0000] {taskinstance.py:2866} INFO - Starting attempt 1 of 1
[2026-07-09T21:28:02.043+0000] {taskinstance.py:2889} INFO - Executing <Task(PythonOperator): generate_summary> on 2026-07-09 21:27:53.870352+00:00
[2026-07-09T21:28:02.059+0000] {logging_mixin.py:190} WARNING - /home/***/.local/lib/python3.12/site-packages/***/task/task_runner/standard_task_runner.py:70 DeprecationWarning: This process (pid=1324) is multi-threaded, use of fork() may lead to deadlocks in the child.
[2026-07-09T21:28:02.057+0000] {standard_task_runner.py:104} INFO - Running: ['***', 'tasks', 'run', '05_sensor', 'generate_summary', 'manual__2026-07-09T21:27:53.870352+00:00', '--job-id', '9', '--raw', '--subdir', 'DAGS_FOLDER/05_sensor.py', '--cfg-path', '/tmp/tmpmvicjbpd']
[2026-07-09T21:28:02.060+0000] {standard_task_runner.py:105} INFO - Job 9: Subtask generate_summary
[2026-07-09T21:28:02.060+0000] {standard_task_runner.py:72} INFO - Started process 1325 to run task
[2026-07-09T21:28:02.130+0000] {task_command.py:467} INFO - Running <TaskInstance: 05_sensor.generate_summary manual__2026-07-09T21:27:53.870352+00:00 [running]> on host 8cff16b43c6d
[2026-07-09T21:28:02.252+0000] {taskinstance.py:3132} INFO - Exporting env vars: AIRFLOW_CTX_DAG_OWNER='***' AIRFLOW_CTX_DAG_ID='05_sensor' AIRFLOW_CTX_TASK_ID='generate_summary' AIRFLOW_CTX_EXECUTION_DATE='2026-07-09T21:27:53.870352+00:00' AIRFLOW_CTX_TRY_NUMBER='1' AIRFLOW_CTX_DAG_RUN_ID='manual__2026-07-09T21:27:53.870352+00:00'
[2026-07-09T21:28:02.254+0000] {taskinstance.py:731} INFO - ::endgroup::
[2026-07-09T21:28:02.318+0000] {logging_mixin.py:190} INFO - 
📋 Summary generated:
[2026-07-09T21:28:02.321+0000] {logging_mixin.py:190} INFO -    - Total orders: 5
[2026-07-09T21:28:02.321+0000] {logging_mixin.py:190} INFO -    - Total revenue: $3,205
[2026-07-09T21:28:02.322+0000] {logging_mixin.py:190} INFO -    - Avg order value: $641.00
[2026-07-09T21:28:02.322+0000] {logging_mixin.py:190} INFO -    - Total customers: 5
[2026-07-09T21:28:02.322+0000] {logging_mixin.py:190} INFO -    - Total products: 5
[2026-07-09T21:28:02.324+0000] {python.py:240} INFO - Done. Returned value was: None
[2026-07-09T21:28:02.339+0000] {taskinstance.py:340} INFO - ::group::Post task execution logs
[2026-07-09T21:28:02.339+0000] {taskinstance.py:352} INFO - Marking task as SUCCESS. dag_id=05_sensor, task_id=generate_summary, run_id=manual__2026-07-09T21:27:53.870352+00:00, execution_date=20260709T212753, start_date=20260709T212802, end_date=20260709T212802
[2026-07-09T21:28:02.397+0000] {local_task_job_runner.py:266} INFO - Task exited with return code 0
[2026-07-09T21:28:02.429+0000] {taskinstance.py:3895} INFO - 0 downstream tasks scheduled from follow-on schedule check
[2026-07-09T21:28:02.432+0000] {local_task_job_runner.py:245} INFO - ::endgroup::
