[2026-07-09T15:47:42.582+0000] {local_task_job_runner.py:123} INFO - ::group::Pre task execution logs
[2026-07-09T15:47:42.611+0000] {taskinstance.py:2613} INFO - Dependencies all met for dep_context=non-requeueable deps ti=<TaskInstance: 04_branch.generate_summary manual__2026-07-09T15:47:35.023132+00:00 [queued]>
[2026-07-09T15:47:42.625+0000] {taskinstance.py:2613} INFO - Dependencies all met for dep_context=requeueable deps ti=<TaskInstance: 04_branch.generate_summary manual__2026-07-09T15:47:35.023132+00:00 [queued]>
[2026-07-09T15:47:42.627+0000] {taskinstance.py:2866} INFO - Starting attempt 1 of 1
[2026-07-09T15:47:42.646+0000] {taskinstance.py:2889} INFO - Executing <Task(PythonOperator): generate_summary> on 2026-07-09 15:47:35.023132+00:00
[2026-07-09T15:47:42.659+0000] {logging_mixin.py:190} WARNING - /home/***/.local/lib/python3.12/site-packages/***/task/task_runner/standard_task_runner.py:70 DeprecationWarning: This process (pid=3486) is multi-threaded, use of fork() may lead to deadlocks in the child.
[2026-07-09T15:47:42.661+0000] {standard_task_runner.py:72} INFO - Started process 3487 to run task
[2026-07-09T15:47:42.658+0000] {standard_task_runner.py:104} INFO - Running: ['***', 'tasks', 'run', '04_branch', 'generate_summary', 'manual__2026-07-09T15:47:35.023132+00:00', '--job-id', '18', '--raw', '--subdir', 'DAGS_FOLDER/04_branch.py', '--cfg-path', '/tmp/tmppp_xyrw9']
[2026-07-09T15:47:42.662+0000] {standard_task_runner.py:105} INFO - Job 18: Subtask generate_summary
[2026-07-09T15:47:42.732+0000] {task_command.py:467} INFO - Running <TaskInstance: 04_branch.generate_summary manual__2026-07-09T15:47:35.023132+00:00 [running]> on host 5a7e11089a04
[2026-07-09T15:47:42.851+0000] {taskinstance.py:3132} INFO - Exporting env vars: AIRFLOW_CTX_DAG_OWNER='***' AIRFLOW_CTX_DAG_ID='04_branch' AIRFLOW_CTX_TASK_ID='generate_summary' AIRFLOW_CTX_EXECUTION_DATE='2026-07-09T15:47:35.023132+00:00' AIRFLOW_CTX_TRY_NUMBER='1' AIRFLOW_CTX_DAG_RUN_ID='manual__2026-07-09T15:47:35.023132+00:00'
[2026-07-09T15:47:42.852+0000] {taskinstance.py:731} INFO - ::endgroup::
[2026-07-09T15:47:42.896+0000] {logging_mixin.py:190} INFO - 
📋 Summary generated:
[2026-07-09T15:47:42.896+0000] {logging_mixin.py:190} INFO -    - Branch: SMALL
[2026-07-09T15:47:42.896+0000] {logging_mixin.py:190} INFO -    - Total orders: 20
[2026-07-09T15:47:42.897+0000] {logging_mixin.py:190} INFO -    - Total revenue: $6037
[2026-07-09T15:47:42.897+0000] {logging_mixin.py:190} INFO -    - Status: Pending=7, Shipped=7, Delivered=1, Cancelled=5
[2026-07-09T15:47:42.899+0000] {python.py:240} INFO - Done. Returned value was: None
[2026-07-09T15:47:42.913+0000] {taskinstance.py:340} INFO - ::group::Post task execution logs
[2026-07-09T15:47:42.913+0000] {taskinstance.py:352} INFO - Marking task as SUCCESS. dag_id=04_branch, task_id=generate_summary, run_id=manual__2026-07-09T15:47:35.023132+00:00, execution_date=20260709T154735, start_date=20260709T154742, end_date=20260709T154742
[2026-07-09T15:47:42.959+0000] {local_task_job_runner.py:266} INFO - Task exited with return code 0
[2026-07-09T15:47:42.983+0000] {taskinstance.py:3895} INFO - 0 downstream tasks scheduled from follow-on schedule check
[2026-07-09T15:47:42.985+0000] {local_task_job_runner.py:245} INFO - ::endgroup::
