[2026-07-10T19:24:10.818+0000] {local_task_job_runner.py:123} INFO - ::group::Pre task execution logs
[2026-07-10T19:24:10.998+0000] {taskinstance.py:2613} INFO - Dependencies all met for dep_context=non-requeueable deps ti=<TaskInstance: 10_sql_operator_pro.update_course_credits manual__2026-07-10T19:24:02.130280+00:00 [queued]>
[2026-07-10T19:24:11.019+0000] {taskinstance.py:2613} INFO - Dependencies all met for dep_context=requeueable deps ti=<TaskInstance: 10_sql_operator_pro.update_course_credits manual__2026-07-10T19:24:02.130280+00:00 [queued]>
[2026-07-10T19:24:11.019+0000] {taskinstance.py:2866} INFO - Starting attempt 1 of 1
[2026-07-10T19:24:11.466+0000] {taskinstance.py:2889} INFO - Executing <Task(PostgresOperator): update_course_credits> on 2026-07-10 19:24:02.130280+00:00
[2026-07-10T19:24:11.582+0000] {logging_mixin.py:190} WARNING - /home/***/.local/lib/python3.12/site-packages/***/task/task_runner/standard_task_runner.py:70 DeprecationWarning: This process (pid=329) is multi-threaded, use of fork() may lead to deadlocks in the child.
[2026-07-10T19:24:11.584+0000] {standard_task_runner.py:72} INFO - Started process 342 to run task
[2026-07-10T19:24:11.576+0000] {standard_task_runner.py:104} INFO - Running: ['***', 'tasks', 'run', '10_sql_operator_pro', 'update_course_credits', 'manual__2026-07-10T19:24:02.130280+00:00', '--job-id', '10', '--raw', '--subdir', 'DAGS_FOLDER/10_sql_operator_pro.py', '--cfg-path', '/tmp/tmpa7p9h7p7']
[2026-07-10T19:24:11.584+0000] {standard_task_runner.py:105} INFO - Job 10: Subtask update_course_credits
[2026-07-10T19:24:12.755+0000] {task_command.py:467} INFO - Running <TaskInstance: 10_sql_operator_pro.update_course_credits manual__2026-07-10T19:24:02.130280+00:00 [running]> on host 9e68c458d5bd
[2026-07-10T19:24:13.374+0000] {taskinstance.py:3132} INFO - Exporting env vars: AIRFLOW_CTX_DAG_OWNER='***' AIRFLOW_CTX_DAG_ID='10_sql_operator_pro' AIRFLOW_CTX_TASK_ID='update_course_credits' AIRFLOW_CTX_EXECUTION_DATE='2026-07-10T19:24:02.130280+00:00' AIRFLOW_CTX_TRY_NUMBER='1' AIRFLOW_CTX_DAG_RUN_ID='manual__2026-07-10T19:24:02.130280+00:00'
[2026-07-10T19:24:13.380+0000] {taskinstance.py:731} INFO - ::endgroup::
[2026-07-10T19:24:13.416+0000] {sql.py:278} INFO - Executing: 
            UPDATE t10_courses 
            SET credits = credits + 1 
            WHERE department = 'Physics';
            
            SELECT course_name, credits 
            FROM t10_courses 
            WHERE department = 'Physics';
        
[2026-07-10T19:24:13.418+0000] {crypto.py:82} WARNING - empty cryptography key - values will not be stored encrypted.
[2026-07-10T19:24:13.420+0000] {base.py:84} INFO - Retrieving connection 'etl_postgres'
[2026-07-10T19:24:13.449+0000] {base.py:84} INFO - Retrieving connection 'etl_postgres'
[2026-07-10T19:24:13.459+0000] {sql.py:544} INFO - Running statement: 
            UPDATE t10_courses 
            SET credits = credits + 1 
            WHERE department = 'Physics';
            
            SELECT course_name, credits 
            FROM t10_courses 
            WHERE department = 'Physics';
        , parameters: None
[2026-07-10T19:24:13.468+0000] {sql.py:553} INFO - Rows affected: 2
[2026-07-10T19:24:13.611+0000] {taskinstance.py:340} INFO - ::group::Post task execution logs
[2026-07-10T19:24:13.612+0000] {taskinstance.py:352} INFO - Marking task as SUCCESS. dag_id=10_sql_operator_pro, task_id=update_course_credits, run_id=manual__2026-07-10T19:24:02.130280+00:00, execution_date=20260710T192402, start_date=20260710T192410, end_date=20260710T192413
[2026-07-10T19:24:13.675+0000] {local_task_job_runner.py:266} INFO - Task exited with return code 0
[2026-07-10T19:24:13.710+0000] {taskinstance.py:3895} INFO - 0 downstream tasks scheduled from follow-on schedule check
[2026-07-10T19:24:13.713+0000] {local_task_job_runner.py:245} INFO - ::endgroup::
