[2026-07-09T15:52:27.428+0000] {local_task_job_runner.py:123} INFO - ::group::Pre task execution logs
[2026-07-09T15:52:27.451+0000] {taskinstance.py:2613} INFO - Dependencies all met for dep_context=non-requeueable deps ti=<TaskInstance: 04_branch.check_data_size manual__2026-07-09T15:52:22.582647+00:00 [queued]>
[2026-07-09T15:52:27.464+0000] {taskinstance.py:2613} INFO - Dependencies all met for dep_context=requeueable deps ti=<TaskInstance: 04_branch.check_data_size manual__2026-07-09T15:52:22.582647+00:00 [queued]>
[2026-07-09T15:52:27.464+0000] {taskinstance.py:2866} INFO - Starting attempt 1 of 1
[2026-07-09T15:52:27.485+0000] {taskinstance.py:2889} INFO - Executing <Task(BranchPythonOperator): check_data_size> on 2026-07-09 15:52:22.582647+00:00
[2026-07-09T15:52:27.503+0000] {logging_mixin.py:190} WARNING - /home/***/.local/lib/python3.12/site-packages/***/task/task_runner/standard_task_runner.py:70 DeprecationWarning: This process (pid=3728) is multi-threaded, use of fork() may lead to deadlocks in the child.
[2026-07-09T15:52:27.500+0000] {standard_task_runner.py:104} INFO - Running: ['***', 'tasks', 'run', '04_branch', 'check_data_size', 'manual__2026-07-09T15:52:22.582647+00:00', '--job-id', '22', '--raw', '--subdir', 'DAGS_FOLDER/04_branch.py', '--cfg-path', '/tmp/tmp4wo0bgpc']
[2026-07-09T15:52:27.505+0000] {standard_task_runner.py:105} INFO - Job 22: Subtask check_data_size
[2026-07-09T15:52:27.505+0000] {standard_task_runner.py:72} INFO - Started process 3729 to run task
[2026-07-09T15:52:27.603+0000] {task_command.py:467} INFO - Running <TaskInstance: 04_branch.check_data_size manual__2026-07-09T15:52:22.582647+00:00 [running]> on host 5a7e11089a04
[2026-07-09T15:52:27.728+0000] {taskinstance.py:3132} INFO - Exporting env vars: AIRFLOW_CTX_DAG_OWNER='***' AIRFLOW_CTX_DAG_ID='04_branch' AIRFLOW_CTX_TASK_ID='check_data_size' AIRFLOW_CTX_EXECUTION_DATE='2026-07-09T15:52:22.582647+00:00' AIRFLOW_CTX_TRY_NUMBER='1' AIRFLOW_CTX_DAG_RUN_ID='manual__2026-07-09T15:52:22.582647+00:00'
[2026-07-09T15:52:27.728+0000] {taskinstance.py:731} INFO - ::endgroup::
[2026-07-09T15:52:27.748+0000] {baseoperator.py:416} WARNING - BranchPythonOperator.execute cannot be called outside TaskInstance!
[2026-07-09T15:52:27.760+0000] {logging_mixin.py:190} INFO - 📊 Total orders: 79
[2026-07-09T15:52:27.761+0000] {logging_mixin.py:190} INFO - ➡️ Branch: MEDIUM (standard processing)
[2026-07-09T15:52:27.761+0000] {python.py:240} INFO - Done. Returned value was: process_medium
[2026-07-09T15:52:27.761+0000] {branch.py:38} INFO - Branch into process_medium
[2026-07-09T15:52:27.762+0000] {skipmixin.py:230} INFO - Following branch ('process_medium',)
[2026-07-09T15:52:27.785+0000] {skipmixin.py:278} INFO - Skipping tasks [('process_large', -1), ('process_small', -1)]
[2026-07-09T15:52:27.831+0000] {taskinstance.py:340} INFO - ::group::Post task execution logs
[2026-07-09T15:52:27.831+0000] {taskinstance.py:352} INFO - Marking task as SUCCESS. dag_id=04_branch, task_id=check_data_size, run_id=manual__2026-07-09T15:52:22.582647+00:00, execution_date=20260709T155222, start_date=20260709T155227, end_date=20260709T155227
[2026-07-09T15:52:27.889+0000] {local_task_job_runner.py:266} INFO - Task exited with return code 0
[2026-07-09T15:52:27.940+0000] {taskinstance.py:3895} INFO - 1 downstream tasks scheduled from follow-on schedule check
[2026-07-09T15:52:27.943+0000] {local_task_job_runner.py:245} INFO - ::endgroup::
