[2026-07-09T21:27:57.662+0000] {local_task_job_runner.py:123} INFO - ::group::Pre task execution logs
[2026-07-09T21:27:57.709+0000] {taskinstance.py:2613} INFO - Dependencies all met for dep_context=non-requeueable deps ti=<TaskInstance: 05_sensor.wait_for_orders manual__2026-07-09T21:27:53.870352+00:00 [queued]>
[2026-07-09T21:27:57.734+0000] {taskinstance.py:2613} INFO - Dependencies all met for dep_context=requeueable deps ti=<TaskInstance: 05_sensor.wait_for_orders manual__2026-07-09T21:27:53.870352+00:00 [queued]>
[2026-07-09T21:27:57.734+0000] {taskinstance.py:2866} INFO - Starting attempt 1 of 1
[2026-07-09T21:27:57.768+0000] {taskinstance.py:2889} INFO - Executing <Task(FileSensor): wait_for_orders> on 2026-07-09 21:27:53.870352+00:00
[2026-07-09T21:27:57.785+0000] {standard_task_runner.py:104} INFO - Running: ['***', 'tasks', 'run', '05_sensor', 'wait_for_orders', 'manual__2026-07-09T21:27:53.870352+00:00', '--job-id', '5', '--raw', '--subdir', 'DAGS_FOLDER/05_sensor.py', '--cfg-path', '/tmp/tmpiilyaphd']
[2026-07-09T21:27:57.787+0000] {logging_mixin.py:190} WARNING - /home/***/.local/lib/python3.12/site-packages/***/task/task_runner/standard_task_runner.py:70 DeprecationWarning: This process (pid=1288) is multi-threaded, use of fork() may lead to deadlocks in the child.
[2026-07-09T21:27:57.789+0000] {standard_task_runner.py:105} INFO - Job 5: Subtask wait_for_orders
[2026-07-09T21:27:57.789+0000] {standard_task_runner.py:72} INFO - Started process 1293 to run task
[2026-07-09T21:27:57.915+0000] {task_command.py:467} INFO - Running <TaskInstance: 05_sensor.wait_for_orders manual__2026-07-09T21:27:53.870352+00:00 [running]> on host 8cff16b43c6d
[2026-07-09T21:27:58.047+0000] {taskinstance.py:3132} INFO - Exporting env vars: AIRFLOW_CTX_DAG_OWNER='***' AIRFLOW_CTX_DAG_ID='05_sensor' AIRFLOW_CTX_TASK_ID='wait_for_orders' AIRFLOW_CTX_EXECUTION_DATE='2026-07-09T21:27:53.870352+00:00' AIRFLOW_CTX_TRY_NUMBER='1' AIRFLOW_CTX_DAG_RUN_ID='manual__2026-07-09T21:27:53.870352+00:00'
[2026-07-09T21:27:58.048+0000] {taskinstance.py:731} INFO - ::endgroup::
[2026-07-09T21:27:58.067+0000] {baseoperator.py:416} WARNING - FileSensor.execute cannot be called outside TaskInstance!
[2026-07-09T21:27:58.089+0000] {base.py:84} INFO - Retrieving connection 'fs_default'
[2026-07-09T21:27:58.090+0000] {filesystem.py:109} INFO - Poking for file /opt/***/data/05/orders.csv
[2026-07-09T21:27:58.091+0000] {filesystem.py:113} INFO - Found File /opt/***/data/05/orders.csv last modified: 20260709162144
[2026-07-09T21:27:58.092+0000] {base.py:336} INFO - Success criteria met. Exiting.
[2026-07-09T21:27:58.092+0000] {filesystem.py:109} INFO - Poking for file /opt/***/data/05/orders.csv
[2026-07-09T21:27:58.093+0000] {filesystem.py:113} INFO - Found File /opt/***/data/05/orders.csv last modified: 20260709162144
[2026-07-09T21:27:58.111+0000] {taskinstance.py:340} INFO - ::group::Post task execution logs
[2026-07-09T21:27:58.112+0000] {taskinstance.py:352} INFO - Marking task as SUCCESS. dag_id=05_sensor, task_id=wait_for_orders, run_id=manual__2026-07-09T21:27:53.870352+00:00, execution_date=20260709T212753, start_date=20260709T212757, end_date=20260709T212758
[2026-07-09T21:27:58.172+0000] {local_task_job_runner.py:266} INFO - Task exited with return code 0
[2026-07-09T21:27:58.229+0000] {taskinstance.py:3895} INFO - 2 downstream tasks scheduled from follow-on schedule check
[2026-07-09T21:27:58.231+0000] {local_task_job_runner.py:245} INFO - ::endgroup::
