[2026-09-10T03:09:12.940+0000] {local_task_job_runner.py:123} INFO - ::group::Pre task execution logs
[2026-09-10T03:09:12.972+0000] {taskinstance.py:2613} INFO - Dependencies all met for dep_context=non-requeueable deps ti=<TaskInstance: 03_parallel.process_products manual__2026-09-10T03:09:10.192668+00:00 [queued]>
[2026-09-10T03:09:12.984+0000] {taskinstance.py:2613} INFO - Dependencies all met for dep_context=requeueable deps ti=<TaskInstance: 03_parallel.process_products manual__2026-09-10T03:09:10.192668+00:00 [queued]>
[2026-09-10T03:09:12.984+0000] {taskinstance.py:2866} INFO - Starting attempt 1 of 1
[2026-09-10T03:09:13.003+0000] {taskinstance.py:2889} INFO - Executing <Task(PythonOperator): process_products> on 2026-09-10 03:09:10.192668+00:00
[2026-09-10T03:09:13.021+0000] {logging_mixin.py:190} WARNING - /home/***/.local/lib/python3.12/site-packages/***/task/task_runner/standard_task_runner.py:70 DeprecationWarning: This process (pid=2990) is multi-threaded, use of fork() may lead to deadlocks in the child.
[2026-09-10T03:09:13.024+0000] {standard_task_runner.py:72} INFO - Started process 2994 to run task
[2026-09-10T03:09:13.020+0000] {standard_task_runner.py:104} INFO - Running: ['***', 'tasks', 'run', '03_parallel', 'process_products', 'manual__2026-09-10T03:09:10.192668+00:00', '--job-id', '13', '--raw', '--subdir', 'DAGS_FOLDER/03_parallel.py', '--cfg-path', '/tmp/tmpn3r0ja_7']
[2026-09-10T03:09:13.028+0000] {standard_task_runner.py:105} INFO - Job 13: Subtask process_products
[2026-09-10T03:09:13.202+0000] {task_command.py:467} INFO - Running <TaskInstance: 03_parallel.process_products manual__2026-09-10T03:09:10.192668+00:00 [running]> on host 205a39116a9d
[2026-09-10T03:09:13.585+0000] {taskinstance.py:3132} INFO - Exporting env vars: AIRFLOW_CTX_DAG_OWNER='***' AIRFLOW_CTX_DAG_ID='03_parallel' AIRFLOW_CTX_TASK_ID='process_products' AIRFLOW_CTX_EXECUTION_DATE='2026-09-10T03:09:10.192668+00:00' AIRFLOW_CTX_TRY_NUMBER='1' AIRFLOW_CTX_DAG_RUN_ID='manual__2026-09-10T03:09:10.192668+00:00'
[2026-09-10T03:09:13.586+0000] {taskinstance.py:731} INFO - ::endgroup::
[2026-09-10T03:09:13.619+0000] {logging_mixin.py:190} INFO - 📊 products.csv: 10 rows
[2026-09-10T03:09:13.619+0000] {logging_mixin.py:190} INFO -    Sample: {'product_id': '1', 'name': 'Laptop Pro', 'price': '1200', 'category': 'Electronics'}
[2026-09-10T03:09:13.620+0000] {logging_mixin.py:190} INFO -    Average price: 219.00
[2026-09-10T03:09:13.621+0000] {python.py:240} INFO - Done. Returned value was: None
[2026-09-10T03:09:13.643+0000] {taskinstance.py:340} INFO - ::group::Post task execution logs
[2026-09-10T03:09:13.644+0000] {taskinstance.py:352} INFO - Marking task as SUCCESS. dag_id=03_parallel, task_id=process_products, run_id=manual__2026-09-10T03:09:10.192668+00:00, execution_date=20260910T030910, start_date=20260910T030912, end_date=20260910T030913
[2026-09-10T03:09:13.692+0000] {local_task_job_runner.py:266} INFO - Task exited with return code 0
[2026-09-10T03:09:13.709+0000] {local_task_job_runner.py:245} INFO - ::endgroup::
