[2026-07-10T19:49:20.381+0000] {local_task_job_runner.py:123} INFO - ::group::Pre task execution logs
[2026-07-10T19:49:20.410+0000] {taskinstance.py:2613} INFO - Dependencies all met for dep_context=non-requeueable deps ti=<TaskInstance: 05_sensor.wait_for_orders manual__2026-07-10T19:49:16.535683+00:00 [queued]>
[2026-07-10T19:49:20.421+0000] {taskinstance.py:2613} INFO - Dependencies all met for dep_context=requeueable deps ti=<TaskInstance: 05_sensor.wait_for_orders manual__2026-07-10T19:49:16.535683+00:00 [queued]>
[2026-07-10T19:49:20.422+0000] {taskinstance.py:2866} INFO - Starting attempt 1 of 1
[2026-07-10T19:49:20.443+0000] {taskinstance.py:2889} INFO - Executing <Task(FileSensor): wait_for_orders> on 2026-07-10 19:49:16.535683+00:00
[2026-07-10T19:49:20.454+0000] {logging_mixin.py:190} WARNING - /home/***/.local/lib/python3.12/site-packages/***/task/task_runner/standard_task_runner.py:70 DeprecationWarning: This process (pid=1383) is multi-threaded, use of fork() may lead to deadlocks in the child.
[2026-07-10T19:49:20.458+0000] {standard_task_runner.py:72} INFO - Started process 1384 to run task
[2026-07-10T19:49:20.454+0000] {standard_task_runner.py:104} INFO - Running: ['***', 'tasks', 'run', '05_sensor', 'wait_for_orders', 'manual__2026-07-10T19:49:16.535683+00:00', '--job-id', '59', '--raw', '--subdir', 'DAGS_FOLDER/05_sensor.py', '--cfg-path', '/tmp/tmp7umtyuf3']
[2026-07-10T19:49:20.460+0000] {standard_task_runner.py:105} INFO - Job 59: Subtask wait_for_orders
[2026-07-10T19:49:20.544+0000] {task_command.py:467} INFO - Running <TaskInstance: 05_sensor.wait_for_orders manual__2026-07-10T19:49:16.535683+00:00 [running]> on host 35bdc1b28d94
[2026-07-10T19:49:20.703+0000] {taskinstance.py:3132} INFO - Exporting env vars: AIRFLOW_CTX_DAG_OWNER='***' AIRFLOW_CTX_DAG_ID='05_sensor' AIRFLOW_CTX_TASK_ID='wait_for_orders' AIRFLOW_CTX_EXECUTION_DATE='2026-07-10T19:49:16.535683+00:00' AIRFLOW_CTX_TRY_NUMBER='1' AIRFLOW_CTX_DAG_RUN_ID='manual__2026-07-10T19:49:16.535683+00:00'
[2026-07-10T19:49:20.706+0000] {taskinstance.py:731} INFO - ::endgroup::
[2026-07-10T19:49:20.730+0000] {baseoperator.py:416} WARNING - FileSensor.execute cannot be called outside TaskInstance!
[2026-07-10T19:49:20.776+0000] {base.py:84} INFO - Retrieving connection 'fs_default'
[2026-07-10T19:49:20.777+0000] {filesystem.py:109} INFO - Poking for file /opt/***/data/05/orders.csv
[2026-07-10T19:49:20.779+0000] {filesystem.py:113} INFO - Found File /opt/***/data/05/orders.csv last modified: 20260709214349
[2026-07-10T19:49:20.780+0000] {base.py:336} INFO - Success criteria met. Exiting.
[2026-07-10T19:49:20.781+0000] {filesystem.py:109} INFO - Poking for file /opt/***/data/05/orders.csv
[2026-07-10T19:49:20.781+0000] {filesystem.py:113} INFO - Found File /opt/***/data/05/orders.csv last modified: 20260709214349
[2026-07-10T19:49:20.798+0000] {taskinstance.py:340} INFO - ::group::Post task execution logs
[2026-07-10T19:49:20.798+0000] {taskinstance.py:352} INFO - Marking task as SUCCESS. dag_id=05_sensor, task_id=wait_for_orders, run_id=manual__2026-07-10T19:49:16.535683+00:00, execution_date=20260710T194916, start_date=20260710T194920, end_date=20260710T194920
[2026-07-10T19:49:20.837+0000] {local_task_job_runner.py:266} INFO - Task exited with return code 0
[2026-07-10T19:49:20.893+0000] {taskinstance.py:3895} INFO - 2 downstream tasks scheduled from follow-on schedule check
[2026-07-10T19:49:20.895+0000] {local_task_job_runner.py:245} INFO - ::endgroup::
