[2026-07-10T19:44:54.699+0000] {local_task_job_runner.py:123} INFO - ::group::Pre task execution logs
[2026-07-10T19:44:54.763+0000] {taskinstance.py:2613} INFO - Dependencies all met for dep_context=non-requeueable deps ti=<TaskInstance: 10_sql_operator_pro.department_performance manual__2026-07-10T19:44:48.859845+00:00 [queued]>
[2026-07-10T19:44:54.796+0000] {taskinstance.py:2613} INFO - Dependencies all met for dep_context=requeueable deps ti=<TaskInstance: 10_sql_operator_pro.department_performance manual__2026-07-10T19:44:48.859845+00:00 [queued]>
[2026-07-10T19:44:54.798+0000] {taskinstance.py:2866} INFO - Starting attempt 1 of 1
[2026-07-10T19:44:54.838+0000] {taskinstance.py:2889} INFO - Executing <Task(PostgresOperator): department_performance> on 2026-07-10 19:44:48.859845+00:00
[2026-07-10T19:44:54.865+0000] {logging_mixin.py:190} WARNING - /home/***/.local/lib/python3.12/site-packages/***/task/task_runner/standard_task_runner.py:70 DeprecationWarning: This process (pid=861) is multi-threaded, use of fork() may lead to deadlocks in the child.
[2026-07-10T19:44:54.868+0000] {standard_task_runner.py:72} INFO - Started process 871 to run task
[2026-07-10T19:44:54.869+0000] {standard_task_runner.py:104} INFO - Running: ['***', 'tasks', 'run', '10_sql_operator_pro', 'department_performance', 'manual__2026-07-10T19:44:48.859845+00:00', '--job-id', '37', '--raw', '--subdir', 'DAGS_FOLDER/10_sql_operator_pro.py', '--cfg-path', '/tmp/tmpaqqrky6g']
[2026-07-10T19:44:54.875+0000] {standard_task_runner.py:105} INFO - Job 37: Subtask department_performance
[2026-07-10T19:44:55.281+0000] {task_command.py:467} INFO - Running <TaskInstance: 10_sql_operator_pro.department_performance manual__2026-07-10T19:44:48.859845+00:00 [running]> on host 35bdc1b28d94
[2026-07-10T19:44:56.034+0000] {taskinstance.py:3132} INFO - Exporting env vars: AIRFLOW_CTX_DAG_OWNER='***' AIRFLOW_CTX_DAG_ID='10_sql_operator_pro' AIRFLOW_CTX_TASK_ID='department_performance' AIRFLOW_CTX_EXECUTION_DATE='2026-07-10T19:44:48.859845+00:00' AIRFLOW_CTX_TRY_NUMBER='1' AIRFLOW_CTX_DAG_RUN_ID='manual__2026-07-10T19:44:48.859845+00:00'
[2026-07-10T19:44:56.049+0000] {taskinstance.py:731} INFO - ::endgroup::
[2026-07-10T19:44:56.132+0000] {sql.py:278} INFO - Executing: 
            SELECT 
                c.department,
                COUNT(DISTINCT s.student_id) as total_students,
                COUNT(e.enrollment_id) as total_enrollments,
                ROUND(AVG(CASE 
                    WHEN e.grade = 'A' THEN 4.0
                    WHEN e.grade = 'A-' THEN 3.7
                    WHEN e.grade = 'B+' THEN 3.3
                    WHEN e.grade = 'B' THEN 3.0
                    WHEN e.grade = 'B-' THEN 2.7
                    WHEN e.grade = 'C+' THEN 2.3
                    WHEN e.grade = 'C' THEN 2.0
                    ELSE 0
                END)::numeric, 2) as avg_gpa
            FROM t10_courses c
            LEFT JOIN t10_enrollments e ON c.course_id = e.course_id
            LEFT JOIN t10_students s ON e.student_id = s.student_id
            GROUP BY c.department
            ORDER BY avg_gpa DESC;
        
[2026-07-10T19:44:56.141+0000] {crypto.py:82} WARNING - empty cryptography key - values will not be stored encrypted.
[2026-07-10T19:44:56.157+0000] {base.py:84} INFO - Retrieving connection 'etl_postgres'
[2026-07-10T19:44:56.178+0000] {base.py:84} INFO - Retrieving connection 'etl_postgres'
[2026-07-10T19:44:56.231+0000] {sql.py:544} INFO - Running statement: 
            SELECT 
                c.department,
                COUNT(DISTINCT s.student_id) as total_students,
                COUNT(e.enrollment_id) as total_enrollments,
                ROUND(AVG(CASE 
                    WHEN e.grade = 'A' THEN 4.0
                    WHEN e.grade = 'A-' THEN 3.7
                    WHEN e.grade = 'B+' THEN 3.3
                    WHEN e.grade = 'B' THEN 3.0
                    WHEN e.grade = 'B-' THEN 2.7
                    WHEN e.grade = 'C+' THEN 2.3
                    WHEN e.grade = 'C' THEN 2.0
                    ELSE 0
                END)::numeric, 2) as avg_gpa
            FROM t10_courses c
            LEFT JOIN t10_enrollments e ON c.course_id = e.course_id
            LEFT JOIN t10_students s ON e.student_id = s.student_id
            GROUP BY c.department
            ORDER BY avg_gpa DESC;
        , parameters: None
[2026-07-10T19:44:56.238+0000] {sql.py:553} INFO - Rows affected: 5
[2026-07-10T19:44:56.369+0000] {taskinstance.py:340} INFO - ::group::Post task execution logs
[2026-07-10T19:44:56.370+0000] {taskinstance.py:352} INFO - Marking task as SUCCESS. dag_id=10_sql_operator_pro, task_id=department_performance, run_id=manual__2026-07-10T19:44:48.859845+00:00, execution_date=20260710T194448, start_date=20260710T194454, end_date=20260710T194456
[2026-07-10T19:44:56.457+0000] {local_task_job_runner.py:266} INFO - Task exited with return code 0
[2026-07-10T19:44:56.614+0000] {taskinstance.py:3895} INFO - 0 downstream tasks scheduled from follow-on schedule check
[2026-07-10T19:44:56.618+0000] {local_task_job_runner.py:245} INFO - ::endgroup::
