[2026-07-09T15:47:41.337+0000] {local_task_job_runner.py:123} INFO - ::group::Pre task execution logs
[2026-07-09T15:47:41.366+0000] {taskinstance.py:2613} INFO - Dependencies all met for dep_context=non-requeueable deps ti=<TaskInstance: 04_branch.process_small manual__2026-07-09T15:47:35.023132+00:00 [queued]>
[2026-07-09T15:47:41.381+0000] {taskinstance.py:2613} INFO - Dependencies all met for dep_context=requeueable deps ti=<TaskInstance: 04_branch.process_small manual__2026-07-09T15:47:35.023132+00:00 [queued]>
[2026-07-09T15:47:41.381+0000] {taskinstance.py:2866} INFO - Starting attempt 1 of 1
[2026-07-09T15:47:41.396+0000] {taskinstance.py:2889} INFO - Executing <Task(PythonOperator): process_small> on 2026-07-09 15:47:35.023132+00:00
[2026-07-09T15:47:41.404+0000] {standard_task_runner.py:104} INFO - Running: ['***', 'tasks', 'run', '04_branch', 'process_small', 'manual__2026-07-09T15:47:35.023132+00:00', '--job-id', '17', '--raw', '--subdir', 'DAGS_FOLDER/04_branch.py', '--cfg-path', '/tmp/tmpep63pi5i']
[2026-07-09T15:47:41.405+0000] {logging_mixin.py:190} WARNING - /home/***/.local/lib/python3.12/site-packages/***/task/task_runner/standard_task_runner.py:70 DeprecationWarning: This process (pid=3483) is multi-threaded, use of fork() may lead to deadlocks in the child.
[2026-07-09T15:47:41.408+0000] {standard_task_runner.py:72} INFO - Started process 3484 to run task
[2026-07-09T15:47:41.408+0000] {standard_task_runner.py:105} INFO - Job 17: Subtask process_small
[2026-07-09T15:47:41.477+0000] {task_command.py:467} INFO - Running <TaskInstance: 04_branch.process_small manual__2026-07-09T15:47:35.023132+00:00 [running]> on host 5a7e11089a04
[2026-07-09T15:47:41.587+0000] {taskinstance.py:3132} INFO - Exporting env vars: AIRFLOW_CTX_DAG_OWNER='***' AIRFLOW_CTX_DAG_ID='04_branch' AIRFLOW_CTX_TASK_ID='process_small' AIRFLOW_CTX_EXECUTION_DATE='2026-07-09T15:47:35.023132+00:00' AIRFLOW_CTX_TRY_NUMBER='1' AIRFLOW_CTX_DAG_RUN_ID='manual__2026-07-09T15:47:35.023132+00:00'
[2026-07-09T15:47:41.588+0000] {taskinstance.py:731} INFO - ::endgroup::
[2026-07-09T15:47:41.606+0000] {logging_mixin.py:190} INFO - 🟢 Processing SMALL order volume (< 30 orders)
[2026-07-09T15:47:41.607+0000] {logging_mixin.py:190} INFO -    - Quick validation
[2026-07-09T15:47:41.607+0000] {logging_mixin.py:190} INFO -    - Simple aggregation
[2026-07-09T15:47:41.608+0000] {logging_mixin.py:190} INFO -    - Fast execution
[2026-07-09T15:47:41.608+0000] {python.py:240} INFO - Done. Returned value was: None
[2026-07-09T15:47:41.621+0000] {taskinstance.py:340} INFO - ::group::Post task execution logs
[2026-07-09T15:47:41.621+0000] {taskinstance.py:352} INFO - Marking task as SUCCESS. dag_id=04_branch, task_id=process_small, run_id=manual__2026-07-09T15:47:35.023132+00:00, execution_date=20260709T154735, start_date=20260709T154741, end_date=20260709T154741
[2026-07-09T15:47:41.665+0000] {local_task_job_runner.py:266} INFO - Task exited with return code 0
[2026-07-09T15:47:41.696+0000] {taskinstance.py:3895} INFO - 1 downstream tasks scheduled from follow-on schedule check
[2026-07-09T15:47:41.698+0000] {local_task_job_runner.py:245} INFO - ::endgroup::
