[2026-07-09T21:43:26.599+0000] {local_task_job_runner.py:123} INFO - ::group::Pre task execution logs
[2026-07-09T21:43:26.640+0000] {taskinstance.py:2613} INFO - Dependencies all met for dep_context=non-requeueable deps ti=<TaskInstance: 05_sensor.wait_for_orders manual__2026-07-09T21:43:20.494334+00:00 [queued]>
[2026-07-09T21:43:26.656+0000] {taskinstance.py:2613} INFO - Dependencies all met for dep_context=requeueable deps ti=<TaskInstance: 05_sensor.wait_for_orders manual__2026-07-09T21:43:20.494334+00:00 [queued]>
[2026-07-09T21:43:26.656+0000] {taskinstance.py:2866} INFO - Starting attempt 1 of 1
[2026-07-09T21:43:26.678+0000] {taskinstance.py:2889} INFO - Executing <Task(FileSensor): wait_for_orders> on 2026-07-09 21:43:20.494334+00:00
[2026-07-09T21:43:26.693+0000] {standard_task_runner.py:104} INFO - Running: ['***', 'tasks', 'run', '05_sensor', 'wait_for_orders', 'manual__2026-07-09T21:43:20.494334+00:00', '--job-id', '11', '--raw', '--subdir', 'DAGS_FOLDER/05_sensor.py', '--cfg-path', '/tmp/tmptlt6aeb8']
[2026-07-09T21:43:26.697+0000] {standard_task_runner.py:105} INFO - Job 11: Subtask wait_for_orders
[2026-07-09T21:43:26.697+0000] {logging_mixin.py:190} WARNING - /home/***/.local/lib/python3.12/site-packages/***/task/task_runner/standard_task_runner.py:70 DeprecationWarning: This process (pid=2235) is multi-threaded, use of fork() may lead to deadlocks in the child.
[2026-07-09T21:43:26.698+0000] {standard_task_runner.py:72} INFO - Started process 2236 to run task
[2026-07-09T21:43:26.860+0000] {task_command.py:467} INFO - Running <TaskInstance: 05_sensor.wait_for_orders manual__2026-07-09T21:43:20.494334+00:00 [running]> on host 8cff16b43c6d
[2026-07-09T21:43:27.116+0000] {taskinstance.py:3132} INFO - Exporting env vars: AIRFLOW_CTX_DAG_OWNER='***' AIRFLOW_CTX_DAG_ID='05_sensor' AIRFLOW_CTX_TASK_ID='wait_for_orders' AIRFLOW_CTX_EXECUTION_DATE='2026-07-09T21:43:20.494334+00:00' AIRFLOW_CTX_TRY_NUMBER='1' AIRFLOW_CTX_DAG_RUN_ID='manual__2026-07-09T21:43:20.494334+00:00'
[2026-07-09T21:43:27.120+0000] {taskinstance.py:731} INFO - ::endgroup::
[2026-07-09T21:43:27.157+0000] {baseoperator.py:416} WARNING - FileSensor.execute cannot be called outside TaskInstance!
[2026-07-09T21:43:27.207+0000] {base.py:84} INFO - Retrieving connection 'fs_default'
[2026-07-09T21:43:27.208+0000] {filesystem.py:109} INFO - Poking for file /opt/***/data/05/orders.csv
[2026-07-09T21:43:37.209+0000] {filesystem.py:109} INFO - Poking for file /opt/***/data/05/orders.csv
[2026-07-09T21:43:47.213+0000] {filesystem.py:109} INFO - Poking for file /opt/***/data/05/orders.csv
[2026-07-09T21:43:57.215+0000] {filesystem.py:109} INFO - Poking for file /opt/***/data/05/orders.csv
[2026-07-09T21:43:57.220+0000] {filesystem.py:113} INFO - Found File /opt/***/data/05/orders.csv last modified: 20260709214349
[2026-07-09T21:43:57.221+0000] {base.py:336} INFO - Success criteria met. Exiting.
[2026-07-09T21:43:57.222+0000] {filesystem.py:109} INFO - Poking for file /opt/***/data/05/orders.csv
[2026-07-09T21:43:57.224+0000] {filesystem.py:113} INFO - Found File /opt/***/data/05/orders.csv last modified: 20260709214349
[2026-07-09T21:43:57.250+0000] {taskinstance.py:340} INFO - ::group::Post task execution logs
[2026-07-09T21:43:57.251+0000] {taskinstance.py:352} INFO - Marking task as SUCCESS. dag_id=05_sensor, task_id=wait_for_orders, run_id=manual__2026-07-09T21:43:20.494334+00:00, execution_date=20260709T214320, start_date=20260709T214326, end_date=20260709T214357
[2026-07-09T21:43:57.297+0000] {local_task_job_runner.py:266} INFO - Task exited with return code 0
[2026-07-09T21:43:57.387+0000] {taskinstance.py:3895} INFO - 2 downstream tasks scheduled from follow-on schedule check
[2026-07-09T21:43:57.392+0000] {local_task_job_runner.py:245} INFO - ::endgroup::
