[2026-07-10T19:24:10.942+0000] {local_task_job_runner.py:123} INFO - ::group::Pre task execution logs
[2026-07-10T19:24:11.004+0000] {taskinstance.py:2613} INFO - Dependencies all met for dep_context=non-requeueable deps ti=<TaskInstance: 10_sql_operator_pro.students_by_major manual__2026-07-10T19:24:02.130280+00:00 [queued]>
[2026-07-10T19:24:11.019+0000] {taskinstance.py:2613} INFO - Dependencies all met for dep_context=requeueable deps ti=<TaskInstance: 10_sql_operator_pro.students_by_major manual__2026-07-10T19:24:02.130280+00:00 [queued]>
[2026-07-10T19:24:11.019+0000] {taskinstance.py:2866} INFO - Starting attempt 1 of 1
[2026-07-10T19:24:11.392+0000] {taskinstance.py:2889} INFO - Executing <Task(PostgresOperator): students_by_major> on 2026-07-10 19:24:02.130280+00:00
[2026-07-10T19:24:11.519+0000] {standard_task_runner.py:104} INFO - Running: ['***', 'tasks', 'run', '10_sql_operator_pro', 'students_by_major', 'manual__2026-07-10T19:24:02.130280+00:00', '--job-id', '11', '--raw', '--subdir', 'DAGS_FOLDER/10_sql_operator_pro.py', '--cfg-path', '/tmp/tmp_nsqaedo']
[2026-07-10T19:24:11.544+0000] {standard_task_runner.py:105} INFO - Job 11: Subtask students_by_major
[2026-07-10T19:24:11.522+0000] {logging_mixin.py:190} WARNING - /home/***/.local/lib/python3.12/site-packages/***/task/task_runner/standard_task_runner.py:70 DeprecationWarning: This process (pid=326) is multi-threaded, use of fork() may lead to deadlocks in the child.
[2026-07-10T19:24:11.546+0000] {standard_task_runner.py:72} INFO - Started process 339 to run task
[2026-07-10T19:24:12.067+0000] {task_command.py:467} INFO - Running <TaskInstance: 10_sql_operator_pro.students_by_major manual__2026-07-10T19:24:02.130280+00:00 [running]> on host 9e68c458d5bd
[2026-07-10T19:24:13.103+0000] {taskinstance.py:3132} INFO - Exporting env vars: AIRFLOW_CTX_DAG_OWNER='***' AIRFLOW_CTX_DAG_ID='10_sql_operator_pro' AIRFLOW_CTX_TASK_ID='students_by_major' AIRFLOW_CTX_EXECUTION_DATE='2026-07-10T19:24:02.130280+00:00' AIRFLOW_CTX_TRY_NUMBER='1' AIRFLOW_CTX_DAG_RUN_ID='manual__2026-07-10T19:24:02.130280+00:00'
[2026-07-10T19:24:13.104+0000] {taskinstance.py:731} INFO - ::endgroup::
[2026-07-10T19:24:13.238+0000] {sql.py:278} INFO - Executing: 
            SELECT major, COUNT(*) as student_count 
            FROM t10_students 
            GROUP BY major 
            ORDER BY student_count DESC;
        
[2026-07-10T19:24:13.250+0000] {crypto.py:82} WARNING - empty cryptography key - values will not be stored encrypted.
[2026-07-10T19:24:13.251+0000] {base.py:84} INFO - Retrieving connection 'etl_postgres'
[2026-07-10T19:24:13.260+0000] {base.py:84} INFO - Retrieving connection 'etl_postgres'
[2026-07-10T19:24:13.302+0000] {sql.py:544} INFO - Running statement: 
            SELECT major, COUNT(*) as student_count 
            FROM t10_students 
            GROUP BY major 
            ORDER BY student_count DESC;
        , parameters: None
[2026-07-10T19:24:13.304+0000] {sql.py:553} INFO - Rows affected: 5
[2026-07-10T19:24:13.395+0000] {taskinstance.py:340} INFO - ::group::Post task execution logs
[2026-07-10T19:24:13.398+0000] {taskinstance.py:352} INFO - Marking task as SUCCESS. dag_id=10_sql_operator_pro, task_id=students_by_major, run_id=manual__2026-07-10T19:24:02.130280+00:00, execution_date=20260710T192402, start_date=20260710T192411, end_date=20260710T192413
[2026-07-10T19:24:13.465+0000] {local_task_job_runner.py:266} INFO - Task exited with return code 0
[2026-07-10T19:24:13.556+0000] {taskinstance.py:3895} INFO - 0 downstream tasks scheduled from follow-on schedule check
[2026-07-10T19:24:13.560+0000] {local_task_job_runner.py:245} INFO - ::endgroup::
