[2026-07-10T19:48:13.473+0000] {local_task_job_runner.py:123} INFO - ::group::Pre task execution logs
[2026-07-10T19:48:13.514+0000] {taskinstance.py:2613} INFO - Dependencies all met for dep_context=non-requeueable deps ti=<TaskInstance: 03_parallel.process_products manual__2026-07-10T19:48:10.874657+00:00 [queued]>
[2026-07-10T19:48:13.528+0000] {taskinstance.py:2613} INFO - Dependencies all met for dep_context=requeueable deps ti=<TaskInstance: 03_parallel.process_products manual__2026-07-10T19:48:10.874657+00:00 [queued]>
[2026-07-10T19:48:13.528+0000] {taskinstance.py:2866} INFO - Starting attempt 1 of 1
[2026-07-10T19:48:13.550+0000] {taskinstance.py:2889} INFO - Executing <Task(PythonOperator): process_products> on 2026-07-10 19:48:10.874657+00:00
[2026-07-10T19:48:13.570+0000] {logging_mixin.py:190} WARNING - /home/***/.local/lib/python3.12/site-packages/***/task/task_runner/standard_task_runner.py:70 DeprecationWarning: This process (pid=1254) is multi-threaded, use of fork() may lead to deadlocks in the child.
[2026-07-10T19:48:13.568+0000] {standard_task_runner.py:104} INFO - Running: ['***', 'tasks', 'run', '03_parallel', 'process_products', 'manual__2026-07-10T19:48:10.874657+00:00', '--job-id', '49', '--raw', '--subdir', 'DAGS_FOLDER/03_parallel.py', '--cfg-path', '/tmp/tmpyfjqbir4']
[2026-07-10T19:48:13.571+0000] {standard_task_runner.py:105} INFO - Job 49: Subtask process_products
[2026-07-10T19:48:13.571+0000] {standard_task_runner.py:72} INFO - Started process 1256 to run task
[2026-07-10T19:48:13.696+0000] {task_command.py:467} INFO - Running <TaskInstance: 03_parallel.process_products manual__2026-07-10T19:48:10.874657+00:00 [running]> on host 35bdc1b28d94
[2026-07-10T19:48:13.870+0000] {taskinstance.py:3132} INFO - Exporting env vars: AIRFLOW_CTX_DAG_OWNER='***' AIRFLOW_CTX_DAG_ID='03_parallel' AIRFLOW_CTX_TASK_ID='process_products' AIRFLOW_CTX_EXECUTION_DATE='2026-07-10T19:48:10.874657+00:00' AIRFLOW_CTX_TRY_NUMBER='1' AIRFLOW_CTX_DAG_RUN_ID='manual__2026-07-10T19:48:10.874657+00:00'
[2026-07-10T19:48:13.870+0000] {taskinstance.py:731} INFO - ::endgroup::
[2026-07-10T19:48:13.894+0000] {logging_mixin.py:190} INFO - 📊 products.csv: 10 rows
[2026-07-10T19:48:13.894+0000] {logging_mixin.py:190} INFO -    Sample: {'product_id': '1', 'name': 'Laptop Pro', 'price': '1200', 'category': 'Electronics'}
[2026-07-10T19:48:13.894+0000] {logging_mixin.py:190} INFO -    Average price: 219.00
[2026-07-10T19:48:13.895+0000] {python.py:240} INFO - Done. Returned value was: None
[2026-07-10T19:48:13.915+0000] {taskinstance.py:340} INFO - ::group::Post task execution logs
[2026-07-10T19:48:13.915+0000] {taskinstance.py:352} INFO - Marking task as SUCCESS. dag_id=03_parallel, task_id=process_products, run_id=manual__2026-07-10T19:48:10.874657+00:00, execution_date=20260710T194810, start_date=20260710T194813, end_date=20260710T194813
[2026-07-10T19:48:13.956+0000] {local_task_job_runner.py:266} INFO - Task exited with return code 0
[2026-07-10T19:48:14.017+0000] {taskinstance.py:3895} INFO - 0 downstream tasks scheduled from follow-on schedule check
[2026-07-10T19:48:14.020+0000] {local_task_job_runner.py:245} INFO - ::endgroup::
