[2026-07-08T19:28:54.906+0000] {local_task_job_runner.py:123} INFO - ::group::Pre task execution logs
[2026-07-08T19:28:54.958+0000] {taskinstance.py:2613} INFO - Dependencies all met for dep_context=non-requeueable deps ti=<TaskInstance: 03_parallel.process_orders manual__2026-07-08T19:28:51.857569+00:00 [queued]>
[2026-07-08T19:28:54.977+0000] {taskinstance.py:2613} INFO - Dependencies all met for dep_context=requeueable deps ti=<TaskInstance: 03_parallel.process_orders manual__2026-07-08T19:28:51.857569+00:00 [queued]>
[2026-07-08T19:28:54.977+0000] {taskinstance.py:2866} INFO - Starting attempt 1 of 1
[2026-07-08T19:28:55.009+0000] {taskinstance.py:2889} INFO - Executing <Task(PythonOperator): process_orders> on 2026-07-08 19:28:51.857569+00:00
[2026-07-08T19:28:55.035+0000] {logging_mixin.py:190} WARNING - /home/***/.local/lib/python3.12/site-packages/***/task/task_runner/standard_task_runner.py:70 DeprecationWarning: This process (pid=195) is multi-threaded, use of fork() may lead to deadlocks in the child.
[2026-07-08T19:28:55.032+0000] {standard_task_runner.py:104} INFO - Running: ['***', 'tasks', 'run', '03_parallel', 'process_orders', 'manual__2026-07-08T19:28:51.857569+00:00', '--job-id', '3', '--raw', '--subdir', 'DAGS_FOLDER/03_parallel.py', '--cfg-path', '/tmp/tmpdsxb4c5e']
[2026-07-08T19:28:55.037+0000] {standard_task_runner.py:72} INFO - Started process 198 to run task
[2026-07-08T19:28:55.037+0000] {standard_task_runner.py:105} INFO - Job 3: Subtask process_orders
[2026-07-08T19:28:55.173+0000] {task_command.py:467} INFO - Running <TaskInstance: 03_parallel.process_orders manual__2026-07-08T19:28:51.857569+00:00 [running]> on host 5fa44fd9c86a
[2026-07-08T19:28:55.506+0000] {taskinstance.py:3132} INFO - Exporting env vars: AIRFLOW_CTX_DAG_OWNER='***' AIRFLOW_CTX_DAG_ID='03_parallel' AIRFLOW_CTX_TASK_ID='process_orders' AIRFLOW_CTX_EXECUTION_DATE='2026-07-08T19:28:51.857569+00:00' AIRFLOW_CTX_TRY_NUMBER='1' AIRFLOW_CTX_DAG_RUN_ID='manual__2026-07-08T19:28:51.857569+00:00'
[2026-07-08T19:28:55.507+0000] {taskinstance.py:731} INFO - ::endgroup::
[2026-07-08T19:28:55.618+0000] {logging_mixin.py:190} INFO - 📊 orders.csv: 2 rows
[2026-07-08T19:28:55.618+0000] {logging_mixin.py:190} INFO -    Sample: {'order_id': '100', 'customer_id': '1', 'amount': '50'}
[2026-07-08T19:28:55.619+0000] {logging_mixin.py:190} INFO -    Total amount: 125
[2026-07-08T19:28:55.619+0000] {python.py:240} INFO - Done. Returned value was: None
[2026-07-08T19:28:55.655+0000] {taskinstance.py:340} INFO - ::group::Post task execution logs
[2026-07-08T19:28:55.656+0000] {taskinstance.py:352} INFO - Marking task as SUCCESS. dag_id=03_parallel, task_id=process_orders, run_id=manual__2026-07-08T19:28:51.857569+00:00, execution_date=20260708T192851, start_date=20260708T192854, end_date=20260708T192855
[2026-07-08T19:28:55.821+0000] {local_task_job_runner.py:266} INFO - Task exited with return code 0
[2026-07-08T19:28:55.859+0000] {taskinstance.py:3895} INFO - 0 downstream tasks scheduled from follow-on schedule check
[2026-07-08T19:28:55.862+0000] {local_task_job_runner.py:245} INFO - ::endgroup::
