[2026-07-10T19:50:49.715+0000] {local_task_job_runner.py:123} INFO - ::group::Pre task execution logs
[2026-07-10T19:50:49.742+0000] {taskinstance.py:2613} INFO - Dependencies all met for dep_context=non-requeueable deps ti=<TaskInstance: 08_spark.run_word_count manual__2026-07-10T19:50:47.839335+00:00 [queued]>
[2026-07-10T19:50:49.757+0000] {taskinstance.py:2613} INFO - Dependencies all met for dep_context=requeueable deps ti=<TaskInstance: 08_spark.run_word_count manual__2026-07-10T19:50:47.839335+00:00 [queued]>
[2026-07-10T19:50:49.758+0000] {taskinstance.py:2866} INFO - Starting attempt 1 of 1
[2026-07-10T19:50:49.782+0000] {taskinstance.py:2889} INFO - Executing <Task(BashOperator): run_word_count> on 2026-07-10 19:50:47.839335+00:00
[2026-07-10T19:50:49.798+0000] {logging_mixin.py:190} WARNING - /home/***/.local/lib/python3.12/site-packages/***/task/task_runner/standard_task_runner.py:70 DeprecationWarning: This process (pid=1548) is multi-threaded, use of fork() may lead to deadlocks in the child.
[2026-07-10T19:50:49.800+0000] {standard_task_runner.py:72} INFO - Started process 1551 to run task
[2026-07-10T19:50:49.798+0000] {standard_task_runner.py:104} INFO - Running: ['***', 'tasks', 'run', '08_spark', 'run_word_count', 'manual__2026-07-10T19:50:47.839335+00:00', '--job-id', '65', '--raw', '--subdir', 'DAGS_FOLDER/08_spark.py', '--cfg-path', '/tmp/tmphubn5mnr']
[2026-07-10T19:50:49.801+0000] {standard_task_runner.py:105} INFO - Job 65: Subtask run_word_count
[2026-07-10T19:50:49.903+0000] {task_command.py:467} INFO - Running <TaskInstance: 08_spark.run_word_count manual__2026-07-10T19:50:47.839335+00:00 [running]> on host 35bdc1b28d94
[2026-07-10T19:50:50.074+0000] {taskinstance.py:3132} INFO - Exporting env vars: AIRFLOW_CTX_DAG_OWNER='***' AIRFLOW_CTX_DAG_ID='08_spark' AIRFLOW_CTX_TASK_ID='run_word_count' AIRFLOW_CTX_EXECUTION_DATE='2026-07-10T19:50:47.839335+00:00' AIRFLOW_CTX_TRY_NUMBER='1' AIRFLOW_CTX_DAG_RUN_ID='manual__2026-07-10T19:50:47.839335+00:00'
[2026-07-10T19:50:50.075+0000] {taskinstance.py:731} INFO - ::endgroup::
[2026-07-10T19:50:50.122+0000] {subprocess.py:78} INFO - Tmp dir root location: /tmp
[2026-07-10T19:50:50.124+0000] {subprocess.py:88} INFO - Running command: ['/usr/bin/bash', '-c', '\n            echo "🚀 Running Word Count Example..."\n            spark-submit                 --master local[*]                 /opt/***/spark/scripts/word_count.py\n        ']
[2026-07-10T19:50:50.159+0000] {subprocess.py:99} INFO - Output:
[2026-07-10T19:50:50.183+0000] {subprocess.py:106} INFO - 🚀 Running Word Count Example...
[2026-07-10T19:50:50.189+0000] {subprocess.py:106} INFO - /usr/bin/bash: line 3: spark-submit: command not found
[2026-07-10T19:50:50.191+0000] {subprocess.py:110} INFO - Command exited with return code 127
[2026-07-10T19:50:50.218+0000] {taskinstance.py:3311} ERROR - Task failed with exception
Traceback (most recent call last):
  File "/home/airflow/.local/lib/python3.12/site-packages/airflow/models/taskinstance.py", line 767, in _execute_task
    result = _execute_callable(context=context, **execute_callable_kwargs)
             ^^^^^^^^^^^^^^^^^^^^^^^^^^^^^^^^^^^^^^^^^^^^^^^^^^^^^^^^^^^^^
  File "/home/airflow/.local/lib/python3.12/site-packages/airflow/models/taskinstance.py", line 733, in _execute_callable
    return ExecutionCallableRunner(
           ^^^^^^^^^^^^^^^^^^^^^^^^
  File "/home/airflow/.local/lib/python3.12/site-packages/airflow/utils/operator_helpers.py", line 252, in run
    return self.func(*args, **kwargs)
           ^^^^^^^^^^^^^^^^^^^^^^^^^^
  File "/home/airflow/.local/lib/python3.12/site-packages/airflow/models/baseoperator.py", line 417, in wrapper
    return func(self, *args, **kwargs)
           ^^^^^^^^^^^^^^^^^^^^^^^^^^^
  File "/home/airflow/.local/lib/python3.12/site-packages/airflow/operators/bash.py", line 276, in execute
    raise AirflowException(
airflow.exceptions.AirflowException: Bash command failed. The command returned a non-zero exit code 127.
[2026-07-10T19:50:50.225+0000] {taskinstance.py:1225} INFO - Marking task as FAILED. dag_id=08_spark, task_id=run_word_count, run_id=manual__2026-07-10T19:50:47.839335+00:00, execution_date=20260710T195047, start_date=20260710T195049, end_date=20260710T195050
[2026-07-10T19:50:50.244+0000] {taskinstance.py:340} INFO - ::group::Post task execution logs
[2026-07-10T19:50:50.245+0000] {standard_task_runner.py:124} ERROR - Failed to execute job 65 for task run_word_count (Bash command failed. The command returned a non-zero exit code 127.; 1551)
Traceback (most recent call last):
  File "/home/airflow/.local/lib/python3.12/site-packages/airflow/task/task_runner/standard_task_runner.py", line 117, in _start_by_fork
    ret = args.func(args, dag=self.dag)
          ^^^^^^^^^^^^^^^^^^^^^^^^^^^^^
  File "/home/airflow/.local/lib/python3.12/site-packages/airflow/cli/cli_config.py", line 49, in command
    return func(*args, **kwargs)
           ^^^^^^^^^^^^^^^^^^^^^
  File "/home/airflow/.local/lib/python3.12/site-packages/airflow/utils/cli.py", line 116, in wrapper
    return f(*args, **kwargs)
           ^^^^^^^^^^^^^^^^^^
  File "/home/airflow/.local/lib/python3.12/site-packages/airflow/cli/commands/task_command.py", line 483, in task_run
    task_return_code = _run_task_by_selected_method(args, _dag, ti)
                       ^^^^^^^^^^^^^^^^^^^^^^^^^^^^^^^^^^^^^^^^^^^^
  File "/home/airflow/.local/lib/python3.12/site-packages/airflow/cli/commands/task_command.py", line 256, in _run_task_by_selected_method
    return _run_raw_task(args, ti)
           ^^^^^^^^^^^^^^^^^^^^^^^
  File "/home/airflow/.local/lib/python3.12/site-packages/airflow/cli/commands/task_command.py", line 341, in _run_raw_task
    return ti._run_raw_task(
           ^^^^^^^^^^^^^^^^^
  File "/home/airflow/.local/lib/python3.12/site-packages/airflow/utils/session.py", line 97, in wrapper
    return func(*args, session=session, **kwargs)
           ^^^^^^^^^^^^^^^^^^^^^^^^^^^^^^^^^^^^^^
  File "/home/airflow/.local/lib/python3.12/site-packages/airflow/models/taskinstance.py", line 3005, in _run_raw_task
    return _run_raw_task(
           ^^^^^^^^^^^^^^
  File "/home/airflow/.local/lib/python3.12/site-packages/airflow/models/taskinstance.py", line 273, in _run_raw_task
    TaskInstance._execute_task_with_callbacks(
  File "/home/airflow/.local/lib/python3.12/site-packages/airflow/models/taskinstance.py", line 3159, in _execute_task_with_callbacks
    result = self._execute_task(context, task_orig)
             ^^^^^^^^^^^^^^^^^^^^^^^^^^^^^^^^^^^^^^
  File "/home/airflow/.local/lib/python3.12/site-packages/airflow/models/taskinstance.py", line 3183, in _execute_task
    return _execute_task(self, context, task_orig)
           ^^^^^^^^^^^^^^^^^^^^^^^^^^^^^^^^^^^^^^^
  File "/home/airflow/.local/lib/python3.12/site-packages/airflow/models/taskinstance.py", line 767, in _execute_task
    result = _execute_callable(context=context, **execute_callable_kwargs)
             ^^^^^^^^^^^^^^^^^^^^^^^^^^^^^^^^^^^^^^^^^^^^^^^^^^^^^^^^^^^^^
  File "/home/airflow/.local/lib/python3.12/site-packages/airflow/models/taskinstance.py", line 733, in _execute_callable
    return ExecutionCallableRunner(
           ^^^^^^^^^^^^^^^^^^^^^^^^
  File "/home/airflow/.local/lib/python3.12/site-packages/airflow/utils/operator_helpers.py", line 252, in run
    return self.func(*args, **kwargs)
           ^^^^^^^^^^^^^^^^^^^^^^^^^^
  File "/home/airflow/.local/lib/python3.12/site-packages/airflow/models/baseoperator.py", line 417, in wrapper
    return func(self, *args, **kwargs)
           ^^^^^^^^^^^^^^^^^^^^^^^^^^^
  File "/home/airflow/.local/lib/python3.12/site-packages/airflow/operators/bash.py", line 276, in execute
    raise AirflowException(
airflow.exceptions.AirflowException: Bash command failed. The command returned a non-zero exit code 127.
[2026-07-10T19:50:50.270+0000] {local_task_job_runner.py:266} INFO - Task exited with return code 1
[2026-07-10T19:50:50.303+0000] {taskinstance.py:3895} INFO - 0 downstream tasks scheduled from follow-on schedule check
[2026-07-10T19:50:50.308+0000] {local_task_job_runner.py:245} INFO - ::endgroup::
