[2026-07-10T00:39:38.586+0000] {local_task_job_runner.py:123} INFO - ::group::Pre task execution logs
[2026-07-10T00:39:38.678+0000] {taskinstance.py:2613} INFO - Dependencies all met for dep_context=non-requeueable deps ti=<TaskInstance: 07_dynamic_mapping.generate_summary manual__2026-07-10T00:39:30.258853+00:00 [queued]>
[2026-07-10T00:39:38.694+0000] {taskinstance.py:2613} INFO - Dependencies all met for dep_context=requeueable deps ti=<TaskInstance: 07_dynamic_mapping.generate_summary manual__2026-07-10T00:39:30.258853+00:00 [queued]>
[2026-07-10T00:39:38.694+0000] {taskinstance.py:2866} INFO - Starting attempt 1 of 1
[2026-07-10T00:39:38.712+0000] {taskinstance.py:2889} INFO - Executing <Task(_PythonDecoratedOperator): generate_summary> on 2026-07-10 00:39:30.258853+00:00
[2026-07-10T00:39:38.732+0000] {standard_task_runner.py:104} INFO - Running: ['***', 'tasks', 'run', '07_dynamic_mapping', 'generate_summary', 'manual__2026-07-10T00:39:30.258853+00:00', '--job-id', '34', '--raw', '--subdir', 'DAGS_FOLDER/07_dynamic_mapping.py', '--cfg-path', '/tmp/tmpn5pk7ce_']
[2026-07-10T00:39:38.740+0000] {logging_mixin.py:190} WARNING - /home/***/.local/lib/python3.12/site-packages/***/task/task_runner/standard_task_runner.py:70 DeprecationWarning: This process (pid=11734) is multi-threaded, use of fork() may lead to deadlocks in the child.
[2026-07-10T00:39:38.741+0000] {standard_task_runner.py:72} INFO - Started process 11741 to run task
[2026-07-10T00:39:38.739+0000] {standard_task_runner.py:105} INFO - Job 34: Subtask generate_summary
[2026-07-10T00:39:38.847+0000] {task_command.py:467} INFO - Running <TaskInstance: 07_dynamic_mapping.generate_summary manual__2026-07-10T00:39:30.258853+00:00 [running]> on host 8cff16b43c6d
[2026-07-10T00:39:38.990+0000] {taskinstance.py:3132} INFO - Exporting env vars: AIRFLOW_CTX_DAG_OWNER='***' AIRFLOW_CTX_DAG_ID='07_dynamic_mapping' AIRFLOW_CTX_TASK_ID='generate_summary' AIRFLOW_CTX_EXECUTION_DATE='2026-07-10T00:39:30.258853+00:00' AIRFLOW_CTX_TRY_NUMBER='1' AIRFLOW_CTX_DAG_RUN_ID='manual__2026-07-10T00:39:30.258853+00:00'
[2026-07-10T00:39:38.993+0000] {taskinstance.py:731} INFO - ::endgroup::
[2026-07-10T00:39:39.016+0000] {logging_mixin.py:190} INFO - 
📊 SUMMARY:
[2026-07-10T00:39:39.016+0000] {logging_mixin.py:190} INFO -    Total customers: 5
[2026-07-10T00:39:39.017+0000] {logging_mixin.py:190} INFO -    Membership breakdown: {'Premium': 2, 'Standard': 2, 'Student': 1}
[2026-07-10T00:39:39.017+0000] {logging_mixin.py:190} INFO -    Avg processing time: 1.30s
[2026-07-10T00:39:39.017+0000] {python.py:240} INFO - Done. Returned value was: {'total_customers': 5, 'membership_counts': {'Premium': 2, 'Standard': 2, 'Student': 1}, 'avg_processing_time': 1.3, 'cities': ['Barcelona', 'Madrid', 'Valencia', 'Sevilla', 'Bilbao']}
[2026-07-10T00:39:39.050+0000] {taskinstance.py:340} INFO - ::group::Post task execution logs
[2026-07-10T00:39:39.050+0000] {taskinstance.py:352} INFO - Marking task as SUCCESS. dag_id=07_dynamic_mapping, task_id=generate_summary, run_id=manual__2026-07-10T00:39:30.258853+00:00, execution_date=20260710T003930, start_date=20260710T003938, end_date=20260710T003939
[2026-07-10T00:39:39.085+0000] {local_task_job_runner.py:266} INFO - Task exited with return code 0
[2026-07-10T00:39:39.116+0000] {taskinstance.py:3895} INFO - 0 downstream tasks scheduled from follow-on schedule check
[2026-07-10T00:39:39.118+0000] {local_task_job_runner.py:245} INFO - ::endgroup::
