[2026-07-10T15:05:20.209+0000] {local_task_job_runner.py:123} INFO - ::group::Pre task execution logs
[2026-07-10T15:05:20.272+0000] {taskinstance.py:2613} INFO - Dependencies all met for dep_context=non-requeueable deps ti=<TaskInstance: 08_spark.run_sales_processing manual__2026-07-10T15:05:17.274000+00:00 [queued]>
[2026-07-10T15:05:20.294+0000] {taskinstance.py:2613} INFO - Dependencies all met for dep_context=requeueable deps ti=<TaskInstance: 08_spark.run_sales_processing manual__2026-07-10T15:05:17.274000+00:00 [queued]>
[2026-07-10T15:05:20.294+0000] {taskinstance.py:2866} INFO - Starting attempt 1 of 1
[2026-07-10T15:05:20.331+0000] {taskinstance.py:2889} INFO - Executing <Task(BashOperator): run_sales_processing> on 2026-07-10 15:05:17.274000+00:00
[2026-07-10T15:05:20.359+0000] {logging_mixin.py:190} WARNING - /home/***/.local/lib/python3.12/site-packages/***/task/task_runner/standard_task_runner.py:70 DeprecationWarning: This process (pid=2718) is multi-threaded, use of fork() may lead to deadlocks in the child.
[2026-07-10T15:05:20.362+0000] {standard_task_runner.py:72} INFO - Started process 2720 to run task
[2026-07-10T15:05:20.360+0000] {standard_task_runner.py:104} INFO - Running: ['***', 'tasks', 'run', '08_spark', 'run_sales_processing', 'manual__2026-07-10T15:05:17.274000+00:00', '--job-id', '3', '--raw', '--subdir', 'DAGS_FOLDER/08_spark.py', '--cfg-path', '/tmp/tmp11z5qgpm']
[2026-07-10T15:05:20.369+0000] {standard_task_runner.py:105} INFO - Job 3: Subtask run_sales_processing
[2026-07-10T15:05:20.512+0000] {task_command.py:467} INFO - Running <TaskInstance: 08_spark.run_sales_processing manual__2026-07-10T15:05:17.274000+00:00 [running]> on host d6b4e8fd0e15
[2026-07-10T15:05:20.769+0000] {taskinstance.py:3132} INFO - Exporting env vars: AIRFLOW_CTX_DAG_OWNER='***' AIRFLOW_CTX_DAG_ID='08_spark' AIRFLOW_CTX_TASK_ID='run_sales_processing' AIRFLOW_CTX_EXECUTION_DATE='2026-07-10T15:05:17.274000+00:00' AIRFLOW_CTX_TRY_NUMBER='1' AIRFLOW_CTX_DAG_RUN_ID='manual__2026-07-10T15:05:17.274000+00:00'
[2026-07-10T15:05:20.772+0000] {taskinstance.py:731} INFO - ::endgroup::
[2026-07-10T15:05:20.848+0000] {subprocess.py:78} INFO - Tmp dir root location: /tmp
[2026-07-10T15:05:20.853+0000] {subprocess.py:88} INFO - Running command: ['/usr/bin/bash', '-c', '\n            echo "🚀 Running Sales Data Processing..."\n            mkdir -p /opt/***/data/08/output\n            spark-submit                 --master local[*]                 --driver-memory 1g                 --executor-memory 1g                 /opt/***/spark/scripts/sales_processing.py\n        ']
[2026-07-10T15:05:20.884+0000] {subprocess.py:99} INFO - Output:
[2026-07-10T15:05:20.904+0000] {subprocess.py:106} INFO - 🚀 Running Sales Data Processing...
[2026-07-10T15:05:20.921+0000] {subprocess.py:106} INFO - mkdir: cannot create directory ‘/opt/***/data/08/output’: Permission denied
[2026-07-10T15:05:20.921+0000] {subprocess.py:106} INFO - /usr/bin/bash: line 4: spark-submit: command not found
[2026-07-10T15:05:20.924+0000] {subprocess.py:110} INFO - Command exited with return code 127
[2026-07-10T15:05:20.989+0000] {taskinstance.py:3311} ERROR - Task failed with exception
Traceback (most recent call last):
  File "/home/airflow/.local/lib/python3.12/site-packages/airflow/models/taskinstance.py", line 767, in _execute_task
    result = _execute_callable(context=context, **execute_callable_kwargs)
             ^^^^^^^^^^^^^^^^^^^^^^^^^^^^^^^^^^^^^^^^^^^^^^^^^^^^^^^^^^^^^
  File "/home/airflow/.local/lib/python3.12/site-packages/airflow/models/taskinstance.py", line 733, in _execute_callable
    return ExecutionCallableRunner(
           ^^^^^^^^^^^^^^^^^^^^^^^^
  File "/home/airflow/.local/lib/python3.12/site-packages/airflow/utils/operator_helpers.py", line 252, in run
    return self.func(*args, **kwargs)
           ^^^^^^^^^^^^^^^^^^^^^^^^^^
  File "/home/airflow/.local/lib/python3.12/site-packages/airflow/models/baseoperator.py", line 417, in wrapper
    return func(self, *args, **kwargs)
           ^^^^^^^^^^^^^^^^^^^^^^^^^^^
  File "/home/airflow/.local/lib/python3.12/site-packages/airflow/operators/bash.py", line 276, in execute
    raise AirflowException(
airflow.exceptions.AirflowException: Bash command failed. The command returned a non-zero exit code 127.
[2026-07-10T15:05:21.000+0000] {taskinstance.py:1225} INFO - Marking task as FAILED. dag_id=08_spark, task_id=run_sales_processing, run_id=manual__2026-07-10T15:05:17.274000+00:00, execution_date=20260710T150517, start_date=20260710T150520, end_date=20260710T150520
[2026-07-10T15:05:21.025+0000] {taskinstance.py:340} INFO - ::group::Post task execution logs
[2026-07-10T15:05:21.026+0000] {standard_task_runner.py:124} ERROR - Failed to execute job 3 for task run_sales_processing (Bash command failed. The command returned a non-zero exit code 127.; 2720)
Traceback (most recent call last):
  File "/home/airflow/.local/lib/python3.12/site-packages/airflow/task/task_runner/standard_task_runner.py", line 117, in _start_by_fork
    ret = args.func(args, dag=self.dag)
          ^^^^^^^^^^^^^^^^^^^^^^^^^^^^^
  File "/home/airflow/.local/lib/python3.12/site-packages/airflow/cli/cli_config.py", line 49, in command
    return func(*args, **kwargs)
           ^^^^^^^^^^^^^^^^^^^^^
  File "/home/airflow/.local/lib/python3.12/site-packages/airflow/utils/cli.py", line 116, in wrapper
    return f(*args, **kwargs)
           ^^^^^^^^^^^^^^^^^^
  File "/home/airflow/.local/lib/python3.12/site-packages/airflow/cli/commands/task_command.py", line 483, in task_run
    task_return_code = _run_task_by_selected_method(args, _dag, ti)
                       ^^^^^^^^^^^^^^^^^^^^^^^^^^^^^^^^^^^^^^^^^^^^
  File "/home/airflow/.local/lib/python3.12/site-packages/airflow/cli/commands/task_command.py", line 256, in _run_task_by_selected_method
    return _run_raw_task(args, ti)
           ^^^^^^^^^^^^^^^^^^^^^^^
  File "/home/airflow/.local/lib/python3.12/site-packages/airflow/cli/commands/task_command.py", line 341, in _run_raw_task
    return ti._run_raw_task(
           ^^^^^^^^^^^^^^^^^
  File "/home/airflow/.local/lib/python3.12/site-packages/airflow/utils/session.py", line 97, in wrapper
    return func(*args, session=session, **kwargs)
           ^^^^^^^^^^^^^^^^^^^^^^^^^^^^^^^^^^^^^^
  File "/home/airflow/.local/lib/python3.12/site-packages/airflow/models/taskinstance.py", line 3005, in _run_raw_task
    return _run_raw_task(
           ^^^^^^^^^^^^^^
  File "/home/airflow/.local/lib/python3.12/site-packages/airflow/models/taskinstance.py", line 273, in _run_raw_task
    TaskInstance._execute_task_with_callbacks(
  File "/home/airflow/.local/lib/python3.12/site-packages/airflow/models/taskinstance.py", line 3159, in _execute_task_with_callbacks
    result = self._execute_task(context, task_orig)
             ^^^^^^^^^^^^^^^^^^^^^^^^^^^^^^^^^^^^^^
  File "/home/airflow/.local/lib/python3.12/site-packages/airflow/models/taskinstance.py", line 3183, in _execute_task
    return _execute_task(self, context, task_orig)
           ^^^^^^^^^^^^^^^^^^^^^^^^^^^^^^^^^^^^^^^
  File "/home/airflow/.local/lib/python3.12/site-packages/airflow/models/taskinstance.py", line 767, in _execute_task
    result = _execute_callable(context=context, **execute_callable_kwargs)
             ^^^^^^^^^^^^^^^^^^^^^^^^^^^^^^^^^^^^^^^^^^^^^^^^^^^^^^^^^^^^^
  File "/home/airflow/.local/lib/python3.12/site-packages/airflow/models/taskinstance.py", line 733, in _execute_callable
    return ExecutionCallableRunner(
           ^^^^^^^^^^^^^^^^^^^^^^^^
  File "/home/airflow/.local/lib/python3.12/site-packages/airflow/utils/operator_helpers.py", line 252, in run
    return self.func(*args, **kwargs)
           ^^^^^^^^^^^^^^^^^^^^^^^^^^
  File "/home/airflow/.local/lib/python3.12/site-packages/airflow/models/baseoperator.py", line 417, in wrapper
    return func(self, *args, **kwargs)
           ^^^^^^^^^^^^^^^^^^^^^^^^^^^
  File "/home/airflow/.local/lib/python3.12/site-packages/airflow/operators/bash.py", line 276, in execute
    raise AirflowException(
airflow.exceptions.AirflowException: Bash command failed. The command returned a non-zero exit code 127.
[2026-07-10T15:05:21.075+0000] {local_task_job_runner.py:266} INFO - Task exited with return code 1
[2026-07-10T15:05:21.133+0000] {taskinstance.py:3895} INFO - 0 downstream tasks scheduled from follow-on schedule check
[2026-07-10T15:05:21.185+0000] {local_task_job_runner.py:245} INFO - ::endgroup::
