[2026-07-10T20:46:08.844+0000] {local_task_job_runner.py:123} INFO - ::group::Pre task execution logs
[2026-07-10T20:46:08.874+0000] {taskinstance.py:2613} INFO - Dependencies all met for dep_context=non-requeueable deps ti=<TaskInstance: 08_spark.run_word_count manual__2026-07-10T20:46:07.168624+00:00 [queued]>
[2026-07-10T20:46:08.883+0000] {taskinstance.py:2613} INFO - Dependencies all met for dep_context=requeueable deps ti=<TaskInstance: 08_spark.run_word_count manual__2026-07-10T20:46:07.168624+00:00 [queued]>
[2026-07-10T20:46:08.883+0000] {taskinstance.py:2866} INFO - Starting attempt 1 of 1
[2026-07-10T20:46:08.905+0000] {taskinstance.py:2889} INFO - Executing <Task(PythonOperator): run_word_count> on 2026-07-10 20:46:07.168624+00:00
[2026-07-10T20:46:08.917+0000] {logging_mixin.py:190} WARNING - /home/***/.local/lib/python3.12/site-packages/***/task/task_runner/standard_task_runner.py:70 DeprecationWarning: This process (pid=264) is multi-threaded, use of fork() may lead to deadlocks in the child.
[2026-07-10T20:46:08.921+0000] {standard_task_runner.py:72} INFO - Started process 265 to run task
[2026-07-10T20:46:08.918+0000] {standard_task_runner.py:104} INFO - Running: ['***', 'tasks', 'run', '08_spark', 'run_word_count', 'manual__2026-07-10T20:46:07.168624+00:00', '--job-id', '2', '--raw', '--subdir', 'DAGS_FOLDER/08_spark.py', '--cfg-path', '/tmp/tmphaklmcfw']
[2026-07-10T20:46:08.929+0000] {standard_task_runner.py:105} INFO - Job 2: Subtask run_word_count
[2026-07-10T20:46:09.033+0000] {task_command.py:467} INFO - Running <TaskInstance: 08_spark.run_word_count manual__2026-07-10T20:46:07.168624+00:00 [running]> on host 20339193eb31
[2026-07-10T20:46:09.197+0000] {taskinstance.py:3132} INFO - Exporting env vars: AIRFLOW_CTX_DAG_OWNER='***' AIRFLOW_CTX_DAG_ID='08_spark' AIRFLOW_CTX_TASK_ID='run_word_count' AIRFLOW_CTX_EXECUTION_DATE='2026-07-10T20:46:07.168624+00:00' AIRFLOW_CTX_TRY_NUMBER='1' AIRFLOW_CTX_DAG_RUN_ID='manual__2026-07-10T20:46:07.168624+00:00'
[2026-07-10T20:46:09.198+0000] {taskinstance.py:731} INFO - ::endgroup::
[2026-07-10T20:46:31.914+0000] {logging_mixin.py:190} INFO - 
📊 WORD COUNT RESULTS:
[2026-07-10T20:46:42.949+0000] {logging_mixin.py:190} INFO - +-------+-----+
|   word|count|
+-------+-----+
|  Hello|    3|
|  World|    1|
|Airflow|    1|
|  Spark|    1|
+-------+-----+
[2026-07-10T20:46:43.648+0000] {python.py:240} INFO - Done. Returned value was: None
[2026-07-10T20:46:44.438+0000] {taskinstance.py:340} INFO - ::group::Post task execution logs
[2026-07-10T20:46:44.449+0000] {taskinstance.py:352} INFO - Marking task as SUCCESS. dag_id=08_spark, task_id=run_word_count, run_id=manual__2026-07-10T20:46:07.168624+00:00, execution_date=20260710T204607, start_date=20260710T204608, end_date=20260710T204644
[2026-07-10T20:46:44.856+0000] {local_task_job_runner.py:266} INFO - Task exited with return code 0
[2026-07-10T20:46:45.161+0000] {taskinstance.py:3895} INFO - 0 downstream tasks scheduled from follow-on schedule check
[2026-07-10T20:46:45.167+0000] {local_task_job_runner.py:245} INFO - ::endgroup::
