[2026-09-10T03:14:06.406+0000] {local_task_job_runner.py:123} INFO - ::group::Pre task execution logs
[2026-09-10T03:14:06.431+0000] {taskinstance.py:2613} INFO - Dependencies all met for dep_context=non-requeueable deps ti=<TaskInstance: 06_xcom.generate_report manual__2026-09-10T03:14:02.478858+00:00 [queued]>
[2026-09-10T03:14:06.449+0000] {taskinstance.py:2613} INFO - Dependencies all met for dep_context=requeueable deps ti=<TaskInstance: 06_xcom.generate_report manual__2026-09-10T03:14:02.478858+00:00 [queued]>
[2026-09-10T03:14:06.450+0000] {taskinstance.py:2866} INFO - Starting attempt 1 of 1
[2026-09-10T03:14:06.471+0000] {taskinstance.py:2889} INFO - Executing <Task(_PythonDecoratedOperator): generate_report> on 2026-09-10 03:14:02.478858+00:00
[2026-09-10T03:14:06.483+0000] {logging_mixin.py:190} WARNING - /home/***/.local/lib/python3.12/site-packages/***/task/task_runner/standard_task_runner.py:70 DeprecationWarning: This process (pid=3473) is multi-threaded, use of fork() may lead to deadlocks in the child.
[2026-09-10T03:14:06.484+0000] {standard_task_runner.py:72} INFO - Started process 3474 to run task
[2026-09-10T03:14:06.482+0000] {standard_task_runner.py:104} INFO - Running: ['***', 'tasks', 'run', '06_xcom', 'generate_report', 'manual__2026-09-10T03:14:02.478858+00:00', '--job-id', '22', '--raw', '--subdir', 'DAGS_FOLDER/06_xcom.py', '--cfg-path', '/tmp/tmpmcx8cmdq']
[2026-09-10T03:14:06.485+0000] {standard_task_runner.py:105} INFO - Job 22: Subtask generate_report
[2026-09-10T03:14:06.552+0000] {task_command.py:467} INFO - Running <TaskInstance: 06_xcom.generate_report manual__2026-09-10T03:14:02.478858+00:00 [running]> on host 205a39116a9d
[2026-09-10T03:14:06.682+0000] {taskinstance.py:3132} INFO - Exporting env vars: AIRFLOW_CTX_DAG_OWNER='***' AIRFLOW_CTX_DAG_ID='06_xcom' AIRFLOW_CTX_TASK_ID='generate_report' AIRFLOW_CTX_EXECUTION_DATE='2026-09-10T03:14:02.478858+00:00' AIRFLOW_CTX_TRY_NUMBER='1' AIRFLOW_CTX_DAG_RUN_ID='manual__2026-09-10T03:14:02.478858+00:00'
[2026-09-10T03:14:06.683+0000] {taskinstance.py:731} INFO - ::endgroup::
[2026-09-10T03:14:06.685+0000] {logging_mixin.py:190} INFO - 
═══════════════════════════════════════════
            LIBRARY REPORT                 
═══════════════════════════════════════════
╠ *Total loans:       8
╠ *Total fees:     $   9.00
╠ *Avg fee:        $   1.12
╠ *Top member:     Ana            
╠ *Top book:       The Great Gatsby
═══════════════════════════════════════════
[2026-09-10T03:14:06.685+0000] {python.py:240} INFO - Done. Returned value was: 
═══════════════════════════════════════════
            LIBRARY REPORT                 
═══════════════════════════════════════════
╠ *Total loans:       8
╠ *Total fees:     $   9.00
╠ *Avg fee:        $   1.12
╠ *Top member:     Ana            
╠ *Top book:       The Great Gatsby
═══════════════════════════════════════════

[2026-09-10T03:14:06.720+0000] {taskinstance.py:340} INFO - ::group::Post task execution logs
[2026-09-10T03:14:06.720+0000] {taskinstance.py:352} INFO - Marking task as SUCCESS. dag_id=06_xcom, task_id=generate_report, run_id=manual__2026-09-10T03:14:02.478858+00:00, execution_date=20260910T031402, start_date=20260910T031406, end_date=20260910T031406
[2026-09-10T03:14:06.742+0000] {local_task_job_runner.py:266} INFO - Task exited with return code 0
[2026-09-10T03:14:06.764+0000] {taskinstance.py:3895} INFO - 0 downstream tasks scheduled from follow-on schedule check
[2026-09-10T03:14:06.767+0000] {local_task_job_runner.py:245} INFO - ::endgroup::
