[2026-09-10T20:45:46.366+0000] {local_task_job_runner.py:123} INFO - ::group::Pre task execution logs
[2026-09-10T20:45:46.387+0000] {taskinstance.py:2613} INFO - Dependencies all met for dep_context=non-requeueable deps ti=<TaskInstance: 1202_payload_consumer.read_conf manual__2026-09-10T20:45:44.397005+00:00 [queued]>
[2026-09-10T20:45:46.395+0000] {taskinstance.py:2613} INFO - Dependencies all met for dep_context=requeueable deps ti=<TaskInstance: 1202_payload_consumer.read_conf manual__2026-09-10T20:45:44.397005+00:00 [queued]>
[2026-09-10T20:45:46.395+0000] {taskinstance.py:2866} INFO - Starting attempt 1 of 1
[2026-09-10T20:45:46.408+0000] {taskinstance.py:2889} INFO - Executing <Task(PythonOperator): read_conf> on 2026-09-10 20:45:44.397005+00:00
[2026-09-10T20:45:46.417+0000] {logging_mixin.py:190} WARNING - /home/***/.local/lib/python3.12/site-packages/***/task/task_runner/standard_task_runner.py:70 DeprecationWarning: This process (pid=3897) is multi-threaded, use of fork() may lead to deadlocks in the child.
[2026-09-10T20:45:46.416+0000] {standard_task_runner.py:104} INFO - Running: ['***', 'tasks', 'run', '1202_payload_consumer', 'read_conf', 'manual__2026-09-10T20:45:44.397005+00:00', '--job-id', '10', '--raw', '--subdir', 'DAGS_FOLDER/1202_payload_consumer.py', '--cfg-path', '/tmp/tmp34h1zttx']
[2026-09-10T20:45:46.418+0000] {standard_task_runner.py:105} INFO - Job 10: Subtask read_conf
[2026-09-10T20:45:46.418+0000] {standard_task_runner.py:72} INFO - Started process 3898 to run task
[2026-09-10T20:45:46.477+0000] {task_command.py:467} INFO - Running <TaskInstance: 1202_payload_consumer.read_conf manual__2026-09-10T20:45:44.397005+00:00 [running]> on host f0b5c0de88a4
[2026-09-10T20:45:46.565+0000] {taskinstance.py:3132} INFO - Exporting env vars: AIRFLOW_CTX_DAG_OWNER='***' AIRFLOW_CTX_DAG_ID='1202_payload_consumer' AIRFLOW_CTX_TASK_ID='read_conf' AIRFLOW_CTX_EXECUTION_DATE='2026-09-10T20:45:44.397005+00:00' AIRFLOW_CTX_TRY_NUMBER='1' AIRFLOW_CTX_DAG_RUN_ID='manual__2026-09-10T20:45:44.397005+00:00'
[2026-09-10T20:45:46.566+0000] {taskinstance.py:731} INFO - ::endgroup::
[2026-09-10T20:45:46.580+0000] {logging_mixin.py:190} INFO - ============================================================
[2026-09-10T20:45:46.580+0000] {logging_mixin.py:190} INFO - 📨 Received conf from producer:
[2026-09-10T20:45:46.580+0000] {logging_mixin.py:190} INFO -    batch_id           = batch-20260910204541
[2026-09-10T20:45:46.580+0000] {logging_mixin.py:190} INFO -    file_path          = /opt/***/data/12/orders_payload.json
[2026-09-10T20:45:46.581+0000] {logging_mixin.py:190} INFO -    expected_records   = 3
[2026-09-10T20:45:46.581+0000] {logging_mixin.py:190} INFO - ============================================================
[2026-09-10T20:45:46.581+0000] {python.py:240} INFO - Done. Returned value was: {'batch_id': 'batch-20260910204541', 'file_path': '/opt/***/data/12/orders_payload.json', 'expected_records': 3}
[2026-09-10T20:45:46.609+0000] {taskinstance.py:340} INFO - ::group::Post task execution logs
[2026-09-10T20:45:46.609+0000] {taskinstance.py:352} INFO - Marking task as SUCCESS. dag_id=1202_payload_consumer, task_id=read_conf, run_id=manual__2026-09-10T20:45:44.397005+00:00, execution_date=20260910T204544, start_date=20260910T204546, end_date=20260910T204546
[2026-09-10T20:45:46.636+0000] {local_task_job_runner.py:266} INFO - Task exited with return code 0
[2026-09-10T20:45:46.661+0000] {taskinstance.py:3895} INFO - 0 downstream tasks scheduled from follow-on schedule check
[2026-09-10T20:45:46.663+0000] {local_task_job_runner.py:245} INFO - ::endgroup::
