[2026-09-10T20:23:31.919+0000] {local_task_job_runner.py:123} INFO - ::group::Pre task execution logs
[2026-09-10T20:23:31.953+0000] {taskinstance.py:2613} INFO - Dependencies all met for dep_context=non-requeueable deps ti=<TaskInstance: 1102_trigger_consumer.show_conf manual__2026-09-10T20:23:09.899059+00:00 [queued]>
[2026-09-10T20:23:31.965+0000] {taskinstance.py:2613} INFO - Dependencies all met for dep_context=requeueable deps ti=<TaskInstance: 1102_trigger_consumer.show_conf manual__2026-09-10T20:23:09.899059+00:00 [queued]>
[2026-09-10T20:23:31.966+0000] {taskinstance.py:2866} INFO - Starting attempt 1 of 1
[2026-09-10T20:23:31.989+0000] {taskinstance.py:2889} INFO - Executing <Task(PythonOperator): show_conf> on 2026-09-10 20:23:09.899059+00:00
[2026-09-10T20:23:32.008+0000] {logging_mixin.py:190} WARNING - /home/***/.local/lib/python3.12/site-packages/***/task/task_runner/standard_task_runner.py:70 DeprecationWarning: This process (pid=802) is multi-threaded, use of fork() may lead to deadlocks in the child.
[2026-09-10T20:23:32.010+0000] {standard_task_runner.py:72} INFO - Started process 803 to run task
[2026-09-10T20:23:32.007+0000] {standard_task_runner.py:104} INFO - Running: ['***', 'tasks', 'run', '1102_trigger_consumer', 'show_conf', 'manual__2026-09-10T20:23:09.899059+00:00', '--job-id', '5', '--raw', '--subdir', 'DAGS_FOLDER/1102_trigger_consumer.py', '--cfg-path', '/tmp/tmpkdu2rjzx']
[2026-09-10T20:23:32.011+0000] {standard_task_runner.py:105} INFO - Job 5: Subtask show_conf
[2026-09-10T20:23:32.101+0000] {task_command.py:467} INFO - Running <TaskInstance: 1102_trigger_consumer.show_conf manual__2026-09-10T20:23:09.899059+00:00 [running]> on host f0b5c0de88a4
[2026-09-10T20:23:32.257+0000] {taskinstance.py:3132} INFO - Exporting env vars: AIRFLOW_CTX_DAG_OWNER='***' AIRFLOW_CTX_DAG_ID='1102_trigger_consumer' AIRFLOW_CTX_TASK_ID='show_conf' AIRFLOW_CTX_EXECUTION_DATE='2026-09-10T20:23:09.899059+00:00' AIRFLOW_CTX_TRY_NUMBER='1' AIRFLOW_CTX_DAG_RUN_ID='manual__2026-09-10T20:23:09.899059+00:00'
[2026-09-10T20:23:32.258+0000] {taskinstance.py:731} INFO - ::endgroup::
[2026-09-10T20:23:32.287+0000] {logging_mixin.py:190} INFO - ============================================================
[2026-09-10T20:23:32.287+0000] {logging_mixin.py:190} INFO - dag_id      : 1102_trigger_consumer
[2026-09-10T20:23:32.287+0000] {logging_mixin.py:190} INFO - run_id      : manual__2026-09-10T20:23:09.899059+00:00
[2026-09-10T20:23:32.287+0000] {logging_mixin.py:190} INFO - run_type    : manual
[2026-09-10T20:23:32.288+0000] {logging_mixin.py:190} INFO - external    : True
[2026-09-10T20:23:32.288+0000] {logging_mixin.py:190} INFO - ------------------------------------------------------------
[2026-09-10T20:23:32.288+0000] {logging_mixin.py:190} INFO - 📨 Triggered WITH payload:
[2026-09-10T20:23:32.288+0000] {logging_mixin.py:190} INFO -    source   = producer_payload
[2026-09-10T20:23:32.288+0000] {logging_mixin.py:190} INFO -    records  = 3
[2026-09-10T20:23:32.289+0000] {logging_mixin.py:190} INFO -    cities   = ['Barcelona', 'Madrid', 'Valencia']
[2026-09-10T20:23:32.289+0000] {logging_mixin.py:190} INFO - ============================================================
[2026-09-10T20:23:32.289+0000] {python.py:240} INFO - Done. Returned value was: {'source': 'producer_payload', 'records': 3, 'cities': ['Barcelona', 'Madrid', 'Valencia']}
[2026-09-10T20:23:32.346+0000] {taskinstance.py:340} INFO - ::group::Post task execution logs
[2026-09-10T20:23:32.346+0000] {taskinstance.py:352} INFO - Marking task as SUCCESS. dag_id=1102_trigger_consumer, task_id=show_conf, run_id=manual__2026-09-10T20:23:09.899059+00:00, execution_date=20260910T202309, start_date=20260910T202331, end_date=20260910T202332
[2026-09-10T20:23:32.392+0000] {local_task_job_runner.py:266} INFO - Task exited with return code 0
[2026-09-10T20:23:32.432+0000] {taskinstance.py:3895} INFO - 0 downstream tasks scheduled from follow-on schedule check
[2026-09-10T20:23:32.439+0000] {local_task_job_runner.py:245} INFO - ::endgroup::
