[2026-07-10T00:00:03.398+0000] {processor.py:186} INFO - Started process (PID=8991) to work on /opt/airflow/dags/00_hello_world.py
[2026-07-10T00:00:03.399+0000] {processor.py:914} INFO - Processing file /opt/airflow/dags/00_hello_world.py for tasks to queue
[2026-07-10T00:00:03.402+0000] {logging_mixin.py:190} INFO - [2026-07-10T00:00:03.402+0000] {dagbag.py:588} INFO - Filling up the DagBag from /opt/airflow/dags/00_hello_world.py
[2026-07-10T00:00:03.413+0000] {processor.py:925} INFO - DAG(s) '00_hello_world' retrieved from /opt/airflow/dags/00_hello_world.py
[2026-07-10T00:00:03.452+0000] {logging_mixin.py:190} INFO - [2026-07-10T00:00:03.452+0000] {dag.py:3239} INFO - Sync 1 DAGs
[2026-07-10T00:00:03.471+0000] {logging_mixin.py:190} INFO - [2026-07-10T00:00:03.470+0000] {dag.py:4180} INFO - Setting next_dagrun for 00_hello_world to None, run_after=None
[2026-07-10T00:00:03.495+0000] {processor.py:208} INFO - Processing /opt/airflow/dags/00_hello_world.py took 0.105 seconds
[2026-07-10T00:00:34.473+0000] {processor.py:186} INFO - Started process (PID=9026) to work on /opt/airflow/dags/00_hello_world.py
[2026-07-10T00:00:34.476+0000] {processor.py:914} INFO - Processing file /opt/airflow/dags/00_hello_world.py for tasks to queue
[2026-07-10T00:00:34.480+0000] {logging_mixin.py:190} INFO - [2026-07-10T00:00:34.480+0000] {dagbag.py:588} INFO - Filling up the DagBag from /opt/airflow/dags/00_hello_world.py
[2026-07-10T00:00:34.492+0000] {processor.py:925} INFO - DAG(s) '00_hello_world' retrieved from /opt/airflow/dags/00_hello_world.py
[2026-07-10T00:00:34.526+0000] {logging_mixin.py:190} INFO - [2026-07-10T00:00:34.526+0000] {dag.py:3239} INFO - Sync 1 DAGs
[2026-07-10T00:00:34.540+0000] {logging_mixin.py:190} INFO - [2026-07-10T00:00:34.540+0000] {dag.py:4180} INFO - Setting next_dagrun for 00_hello_world to None, run_after=None
[2026-07-10T00:00:34.562+0000] {processor.py:208} INFO - Processing /opt/airflow/dags/00_hello_world.py took 0.103 seconds
[2026-07-10T00:01:04.674+0000] {processor.py:186} INFO - Started process (PID=9061) to work on /opt/airflow/dags/00_hello_world.py
[2026-07-10T00:01:04.677+0000] {processor.py:914} INFO - Processing file /opt/airflow/dags/00_hello_world.py for tasks to queue
[2026-07-10T00:01:04.681+0000] {logging_mixin.py:190} INFO - [2026-07-10T00:01:04.680+0000] {dagbag.py:588} INFO - Filling up the DagBag from /opt/airflow/dags/00_hello_world.py
[2026-07-10T00:01:04.695+0000] {processor.py:925} INFO - DAG(s) '00_hello_world' retrieved from /opt/airflow/dags/00_hello_world.py
[2026-07-10T00:01:04.739+0000] {logging_mixin.py:190} INFO - [2026-07-10T00:01:04.739+0000] {dag.py:3239} INFO - Sync 1 DAGs
[2026-07-10T00:01:04.756+0000] {logging_mixin.py:190} INFO - [2026-07-10T00:01:04.756+0000] {dag.py:4180} INFO - Setting next_dagrun for 00_hello_world to None, run_after=None
[2026-07-10T00:01:04.778+0000] {processor.py:208} INFO - Processing /opt/airflow/dags/00_hello_world.py took 0.115 seconds
[2026-07-10T00:01:35.530+0000] {processor.py:186} INFO - Started process (PID=9096) to work on /opt/airflow/dags/00_hello_world.py
[2026-07-10T00:01:35.532+0000] {processor.py:914} INFO - Processing file /opt/airflow/dags/00_hello_world.py for tasks to queue
[2026-07-10T00:01:35.538+0000] {logging_mixin.py:190} INFO - [2026-07-10T00:01:35.537+0000] {dagbag.py:588} INFO - Filling up the DagBag from /opt/airflow/dags/00_hello_world.py
[2026-07-10T00:01:35.550+0000] {processor.py:925} INFO - DAG(s) '00_hello_world' retrieved from /opt/airflow/dags/00_hello_world.py
[2026-07-10T00:01:35.611+0000] {logging_mixin.py:190} INFO - [2026-07-10T00:01:35.610+0000] {dag.py:3239} INFO - Sync 1 DAGs
[2026-07-10T00:01:35.639+0000] {logging_mixin.py:190} INFO - [2026-07-10T00:01:35.639+0000] {dag.py:4180} INFO - Setting next_dagrun for 00_hello_world to None, run_after=None
[2026-07-10T00:01:35.671+0000] {processor.py:208} INFO - Processing /opt/airflow/dags/00_hello_world.py took 0.157 seconds
[2026-07-10T00:02:06.533+0000] {processor.py:186} INFO - Started process (PID=9131) to work on /opt/airflow/dags/00_hello_world.py
[2026-07-10T00:02:06.537+0000] {processor.py:914} INFO - Processing file /opt/airflow/dags/00_hello_world.py for tasks to queue
[2026-07-10T00:02:06.545+0000] {logging_mixin.py:190} INFO - [2026-07-10T00:02:06.544+0000] {dagbag.py:588} INFO - Filling up the DagBag from /opt/airflow/dags/00_hello_world.py
[2026-07-10T00:02:06.566+0000] {processor.py:925} INFO - DAG(s) '00_hello_world' retrieved from /opt/airflow/dags/00_hello_world.py
[2026-07-10T00:02:06.613+0000] {logging_mixin.py:190} INFO - [2026-07-10T00:02:06.613+0000] {dag.py:3239} INFO - Sync 1 DAGs
[2026-07-10T00:02:06.636+0000] {logging_mixin.py:190} INFO - [2026-07-10T00:02:06.636+0000] {dag.py:4180} INFO - Setting next_dagrun for 00_hello_world to None, run_after=None
[2026-07-10T00:02:06.657+0000] {processor.py:208} INFO - Processing /opt/airflow/dags/00_hello_world.py took 0.164 seconds
[2026-07-10T00:02:37.368+0000] {processor.py:186} INFO - Started process (PID=9166) to work on /opt/airflow/dags/00_hello_world.py
[2026-07-10T00:02:37.370+0000] {processor.py:914} INFO - Processing file /opt/airflow/dags/00_hello_world.py for tasks to queue
[2026-07-10T00:02:37.376+0000] {logging_mixin.py:190} INFO - [2026-07-10T00:02:37.375+0000] {dagbag.py:588} INFO - Filling up the DagBag from /opt/airflow/dags/00_hello_world.py
[2026-07-10T00:02:37.393+0000] {processor.py:925} INFO - DAG(s) '00_hello_world' retrieved from /opt/airflow/dags/00_hello_world.py
[2026-07-10T00:02:37.443+0000] {logging_mixin.py:190} INFO - [2026-07-10T00:02:37.442+0000] {dag.py:3239} INFO - Sync 1 DAGs
[2026-07-10T00:02:37.469+0000] {logging_mixin.py:190} INFO - [2026-07-10T00:02:37.469+0000] {dag.py:4180} INFO - Setting next_dagrun for 00_hello_world to None, run_after=None
[2026-07-10T00:02:37.493+0000] {processor.py:208} INFO - Processing /opt/airflow/dags/00_hello_world.py took 0.180 seconds
[2026-07-10T00:03:07.801+0000] {processor.py:186} INFO - Started process (PID=9201) to work on /opt/airflow/dags/00_hello_world.py
[2026-07-10T00:03:07.803+0000] {processor.py:914} INFO - Processing file /opt/airflow/dags/00_hello_world.py for tasks to queue
[2026-07-10T00:03:07.807+0000] {logging_mixin.py:190} INFO - [2026-07-10T00:03:07.806+0000] {dagbag.py:588} INFO - Filling up the DagBag from /opt/airflow/dags/00_hello_world.py
[2026-07-10T00:03:07.823+0000] {processor.py:925} INFO - DAG(s) '00_hello_world' retrieved from /opt/airflow/dags/00_hello_world.py
[2026-07-10T00:03:07.895+0000] {logging_mixin.py:190} INFO - [2026-07-10T00:03:07.895+0000] {dag.py:3239} INFO - Sync 1 DAGs
[2026-07-10T00:03:07.920+0000] {logging_mixin.py:190} INFO - [2026-07-10T00:03:07.920+0000] {dag.py:4180} INFO - Setting next_dagrun for 00_hello_world to None, run_after=None
[2026-07-10T00:03:07.956+0000] {processor.py:208} INFO - Processing /opt/airflow/dags/00_hello_world.py took 0.184 seconds
[2026-07-10T00:03:38.752+0000] {processor.py:186} INFO - Started process (PID=9236) to work on /opt/airflow/dags/00_hello_world.py
[2026-07-10T00:03:38.758+0000] {processor.py:914} INFO - Processing file /opt/airflow/dags/00_hello_world.py for tasks to queue
[2026-07-10T00:03:38.769+0000] {logging_mixin.py:190} INFO - [2026-07-10T00:03:38.767+0000] {dagbag.py:588} INFO - Filling up the DagBag from /opt/airflow/dags/00_hello_world.py
[2026-07-10T00:03:38.804+0000] {processor.py:925} INFO - DAG(s) '00_hello_world' retrieved from /opt/airflow/dags/00_hello_world.py
[2026-07-10T00:03:38.875+0000] {logging_mixin.py:190} INFO - [2026-07-10T00:03:38.875+0000] {dag.py:3239} INFO - Sync 1 DAGs
[2026-07-10T00:03:38.908+0000] {logging_mixin.py:190} INFO - [2026-07-10T00:03:38.907+0000] {dag.py:4180} INFO - Setting next_dagrun for 00_hello_world to None, run_after=None
[2026-07-10T00:03:38.939+0000] {processor.py:208} INFO - Processing /opt/airflow/dags/00_hello_world.py took 0.212 seconds
[2026-07-10T00:04:09.743+0000] {processor.py:186} INFO - Started process (PID=9271) to work on /opt/airflow/dags/00_hello_world.py
[2026-07-10T00:04:09.744+0000] {processor.py:914} INFO - Processing file /opt/airflow/dags/00_hello_world.py for tasks to queue
[2026-07-10T00:04:09.747+0000] {logging_mixin.py:190} INFO - [2026-07-10T00:04:09.747+0000] {dagbag.py:588} INFO - Filling up the DagBag from /opt/airflow/dags/00_hello_world.py
[2026-07-10T00:04:09.759+0000] {processor.py:925} INFO - DAG(s) '00_hello_world' retrieved from /opt/airflow/dags/00_hello_world.py
[2026-07-10T00:04:09.803+0000] {logging_mixin.py:190} INFO - [2026-07-10T00:04:09.803+0000] {dag.py:3239} INFO - Sync 1 DAGs
[2026-07-10T00:04:09.828+0000] {logging_mixin.py:190} INFO - [2026-07-10T00:04:09.827+0000] {dag.py:4180} INFO - Setting next_dagrun for 00_hello_world to None, run_after=None
[2026-07-10T00:04:09.852+0000] {processor.py:208} INFO - Processing /opt/airflow/dags/00_hello_world.py took 0.120 seconds
[2026-07-10T00:04:40.732+0000] {processor.py:186} INFO - Started process (PID=9306) to work on /opt/airflow/dags/00_hello_world.py
[2026-07-10T00:04:40.734+0000] {processor.py:914} INFO - Processing file /opt/airflow/dags/00_hello_world.py for tasks to queue
[2026-07-10T00:04:40.737+0000] {logging_mixin.py:190} INFO - [2026-07-10T00:04:40.737+0000] {dagbag.py:588} INFO - Filling up the DagBag from /opt/airflow/dags/00_hello_world.py
[2026-07-10T00:04:40.752+0000] {processor.py:925} INFO - DAG(s) '00_hello_world' retrieved from /opt/airflow/dags/00_hello_world.py
[2026-07-10T00:04:40.799+0000] {logging_mixin.py:190} INFO - [2026-07-10T00:04:40.798+0000] {dag.py:3239} INFO - Sync 1 DAGs
[2026-07-10T00:04:40.816+0000] {logging_mixin.py:190} INFO - [2026-07-10T00:04:40.816+0000] {dag.py:4180} INFO - Setting next_dagrun for 00_hello_world to None, run_after=None
[2026-07-10T00:04:40.842+0000] {processor.py:208} INFO - Processing /opt/airflow/dags/00_hello_world.py took 0.121 seconds
[2026-07-10T00:05:11.556+0000] {processor.py:186} INFO - Started process (PID=9350) to work on /opt/airflow/dags/00_hello_world.py
[2026-07-10T00:05:11.559+0000] {processor.py:914} INFO - Processing file /opt/airflow/dags/00_hello_world.py for tasks to queue
[2026-07-10T00:05:11.565+0000] {logging_mixin.py:190} INFO - [2026-07-10T00:05:11.563+0000] {dagbag.py:588} INFO - Filling up the DagBag from /opt/airflow/dags/00_hello_world.py
[2026-07-10T00:05:11.582+0000] {processor.py:925} INFO - DAG(s) '00_hello_world' retrieved from /opt/airflow/dags/00_hello_world.py
[2026-07-10T00:05:11.639+0000] {logging_mixin.py:190} INFO - [2026-07-10T00:05:11.639+0000] {dag.py:3239} INFO - Sync 1 DAGs
[2026-07-10T00:05:11.665+0000] {logging_mixin.py:190} INFO - [2026-07-10T00:05:11.665+0000] {dag.py:4180} INFO - Setting next_dagrun for 00_hello_world to None, run_after=None
[2026-07-10T00:05:11.696+0000] {processor.py:208} INFO - Processing /opt/airflow/dags/00_hello_world.py took 0.183 seconds
[2026-07-10T00:05:42.591+0000] {processor.py:186} INFO - Started process (PID=9385) to work on /opt/airflow/dags/00_hello_world.py
[2026-07-10T00:05:42.596+0000] {processor.py:914} INFO - Processing file /opt/airflow/dags/00_hello_world.py for tasks to queue
[2026-07-10T00:05:42.604+0000] {logging_mixin.py:190} INFO - [2026-07-10T00:05:42.603+0000] {dagbag.py:588} INFO - Filling up the DagBag from /opt/airflow/dags/00_hello_world.py
[2026-07-10T00:05:42.642+0000] {processor.py:925} INFO - DAG(s) '00_hello_world' retrieved from /opt/airflow/dags/00_hello_world.py
[2026-07-10T00:05:42.711+0000] {logging_mixin.py:190} INFO - [2026-07-10T00:05:42.710+0000] {dag.py:3239} INFO - Sync 1 DAGs
[2026-07-10T00:05:42.735+0000] {logging_mixin.py:190} INFO - [2026-07-10T00:05:42.735+0000] {dag.py:4180} INFO - Setting next_dagrun for 00_hello_world to None, run_after=None
[2026-07-10T00:05:42.760+0000] {processor.py:208} INFO - Processing /opt/airflow/dags/00_hello_world.py took 0.194 seconds
[2026-07-10T00:06:13.824+0000] {processor.py:186} INFO - Started process (PID=9420) to work on /opt/airflow/dags/00_hello_world.py
[2026-07-10T00:06:13.826+0000] {processor.py:914} INFO - Processing file /opt/airflow/dags/00_hello_world.py for tasks to queue
[2026-07-10T00:06:13.831+0000] {logging_mixin.py:190} INFO - [2026-07-10T00:06:13.831+0000] {dagbag.py:588} INFO - Filling up the DagBag from /opt/airflow/dags/00_hello_world.py
[2026-07-10T00:06:13.848+0000] {processor.py:925} INFO - DAG(s) '00_hello_world' retrieved from /opt/airflow/dags/00_hello_world.py
[2026-07-10T00:06:13.884+0000] {logging_mixin.py:190} INFO - [2026-07-10T00:06:13.884+0000] {dag.py:3239} INFO - Sync 1 DAGs
[2026-07-10T00:06:13.902+0000] {logging_mixin.py:190} INFO - [2026-07-10T00:06:13.902+0000] {dag.py:4180} INFO - Setting next_dagrun for 00_hello_world to None, run_after=None
[2026-07-10T00:06:13.923+0000] {processor.py:208} INFO - Processing /opt/airflow/dags/00_hello_world.py took 0.135 seconds
[2026-07-10T00:06:44.791+0000] {processor.py:186} INFO - Started process (PID=9455) to work on /opt/airflow/dags/00_hello_world.py
[2026-07-10T00:06:44.792+0000] {processor.py:914} INFO - Processing file /opt/airflow/dags/00_hello_world.py for tasks to queue
[2026-07-10T00:06:44.798+0000] {logging_mixin.py:190} INFO - [2026-07-10T00:06:44.797+0000] {dagbag.py:588} INFO - Filling up the DagBag from /opt/airflow/dags/00_hello_world.py
[2026-07-10T00:06:44.812+0000] {processor.py:925} INFO - DAG(s) '00_hello_world' retrieved from /opt/airflow/dags/00_hello_world.py
[2026-07-10T00:06:44.887+0000] {logging_mixin.py:190} INFO - [2026-07-10T00:06:44.886+0000] {dag.py:3239} INFO - Sync 1 DAGs
[2026-07-10T00:06:44.908+0000] {logging_mixin.py:190} INFO - [2026-07-10T00:06:44.907+0000] {dag.py:4180} INFO - Setting next_dagrun for 00_hello_world to None, run_after=None
[2026-07-10T00:06:44.936+0000] {processor.py:208} INFO - Processing /opt/airflow/dags/00_hello_world.py took 0.162 seconds
[2026-07-10T00:07:15.071+0000] {processor.py:186} INFO - Started process (PID=9490) to work on /opt/airflow/dags/00_hello_world.py
[2026-07-10T00:07:15.073+0000] {processor.py:914} INFO - Processing file /opt/airflow/dags/00_hello_world.py for tasks to queue
[2026-07-10T00:07:15.076+0000] {logging_mixin.py:190} INFO - [2026-07-10T00:07:15.075+0000] {dagbag.py:588} INFO - Filling up the DagBag from /opt/airflow/dags/00_hello_world.py
[2026-07-10T00:07:15.089+0000] {processor.py:925} INFO - DAG(s) '00_hello_world' retrieved from /opt/airflow/dags/00_hello_world.py
[2026-07-10T00:07:15.133+0000] {logging_mixin.py:190} INFO - [2026-07-10T00:07:15.133+0000] {dag.py:3239} INFO - Sync 1 DAGs
[2026-07-10T00:07:15.156+0000] {logging_mixin.py:190} INFO - [2026-07-10T00:07:15.156+0000] {dag.py:4180} INFO - Setting next_dagrun for 00_hello_world to None, run_after=None
[2026-07-10T00:07:15.180+0000] {processor.py:208} INFO - Processing /opt/airflow/dags/00_hello_world.py took 0.118 seconds
[2026-07-10T00:07:45.911+0000] {processor.py:186} INFO - Started process (PID=9527) to work on /opt/airflow/dags/00_hello_world.py
[2026-07-10T00:07:45.915+0000] {processor.py:914} INFO - Processing file /opt/airflow/dags/00_hello_world.py for tasks to queue
[2026-07-10T00:07:45.923+0000] {logging_mixin.py:190} INFO - [2026-07-10T00:07:45.922+0000] {dagbag.py:588} INFO - Filling up the DagBag from /opt/airflow/dags/00_hello_world.py
[2026-07-10T00:07:45.944+0000] {processor.py:925} INFO - DAG(s) '00_hello_world' retrieved from /opt/airflow/dags/00_hello_world.py
[2026-07-10T00:07:45.994+0000] {logging_mixin.py:190} INFO - [2026-07-10T00:07:45.993+0000] {dag.py:3239} INFO - Sync 1 DAGs
[2026-07-10T00:07:46.020+0000] {logging_mixin.py:190} INFO - [2026-07-10T00:07:46.020+0000] {dag.py:4180} INFO - Setting next_dagrun for 00_hello_world to None, run_after=None
[2026-07-10T00:07:46.063+0000] {processor.py:208} INFO - Processing /opt/airflow/dags/00_hello_world.py took 0.208 seconds
[2026-07-10T00:08:16.162+0000] {processor.py:186} INFO - Started process (PID=9567) to work on /opt/airflow/dags/00_hello_world.py
[2026-07-10T00:08:16.164+0000] {processor.py:914} INFO - Processing file /opt/airflow/dags/00_hello_world.py for tasks to queue
[2026-07-10T00:08:16.167+0000] {logging_mixin.py:190} INFO - [2026-07-10T00:08:16.167+0000] {dagbag.py:588} INFO - Filling up the DagBag from /opt/airflow/dags/00_hello_world.py
[2026-07-10T00:08:16.181+0000] {processor.py:925} INFO - DAG(s) '00_hello_world' retrieved from /opt/airflow/dags/00_hello_world.py
[2026-07-10T00:08:16.239+0000] {logging_mixin.py:190} INFO - [2026-07-10T00:08:16.239+0000] {dag.py:3239} INFO - Sync 1 DAGs
[2026-07-10T00:08:16.274+0000] {logging_mixin.py:190} INFO - [2026-07-10T00:08:16.274+0000] {dag.py:4180} INFO - Setting next_dagrun for 00_hello_world to None, run_after=None
[2026-07-10T00:08:16.305+0000] {processor.py:208} INFO - Processing /opt/airflow/dags/00_hello_world.py took 0.159 seconds
[2026-07-10T00:08:46.474+0000] {processor.py:186} INFO - Started process (PID=9600) to work on /opt/airflow/dags/00_hello_world.py
[2026-07-10T00:08:46.478+0000] {processor.py:914} INFO - Processing file /opt/airflow/dags/00_hello_world.py for tasks to queue
[2026-07-10T00:08:46.485+0000] {logging_mixin.py:190} INFO - [2026-07-10T00:08:46.483+0000] {dagbag.py:588} INFO - Filling up the DagBag from /opt/airflow/dags/00_hello_world.py
[2026-07-10T00:08:46.498+0000] {processor.py:925} INFO - DAG(s) '00_hello_world' retrieved from /opt/airflow/dags/00_hello_world.py
[2026-07-10T00:08:46.542+0000] {logging_mixin.py:190} INFO - [2026-07-10T00:08:46.542+0000] {dag.py:3239} INFO - Sync 1 DAGs
[2026-07-10T00:08:46.565+0000] {logging_mixin.py:190} INFO - [2026-07-10T00:08:46.565+0000] {dag.py:4180} INFO - Setting next_dagrun for 00_hello_world to None, run_after=None
[2026-07-10T00:08:46.594+0000] {processor.py:208} INFO - Processing /opt/airflow/dags/00_hello_world.py took 0.133 seconds
[2026-07-10T00:09:17.295+0000] {processor.py:186} INFO - Started process (PID=9635) to work on /opt/airflow/dags/00_hello_world.py
[2026-07-10T00:09:17.296+0000] {processor.py:914} INFO - Processing file /opt/airflow/dags/00_hello_world.py for tasks to queue
[2026-07-10T00:09:17.309+0000] {logging_mixin.py:190} INFO - [2026-07-10T00:09:17.306+0000] {dagbag.py:588} INFO - Filling up the DagBag from /opt/airflow/dags/00_hello_world.py
[2026-07-10T00:09:17.352+0000] {processor.py:925} INFO - DAG(s) '00_hello_world' retrieved from /opt/airflow/dags/00_hello_world.py
[2026-07-10T00:09:17.426+0000] {logging_mixin.py:190} INFO - [2026-07-10T00:09:17.426+0000] {dag.py:3239} INFO - Sync 1 DAGs
[2026-07-10T00:09:17.531+0000] {logging_mixin.py:190} INFO - [2026-07-10T00:09:17.530+0000] {dag.py:4180} INFO - Setting next_dagrun for 00_hello_world to None, run_after=None
[2026-07-10T00:09:17.580+0000] {processor.py:208} INFO - Processing /opt/airflow/dags/00_hello_world.py took 0.326 seconds
[2026-07-10T00:09:48.564+0000] {processor.py:186} INFO - Started process (PID=9679) to work on /opt/airflow/dags/00_hello_world.py
[2026-07-10T00:09:48.566+0000] {processor.py:914} INFO - Processing file /opt/airflow/dags/00_hello_world.py for tasks to queue
[2026-07-10T00:09:48.569+0000] {logging_mixin.py:190} INFO - [2026-07-10T00:09:48.568+0000] {dagbag.py:588} INFO - Filling up the DagBag from /opt/airflow/dags/00_hello_world.py
[2026-07-10T00:09:48.588+0000] {processor.py:925} INFO - DAG(s) '00_hello_world' retrieved from /opt/airflow/dags/00_hello_world.py
[2026-07-10T00:09:48.658+0000] {logging_mixin.py:190} INFO - [2026-07-10T00:09:48.658+0000] {dag.py:3239} INFO - Sync 1 DAGs
[2026-07-10T00:09:48.682+0000] {logging_mixin.py:190} INFO - [2026-07-10T00:09:48.681+0000] {dag.py:4180} INFO - Setting next_dagrun for 00_hello_world to None, run_after=None
[2026-07-10T00:09:48.710+0000] {processor.py:208} INFO - Processing /opt/airflow/dags/00_hello_world.py took 0.157 seconds
[2026-07-10T00:10:18.855+0000] {processor.py:186} INFO - Started process (PID=9714) to work on /opt/airflow/dags/00_hello_world.py
[2026-07-10T00:10:18.857+0000] {processor.py:914} INFO - Processing file /opt/airflow/dags/00_hello_world.py for tasks to queue
[2026-07-10T00:10:18.863+0000] {logging_mixin.py:190} INFO - [2026-07-10T00:10:18.862+0000] {dagbag.py:588} INFO - Filling up the DagBag from /opt/airflow/dags/00_hello_world.py
[2026-07-10T00:10:18.881+0000] {processor.py:925} INFO - DAG(s) '00_hello_world' retrieved from /opt/airflow/dags/00_hello_world.py
[2026-07-10T00:10:18.962+0000] {logging_mixin.py:190} INFO - [2026-07-10T00:10:18.962+0000] {dag.py:3239} INFO - Sync 1 DAGs
[2026-07-10T00:10:18.992+0000] {logging_mixin.py:190} INFO - [2026-07-10T00:10:18.992+0000] {dag.py:4180} INFO - Setting next_dagrun for 00_hello_world to None, run_after=None
[2026-07-10T00:10:19.058+0000] {processor.py:208} INFO - Processing /opt/airflow/dags/00_hello_world.py took 0.214 seconds
[2026-07-10T00:10:49.241+0000] {processor.py:186} INFO - Started process (PID=9749) to work on /opt/airflow/dags/00_hello_world.py
[2026-07-10T00:10:49.245+0000] {processor.py:914} INFO - Processing file /opt/airflow/dags/00_hello_world.py for tasks to queue
[2026-07-10T00:10:49.251+0000] {logging_mixin.py:190} INFO - [2026-07-10T00:10:49.250+0000] {dagbag.py:588} INFO - Filling up the DagBag from /opt/airflow/dags/00_hello_world.py
[2026-07-10T00:10:49.270+0000] {processor.py:925} INFO - DAG(s) '00_hello_world' retrieved from /opt/airflow/dags/00_hello_world.py
[2026-07-10T00:10:49.326+0000] {logging_mixin.py:190} INFO - [2026-07-10T00:10:49.326+0000] {dag.py:3239} INFO - Sync 1 DAGs
[2026-07-10T00:10:49.350+0000] {logging_mixin.py:190} INFO - [2026-07-10T00:10:49.350+0000] {dag.py:4180} INFO - Setting next_dagrun for 00_hello_world to None, run_after=None
[2026-07-10T00:10:49.387+0000] {processor.py:208} INFO - Processing /opt/airflow/dags/00_hello_world.py took 0.192 seconds
[2026-07-10T00:11:20.045+0000] {processor.py:186} INFO - Started process (PID=9784) to work on /opt/airflow/dags/00_hello_world.py
[2026-07-10T00:11:20.062+0000] {processor.py:914} INFO - Processing file /opt/airflow/dags/00_hello_world.py for tasks to queue
[2026-07-10T00:11:20.078+0000] {logging_mixin.py:190} INFO - [2026-07-10T00:11:20.077+0000] {dagbag.py:588} INFO - Filling up the DagBag from /opt/airflow/dags/00_hello_world.py
[2026-07-10T00:11:20.094+0000] {processor.py:925} INFO - DAG(s) '00_hello_world' retrieved from /opt/airflow/dags/00_hello_world.py
[2026-07-10T00:11:20.139+0000] {logging_mixin.py:190} INFO - [2026-07-10T00:11:20.138+0000] {dag.py:3239} INFO - Sync 1 DAGs
[2026-07-10T00:11:20.156+0000] {logging_mixin.py:190} INFO - [2026-07-10T00:11:20.155+0000] {dag.py:4180} INFO - Setting next_dagrun for 00_hello_world to None, run_after=None
[2026-07-10T00:11:20.184+0000] {processor.py:208} INFO - Processing /opt/airflow/dags/00_hello_world.py took 0.199 seconds
[2026-07-10T00:11:51.038+0000] {processor.py:186} INFO - Started process (PID=9819) to work on /opt/airflow/dags/00_hello_world.py
[2026-07-10T00:11:51.039+0000] {processor.py:914} INFO - Processing file /opt/airflow/dags/00_hello_world.py for tasks to queue
[2026-07-10T00:11:51.041+0000] {logging_mixin.py:190} INFO - [2026-07-10T00:11:51.041+0000] {dagbag.py:588} INFO - Filling up the DagBag from /opt/airflow/dags/00_hello_world.py
[2026-07-10T00:11:51.049+0000] {processor.py:925} INFO - DAG(s) '00_hello_world' retrieved from /opt/airflow/dags/00_hello_world.py
[2026-07-10T00:11:51.080+0000] {logging_mixin.py:190} INFO - [2026-07-10T00:11:51.080+0000] {dag.py:3239} INFO - Sync 1 DAGs
[2026-07-10T00:11:51.099+0000] {logging_mixin.py:190} INFO - [2026-07-10T00:11:51.098+0000] {dag.py:4180} INFO - Setting next_dagrun for 00_hello_world to None, run_after=None
[2026-07-10T00:11:51.121+0000] {processor.py:208} INFO - Processing /opt/airflow/dags/00_hello_world.py took 0.092 seconds
[2026-07-10T00:12:22.131+0000] {processor.py:186} INFO - Started process (PID=9854) to work on /opt/airflow/dags/00_hello_world.py
[2026-07-10T00:12:22.137+0000] {processor.py:914} INFO - Processing file /opt/airflow/dags/00_hello_world.py for tasks to queue
[2026-07-10T00:12:22.147+0000] {logging_mixin.py:190} INFO - [2026-07-10T00:12:22.143+0000] {dagbag.py:588} INFO - Filling up the DagBag from /opt/airflow/dags/00_hello_world.py
[2026-07-10T00:12:22.175+0000] {processor.py:925} INFO - DAG(s) '00_hello_world' retrieved from /opt/airflow/dags/00_hello_world.py
[2026-07-10T00:12:22.224+0000] {logging_mixin.py:190} INFO - [2026-07-10T00:12:22.224+0000] {dag.py:3239} INFO - Sync 1 DAGs
[2026-07-10T00:12:22.244+0000] {logging_mixin.py:190} INFO - [2026-07-10T00:12:22.243+0000] {dag.py:4180} INFO - Setting next_dagrun for 00_hello_world to None, run_after=None
[2026-07-10T00:12:22.264+0000] {processor.py:208} INFO - Processing /opt/airflow/dags/00_hello_world.py took 0.156 seconds
[2026-07-10T00:12:53.344+0000] {processor.py:186} INFO - Started process (PID=9889) to work on /opt/airflow/dags/00_hello_world.py
[2026-07-10T00:12:53.347+0000] {processor.py:914} INFO - Processing file /opt/airflow/dags/00_hello_world.py for tasks to queue
[2026-07-10T00:12:53.353+0000] {logging_mixin.py:190} INFO - [2026-07-10T00:12:53.352+0000] {dagbag.py:588} INFO - Filling up the DagBag from /opt/airflow/dags/00_hello_world.py
[2026-07-10T00:12:53.369+0000] {processor.py:925} INFO - DAG(s) '00_hello_world' retrieved from /opt/airflow/dags/00_hello_world.py
[2026-07-10T00:12:53.412+0000] {logging_mixin.py:190} INFO - [2026-07-10T00:12:53.412+0000] {dag.py:3239} INFO - Sync 1 DAGs
[2026-07-10T00:12:53.429+0000] {logging_mixin.py:190} INFO - [2026-07-10T00:12:53.429+0000] {dag.py:4180} INFO - Setting next_dagrun for 00_hello_world to None, run_after=None
[2026-07-10T00:12:53.453+0000] {processor.py:208} INFO - Processing /opt/airflow/dags/00_hello_world.py took 0.150 seconds
[2026-07-10T00:13:24.432+0000] {processor.py:186} INFO - Started process (PID=9924) to work on /opt/airflow/dags/00_hello_world.py
[2026-07-10T00:13:24.436+0000] {processor.py:914} INFO - Processing file /opt/airflow/dags/00_hello_world.py for tasks to queue
[2026-07-10T00:13:24.441+0000] {logging_mixin.py:190} INFO - [2026-07-10T00:13:24.440+0000] {dagbag.py:588} INFO - Filling up the DagBag from /opt/airflow/dags/00_hello_world.py
[2026-07-10T00:13:24.455+0000] {processor.py:925} INFO - DAG(s) '00_hello_world' retrieved from /opt/airflow/dags/00_hello_world.py
[2026-07-10T00:13:24.492+0000] {logging_mixin.py:190} INFO - [2026-07-10T00:13:24.492+0000] {dag.py:3239} INFO - Sync 1 DAGs
[2026-07-10T00:13:24.510+0000] {logging_mixin.py:190} INFO - [2026-07-10T00:13:24.510+0000] {dag.py:4180} INFO - Setting next_dagrun for 00_hello_world to None, run_after=None
[2026-07-10T00:13:24.534+0000] {processor.py:208} INFO - Processing /opt/airflow/dags/00_hello_world.py took 0.118 seconds
[2026-07-10T00:13:55.531+0000] {processor.py:186} INFO - Started process (PID=9959) to work on /opt/airflow/dags/00_hello_world.py
[2026-07-10T00:13:55.533+0000] {processor.py:914} INFO - Processing file /opt/airflow/dags/00_hello_world.py for tasks to queue
[2026-07-10T00:13:55.537+0000] {logging_mixin.py:190} INFO - [2026-07-10T00:13:55.536+0000] {dagbag.py:588} INFO - Filling up the DagBag from /opt/airflow/dags/00_hello_world.py
[2026-07-10T00:13:55.546+0000] {processor.py:925} INFO - DAG(s) '00_hello_world' retrieved from /opt/airflow/dags/00_hello_world.py
[2026-07-10T00:13:55.588+0000] {logging_mixin.py:190} INFO - [2026-07-10T00:13:55.588+0000] {dag.py:3239} INFO - Sync 1 DAGs
[2026-07-10T00:13:55.607+0000] {logging_mixin.py:190} INFO - [2026-07-10T00:13:55.606+0000] {dag.py:4180} INFO - Setting next_dagrun for 00_hello_world to None, run_after=None
[2026-07-10T00:13:55.627+0000] {processor.py:208} INFO - Processing /opt/airflow/dags/00_hello_world.py took 0.105 seconds
[2026-07-10T00:14:26.516+0000] {processor.py:186} INFO - Started process (PID=9994) to work on /opt/airflow/dags/00_hello_world.py
[2026-07-10T00:14:26.524+0000] {processor.py:914} INFO - Processing file /opt/airflow/dags/00_hello_world.py for tasks to queue
[2026-07-10T00:14:26.539+0000] {logging_mixin.py:190} INFO - [2026-07-10T00:14:26.535+0000] {dagbag.py:588} INFO - Filling up the DagBag from /opt/airflow/dags/00_hello_world.py
[2026-07-10T00:14:26.564+0000] {processor.py:925} INFO - DAG(s) '00_hello_world' retrieved from /opt/airflow/dags/00_hello_world.py
[2026-07-10T00:14:26.607+0000] {logging_mixin.py:190} INFO - [2026-07-10T00:14:26.606+0000] {dag.py:3239} INFO - Sync 1 DAGs
[2026-07-10T00:14:26.624+0000] {logging_mixin.py:190} INFO - [2026-07-10T00:14:26.624+0000] {dag.py:4180} INFO - Setting next_dagrun for 00_hello_world to None, run_after=None
[2026-07-10T00:14:26.646+0000] {processor.py:208} INFO - Processing /opt/airflow/dags/00_hello_world.py took 0.188 seconds
[2026-07-10T00:14:56.722+0000] {processor.py:186} INFO - Started process (PID=10029) to work on /opt/airflow/dags/00_hello_world.py
[2026-07-10T00:14:56.724+0000] {processor.py:914} INFO - Processing file /opt/airflow/dags/00_hello_world.py for tasks to queue
[2026-07-10T00:14:56.728+0000] {logging_mixin.py:190} INFO - [2026-07-10T00:14:56.728+0000] {dagbag.py:588} INFO - Filling up the DagBag from /opt/airflow/dags/00_hello_world.py
[2026-07-10T00:14:56.738+0000] {processor.py:925} INFO - DAG(s) '00_hello_world' retrieved from /opt/airflow/dags/00_hello_world.py
[2026-07-10T00:14:56.776+0000] {logging_mixin.py:190} INFO - [2026-07-10T00:14:56.776+0000] {dag.py:3239} INFO - Sync 1 DAGs
[2026-07-10T00:14:56.791+0000] {logging_mixin.py:190} INFO - [2026-07-10T00:14:56.791+0000] {dag.py:4180} INFO - Setting next_dagrun for 00_hello_world to None, run_after=None
[2026-07-10T00:14:56.814+0000] {processor.py:208} INFO - Processing /opt/airflow/dags/00_hello_world.py took 0.100 seconds
[2026-07-10T00:15:27.762+0000] {processor.py:186} INFO - Started process (PID=10064) to work on /opt/airflow/dags/00_hello_world.py
[2026-07-10T00:15:27.766+0000] {processor.py:914} INFO - Processing file /opt/airflow/dags/00_hello_world.py for tasks to queue
[2026-07-10T00:15:27.777+0000] {logging_mixin.py:190} INFO - [2026-07-10T00:15:27.775+0000] {dagbag.py:588} INFO - Filling up the DagBag from /opt/airflow/dags/00_hello_world.py
[2026-07-10T00:15:27.803+0000] {processor.py:925} INFO - DAG(s) '00_hello_world' retrieved from /opt/airflow/dags/00_hello_world.py
[2026-07-10T00:15:27.893+0000] {logging_mixin.py:190} INFO - [2026-07-10T00:15:27.893+0000] {dag.py:3239} INFO - Sync 1 DAGs
[2026-07-10T00:15:27.938+0000] {logging_mixin.py:190} INFO - [2026-07-10T00:15:27.938+0000] {dag.py:4180} INFO - Setting next_dagrun for 00_hello_world to None, run_after=None
[2026-07-10T00:15:27.982+0000] {processor.py:208} INFO - Processing /opt/airflow/dags/00_hello_world.py took 0.247 seconds
[2026-07-10T00:15:58.575+0000] {processor.py:186} INFO - Started process (PID=10099) to work on /opt/airflow/dags/00_hello_world.py
[2026-07-10T00:15:58.584+0000] {processor.py:914} INFO - Processing file /opt/airflow/dags/00_hello_world.py for tasks to queue
[2026-07-10T00:15:58.595+0000] {logging_mixin.py:190} INFO - [2026-07-10T00:15:58.593+0000] {dagbag.py:588} INFO - Filling up the DagBag from /opt/airflow/dags/00_hello_world.py
[2026-07-10T00:15:58.612+0000] {processor.py:925} INFO - DAG(s) '00_hello_world' retrieved from /opt/airflow/dags/00_hello_world.py
[2026-07-10T00:15:58.660+0000] {logging_mixin.py:190} INFO - [2026-07-10T00:15:58.660+0000] {dag.py:3239} INFO - Sync 1 DAGs
[2026-07-10T00:15:58.677+0000] {logging_mixin.py:190} INFO - [2026-07-10T00:15:58.677+0000] {dag.py:4180} INFO - Setting next_dagrun for 00_hello_world to None, run_after=None
[2026-07-10T00:15:58.699+0000] {processor.py:208} INFO - Processing /opt/airflow/dags/00_hello_world.py took 0.152 seconds
[2026-07-10T00:16:29.714+0000] {processor.py:186} INFO - Started process (PID=10134) to work on /opt/airflow/dags/00_hello_world.py
[2026-07-10T00:16:29.715+0000] {processor.py:914} INFO - Processing file /opt/airflow/dags/00_hello_world.py for tasks to queue
[2026-07-10T00:16:29.719+0000] {logging_mixin.py:190} INFO - [2026-07-10T00:16:29.719+0000] {dagbag.py:588} INFO - Filling up the DagBag from /opt/airflow/dags/00_hello_world.py
[2026-07-10T00:16:29.729+0000] {processor.py:925} INFO - DAG(s) '00_hello_world' retrieved from /opt/airflow/dags/00_hello_world.py
[2026-07-10T00:16:29.767+0000] {logging_mixin.py:190} INFO - [2026-07-10T00:16:29.766+0000] {dag.py:3239} INFO - Sync 1 DAGs
[2026-07-10T00:16:29.787+0000] {logging_mixin.py:190} INFO - [2026-07-10T00:16:29.787+0000] {dag.py:4180} INFO - Setting next_dagrun for 00_hello_world to None, run_after=None
[2026-07-10T00:16:29.810+0000] {processor.py:208} INFO - Processing /opt/airflow/dags/00_hello_world.py took 0.109 seconds
[2026-07-10T00:17:00.650+0000] {processor.py:186} INFO - Started process (PID=10169) to work on /opt/airflow/dags/00_hello_world.py
[2026-07-10T00:17:00.651+0000] {processor.py:914} INFO - Processing file /opt/airflow/dags/00_hello_world.py for tasks to queue
[2026-07-10T00:17:00.654+0000] {logging_mixin.py:190} INFO - [2026-07-10T00:17:00.653+0000] {dagbag.py:588} INFO - Filling up the DagBag from /opt/airflow/dags/00_hello_world.py
[2026-07-10T00:17:00.664+0000] {processor.py:925} INFO - DAG(s) '00_hello_world' retrieved from /opt/airflow/dags/00_hello_world.py
[2026-07-10T00:17:00.701+0000] {logging_mixin.py:190} INFO - [2026-07-10T00:17:00.701+0000] {dag.py:3239} INFO - Sync 1 DAGs
[2026-07-10T00:17:00.722+0000] {logging_mixin.py:190} INFO - [2026-07-10T00:17:00.722+0000] {dag.py:4180} INFO - Setting next_dagrun for 00_hello_world to None, run_after=None
[2026-07-10T00:17:00.744+0000] {processor.py:208} INFO - Processing /opt/airflow/dags/00_hello_world.py took 0.106 seconds
[2026-07-10T00:17:31.035+0000] {processor.py:186} INFO - Started process (PID=10204) to work on /opt/airflow/dags/00_hello_world.py
[2026-07-10T00:17:31.040+0000] {processor.py:914} INFO - Processing file /opt/airflow/dags/00_hello_world.py for tasks to queue
[2026-07-10T00:17:31.058+0000] {logging_mixin.py:190} INFO - [2026-07-10T00:17:31.056+0000] {dagbag.py:588} INFO - Filling up the DagBag from /opt/airflow/dags/00_hello_world.py
[2026-07-10T00:17:31.095+0000] {processor.py:925} INFO - DAG(s) '00_hello_world' retrieved from /opt/airflow/dags/00_hello_world.py
[2026-07-10T00:17:31.217+0000] {logging_mixin.py:190} INFO - [2026-07-10T00:17:31.216+0000] {dag.py:3239} INFO - Sync 1 DAGs
[2026-07-10T00:17:31.275+0000] {logging_mixin.py:190} INFO - [2026-07-10T00:17:31.274+0000] {dag.py:4180} INFO - Setting next_dagrun for 00_hello_world to None, run_after=None
[2026-07-10T00:17:31.326+0000] {processor.py:208} INFO - Processing /opt/airflow/dags/00_hello_world.py took 0.334 seconds
[2026-07-10T00:18:02.413+0000] {processor.py:186} INFO - Started process (PID=10239) to work on /opt/airflow/dags/00_hello_world.py
[2026-07-10T00:18:02.416+0000] {processor.py:914} INFO - Processing file /opt/airflow/dags/00_hello_world.py for tasks to queue
[2026-07-10T00:18:02.421+0000] {logging_mixin.py:190} INFO - [2026-07-10T00:18:02.421+0000] {dagbag.py:588} INFO - Filling up the DagBag from /opt/airflow/dags/00_hello_world.py
[2026-07-10T00:18:02.442+0000] {processor.py:925} INFO - DAG(s) '00_hello_world' retrieved from /opt/airflow/dags/00_hello_world.py
[2026-07-10T00:18:02.518+0000] {logging_mixin.py:190} INFO - [2026-07-10T00:18:02.517+0000] {dag.py:3239} INFO - Sync 1 DAGs
[2026-07-10T00:18:02.556+0000] {logging_mixin.py:190} INFO - [2026-07-10T00:18:02.556+0000] {dag.py:4180} INFO - Setting next_dagrun for 00_hello_world to None, run_after=None
[2026-07-10T00:18:02.606+0000] {processor.py:208} INFO - Processing /opt/airflow/dags/00_hello_world.py took 0.229 seconds
[2026-07-10T00:18:33.515+0000] {processor.py:186} INFO - Started process (PID=10274) to work on /opt/airflow/dags/00_hello_world.py
[2026-07-10T00:18:33.520+0000] {processor.py:914} INFO - Processing file /opt/airflow/dags/00_hello_world.py for tasks to queue
[2026-07-10T00:18:33.533+0000] {logging_mixin.py:190} INFO - [2026-07-10T00:18:33.530+0000] {dagbag.py:588} INFO - Filling up the DagBag from /opt/airflow/dags/00_hello_world.py
[2026-07-10T00:18:33.575+0000] {processor.py:925} INFO - DAG(s) '00_hello_world' retrieved from /opt/airflow/dags/00_hello_world.py
[2026-07-10T00:18:33.629+0000] {logging_mixin.py:190} INFO - [2026-07-10T00:18:33.628+0000] {dag.py:3239} INFO - Sync 1 DAGs
[2026-07-10T00:18:33.649+0000] {logging_mixin.py:190} INFO - [2026-07-10T00:18:33.649+0000] {dag.py:4180} INFO - Setting next_dagrun for 00_hello_world to None, run_after=None
[2026-07-10T00:18:33.672+0000] {processor.py:208} INFO - Processing /opt/airflow/dags/00_hello_world.py took 0.200 seconds
[2026-07-10T00:19:04.694+0000] {processor.py:186} INFO - Started process (PID=10309) to work on /opt/airflow/dags/00_hello_world.py
[2026-07-10T00:19:04.696+0000] {processor.py:914} INFO - Processing file /opt/airflow/dags/00_hello_world.py for tasks to queue
[2026-07-10T00:19:04.701+0000] {logging_mixin.py:190} INFO - [2026-07-10T00:19:04.701+0000] {dagbag.py:588} INFO - Filling up the DagBag from /opt/airflow/dags/00_hello_world.py
[2026-07-10T00:19:04.720+0000] {processor.py:925} INFO - DAG(s) '00_hello_world' retrieved from /opt/airflow/dags/00_hello_world.py
[2026-07-10T00:19:04.764+0000] {logging_mixin.py:190} INFO - [2026-07-10T00:19:04.764+0000] {dag.py:3239} INFO - Sync 1 DAGs
[2026-07-10T00:19:04.788+0000] {logging_mixin.py:190} INFO - [2026-07-10T00:19:04.788+0000] {dag.py:4180} INFO - Setting next_dagrun for 00_hello_world to None, run_after=None
[2026-07-10T00:19:04.809+0000] {processor.py:208} INFO - Processing /opt/airflow/dags/00_hello_world.py took 0.143 seconds
[2026-07-10T00:19:34.971+0000] {processor.py:186} INFO - Started process (PID=10344) to work on /opt/airflow/dags/00_hello_world.py
[2026-07-10T00:19:34.972+0000] {processor.py:914} INFO - Processing file /opt/airflow/dags/00_hello_world.py for tasks to queue
[2026-07-10T00:19:34.975+0000] {logging_mixin.py:190} INFO - [2026-07-10T00:19:34.974+0000] {dagbag.py:588} INFO - Filling up the DagBag from /opt/airflow/dags/00_hello_world.py
[2026-07-10T00:19:34.987+0000] {processor.py:925} INFO - DAG(s) '00_hello_world' retrieved from /opt/airflow/dags/00_hello_world.py
[2026-07-10T00:19:35.028+0000] {logging_mixin.py:190} INFO - [2026-07-10T00:19:35.028+0000] {dag.py:3239} INFO - Sync 1 DAGs
[2026-07-10T00:19:35.052+0000] {logging_mixin.py:190} INFO - [2026-07-10T00:19:35.051+0000] {dag.py:4180} INFO - Setting next_dagrun for 00_hello_world to None, run_after=None
[2026-07-10T00:19:35.073+0000] {processor.py:208} INFO - Processing /opt/airflow/dags/00_hello_world.py took 0.111 seconds
[2026-07-10T00:20:06.045+0000] {processor.py:186} INFO - Started process (PID=10379) to work on /opt/airflow/dags/00_hello_world.py
[2026-07-10T00:20:06.047+0000] {processor.py:914} INFO - Processing file /opt/airflow/dags/00_hello_world.py for tasks to queue
[2026-07-10T00:20:06.051+0000] {logging_mixin.py:190} INFO - [2026-07-10T00:20:06.050+0000] {dagbag.py:588} INFO - Filling up the DagBag from /opt/airflow/dags/00_hello_world.py
[2026-07-10T00:20:06.062+0000] {processor.py:925} INFO - DAG(s) '00_hello_world' retrieved from /opt/airflow/dags/00_hello_world.py
[2026-07-10T00:20:06.100+0000] {logging_mixin.py:190} INFO - [2026-07-10T00:20:06.100+0000] {dag.py:3239} INFO - Sync 1 DAGs
[2026-07-10T00:20:06.120+0000] {logging_mixin.py:190} INFO - [2026-07-10T00:20:06.119+0000] {dag.py:4180} INFO - Setting next_dagrun for 00_hello_world to None, run_after=None
[2026-07-10T00:20:06.146+0000] {processor.py:208} INFO - Processing /opt/airflow/dags/00_hello_world.py took 0.118 seconds
[2026-07-10T00:20:37.094+0000] {processor.py:186} INFO - Started process (PID=10414) to work on /opt/airflow/dags/00_hello_world.py
[2026-07-10T00:20:37.095+0000] {processor.py:914} INFO - Processing file /opt/airflow/dags/00_hello_world.py for tasks to queue
[2026-07-10T00:20:37.100+0000] {logging_mixin.py:190} INFO - [2026-07-10T00:20:37.099+0000] {dagbag.py:588} INFO - Filling up the DagBag from /opt/airflow/dags/00_hello_world.py
[2026-07-10T00:20:37.114+0000] {processor.py:925} INFO - DAG(s) '00_hello_world' retrieved from /opt/airflow/dags/00_hello_world.py
[2026-07-10T00:20:37.155+0000] {logging_mixin.py:190} INFO - [2026-07-10T00:20:37.155+0000] {dag.py:3239} INFO - Sync 1 DAGs
[2026-07-10T00:20:37.172+0000] {logging_mixin.py:190} INFO - [2026-07-10T00:20:37.172+0000] {dag.py:4180} INFO - Setting next_dagrun for 00_hello_world to None, run_after=None
[2026-07-10T00:20:37.195+0000] {processor.py:208} INFO - Processing /opt/airflow/dags/00_hello_world.py took 0.119 seconds
[2026-07-10T00:21:08.063+0000] {processor.py:186} INFO - Started process (PID=10449) to work on /opt/airflow/dags/00_hello_world.py
[2026-07-10T00:21:08.064+0000] {processor.py:914} INFO - Processing file /opt/airflow/dags/00_hello_world.py for tasks to queue
[2026-07-10T00:21:08.067+0000] {logging_mixin.py:190} INFO - [2026-07-10T00:21:08.067+0000] {dagbag.py:588} INFO - Filling up the DagBag from /opt/airflow/dags/00_hello_world.py
[2026-07-10T00:21:08.079+0000] {processor.py:925} INFO - DAG(s) '00_hello_world' retrieved from /opt/airflow/dags/00_hello_world.py
[2026-07-10T00:21:08.133+0000] {logging_mixin.py:190} INFO - [2026-07-10T00:21:08.132+0000] {dag.py:3239} INFO - Sync 1 DAGs
[2026-07-10T00:21:08.170+0000] {logging_mixin.py:190} INFO - [2026-07-10T00:21:08.170+0000] {dag.py:4180} INFO - Setting next_dagrun for 00_hello_world to None, run_after=None
[2026-07-10T00:21:08.202+0000] {processor.py:208} INFO - Processing /opt/airflow/dags/00_hello_world.py took 0.149 seconds
[2026-07-10T00:21:39.292+0000] {processor.py:186} INFO - Started process (PID=10484) to work on /opt/airflow/dags/00_hello_world.py
[2026-07-10T00:21:39.293+0000] {processor.py:914} INFO - Processing file /opt/airflow/dags/00_hello_world.py for tasks to queue
[2026-07-10T00:21:39.298+0000] {logging_mixin.py:190} INFO - [2026-07-10T00:21:39.298+0000] {dagbag.py:588} INFO - Filling up the DagBag from /opt/airflow/dags/00_hello_world.py
[2026-07-10T00:21:39.310+0000] {processor.py:925} INFO - DAG(s) '00_hello_world' retrieved from /opt/airflow/dags/00_hello_world.py
[2026-07-10T00:21:39.353+0000] {logging_mixin.py:190} INFO - [2026-07-10T00:21:39.352+0000] {dag.py:3239} INFO - Sync 1 DAGs
[2026-07-10T00:21:39.371+0000] {logging_mixin.py:190} INFO - [2026-07-10T00:21:39.371+0000] {dag.py:4180} INFO - Setting next_dagrun for 00_hello_world to None, run_after=None
[2026-07-10T00:21:39.395+0000] {processor.py:208} INFO - Processing /opt/airflow/dags/00_hello_world.py took 0.121 seconds
[2026-07-10T00:22:10.387+0000] {processor.py:186} INFO - Started process (PID=10519) to work on /opt/airflow/dags/00_hello_world.py
[2026-07-10T00:22:10.391+0000] {processor.py:914} INFO - Processing file /opt/airflow/dags/00_hello_world.py for tasks to queue
[2026-07-10T00:22:10.401+0000] {logging_mixin.py:190} INFO - [2026-07-10T00:22:10.399+0000] {dagbag.py:588} INFO - Filling up the DagBag from /opt/airflow/dags/00_hello_world.py
[2026-07-10T00:22:10.424+0000] {processor.py:925} INFO - DAG(s) '00_hello_world' retrieved from /opt/airflow/dags/00_hello_world.py
[2026-07-10T00:22:10.490+0000] {logging_mixin.py:190} INFO - [2026-07-10T00:22:10.489+0000] {dag.py:3239} INFO - Sync 1 DAGs
[2026-07-10T00:22:10.515+0000] {logging_mixin.py:190} INFO - [2026-07-10T00:22:10.514+0000] {dag.py:4180} INFO - Setting next_dagrun for 00_hello_world to None, run_after=None
[2026-07-10T00:22:10.541+0000] {processor.py:208} INFO - Processing /opt/airflow/dags/00_hello_world.py took 0.204 seconds
[2026-07-10T00:22:41.415+0000] {processor.py:186} INFO - Started process (PID=10554) to work on /opt/airflow/dags/00_hello_world.py
[2026-07-10T00:22:41.419+0000] {processor.py:914} INFO - Processing file /opt/airflow/dags/00_hello_world.py for tasks to queue
[2026-07-10T00:22:41.427+0000] {logging_mixin.py:190} INFO - [2026-07-10T00:22:41.425+0000] {dagbag.py:588} INFO - Filling up the DagBag from /opt/airflow/dags/00_hello_world.py
[2026-07-10T00:22:41.460+0000] {processor.py:925} INFO - DAG(s) '00_hello_world' retrieved from /opt/airflow/dags/00_hello_world.py
[2026-07-10T00:22:41.556+0000] {logging_mixin.py:190} INFO - [2026-07-10T00:22:41.556+0000] {dag.py:3239} INFO - Sync 1 DAGs
[2026-07-10T00:22:41.588+0000] {logging_mixin.py:190} INFO - [2026-07-10T00:22:41.588+0000] {dag.py:4180} INFO - Setting next_dagrun for 00_hello_world to None, run_after=None
[2026-07-10T00:22:41.623+0000] {processor.py:208} INFO - Processing /opt/airflow/dags/00_hello_world.py took 0.239 seconds
[2026-07-10T00:23:12.672+0000] {processor.py:186} INFO - Started process (PID=10589) to work on /opt/airflow/dags/00_hello_world.py
[2026-07-10T00:23:12.676+0000] {processor.py:914} INFO - Processing file /opt/airflow/dags/00_hello_world.py for tasks to queue
[2026-07-10T00:23:12.686+0000] {logging_mixin.py:190} INFO - [2026-07-10T00:23:12.685+0000] {dagbag.py:588} INFO - Filling up the DagBag from /opt/airflow/dags/00_hello_world.py
[2026-07-10T00:23:12.716+0000] {processor.py:925} INFO - DAG(s) '00_hello_world' retrieved from /opt/airflow/dags/00_hello_world.py
[2026-07-10T00:23:12.787+0000] {logging_mixin.py:190} INFO - [2026-07-10T00:23:12.787+0000] {dag.py:3239} INFO - Sync 1 DAGs
[2026-07-10T00:23:12.826+0000] {logging_mixin.py:190} INFO - [2026-07-10T00:23:12.825+0000] {dag.py:4180} INFO - Setting next_dagrun for 00_hello_world to None, run_after=None
[2026-07-10T00:23:12.892+0000] {processor.py:208} INFO - Processing /opt/airflow/dags/00_hello_world.py took 0.247 seconds
[2026-07-10T00:23:43.899+0000] {processor.py:186} INFO - Started process (PID=10624) to work on /opt/airflow/dags/00_hello_world.py
[2026-07-10T00:23:43.901+0000] {processor.py:914} INFO - Processing file /opt/airflow/dags/00_hello_world.py for tasks to queue
[2026-07-10T00:23:43.907+0000] {logging_mixin.py:190} INFO - [2026-07-10T00:23:43.906+0000] {dagbag.py:588} INFO - Filling up the DagBag from /opt/airflow/dags/00_hello_world.py
[2026-07-10T00:23:43.928+0000] {processor.py:925} INFO - DAG(s) '00_hello_world' retrieved from /opt/airflow/dags/00_hello_world.py
[2026-07-10T00:23:43.965+0000] {logging_mixin.py:190} INFO - [2026-07-10T00:23:43.965+0000] {dag.py:3239} INFO - Sync 1 DAGs
[2026-07-10T00:23:43.980+0000] {logging_mixin.py:190} INFO - [2026-07-10T00:23:43.980+0000] {dag.py:4180} INFO - Setting next_dagrun for 00_hello_world to None, run_after=None
[2026-07-10T00:23:44.008+0000] {processor.py:208} INFO - Processing /opt/airflow/dags/00_hello_world.py took 0.153 seconds
[2026-07-10T00:24:15.087+0000] {processor.py:186} INFO - Started process (PID=10659) to work on /opt/airflow/dags/00_hello_world.py
[2026-07-10T00:24:15.088+0000] {processor.py:914} INFO - Processing file /opt/airflow/dags/00_hello_world.py for tasks to queue
[2026-07-10T00:24:15.092+0000] {logging_mixin.py:190} INFO - [2026-07-10T00:24:15.091+0000] {dagbag.py:588} INFO - Filling up the DagBag from /opt/airflow/dags/00_hello_world.py
[2026-07-10T00:24:15.105+0000] {processor.py:925} INFO - DAG(s) '00_hello_world' retrieved from /opt/airflow/dags/00_hello_world.py
[2026-07-10T00:24:15.166+0000] {logging_mixin.py:190} INFO - [2026-07-10T00:24:15.165+0000] {dag.py:3239} INFO - Sync 1 DAGs
[2026-07-10T00:24:15.193+0000] {logging_mixin.py:190} INFO - [2026-07-10T00:24:15.193+0000] {dag.py:4180} INFO - Setting next_dagrun for 00_hello_world to None, run_after=None
[2026-07-10T00:24:15.224+0000] {processor.py:208} INFO - Processing /opt/airflow/dags/00_hello_world.py took 0.150 seconds
[2026-07-10T00:24:46.319+0000] {processor.py:186} INFO - Started process (PID=10694) to work on /opt/airflow/dags/00_hello_world.py
[2026-07-10T00:24:46.322+0000] {processor.py:914} INFO - Processing file /opt/airflow/dags/00_hello_world.py for tasks to queue
[2026-07-10T00:24:46.330+0000] {logging_mixin.py:190} INFO - [2026-07-10T00:24:46.329+0000] {dagbag.py:588} INFO - Filling up the DagBag from /opt/airflow/dags/00_hello_world.py
[2026-07-10T00:24:46.357+0000] {processor.py:925} INFO - DAG(s) '00_hello_world' retrieved from /opt/airflow/dags/00_hello_world.py
[2026-07-10T00:24:46.414+0000] {logging_mixin.py:190} INFO - [2026-07-10T00:24:46.414+0000] {dag.py:3239} INFO - Sync 1 DAGs
[2026-07-10T00:24:46.445+0000] {logging_mixin.py:190} INFO - [2026-07-10T00:24:46.445+0000] {dag.py:4180} INFO - Setting next_dagrun for 00_hello_world to None, run_after=None
[2026-07-10T00:24:46.483+0000] {processor.py:208} INFO - Processing /opt/airflow/dags/00_hello_world.py took 0.192 seconds
[2026-07-10T00:25:17.617+0000] {processor.py:186} INFO - Started process (PID=10729) to work on /opt/airflow/dags/00_hello_world.py
[2026-07-10T00:25:17.620+0000] {processor.py:914} INFO - Processing file /opt/airflow/dags/00_hello_world.py for tasks to queue
[2026-07-10T00:25:17.633+0000] {logging_mixin.py:190} INFO - [2026-07-10T00:25:17.631+0000] {dagbag.py:588} INFO - Filling up the DagBag from /opt/airflow/dags/00_hello_world.py
[2026-07-10T00:25:17.667+0000] {processor.py:925} INFO - DAG(s) '00_hello_world' retrieved from /opt/airflow/dags/00_hello_world.py
[2026-07-10T00:25:17.709+0000] {logging_mixin.py:190} INFO - [2026-07-10T00:25:17.709+0000] {dag.py:3239} INFO - Sync 1 DAGs
[2026-07-10T00:25:17.729+0000] {logging_mixin.py:190} INFO - [2026-07-10T00:25:17.729+0000] {dag.py:4180} INFO - Setting next_dagrun for 00_hello_world to None, run_after=None
[2026-07-10T00:25:17.752+0000] {processor.py:208} INFO - Processing /opt/airflow/dags/00_hello_world.py took 0.191 seconds
[2026-07-10T00:25:48.746+0000] {processor.py:186} INFO - Started process (PID=10764) to work on /opt/airflow/dags/00_hello_world.py
[2026-07-10T00:25:48.748+0000] {processor.py:914} INFO - Processing file /opt/airflow/dags/00_hello_world.py for tasks to queue
[2026-07-10T00:25:48.752+0000] {logging_mixin.py:190} INFO - [2026-07-10T00:25:48.752+0000] {dagbag.py:588} INFO - Filling up the DagBag from /opt/airflow/dags/00_hello_world.py
[2026-07-10T00:25:48.765+0000] {processor.py:925} INFO - DAG(s) '00_hello_world' retrieved from /opt/airflow/dags/00_hello_world.py
[2026-07-10T00:25:48.803+0000] {logging_mixin.py:190} INFO - [2026-07-10T00:25:48.803+0000] {dag.py:3239} INFO - Sync 1 DAGs
[2026-07-10T00:25:48.822+0000] {logging_mixin.py:190} INFO - [2026-07-10T00:25:48.822+0000] {dag.py:4180} INFO - Setting next_dagrun for 00_hello_world to None, run_after=None
[2026-07-10T00:25:48.848+0000] {processor.py:208} INFO - Processing /opt/airflow/dags/00_hello_world.py took 0.137 seconds
[2026-07-10T00:26:19.742+0000] {processor.py:186} INFO - Started process (PID=10799) to work on /opt/airflow/dags/00_hello_world.py
[2026-07-10T00:26:19.743+0000] {processor.py:914} INFO - Processing file /opt/airflow/dags/00_hello_world.py for tasks to queue
[2026-07-10T00:26:19.746+0000] {logging_mixin.py:190} INFO - [2026-07-10T00:26:19.745+0000] {dagbag.py:588} INFO - Filling up the DagBag from /opt/airflow/dags/00_hello_world.py
[2026-07-10T00:26:19.756+0000] {processor.py:925} INFO - DAG(s) '00_hello_world' retrieved from /opt/airflow/dags/00_hello_world.py
[2026-07-10T00:26:19.798+0000] {logging_mixin.py:190} INFO - [2026-07-10T00:26:19.797+0000] {dag.py:3239} INFO - Sync 1 DAGs
[2026-07-10T00:26:19.817+0000] {logging_mixin.py:190} INFO - [2026-07-10T00:26:19.817+0000] {dag.py:4180} INFO - Setting next_dagrun for 00_hello_world to None, run_after=None
[2026-07-10T00:26:19.844+0000] {processor.py:208} INFO - Processing /opt/airflow/dags/00_hello_world.py took 0.110 seconds
[2026-07-10T00:26:50.039+0000] {processor.py:186} INFO - Started process (PID=10834) to work on /opt/airflow/dags/00_hello_world.py
[2026-07-10T00:26:50.041+0000] {processor.py:914} INFO - Processing file /opt/airflow/dags/00_hello_world.py for tasks to queue
[2026-07-10T00:26:50.046+0000] {logging_mixin.py:190} INFO - [2026-07-10T00:26:50.045+0000] {dagbag.py:588} INFO - Filling up the DagBag from /opt/airflow/dags/00_hello_world.py
[2026-07-10T00:26:50.066+0000] {processor.py:925} INFO - DAG(s) '00_hello_world' retrieved from /opt/airflow/dags/00_hello_world.py
[2026-07-10T00:26:50.134+0000] {logging_mixin.py:190} INFO - [2026-07-10T00:26:50.133+0000] {dag.py:3239} INFO - Sync 1 DAGs
[2026-07-10T00:26:50.171+0000] {logging_mixin.py:190} INFO - [2026-07-10T00:26:50.170+0000] {dag.py:4180} INFO - Setting next_dagrun for 00_hello_world to None, run_after=None
[2026-07-10T00:26:50.211+0000] {processor.py:208} INFO - Processing /opt/airflow/dags/00_hello_world.py took 0.197 seconds
[2026-07-10T00:27:20.389+0000] {processor.py:186} INFO - Started process (PID=10869) to work on /opt/airflow/dags/00_hello_world.py
[2026-07-10T00:27:20.391+0000] {processor.py:914} INFO - Processing file /opt/airflow/dags/00_hello_world.py for tasks to queue
[2026-07-10T00:27:20.399+0000] {logging_mixin.py:190} INFO - [2026-07-10T00:27:20.398+0000] {dagbag.py:588} INFO - Filling up the DagBag from /opt/airflow/dags/00_hello_world.py
[2026-07-10T00:27:20.423+0000] {processor.py:925} INFO - DAG(s) '00_hello_world' retrieved from /opt/airflow/dags/00_hello_world.py
[2026-07-10T00:27:20.520+0000] {logging_mixin.py:190} INFO - [2026-07-10T00:27:20.519+0000] {dag.py:3239} INFO - Sync 1 DAGs
[2026-07-10T00:27:20.566+0000] {logging_mixin.py:190} INFO - [2026-07-10T00:27:20.566+0000] {dag.py:4180} INFO - Setting next_dagrun for 00_hello_world to None, run_after=None
[2026-07-10T00:27:20.606+0000] {processor.py:208} INFO - Processing /opt/airflow/dags/00_hello_world.py took 0.241 seconds
[2026-07-10T00:27:50.807+0000] {processor.py:186} INFO - Started process (PID=10904) to work on /opt/airflow/dags/00_hello_world.py
[2026-07-10T00:27:50.808+0000] {processor.py:914} INFO - Processing file /opt/airflow/dags/00_hello_world.py for tasks to queue
[2026-07-10T00:27:50.813+0000] {logging_mixin.py:190} INFO - [2026-07-10T00:27:50.813+0000] {dagbag.py:588} INFO - Filling up the DagBag from /opt/airflow/dags/00_hello_world.py
[2026-07-10T00:27:50.832+0000] {processor.py:925} INFO - DAG(s) '00_hello_world' retrieved from /opt/airflow/dags/00_hello_world.py
[2026-07-10T00:27:50.887+0000] {logging_mixin.py:190} INFO - [2026-07-10T00:27:50.887+0000] {dag.py:3239} INFO - Sync 1 DAGs
[2026-07-10T00:27:50.913+0000] {logging_mixin.py:190} INFO - [2026-07-10T00:27:50.913+0000] {dag.py:4180} INFO - Setting next_dagrun for 00_hello_world to None, run_after=None
[2026-07-10T00:27:50.935+0000] {processor.py:208} INFO - Processing /opt/airflow/dags/00_hello_world.py took 0.149 seconds
[2026-07-10T00:28:21.712+0000] {processor.py:186} INFO - Started process (PID=10939) to work on /opt/airflow/dags/00_hello_world.py
[2026-07-10T00:28:21.712+0000] {processor.py:914} INFO - Processing file /opt/airflow/dags/00_hello_world.py for tasks to queue
[2026-07-10T00:28:21.717+0000] {logging_mixin.py:190} INFO - [2026-07-10T00:28:21.715+0000] {dagbag.py:588} INFO - Filling up the DagBag from /opt/airflow/dags/00_hello_world.py
[2026-07-10T00:28:21.746+0000] {processor.py:925} INFO - DAG(s) '00_hello_world' retrieved from /opt/airflow/dags/00_hello_world.py
[2026-07-10T00:28:21.815+0000] {logging_mixin.py:190} INFO - [2026-07-10T00:28:21.815+0000] {dag.py:3239} INFO - Sync 1 DAGs
[2026-07-10T00:28:21.841+0000] {logging_mixin.py:190} INFO - [2026-07-10T00:28:21.841+0000] {dag.py:4180} INFO - Setting next_dagrun for 00_hello_world to None, run_after=None
[2026-07-10T00:28:21.879+0000] {processor.py:208} INFO - Processing /opt/airflow/dags/00_hello_world.py took 0.180 seconds
[2026-07-10T00:28:52.715+0000] {processor.py:186} INFO - Started process (PID=10974) to work on /opt/airflow/dags/00_hello_world.py
[2026-07-10T00:28:52.716+0000] {processor.py:914} INFO - Processing file /opt/airflow/dags/00_hello_world.py for tasks to queue
[2026-07-10T00:28:52.718+0000] {logging_mixin.py:190} INFO - [2026-07-10T00:28:52.718+0000] {dagbag.py:588} INFO - Filling up the DagBag from /opt/airflow/dags/00_hello_world.py
[2026-07-10T00:28:52.730+0000] {processor.py:925} INFO - DAG(s) '00_hello_world' retrieved from /opt/airflow/dags/00_hello_world.py
[2026-07-10T00:28:52.770+0000] {logging_mixin.py:190} INFO - [2026-07-10T00:28:52.769+0000] {dag.py:3239} INFO - Sync 1 DAGs
[2026-07-10T00:28:52.797+0000] {logging_mixin.py:190} INFO - [2026-07-10T00:28:52.797+0000] {dag.py:4180} INFO - Setting next_dagrun for 00_hello_world to None, run_after=None
[2026-07-10T00:28:52.827+0000] {processor.py:208} INFO - Processing /opt/airflow/dags/00_hello_world.py took 0.118 seconds
[2026-07-10T00:29:22.923+0000] {processor.py:186} INFO - Started process (PID=11009) to work on /opt/airflow/dags/00_hello_world.py
[2026-07-10T00:29:22.927+0000] {processor.py:914} INFO - Processing file /opt/airflow/dags/00_hello_world.py for tasks to queue
[2026-07-10T00:29:22.931+0000] {logging_mixin.py:190} INFO - [2026-07-10T00:29:22.930+0000] {dagbag.py:588} INFO - Filling up the DagBag from /opt/airflow/dags/00_hello_world.py
[2026-07-10T00:29:22.943+0000] {processor.py:925} INFO - DAG(s) '00_hello_world' retrieved from /opt/airflow/dags/00_hello_world.py
[2026-07-10T00:29:22.988+0000] {logging_mixin.py:190} INFO - [2026-07-10T00:29:22.988+0000] {dag.py:3239} INFO - Sync 1 DAGs
[2026-07-10T00:29:23.010+0000] {logging_mixin.py:190} INFO - [2026-07-10T00:29:23.009+0000] {dag.py:4180} INFO - Setting next_dagrun for 00_hello_world to None, run_after=None
[2026-07-10T00:29:23.034+0000] {processor.py:208} INFO - Processing /opt/airflow/dags/00_hello_world.py took 0.119 seconds
[2026-07-10T00:29:53.253+0000] {processor.py:186} INFO - Started process (PID=11044) to work on /opt/airflow/dags/00_hello_world.py
[2026-07-10T00:29:53.255+0000] {processor.py:914} INFO - Processing file /opt/airflow/dags/00_hello_world.py for tasks to queue
[2026-07-10T00:29:53.260+0000] {logging_mixin.py:190} INFO - [2026-07-10T00:29:53.259+0000] {dagbag.py:588} INFO - Filling up the DagBag from /opt/airflow/dags/00_hello_world.py
[2026-07-10T00:29:53.272+0000] {processor.py:925} INFO - DAG(s) '00_hello_world' retrieved from /opt/airflow/dags/00_hello_world.py
[2026-07-10T00:29:53.315+0000] {logging_mixin.py:190} INFO - [2026-07-10T00:29:53.314+0000] {dag.py:3239} INFO - Sync 1 DAGs
[2026-07-10T00:29:53.347+0000] {logging_mixin.py:190} INFO - [2026-07-10T00:29:53.344+0000] {dag.py:4180} INFO - Setting next_dagrun for 00_hello_world to None, run_after=None
[2026-07-10T00:29:53.406+0000] {processor.py:208} INFO - Processing /opt/airflow/dags/00_hello_world.py took 0.163 seconds
[2026-07-10T00:30:23.537+0000] {processor.py:186} INFO - Started process (PID=11079) to work on /opt/airflow/dags/00_hello_world.py
[2026-07-10T00:30:23.539+0000] {processor.py:914} INFO - Processing file /opt/airflow/dags/00_hello_world.py for tasks to queue
[2026-07-10T00:30:23.544+0000] {logging_mixin.py:190} INFO - [2026-07-10T00:30:23.543+0000] {dagbag.py:588} INFO - Filling up the DagBag from /opt/airflow/dags/00_hello_world.py
[2026-07-10T00:30:23.554+0000] {processor.py:925} INFO - DAG(s) '00_hello_world' retrieved from /opt/airflow/dags/00_hello_world.py
[2026-07-10T00:30:23.612+0000] {logging_mixin.py:190} INFO - [2026-07-10T00:30:23.612+0000] {dag.py:3239} INFO - Sync 1 DAGs
[2026-07-10T00:30:23.635+0000] {logging_mixin.py:190} INFO - [2026-07-10T00:30:23.635+0000] {dag.py:4180} INFO - Setting next_dagrun for 00_hello_world to None, run_after=None
[2026-07-10T00:30:23.665+0000] {processor.py:208} INFO - Processing /opt/airflow/dags/00_hello_world.py took 0.134 seconds
[2026-07-10T00:30:54.718+0000] {processor.py:186} INFO - Started process (PID=11114) to work on /opt/airflow/dags/00_hello_world.py
[2026-07-10T00:30:54.720+0000] {processor.py:914} INFO - Processing file /opt/airflow/dags/00_hello_world.py for tasks to queue
[2026-07-10T00:30:54.723+0000] {logging_mixin.py:190} INFO - [2026-07-10T00:30:54.722+0000] {dagbag.py:588} INFO - Filling up the DagBag from /opt/airflow/dags/00_hello_world.py
[2026-07-10T00:30:54.735+0000] {processor.py:925} INFO - DAG(s) '00_hello_world' retrieved from /opt/airflow/dags/00_hello_world.py
[2026-07-10T00:30:54.768+0000] {logging_mixin.py:190} INFO - [2026-07-10T00:30:54.768+0000] {dag.py:3239} INFO - Sync 1 DAGs
[2026-07-10T00:30:54.788+0000] {logging_mixin.py:190} INFO - [2026-07-10T00:30:54.787+0000] {dag.py:4180} INFO - Setting next_dagrun for 00_hello_world to None, run_after=None
[2026-07-10T00:30:54.818+0000] {processor.py:208} INFO - Processing /opt/airflow/dags/00_hello_world.py took 0.113 seconds
[2026-07-10T00:31:25.723+0000] {processor.py:186} INFO - Started process (PID=11149) to work on /opt/airflow/dags/00_hello_world.py
[2026-07-10T00:31:25.727+0000] {processor.py:914} INFO - Processing file /opt/airflow/dags/00_hello_world.py for tasks to queue
[2026-07-10T00:31:25.738+0000] {logging_mixin.py:190} INFO - [2026-07-10T00:31:25.736+0000] {dagbag.py:588} INFO - Filling up the DagBag from /opt/airflow/dags/00_hello_world.py
[2026-07-10T00:31:25.770+0000] {processor.py:925} INFO - DAG(s) '00_hello_world' retrieved from /opt/airflow/dags/00_hello_world.py
[2026-07-10T00:31:25.866+0000] {logging_mixin.py:190} INFO - [2026-07-10T00:31:25.865+0000] {dag.py:3239} INFO - Sync 1 DAGs
[2026-07-10T00:31:25.913+0000] {logging_mixin.py:190} INFO - [2026-07-10T00:31:25.912+0000] {dag.py:4180} INFO - Setting next_dagrun for 00_hello_world to None, run_after=None
[2026-07-10T00:31:25.943+0000] {processor.py:208} INFO - Processing /opt/airflow/dags/00_hello_world.py took 0.246 seconds
[2026-07-10T00:31:56.700+0000] {processor.py:186} INFO - Started process (PID=11184) to work on /opt/airflow/dags/00_hello_world.py
[2026-07-10T00:31:56.701+0000] {processor.py:914} INFO - Processing file /opt/airflow/dags/00_hello_world.py for tasks to queue
[2026-07-10T00:31:56.705+0000] {logging_mixin.py:190} INFO - [2026-07-10T00:31:56.704+0000] {dagbag.py:588} INFO - Filling up the DagBag from /opt/airflow/dags/00_hello_world.py
[2026-07-10T00:31:56.717+0000] {processor.py:925} INFO - DAG(s) '00_hello_world' retrieved from /opt/airflow/dags/00_hello_world.py
[2026-07-10T00:31:56.760+0000] {logging_mixin.py:190} INFO - [2026-07-10T00:31:56.760+0000] {dag.py:3239} INFO - Sync 1 DAGs
[2026-07-10T00:31:56.787+0000] {logging_mixin.py:190} INFO - [2026-07-10T00:31:56.787+0000] {dag.py:4180} INFO - Setting next_dagrun for 00_hello_world to None, run_after=None
[2026-07-10T00:31:56.813+0000] {processor.py:208} INFO - Processing /opt/airflow/dags/00_hello_world.py took 0.125 seconds
[2026-07-10T00:32:27.916+0000] {processor.py:186} INFO - Started process (PID=11219) to work on /opt/airflow/dags/00_hello_world.py
[2026-07-10T00:32:27.918+0000] {processor.py:914} INFO - Processing file /opt/airflow/dags/00_hello_world.py for tasks to queue
[2026-07-10T00:32:27.922+0000] {logging_mixin.py:190} INFO - [2026-07-10T00:32:27.921+0000] {dagbag.py:588} INFO - Filling up the DagBag from /opt/airflow/dags/00_hello_world.py
[2026-07-10T00:32:27.936+0000] {processor.py:925} INFO - DAG(s) '00_hello_world' retrieved from /opt/airflow/dags/00_hello_world.py
[2026-07-10T00:32:27.991+0000] {logging_mixin.py:190} INFO - [2026-07-10T00:32:27.991+0000] {dag.py:3239} INFO - Sync 1 DAGs
[2026-07-10T00:32:28.017+0000] {logging_mixin.py:190} INFO - [2026-07-10T00:32:28.017+0000] {dag.py:4180} INFO - Setting next_dagrun for 00_hello_world to None, run_after=None
[2026-07-10T00:32:28.044+0000] {processor.py:208} INFO - Processing /opt/airflow/dags/00_hello_world.py took 0.140 seconds
[2026-07-10T00:32:58.862+0000] {processor.py:186} INFO - Started process (PID=11254) to work on /opt/airflow/dags/00_hello_world.py
[2026-07-10T00:32:58.867+0000] {processor.py:914} INFO - Processing file /opt/airflow/dags/00_hello_world.py for tasks to queue
[2026-07-10T00:32:58.882+0000] {logging_mixin.py:190} INFO - [2026-07-10T00:32:58.880+0000] {dagbag.py:588} INFO - Filling up the DagBag from /opt/airflow/dags/00_hello_world.py
[2026-07-10T00:32:58.923+0000] {processor.py:925} INFO - DAG(s) '00_hello_world' retrieved from /opt/airflow/dags/00_hello_world.py
[2026-07-10T00:32:59.009+0000] {logging_mixin.py:190} INFO - [2026-07-10T00:32:59.008+0000] {dag.py:3239} INFO - Sync 1 DAGs
[2026-07-10T00:32:59.055+0000] {logging_mixin.py:190} INFO - [2026-07-10T00:32:59.055+0000] {dag.py:4180} INFO - Setting next_dagrun for 00_hello_world to None, run_after=None
[2026-07-10T00:32:59.084+0000] {processor.py:208} INFO - Processing /opt/airflow/dags/00_hello_world.py took 0.258 seconds
[2026-07-10T00:33:29.603+0000] {processor.py:186} INFO - Started process (PID=11289) to work on /opt/airflow/dags/00_hello_world.py
[2026-07-10T00:33:29.605+0000] {processor.py:914} INFO - Processing file /opt/airflow/dags/00_hello_world.py for tasks to queue
[2026-07-10T00:33:29.608+0000] {logging_mixin.py:190} INFO - [2026-07-10T00:33:29.608+0000] {dagbag.py:588} INFO - Filling up the DagBag from /opt/airflow/dags/00_hello_world.py
[2026-07-10T00:33:29.619+0000] {processor.py:925} INFO - DAG(s) '00_hello_world' retrieved from /opt/airflow/dags/00_hello_world.py
[2026-07-10T00:33:29.673+0000] {logging_mixin.py:190} INFO - [2026-07-10T00:33:29.672+0000] {dag.py:3239} INFO - Sync 1 DAGs
[2026-07-10T00:33:29.706+0000] {logging_mixin.py:190} INFO - [2026-07-10T00:33:29.706+0000] {dag.py:4180} INFO - Setting next_dagrun for 00_hello_world to None, run_after=None
[2026-07-10T00:33:29.737+0000] {processor.py:208} INFO - Processing /opt/airflow/dags/00_hello_world.py took 0.141 seconds
[2026-07-10T00:34:00.734+0000] {processor.py:186} INFO - Started process (PID=11324) to work on /opt/airflow/dags/00_hello_world.py
[2026-07-10T00:34:00.735+0000] {processor.py:914} INFO - Processing file /opt/airflow/dags/00_hello_world.py for tasks to queue
[2026-07-10T00:34:00.737+0000] {logging_mixin.py:190} INFO - [2026-07-10T00:34:00.737+0000] {dagbag.py:588} INFO - Filling up the DagBag from /opt/airflow/dags/00_hello_world.py
[2026-07-10T00:34:00.747+0000] {processor.py:925} INFO - DAG(s) '00_hello_world' retrieved from /opt/airflow/dags/00_hello_world.py
[2026-07-10T00:34:00.793+0000] {logging_mixin.py:190} INFO - [2026-07-10T00:34:00.793+0000] {dag.py:3239} INFO - Sync 1 DAGs
[2026-07-10T00:34:00.812+0000] {logging_mixin.py:190} INFO - [2026-07-10T00:34:00.812+0000] {dag.py:4180} INFO - Setting next_dagrun for 00_hello_world to None, run_after=None
[2026-07-10T00:34:00.834+0000] {processor.py:208} INFO - Processing /opt/airflow/dags/00_hello_world.py took 0.110 seconds
[2026-07-10T00:34:31.659+0000] {processor.py:186} INFO - Started process (PID=11359) to work on /opt/airflow/dags/00_hello_world.py
[2026-07-10T00:34:31.664+0000] {processor.py:914} INFO - Processing file /opt/airflow/dags/00_hello_world.py for tasks to queue
[2026-07-10T00:34:31.681+0000] {logging_mixin.py:190} INFO - [2026-07-10T00:34:31.679+0000] {dagbag.py:588} INFO - Filling up the DagBag from /opt/airflow/dags/00_hello_world.py
[2026-07-10T00:34:31.716+0000] {processor.py:925} INFO - DAG(s) '00_hello_world' retrieved from /opt/airflow/dags/00_hello_world.py
[2026-07-10T00:34:31.776+0000] {logging_mixin.py:190} INFO - [2026-07-10T00:34:31.775+0000] {dag.py:3239} INFO - Sync 1 DAGs
[2026-07-10T00:34:31.798+0000] {logging_mixin.py:190} INFO - [2026-07-10T00:34:31.798+0000] {dag.py:4180} INFO - Setting next_dagrun for 00_hello_world to None, run_after=None
[2026-07-10T00:34:31.827+0000] {processor.py:208} INFO - Processing /opt/airflow/dags/00_hello_world.py took 0.215 seconds
[2026-07-10T00:35:01.932+0000] {processor.py:186} INFO - Started process (PID=11394) to work on /opt/airflow/dags/00_hello_world.py
[2026-07-10T00:35:01.933+0000] {processor.py:914} INFO - Processing file /opt/airflow/dags/00_hello_world.py for tasks to queue
[2026-07-10T00:35:01.937+0000] {logging_mixin.py:190} INFO - [2026-07-10T00:35:01.937+0000] {dagbag.py:588} INFO - Filling up the DagBag from /opt/airflow/dags/00_hello_world.py
[2026-07-10T00:35:01.955+0000] {processor.py:925} INFO - DAG(s) '00_hello_world' retrieved from /opt/airflow/dags/00_hello_world.py
[2026-07-10T00:35:02.034+0000] {logging_mixin.py:190} INFO - [2026-07-10T00:35:02.033+0000] {dag.py:3239} INFO - Sync 1 DAGs
[2026-07-10T00:35:02.082+0000] {logging_mixin.py:190} INFO - [2026-07-10T00:35:02.081+0000] {dag.py:4180} INFO - Setting next_dagrun for 00_hello_world to None, run_after=None
[2026-07-10T00:35:02.116+0000] {processor.py:208} INFO - Processing /opt/airflow/dags/00_hello_world.py took 0.199 seconds
[2026-07-10T00:35:32.397+0000] {processor.py:186} INFO - Started process (PID=11429) to work on /opt/airflow/dags/00_hello_world.py
[2026-07-10T00:35:32.399+0000] {processor.py:914} INFO - Processing file /opt/airflow/dags/00_hello_world.py for tasks to queue
[2026-07-10T00:35:32.404+0000] {logging_mixin.py:190} INFO - [2026-07-10T00:35:32.403+0000] {dagbag.py:588} INFO - Filling up the DagBag from /opt/airflow/dags/00_hello_world.py
[2026-07-10T00:35:32.418+0000] {processor.py:925} INFO - DAG(s) '00_hello_world' retrieved from /opt/airflow/dags/00_hello_world.py
[2026-07-10T00:35:32.471+0000] {logging_mixin.py:190} INFO - [2026-07-10T00:35:32.470+0000] {dag.py:3239} INFO - Sync 1 DAGs
[2026-07-10T00:35:32.494+0000] {logging_mixin.py:190} INFO - [2026-07-10T00:35:32.494+0000] {dag.py:4180} INFO - Setting next_dagrun for 00_hello_world to None, run_after=None
[2026-07-10T00:35:32.522+0000] {processor.py:208} INFO - Processing /opt/airflow/dags/00_hello_world.py took 0.159 seconds
[2026-07-10T00:36:02.786+0000] {processor.py:186} INFO - Started process (PID=11464) to work on /opt/airflow/dags/00_hello_world.py
[2026-07-10T00:36:02.788+0000] {processor.py:914} INFO - Processing file /opt/airflow/dags/00_hello_world.py for tasks to queue
[2026-07-10T00:36:02.793+0000] {logging_mixin.py:190} INFO - [2026-07-10T00:36:02.792+0000] {dagbag.py:588} INFO - Filling up the DagBag from /opt/airflow/dags/00_hello_world.py
[2026-07-10T00:36:02.807+0000] {processor.py:925} INFO - DAG(s) '00_hello_world' retrieved from /opt/airflow/dags/00_hello_world.py
[2026-07-10T00:36:02.848+0000] {logging_mixin.py:190} INFO - [2026-07-10T00:36:02.848+0000] {dag.py:3239} INFO - Sync 1 DAGs
[2026-07-10T00:36:02.868+0000] {logging_mixin.py:190} INFO - [2026-07-10T00:36:02.868+0000] {dag.py:4180} INFO - Setting next_dagrun for 00_hello_world to None, run_after=None
[2026-07-10T00:36:02.891+0000] {processor.py:208} INFO - Processing /opt/airflow/dags/00_hello_world.py took 0.132 seconds
[2026-07-10T00:36:33.848+0000] {processor.py:186} INFO - Started process (PID=11499) to work on /opt/airflow/dags/00_hello_world.py
[2026-07-10T00:36:33.851+0000] {processor.py:914} INFO - Processing file /opt/airflow/dags/00_hello_world.py for tasks to queue
[2026-07-10T00:36:33.855+0000] {logging_mixin.py:190} INFO - [2026-07-10T00:36:33.854+0000] {dagbag.py:588} INFO - Filling up the DagBag from /opt/airflow/dags/00_hello_world.py
[2026-07-10T00:36:33.876+0000] {processor.py:925} INFO - DAG(s) '00_hello_world' retrieved from /opt/airflow/dags/00_hello_world.py
[2026-07-10T00:36:33.949+0000] {logging_mixin.py:190} INFO - [2026-07-10T00:36:33.949+0000] {dag.py:3239} INFO - Sync 1 DAGs
[2026-07-10T00:36:33.972+0000] {logging_mixin.py:190} INFO - [2026-07-10T00:36:33.972+0000] {dag.py:4180} INFO - Setting next_dagrun for 00_hello_world to None, run_after=None
[2026-07-10T00:36:34.000+0000] {processor.py:208} INFO - Processing /opt/airflow/dags/00_hello_world.py took 0.169 seconds
[2026-07-10T00:37:04.105+0000] {processor.py:186} INFO - Started process (PID=11534) to work on /opt/airflow/dags/00_hello_world.py
[2026-07-10T00:37:04.113+0000] {processor.py:914} INFO - Processing file /opt/airflow/dags/00_hello_world.py for tasks to queue
[2026-07-10T00:37:04.119+0000] {logging_mixin.py:190} INFO - [2026-07-10T00:37:04.118+0000] {dagbag.py:588} INFO - Filling up the DagBag from /opt/airflow/dags/00_hello_world.py
[2026-07-10T00:37:04.139+0000] {processor.py:925} INFO - DAG(s) '00_hello_world' retrieved from /opt/airflow/dags/00_hello_world.py
[2026-07-10T00:37:04.212+0000] {logging_mixin.py:190} INFO - [2026-07-10T00:37:04.212+0000] {dag.py:3239} INFO - Sync 1 DAGs
[2026-07-10T00:37:04.237+0000] {logging_mixin.py:190} INFO - [2026-07-10T00:37:04.236+0000] {dag.py:4180} INFO - Setting next_dagrun for 00_hello_world to None, run_after=None
[2026-07-10T00:37:04.260+0000] {processor.py:208} INFO - Processing /opt/airflow/dags/00_hello_world.py took 0.170 seconds
[2026-07-10T00:37:35.183+0000] {processor.py:186} INFO - Started process (PID=11569) to work on /opt/airflow/dags/00_hello_world.py
[2026-07-10T00:37:35.184+0000] {processor.py:914} INFO - Processing file /opt/airflow/dags/00_hello_world.py for tasks to queue
[2026-07-10T00:37:35.189+0000] {logging_mixin.py:190} INFO - [2026-07-10T00:37:35.188+0000] {dagbag.py:588} INFO - Filling up the DagBag from /opt/airflow/dags/00_hello_world.py
[2026-07-10T00:37:35.202+0000] {processor.py:925} INFO - DAG(s) '00_hello_world' retrieved from /opt/airflow/dags/00_hello_world.py
[2026-07-10T00:37:35.245+0000] {logging_mixin.py:190} INFO - [2026-07-10T00:37:35.245+0000] {dag.py:3239} INFO - Sync 1 DAGs
[2026-07-10T00:37:35.263+0000] {logging_mixin.py:190} INFO - [2026-07-10T00:37:35.263+0000] {dag.py:4180} INFO - Setting next_dagrun for 00_hello_world to None, run_after=None
[2026-07-10T00:37:35.286+0000] {processor.py:208} INFO - Processing /opt/airflow/dags/00_hello_world.py took 0.118 seconds
[2026-07-10T00:38:06.189+0000] {processor.py:186} INFO - Started process (PID=11604) to work on /opt/airflow/dags/00_hello_world.py
[2026-07-10T00:38:06.190+0000] {processor.py:914} INFO - Processing file /opt/airflow/dags/00_hello_world.py for tasks to queue
[2026-07-10T00:38:06.195+0000] {logging_mixin.py:190} INFO - [2026-07-10T00:38:06.194+0000] {dagbag.py:588} INFO - Filling up the DagBag from /opt/airflow/dags/00_hello_world.py
[2026-07-10T00:38:06.211+0000] {processor.py:925} INFO - DAG(s) '00_hello_world' retrieved from /opt/airflow/dags/00_hello_world.py
[2026-07-10T00:38:06.258+0000] {logging_mixin.py:190} INFO - [2026-07-10T00:38:06.257+0000] {dag.py:3239} INFO - Sync 1 DAGs
[2026-07-10T00:38:06.293+0000] {logging_mixin.py:190} INFO - [2026-07-10T00:38:06.293+0000] {dag.py:4180} INFO - Setting next_dagrun for 00_hello_world to None, run_after=None
[2026-07-10T00:38:06.336+0000] {processor.py:208} INFO - Processing /opt/airflow/dags/00_hello_world.py took 0.172 seconds
