[2026-07-10T00:00:03.390+0000] {processor.py:186} INFO - Started process (PID=8988) to work on /opt/airflow/dags/03_parallel.py
[2026-07-10T00:00:03.391+0000] {processor.py:914} INFO - Processing file /opt/airflow/dags/03_parallel.py for tasks to queue
[2026-07-10T00:00:03.394+0000] {logging_mixin.py:190} INFO - [2026-07-10T00:00:03.393+0000] {dagbag.py:588} INFO - Filling up the DagBag from /opt/airflow/dags/03_parallel.py
[2026-07-10T00:00:03.405+0000] {processor.py:925} INFO - DAG(s) '03_parallel' retrieved from /opt/airflow/dags/03_parallel.py
[2026-07-10T00:00:03.449+0000] {logging_mixin.py:190} INFO - [2026-07-10T00:00:03.449+0000] {dag.py:3239} INFO - Sync 1 DAGs
[2026-07-10T00:00:03.469+0000] {logging_mixin.py:190} INFO - [2026-07-10T00:00:03.469+0000] {dag.py:4180} INFO - Setting next_dagrun for 03_parallel to None, run_after=None
[2026-07-10T00:00:03.494+0000] {processor.py:208} INFO - Processing /opt/airflow/dags/03_parallel.py took 0.113 seconds
[2026-07-10T00:00:34.480+0000] {processor.py:186} INFO - Started process (PID=9023) to work on /opt/airflow/dags/03_parallel.py
[2026-07-10T00:00:34.482+0000] {processor.py:914} INFO - Processing file /opt/airflow/dags/03_parallel.py for tasks to queue
[2026-07-10T00:00:34.486+0000] {logging_mixin.py:190} INFO - [2026-07-10T00:00:34.485+0000] {dagbag.py:588} INFO - Filling up the DagBag from /opt/airflow/dags/03_parallel.py
[2026-07-10T00:00:34.501+0000] {processor.py:925} INFO - DAG(s) '03_parallel' retrieved from /opt/airflow/dags/03_parallel.py
[2026-07-10T00:00:34.537+0000] {logging_mixin.py:190} INFO - [2026-07-10T00:00:34.537+0000] {dag.py:3239} INFO - Sync 1 DAGs
[2026-07-10T00:00:34.554+0000] {logging_mixin.py:190} INFO - [2026-07-10T00:00:34.554+0000] {dag.py:4180} INFO - Setting next_dagrun for 03_parallel to None, run_after=None
[2026-07-10T00:00:34.575+0000] {processor.py:208} INFO - Processing /opt/airflow/dags/03_parallel.py took 0.154 seconds
[2026-07-10T00:01:04.657+0000] {processor.py:186} INFO - Started process (PID=9058) to work on /opt/airflow/dags/03_parallel.py
[2026-07-10T00:01:04.658+0000] {processor.py:914} INFO - Processing file /opt/airflow/dags/03_parallel.py for tasks to queue
[2026-07-10T00:01:04.661+0000] {logging_mixin.py:190} INFO - [2026-07-10T00:01:04.660+0000] {dagbag.py:588} INFO - Filling up the DagBag from /opt/airflow/dags/03_parallel.py
[2026-07-10T00:01:04.674+0000] {processor.py:925} INFO - DAG(s) '03_parallel' retrieved from /opt/airflow/dags/03_parallel.py
[2026-07-10T00:01:04.735+0000] {logging_mixin.py:190} INFO - [2026-07-10T00:01:04.734+0000] {dag.py:3239} INFO - Sync 1 DAGs
[2026-07-10T00:01:04.752+0000] {logging_mixin.py:190} INFO - [2026-07-10T00:01:04.752+0000] {dag.py:4180} INFO - Setting next_dagrun for 03_parallel to None, run_after=None
[2026-07-10T00:01:04.775+0000] {processor.py:208} INFO - Processing /opt/airflow/dags/03_parallel.py took 0.126 seconds
[2026-07-10T00:01:35.526+0000] {processor.py:186} INFO - Started process (PID=9093) to work on /opt/airflow/dags/03_parallel.py
[2026-07-10T00:01:35.528+0000] {processor.py:914} INFO - Processing file /opt/airflow/dags/03_parallel.py for tasks to queue
[2026-07-10T00:01:35.533+0000] {logging_mixin.py:190} INFO - [2026-07-10T00:01:35.533+0000] {dagbag.py:588} INFO - Filling up the DagBag from /opt/airflow/dags/03_parallel.py
[2026-07-10T00:01:35.550+0000] {processor.py:925} INFO - DAG(s) '03_parallel' retrieved from /opt/airflow/dags/03_parallel.py
[2026-07-10T00:01:35.608+0000] {logging_mixin.py:190} INFO - [2026-07-10T00:01:35.607+0000] {dag.py:3239} INFO - Sync 1 DAGs
[2026-07-10T00:01:35.636+0000] {logging_mixin.py:190} INFO - [2026-07-10T00:01:35.635+0000] {dag.py:4180} INFO - Setting next_dagrun for 03_parallel to None, run_after=None
[2026-07-10T00:01:35.663+0000] {processor.py:208} INFO - Processing /opt/airflow/dags/03_parallel.py took 0.169 seconds
[2026-07-10T00:02:06.507+0000] {processor.py:186} INFO - Started process (PID=9128) to work on /opt/airflow/dags/03_parallel.py
[2026-07-10T00:02:06.513+0000] {processor.py:914} INFO - Processing file /opt/airflow/dags/03_parallel.py for tasks to queue
[2026-07-10T00:02:06.526+0000] {logging_mixin.py:190} INFO - [2026-07-10T00:02:06.525+0000] {dagbag.py:588} INFO - Filling up the DagBag from /opt/airflow/dags/03_parallel.py
[2026-07-10T00:02:06.557+0000] {processor.py:925} INFO - DAG(s) '03_parallel' retrieved from /opt/airflow/dags/03_parallel.py
[2026-07-10T00:02:06.610+0000] {logging_mixin.py:190} INFO - [2026-07-10T00:02:06.610+0000] {dag.py:3239} INFO - Sync 1 DAGs
[2026-07-10T00:02:06.635+0000] {logging_mixin.py:190} INFO - [2026-07-10T00:02:06.635+0000] {dag.py:4180} INFO - Setting next_dagrun for 03_parallel to None, run_after=None
[2026-07-10T00:02:06.657+0000] {processor.py:208} INFO - Processing /opt/airflow/dags/03_parallel.py took 0.205 seconds
[2026-07-10T00:02:37.339+0000] {processor.py:186} INFO - Started process (PID=9163) to work on /opt/airflow/dags/03_parallel.py
[2026-07-10T00:02:37.351+0000] {processor.py:914} INFO - Processing file /opt/airflow/dags/03_parallel.py for tasks to queue
[2026-07-10T00:02:37.365+0000] {logging_mixin.py:190} INFO - [2026-07-10T00:02:37.364+0000] {dagbag.py:588} INFO - Filling up the DagBag from /opt/airflow/dags/03_parallel.py
[2026-07-10T00:02:37.384+0000] {processor.py:925} INFO - DAG(s) '03_parallel' retrieved from /opt/airflow/dags/03_parallel.py
[2026-07-10T00:02:37.433+0000] {logging_mixin.py:190} INFO - [2026-07-10T00:02:37.433+0000] {dag.py:3239} INFO - Sync 1 DAGs
[2026-07-10T00:02:37.468+0000] {logging_mixin.py:190} INFO - [2026-07-10T00:02:37.467+0000] {dag.py:4180} INFO - Setting next_dagrun for 03_parallel to None, run_after=None
[2026-07-10T00:02:37.492+0000] {processor.py:208} INFO - Processing /opt/airflow/dags/03_parallel.py took 0.224 seconds
[2026-07-10T00:03:07.781+0000] {processor.py:186} INFO - Started process (PID=9198) to work on /opt/airflow/dags/03_parallel.py
[2026-07-10T00:03:07.788+0000] {processor.py:914} INFO - Processing file /opt/airflow/dags/03_parallel.py for tasks to queue
[2026-07-10T00:03:07.802+0000] {logging_mixin.py:190} INFO - [2026-07-10T00:03:07.799+0000] {dagbag.py:588} INFO - Filling up the DagBag from /opt/airflow/dags/03_parallel.py
[2026-07-10T00:03:07.828+0000] {processor.py:925} INFO - DAG(s) '03_parallel' retrieved from /opt/airflow/dags/03_parallel.py
[2026-07-10T00:03:07.910+0000] {logging_mixin.py:190} INFO - [2026-07-10T00:03:07.909+0000] {dag.py:3239} INFO - Sync 1 DAGs
[2026-07-10T00:03:07.936+0000] {logging_mixin.py:190} INFO - [2026-07-10T00:03:07.936+0000] {dag.py:4180} INFO - Setting next_dagrun for 03_parallel to None, run_after=None
[2026-07-10T00:03:07.982+0000] {processor.py:208} INFO - Processing /opt/airflow/dags/03_parallel.py took 0.275 seconds
[2026-07-10T00:03:38.727+0000] {processor.py:186} INFO - Started process (PID=9233) to work on /opt/airflow/dags/03_parallel.py
[2026-07-10T00:03:38.730+0000] {processor.py:914} INFO - Processing file /opt/airflow/dags/03_parallel.py for tasks to queue
[2026-07-10T00:03:38.738+0000] {logging_mixin.py:190} INFO - [2026-07-10T00:03:38.737+0000] {dagbag.py:588} INFO - Filling up the DagBag from /opt/airflow/dags/03_parallel.py
[2026-07-10T00:03:38.770+0000] {processor.py:925} INFO - DAG(s) '03_parallel' retrieved from /opt/airflow/dags/03_parallel.py
[2026-07-10T00:03:38.853+0000] {logging_mixin.py:190} INFO - [2026-07-10T00:03:38.853+0000] {dag.py:3239} INFO - Sync 1 DAGs
[2026-07-10T00:03:38.899+0000] {logging_mixin.py:190} INFO - [2026-07-10T00:03:38.898+0000] {dag.py:4180} INFO - Setting next_dagrun for 03_parallel to None, run_after=None
[2026-07-10T00:03:38.932+0000] {processor.py:208} INFO - Processing /opt/airflow/dags/03_parallel.py took 0.228 seconds
[2026-07-10T00:04:09.732+0000] {processor.py:186} INFO - Started process (PID=9268) to work on /opt/airflow/dags/03_parallel.py
[2026-07-10T00:04:09.734+0000] {processor.py:914} INFO - Processing file /opt/airflow/dags/03_parallel.py for tasks to queue
[2026-07-10T00:04:09.737+0000] {logging_mixin.py:190} INFO - [2026-07-10T00:04:09.737+0000] {dagbag.py:588} INFO - Filling up the DagBag from /opt/airflow/dags/03_parallel.py
[2026-07-10T00:04:09.750+0000] {processor.py:925} INFO - DAG(s) '03_parallel' retrieved from /opt/airflow/dags/03_parallel.py
[2026-07-10T00:04:09.801+0000] {logging_mixin.py:190} INFO - [2026-07-10T00:04:09.801+0000] {dag.py:3239} INFO - Sync 1 DAGs
[2026-07-10T00:04:09.824+0000] {logging_mixin.py:190} INFO - [2026-07-10T00:04:09.823+0000] {dag.py:4180} INFO - Setting next_dagrun for 03_parallel to None, run_after=None
[2026-07-10T00:04:09.849+0000] {processor.py:208} INFO - Processing /opt/airflow/dags/03_parallel.py took 0.125 seconds
[2026-07-10T00:04:40.732+0000] {processor.py:186} INFO - Started process (PID=9303) to work on /opt/airflow/dags/03_parallel.py
[2026-07-10T00:04:40.735+0000] {processor.py:914} INFO - Processing file /opt/airflow/dags/03_parallel.py for tasks to queue
[2026-07-10T00:04:40.740+0000] {logging_mixin.py:190} INFO - [2026-07-10T00:04:40.739+0000] {dagbag.py:588} INFO - Filling up the DagBag from /opt/airflow/dags/03_parallel.py
[2026-07-10T00:04:40.750+0000] {processor.py:925} INFO - DAG(s) '03_parallel' retrieved from /opt/airflow/dags/03_parallel.py
[2026-07-10T00:04:40.809+0000] {logging_mixin.py:190} INFO - [2026-07-10T00:04:40.809+0000] {dag.py:3239} INFO - Sync 1 DAGs
[2026-07-10T00:04:40.828+0000] {logging_mixin.py:190} INFO - [2026-07-10T00:04:40.828+0000] {dag.py:4180} INFO - Setting next_dagrun for 03_parallel to None, run_after=None
[2026-07-10T00:04:40.852+0000] {processor.py:208} INFO - Processing /opt/airflow/dags/03_parallel.py took 0.144 seconds
[2026-07-10T00:05:11.519+0000] {processor.py:186} INFO - Started process (PID=9347) to work on /opt/airflow/dags/03_parallel.py
[2026-07-10T00:05:11.528+0000] {processor.py:914} INFO - Processing file /opt/airflow/dags/03_parallel.py for tasks to queue
[2026-07-10T00:05:11.551+0000] {logging_mixin.py:190} INFO - [2026-07-10T00:05:11.549+0000] {dagbag.py:588} INFO - Filling up the DagBag from /opt/airflow/dags/03_parallel.py
[2026-07-10T00:05:11.577+0000] {processor.py:925} INFO - DAG(s) '03_parallel' retrieved from /opt/airflow/dags/03_parallel.py
[2026-07-10T00:05:11.646+0000] {logging_mixin.py:190} INFO - [2026-07-10T00:05:11.645+0000] {dag.py:3239} INFO - Sync 1 DAGs
[2026-07-10T00:05:11.672+0000] {logging_mixin.py:190} INFO - [2026-07-10T00:05:11.672+0000] {dag.py:4180} INFO - Setting next_dagrun for 03_parallel to None, run_after=None
[2026-07-10T00:05:11.698+0000] {processor.py:208} INFO - Processing /opt/airflow/dags/03_parallel.py took 0.230 seconds
[2026-07-10T00:05:42.566+0000] {processor.py:186} INFO - Started process (PID=9382) to work on /opt/airflow/dags/03_parallel.py
[2026-07-10T00:05:42.571+0000] {processor.py:914} INFO - Processing file /opt/airflow/dags/03_parallel.py for tasks to queue
[2026-07-10T00:05:42.579+0000] {logging_mixin.py:190} INFO - [2026-07-10T00:05:42.578+0000] {dagbag.py:588} INFO - Filling up the DagBag from /opt/airflow/dags/03_parallel.py
[2026-07-10T00:05:42.619+0000] {processor.py:925} INFO - DAG(s) '03_parallel' retrieved from /opt/airflow/dags/03_parallel.py
[2026-07-10T00:05:42.710+0000] {logging_mixin.py:190} INFO - [2026-07-10T00:05:42.710+0000] {dag.py:3239} INFO - Sync 1 DAGs
[2026-07-10T00:05:42.737+0000] {logging_mixin.py:190} INFO - [2026-07-10T00:05:42.737+0000] {dag.py:4180} INFO - Setting next_dagrun for 03_parallel to None, run_after=None
[2026-07-10T00:05:42.765+0000] {processor.py:208} INFO - Processing /opt/airflow/dags/03_parallel.py took 0.234 seconds
[2026-07-10T00:06:13.814+0000] {processor.py:186} INFO - Started process (PID=9417) to work on /opt/airflow/dags/03_parallel.py
[2026-07-10T00:06:13.817+0000] {processor.py:914} INFO - Processing file /opt/airflow/dags/03_parallel.py for tasks to queue
[2026-07-10T00:06:13.823+0000] {logging_mixin.py:190} INFO - [2026-07-10T00:06:13.822+0000] {dagbag.py:588} INFO - Filling up the DagBag from /opt/airflow/dags/03_parallel.py
[2026-07-10T00:06:13.846+0000] {processor.py:925} INFO - DAG(s) '03_parallel' retrieved from /opt/airflow/dags/03_parallel.py
[2026-07-10T00:06:13.886+0000] {logging_mixin.py:190} INFO - [2026-07-10T00:06:13.886+0000] {dag.py:3239} INFO - Sync 1 DAGs
[2026-07-10T00:06:13.904+0000] {logging_mixin.py:190} INFO - [2026-07-10T00:06:13.904+0000] {dag.py:4180} INFO - Setting next_dagrun for 03_parallel to None, run_after=None
[2026-07-10T00:06:13.926+0000] {processor.py:208} INFO - Processing /opt/airflow/dags/03_parallel.py took 0.188 seconds
[2026-07-10T00:06:44.768+0000] {processor.py:186} INFO - Started process (PID=9452) to work on /opt/airflow/dags/03_parallel.py
[2026-07-10T00:06:44.769+0000] {processor.py:914} INFO - Processing file /opt/airflow/dags/03_parallel.py for tasks to queue
[2026-07-10T00:06:44.773+0000] {logging_mixin.py:190} INFO - [2026-07-10T00:06:44.772+0000] {dagbag.py:588} INFO - Filling up the DagBag from /opt/airflow/dags/03_parallel.py
[2026-07-10T00:06:44.786+0000] {processor.py:925} INFO - DAG(s) '03_parallel' retrieved from /opt/airflow/dags/03_parallel.py
[2026-07-10T00:06:44.839+0000] {logging_mixin.py:190} INFO - [2026-07-10T00:06:44.839+0000] {dag.py:3239} INFO - Sync 1 DAGs
[2026-07-10T00:06:44.865+0000] {logging_mixin.py:190} INFO - [2026-07-10T00:06:44.865+0000] {dag.py:4180} INFO - Setting next_dagrun for 03_parallel to None, run_after=None
[2026-07-10T00:06:44.900+0000] {processor.py:208} INFO - Processing /opt/airflow/dags/03_parallel.py took 0.147 seconds
[2026-07-10T00:07:15.032+0000] {processor.py:186} INFO - Started process (PID=9487) to work on /opt/airflow/dags/03_parallel.py
[2026-07-10T00:07:15.035+0000] {processor.py:914} INFO - Processing file /opt/airflow/dags/03_parallel.py for tasks to queue
[2026-07-10T00:07:15.048+0000] {logging_mixin.py:190} INFO - [2026-07-10T00:07:15.047+0000] {dagbag.py:588} INFO - Filling up the DagBag from /opt/airflow/dags/03_parallel.py
[2026-07-10T00:07:15.070+0000] {processor.py:925} INFO - DAG(s) '03_parallel' retrieved from /opt/airflow/dags/03_parallel.py
[2026-07-10T00:07:15.116+0000] {logging_mixin.py:190} INFO - [2026-07-10T00:07:15.116+0000] {dag.py:3239} INFO - Sync 1 DAGs
[2026-07-10T00:07:15.140+0000] {logging_mixin.py:190} INFO - [2026-07-10T00:07:15.139+0000] {dag.py:4180} INFO - Setting next_dagrun for 03_parallel to None, run_after=None
[2026-07-10T00:07:15.166+0000] {processor.py:208} INFO - Processing /opt/airflow/dags/03_parallel.py took 0.176 seconds
[2026-07-10T00:07:45.291+0000] {processor.py:186} INFO - Started process (PID=9522) to work on /opt/airflow/dags/03_parallel.py
[2026-07-10T00:07:45.295+0000] {processor.py:914} INFO - Processing file /opt/airflow/dags/03_parallel.py for tasks to queue
[2026-07-10T00:07:45.310+0000] {logging_mixin.py:190} INFO - [2026-07-10T00:07:45.308+0000] {dagbag.py:588} INFO - Filling up the DagBag from /opt/airflow/dags/03_parallel.py
[2026-07-10T00:07:45.371+0000] {processor.py:925} INFO - DAG(s) '03_parallel' retrieved from /opt/airflow/dags/03_parallel.py
[2026-07-10T00:07:45.548+0000] {logging_mixin.py:190} INFO - [2026-07-10T00:07:45.548+0000] {dag.py:3239} INFO - Sync 1 DAGs
[2026-07-10T00:07:45.630+0000] {logging_mixin.py:190} INFO - [2026-07-10T00:07:45.629+0000] {dag.py:4180} INFO - Setting next_dagrun for 03_parallel to None, run_after=None
[2026-07-10T00:07:45.725+0000] {processor.py:208} INFO - Processing /opt/airflow/dags/03_parallel.py took 0.474 seconds
[2026-07-10T00:08:15.926+0000] {processor.py:186} INFO - Started process (PID=9560) to work on /opt/airflow/dags/03_parallel.py
[2026-07-10T00:08:15.928+0000] {processor.py:914} INFO - Processing file /opt/airflow/dags/03_parallel.py for tasks to queue
[2026-07-10T00:08:15.934+0000] {logging_mixin.py:190} INFO - [2026-07-10T00:08:15.934+0000] {dagbag.py:588} INFO - Filling up the DagBag from /opt/airflow/dags/03_parallel.py
[2026-07-10T00:08:15.956+0000] {processor.py:925} INFO - DAG(s) '03_parallel' retrieved from /opt/airflow/dags/03_parallel.py
[2026-07-10T00:08:16.010+0000] {logging_mixin.py:190} INFO - [2026-07-10T00:08:16.010+0000] {dag.py:3239} INFO - Sync 1 DAGs
[2026-07-10T00:08:16.040+0000] {logging_mixin.py:190} INFO - [2026-07-10T00:08:16.040+0000] {dag.py:4180} INFO - Setting next_dagrun for 03_parallel to None, run_after=None
[2026-07-10T00:08:16.097+0000] {processor.py:208} INFO - Processing /opt/airflow/dags/03_parallel.py took 0.192 seconds
[2026-07-10T00:08:46.330+0000] {processor.py:186} INFO - Started process (PID=9597) to work on /opt/airflow/dags/03_parallel.py
[2026-07-10T00:08:46.332+0000] {processor.py:914} INFO - Processing file /opt/airflow/dags/03_parallel.py for tasks to queue
[2026-07-10T00:08:46.342+0000] {logging_mixin.py:190} INFO - [2026-07-10T00:08:46.341+0000] {dagbag.py:588} INFO - Filling up the DagBag from /opt/airflow/dags/03_parallel.py
[2026-07-10T00:08:46.362+0000] {processor.py:925} INFO - DAG(s) '03_parallel' retrieved from /opt/airflow/dags/03_parallel.py
[2026-07-10T00:08:46.415+0000] {logging_mixin.py:190} INFO - [2026-07-10T00:08:46.415+0000] {dag.py:3239} INFO - Sync 1 DAGs
[2026-07-10T00:08:46.438+0000] {logging_mixin.py:190} INFO - [2026-07-10T00:08:46.437+0000] {dag.py:4180} INFO - Setting next_dagrun for 03_parallel to None, run_after=None
[2026-07-10T00:08:46.464+0000] {processor.py:208} INFO - Processing /opt/airflow/dags/03_parallel.py took 0.150 seconds
[2026-07-10T00:09:17.250+0000] {processor.py:186} INFO - Started process (PID=9632) to work on /opt/airflow/dags/03_parallel.py
[2026-07-10T00:09:17.253+0000] {processor.py:914} INFO - Processing file /opt/airflow/dags/03_parallel.py for tasks to queue
[2026-07-10T00:09:17.256+0000] {logging_mixin.py:190} INFO - [2026-07-10T00:09:17.256+0000] {dagbag.py:588} INFO - Filling up the DagBag from /opt/airflow/dags/03_parallel.py
[2026-07-10T00:09:17.272+0000] {processor.py:925} INFO - DAG(s) '03_parallel' retrieved from /opt/airflow/dags/03_parallel.py
[2026-07-10T00:09:17.327+0000] {logging_mixin.py:190} INFO - [2026-07-10T00:09:17.327+0000] {dag.py:3239} INFO - Sync 1 DAGs
[2026-07-10T00:09:17.396+0000] {logging_mixin.py:190} INFO - [2026-07-10T00:09:17.395+0000] {dag.py:4180} INFO - Setting next_dagrun for 03_parallel to None, run_after=None
[2026-07-10T00:09:17.567+0000] {processor.py:208} INFO - Processing /opt/airflow/dags/03_parallel.py took 0.344 seconds
[2026-07-10T00:09:48.552+0000] {processor.py:186} INFO - Started process (PID=9676) to work on /opt/airflow/dags/03_parallel.py
[2026-07-10T00:09:48.555+0000] {processor.py:914} INFO - Processing file /opt/airflow/dags/03_parallel.py for tasks to queue
[2026-07-10T00:09:48.560+0000] {logging_mixin.py:190} INFO - [2026-07-10T00:09:48.559+0000] {dagbag.py:588} INFO - Filling up the DagBag from /opt/airflow/dags/03_parallel.py
[2026-07-10T00:09:48.580+0000] {processor.py:925} INFO - DAG(s) '03_parallel' retrieved from /opt/airflow/dags/03_parallel.py
[2026-07-10T00:09:48.654+0000] {logging_mixin.py:190} INFO - [2026-07-10T00:09:48.654+0000] {dag.py:3239} INFO - Sync 1 DAGs
[2026-07-10T00:09:48.685+0000] {logging_mixin.py:190} INFO - [2026-07-10T00:09:48.684+0000] {dag.py:4180} INFO - Setting next_dagrun for 03_parallel to None, run_after=None
[2026-07-10T00:09:48.723+0000] {processor.py:208} INFO - Processing /opt/airflow/dags/03_parallel.py took 0.186 seconds
[2026-07-10T00:10:18.835+0000] {processor.py:186} INFO - Started process (PID=9711) to work on /opt/airflow/dags/03_parallel.py
[2026-07-10T00:10:18.836+0000] {processor.py:914} INFO - Processing file /opt/airflow/dags/03_parallel.py for tasks to queue
[2026-07-10T00:10:18.842+0000] {logging_mixin.py:190} INFO - [2026-07-10T00:10:18.839+0000] {dagbag.py:588} INFO - Filling up the DagBag from /opt/airflow/dags/03_parallel.py
[2026-07-10T00:10:18.864+0000] {processor.py:925} INFO - DAG(s) '03_parallel' retrieved from /opt/airflow/dags/03_parallel.py
[2026-07-10T00:10:18.947+0000] {logging_mixin.py:190} INFO - [2026-07-10T00:10:18.947+0000] {dag.py:3239} INFO - Sync 1 DAGs
[2026-07-10T00:10:18.981+0000] {logging_mixin.py:190} INFO - [2026-07-10T00:10:18.980+0000] {dag.py:4180} INFO - Setting next_dagrun for 03_parallel to None, run_after=None
[2026-07-10T00:10:19.040+0000] {processor.py:208} INFO - Processing /opt/airflow/dags/03_parallel.py took 0.220 seconds
[2026-07-10T00:10:49.187+0000] {processor.py:186} INFO - Started process (PID=9746) to work on /opt/airflow/dags/03_parallel.py
[2026-07-10T00:10:49.196+0000] {processor.py:914} INFO - Processing file /opt/airflow/dags/03_parallel.py for tasks to queue
[2026-07-10T00:10:49.210+0000] {logging_mixin.py:190} INFO - [2026-07-10T00:10:49.207+0000] {dagbag.py:588} INFO - Filling up the DagBag from /opt/airflow/dags/03_parallel.py
[2026-07-10T00:10:49.261+0000] {processor.py:925} INFO - DAG(s) '03_parallel' retrieved from /opt/airflow/dags/03_parallel.py
[2026-07-10T00:10:49.325+0000] {logging_mixin.py:190} INFO - [2026-07-10T00:10:49.325+0000] {dag.py:3239} INFO - Sync 1 DAGs
[2026-07-10T00:10:49.350+0000] {logging_mixin.py:190} INFO - [2026-07-10T00:10:49.350+0000] {dag.py:4180} INFO - Setting next_dagrun for 03_parallel to None, run_after=None
[2026-07-10T00:10:49.384+0000] {processor.py:208} INFO - Processing /opt/airflow/dags/03_parallel.py took 0.234 seconds
[2026-07-10T00:11:19.983+0000] {processor.py:186} INFO - Started process (PID=9781) to work on /opt/airflow/dags/03_parallel.py
[2026-07-10T00:11:19.987+0000] {processor.py:914} INFO - Processing file /opt/airflow/dags/03_parallel.py for tasks to queue
[2026-07-10T00:11:19.997+0000] {logging_mixin.py:190} INFO - [2026-07-10T00:11:19.995+0000] {dagbag.py:588} INFO - Filling up the DagBag from /opt/airflow/dags/03_parallel.py
[2026-07-10T00:11:20.054+0000] {processor.py:925} INFO - DAG(s) '03_parallel' retrieved from /opt/airflow/dags/03_parallel.py
[2026-07-10T00:11:20.130+0000] {logging_mixin.py:190} INFO - [2026-07-10T00:11:20.130+0000] {dag.py:3239} INFO - Sync 1 DAGs
[2026-07-10T00:11:20.150+0000] {logging_mixin.py:190} INFO - [2026-07-10T00:11:20.150+0000] {dag.py:4180} INFO - Setting next_dagrun for 03_parallel to None, run_after=None
[2026-07-10T00:11:20.174+0000] {processor.py:208} INFO - Processing /opt/airflow/dags/03_parallel.py took 0.225 seconds
[2026-07-10T00:11:51.030+0000] {processor.py:186} INFO - Started process (PID=9816) to work on /opt/airflow/dags/03_parallel.py
[2026-07-10T00:11:51.032+0000] {processor.py:914} INFO - Processing file /opt/airflow/dags/03_parallel.py for tasks to queue
[2026-07-10T00:11:51.036+0000] {logging_mixin.py:190} INFO - [2026-07-10T00:11:51.035+0000] {dagbag.py:588} INFO - Filling up the DagBag from /opt/airflow/dags/03_parallel.py
[2026-07-10T00:11:51.053+0000] {processor.py:925} INFO - DAG(s) '03_parallel' retrieved from /opt/airflow/dags/03_parallel.py
[2026-07-10T00:11:51.087+0000] {logging_mixin.py:190} INFO - [2026-07-10T00:11:51.087+0000] {dag.py:3239} INFO - Sync 1 DAGs
[2026-07-10T00:11:51.107+0000] {logging_mixin.py:190} INFO - [2026-07-10T00:11:51.106+0000] {dag.py:4180} INFO - Setting next_dagrun for 03_parallel to None, run_after=None
[2026-07-10T00:11:51.127+0000] {processor.py:208} INFO - Processing /opt/airflow/dags/03_parallel.py took 0.107 seconds
[2026-07-10T00:12:22.082+0000] {processor.py:186} INFO - Started process (PID=9851) to work on /opt/airflow/dags/03_parallel.py
[2026-07-10T00:12:22.085+0000] {processor.py:914} INFO - Processing file /opt/airflow/dags/03_parallel.py for tasks to queue
[2026-07-10T00:12:22.090+0000] {logging_mixin.py:190} INFO - [2026-07-10T00:12:22.089+0000] {dagbag.py:588} INFO - Filling up the DagBag from /opt/airflow/dags/03_parallel.py
[2026-07-10T00:12:22.122+0000] {processor.py:925} INFO - DAG(s) '03_parallel' retrieved from /opt/airflow/dags/03_parallel.py
[2026-07-10T00:12:22.202+0000] {logging_mixin.py:190} INFO - [2026-07-10T00:12:22.202+0000] {dag.py:3239} INFO - Sync 1 DAGs
[2026-07-10T00:12:22.222+0000] {logging_mixin.py:190} INFO - [2026-07-10T00:12:22.222+0000] {dag.py:4180} INFO - Setting next_dagrun for 03_parallel to None, run_after=None
[2026-07-10T00:12:22.245+0000] {processor.py:208} INFO - Processing /opt/airflow/dags/03_parallel.py took 0.188 seconds
[2026-07-10T00:12:53.301+0000] {processor.py:186} INFO - Started process (PID=9886) to work on /opt/airflow/dags/03_parallel.py
[2026-07-10T00:12:53.308+0000] {processor.py:914} INFO - Processing file /opt/airflow/dags/03_parallel.py for tasks to queue
[2026-07-10T00:12:53.328+0000] {logging_mixin.py:190} INFO - [2026-07-10T00:12:53.327+0000] {dagbag.py:588} INFO - Filling up the DagBag from /opt/airflow/dags/03_parallel.py
[2026-07-10T00:12:53.358+0000] {processor.py:925} INFO - DAG(s) '03_parallel' retrieved from /opt/airflow/dags/03_parallel.py
[2026-07-10T00:12:53.409+0000] {logging_mixin.py:190} INFO - [2026-07-10T00:12:53.409+0000] {dag.py:3239} INFO - Sync 1 DAGs
[2026-07-10T00:12:53.427+0000] {logging_mixin.py:190} INFO - [2026-07-10T00:12:53.427+0000] {dag.py:4180} INFO - Setting next_dagrun for 03_parallel to None, run_after=None
[2026-07-10T00:12:53.450+0000] {processor.py:208} INFO - Processing /opt/airflow/dags/03_parallel.py took 0.206 seconds
[2026-07-10T00:13:24.421+0000] {processor.py:186} INFO - Started process (PID=9921) to work on /opt/airflow/dags/03_parallel.py
[2026-07-10T00:13:24.424+0000] {processor.py:914} INFO - Processing file /opt/airflow/dags/03_parallel.py for tasks to queue
[2026-07-10T00:13:24.434+0000] {logging_mixin.py:190} INFO - [2026-07-10T00:13:24.433+0000] {dagbag.py:588} INFO - Filling up the DagBag from /opt/airflow/dags/03_parallel.py
[2026-07-10T00:13:24.452+0000] {processor.py:925} INFO - DAG(s) '03_parallel' retrieved from /opt/airflow/dags/03_parallel.py
[2026-07-10T00:13:24.496+0000] {logging_mixin.py:190} INFO - [2026-07-10T00:13:24.496+0000] {dag.py:3239} INFO - Sync 1 DAGs
[2026-07-10T00:13:24.513+0000] {logging_mixin.py:190} INFO - [2026-07-10T00:13:24.513+0000] {dag.py:4180} INFO - Setting next_dagrun for 03_parallel to None, run_after=None
[2026-07-10T00:13:24.535+0000] {processor.py:208} INFO - Processing /opt/airflow/dags/03_parallel.py took 0.141 seconds
[2026-07-10T00:13:55.522+0000] {processor.py:186} INFO - Started process (PID=9956) to work on /opt/airflow/dags/03_parallel.py
[2026-07-10T00:13:55.525+0000] {processor.py:914} INFO - Processing file /opt/airflow/dags/03_parallel.py for tasks to queue
[2026-07-10T00:13:55.528+0000] {logging_mixin.py:190} INFO - [2026-07-10T00:13:55.528+0000] {dagbag.py:588} INFO - Filling up the DagBag from /opt/airflow/dags/03_parallel.py
[2026-07-10T00:13:55.541+0000] {processor.py:925} INFO - DAG(s) '03_parallel' retrieved from /opt/airflow/dags/03_parallel.py
[2026-07-10T00:13:55.588+0000] {logging_mixin.py:190} INFO - [2026-07-10T00:13:55.588+0000] {dag.py:3239} INFO - Sync 1 DAGs
[2026-07-10T00:13:55.607+0000] {logging_mixin.py:190} INFO - [2026-07-10T00:13:55.606+0000] {dag.py:4180} INFO - Setting next_dagrun for 03_parallel to None, run_after=None
[2026-07-10T00:13:55.627+0000] {processor.py:208} INFO - Processing /opt/airflow/dags/03_parallel.py took 0.114 seconds
[2026-07-10T00:14:26.459+0000] {processor.py:186} INFO - Started process (PID=9991) to work on /opt/airflow/dags/03_parallel.py
[2026-07-10T00:14:26.465+0000] {processor.py:914} INFO - Processing file /opt/airflow/dags/03_parallel.py for tasks to queue
[2026-07-10T00:14:26.481+0000] {logging_mixin.py:190} INFO - [2026-07-10T00:14:26.479+0000] {dagbag.py:588} INFO - Filling up the DagBag from /opt/airflow/dags/03_parallel.py
[2026-07-10T00:14:26.541+0000] {processor.py:925} INFO - DAG(s) '03_parallel' retrieved from /opt/airflow/dags/03_parallel.py
[2026-07-10T00:14:26.597+0000] {logging_mixin.py:190} INFO - [2026-07-10T00:14:26.597+0000] {dag.py:3239} INFO - Sync 1 DAGs
[2026-07-10T00:14:26.615+0000] {logging_mixin.py:190} INFO - [2026-07-10T00:14:26.615+0000] {dag.py:4180} INFO - Setting next_dagrun for 03_parallel to None, run_after=None
[2026-07-10T00:14:26.640+0000] {processor.py:208} INFO - Processing /opt/airflow/dags/03_parallel.py took 0.219 seconds
[2026-07-10T00:14:56.715+0000] {processor.py:186} INFO - Started process (PID=10026) to work on /opt/airflow/dags/03_parallel.py
[2026-07-10T00:14:56.717+0000] {processor.py:914} INFO - Processing file /opt/airflow/dags/03_parallel.py for tasks to queue
[2026-07-10T00:14:56.720+0000] {logging_mixin.py:190} INFO - [2026-07-10T00:14:56.719+0000] {dagbag.py:588} INFO - Filling up the DagBag from /opt/airflow/dags/03_parallel.py
[2026-07-10T00:14:56.733+0000] {processor.py:925} INFO - DAG(s) '03_parallel' retrieved from /opt/airflow/dags/03_parallel.py
[2026-07-10T00:14:56.775+0000] {logging_mixin.py:190} INFO - [2026-07-10T00:14:56.775+0000] {dag.py:3239} INFO - Sync 1 DAGs
[2026-07-10T00:14:56.791+0000] {logging_mixin.py:190} INFO - [2026-07-10T00:14:56.791+0000] {dag.py:4180} INFO - Setting next_dagrun for 03_parallel to None, run_after=None
[2026-07-10T00:14:56.814+0000] {processor.py:208} INFO - Processing /opt/airflow/dags/03_parallel.py took 0.116 seconds
[2026-07-10T00:15:27.748+0000] {processor.py:186} INFO - Started process (PID=10061) to work on /opt/airflow/dags/03_parallel.py
[2026-07-10T00:15:27.752+0000] {processor.py:914} INFO - Processing file /opt/airflow/dags/03_parallel.py for tasks to queue
[2026-07-10T00:15:27.763+0000] {logging_mixin.py:190} INFO - [2026-07-10T00:15:27.762+0000] {dagbag.py:588} INFO - Filling up the DagBag from /opt/airflow/dags/03_parallel.py
[2026-07-10T00:15:27.799+0000] {processor.py:925} INFO - DAG(s) '03_parallel' retrieved from /opt/airflow/dags/03_parallel.py
[2026-07-10T00:15:27.891+0000] {logging_mixin.py:190} INFO - [2026-07-10T00:15:27.891+0000] {dag.py:3239} INFO - Sync 1 DAGs
[2026-07-10T00:15:27.935+0000] {logging_mixin.py:190} INFO - [2026-07-10T00:15:27.935+0000] {dag.py:4180} INFO - Setting next_dagrun for 03_parallel to None, run_after=None
[2026-07-10T00:15:27.979+0000] {processor.py:208} INFO - Processing /opt/airflow/dags/03_parallel.py took 0.270 seconds
[2026-07-10T00:15:58.582+0000] {processor.py:186} INFO - Started process (PID=10096) to work on /opt/airflow/dags/03_parallel.py
[2026-07-10T00:15:58.588+0000] {processor.py:914} INFO - Processing file /opt/airflow/dags/03_parallel.py for tasks to queue
[2026-07-10T00:15:58.599+0000] {logging_mixin.py:190} INFO - [2026-07-10T00:15:58.598+0000] {dagbag.py:588} INFO - Filling up the DagBag from /opt/airflow/dags/03_parallel.py
[2026-07-10T00:15:58.621+0000] {processor.py:925} INFO - DAG(s) '03_parallel' retrieved from /opt/airflow/dags/03_parallel.py
[2026-07-10T00:15:58.667+0000] {logging_mixin.py:190} INFO - [2026-07-10T00:15:58.666+0000] {dag.py:3239} INFO - Sync 1 DAGs
[2026-07-10T00:15:58.684+0000] {logging_mixin.py:190} INFO - [2026-07-10T00:15:58.684+0000] {dag.py:4180} INFO - Setting next_dagrun for 03_parallel to None, run_after=None
[2026-07-10T00:15:58.706+0000] {processor.py:208} INFO - Processing /opt/airflow/dags/03_parallel.py took 0.171 seconds
[2026-07-10T00:16:29.697+0000] {processor.py:186} INFO - Started process (PID=10131) to work on /opt/airflow/dags/03_parallel.py
[2026-07-10T00:16:29.698+0000] {processor.py:914} INFO - Processing file /opt/airflow/dags/03_parallel.py for tasks to queue
[2026-07-10T00:16:29.701+0000] {logging_mixin.py:190} INFO - [2026-07-10T00:16:29.701+0000] {dagbag.py:588} INFO - Filling up the DagBag from /opt/airflow/dags/03_parallel.py
[2026-07-10T00:16:29.719+0000] {processor.py:925} INFO - DAG(s) '03_parallel' retrieved from /opt/airflow/dags/03_parallel.py
[2026-07-10T00:16:29.761+0000] {logging_mixin.py:190} INFO - [2026-07-10T00:16:29.761+0000] {dag.py:3239} INFO - Sync 1 DAGs
[2026-07-10T00:16:29.782+0000] {logging_mixin.py:190} INFO - [2026-07-10T00:16:29.782+0000] {dag.py:4180} INFO - Setting next_dagrun for 03_parallel to None, run_after=None
[2026-07-10T00:16:29.805+0000] {processor.py:208} INFO - Processing /opt/airflow/dags/03_parallel.py took 0.119 seconds
[2026-07-10T00:17:00.631+0000] {processor.py:186} INFO - Started process (PID=10166) to work on /opt/airflow/dags/03_parallel.py
[2026-07-10T00:17:00.633+0000] {processor.py:914} INFO - Processing file /opt/airflow/dags/03_parallel.py for tasks to queue
[2026-07-10T00:17:00.635+0000] {logging_mixin.py:190} INFO - [2026-07-10T00:17:00.635+0000] {dagbag.py:588} INFO - Filling up the DagBag from /opt/airflow/dags/03_parallel.py
[2026-07-10T00:17:00.646+0000] {processor.py:925} INFO - DAG(s) '03_parallel' retrieved from /opt/airflow/dags/03_parallel.py
[2026-07-10T00:17:00.683+0000] {logging_mixin.py:190} INFO - [2026-07-10T00:17:00.682+0000] {dag.py:3239} INFO - Sync 1 DAGs
[2026-07-10T00:17:00.702+0000] {logging_mixin.py:190} INFO - [2026-07-10T00:17:00.701+0000] {dag.py:4180} INFO - Setting next_dagrun for 03_parallel to None, run_after=None
[2026-07-10T00:17:00.722+0000] {processor.py:208} INFO - Processing /opt/airflow/dags/03_parallel.py took 0.099 seconds
[2026-07-10T00:17:31.021+0000] {processor.py:186} INFO - Started process (PID=10201) to work on /opt/airflow/dags/03_parallel.py
[2026-07-10T00:17:31.029+0000] {processor.py:914} INFO - Processing file /opt/airflow/dags/03_parallel.py for tasks to queue
[2026-07-10T00:17:31.045+0000] {logging_mixin.py:190} INFO - [2026-07-10T00:17:31.043+0000] {dagbag.py:588} INFO - Filling up the DagBag from /opt/airflow/dags/03_parallel.py
[2026-07-10T00:17:31.090+0000] {processor.py:925} INFO - DAG(s) '03_parallel' retrieved from /opt/airflow/dags/03_parallel.py
[2026-07-10T00:17:31.229+0000] {logging_mixin.py:190} INFO - [2026-07-10T00:17:31.225+0000] {dag.py:3239} INFO - Sync 1 DAGs
[2026-07-10T00:17:31.292+0000] {logging_mixin.py:190} INFO - [2026-07-10T00:17:31.291+0000] {dag.py:4180} INFO - Setting next_dagrun for 03_parallel to None, run_after=None
[2026-07-10T00:17:31.340+0000] {processor.py:208} INFO - Processing /opt/airflow/dags/03_parallel.py took 0.372 seconds
[2026-07-10T00:18:02.393+0000] {processor.py:186} INFO - Started process (PID=10236) to work on /opt/airflow/dags/03_parallel.py
[2026-07-10T00:18:02.403+0000] {processor.py:914} INFO - Processing file /opt/airflow/dags/03_parallel.py for tasks to queue
[2026-07-10T00:18:02.417+0000] {logging_mixin.py:190} INFO - [2026-07-10T00:18:02.415+0000] {dagbag.py:588} INFO - Filling up the DagBag from /opt/airflow/dags/03_parallel.py
[2026-07-10T00:18:02.445+0000] {processor.py:925} INFO - DAG(s) '03_parallel' retrieved from /opt/airflow/dags/03_parallel.py
[2026-07-10T00:18:02.531+0000] {logging_mixin.py:190} INFO - [2026-07-10T00:18:02.531+0000] {dag.py:3239} INFO - Sync 1 DAGs
[2026-07-10T00:18:02.570+0000] {logging_mixin.py:190} INFO - [2026-07-10T00:18:02.569+0000] {dag.py:4180} INFO - Setting next_dagrun for 03_parallel to None, run_after=None
[2026-07-10T00:18:02.614+0000] {processor.py:208} INFO - Processing /opt/airflow/dags/03_parallel.py took 0.276 seconds
[2026-07-10T00:18:33.493+0000] {processor.py:186} INFO - Started process (PID=10271) to work on /opt/airflow/dags/03_parallel.py
[2026-07-10T00:18:33.502+0000] {processor.py:914} INFO - Processing file /opt/airflow/dags/03_parallel.py for tasks to queue
[2026-07-10T00:18:33.515+0000] {logging_mixin.py:190} INFO - [2026-07-10T00:18:33.513+0000] {dagbag.py:588} INFO - Filling up the DagBag from /opt/airflow/dags/03_parallel.py
[2026-07-10T00:18:33.572+0000] {processor.py:925} INFO - DAG(s) '03_parallel' retrieved from /opt/airflow/dags/03_parallel.py
[2026-07-10T00:18:33.632+0000] {logging_mixin.py:190} INFO - [2026-07-10T00:18:33.632+0000] {dag.py:3239} INFO - Sync 1 DAGs
[2026-07-10T00:18:33.653+0000] {logging_mixin.py:190} INFO - [2026-07-10T00:18:33.653+0000] {dag.py:4180} INFO - Setting next_dagrun for 03_parallel to None, run_after=None
[2026-07-10T00:18:33.678+0000] {processor.py:208} INFO - Processing /opt/airflow/dags/03_parallel.py took 0.239 seconds
[2026-07-10T00:19:04.669+0000] {processor.py:186} INFO - Started process (PID=10306) to work on /opt/airflow/dags/03_parallel.py
[2026-07-10T00:19:04.674+0000] {processor.py:914} INFO - Processing file /opt/airflow/dags/03_parallel.py for tasks to queue
[2026-07-10T00:19:04.684+0000] {logging_mixin.py:190} INFO - [2026-07-10T00:19:04.683+0000] {dagbag.py:588} INFO - Filling up the DagBag from /opt/airflow/dags/03_parallel.py
[2026-07-10T00:19:04.703+0000] {processor.py:925} INFO - DAG(s) '03_parallel' retrieved from /opt/airflow/dags/03_parallel.py
[2026-07-10T00:19:04.748+0000] {logging_mixin.py:190} INFO - [2026-07-10T00:19:04.748+0000] {dag.py:3239} INFO - Sync 1 DAGs
[2026-07-10T00:19:04.768+0000] {logging_mixin.py:190} INFO - [2026-07-10T00:19:04.767+0000] {dag.py:4180} INFO - Setting next_dagrun for 03_parallel to None, run_after=None
[2026-07-10T00:19:04.793+0000] {processor.py:208} INFO - Processing /opt/airflow/dags/03_parallel.py took 0.179 seconds
[2026-07-10T00:19:34.957+0000] {processor.py:186} INFO - Started process (PID=10341) to work on /opt/airflow/dags/03_parallel.py
[2026-07-10T00:19:34.958+0000] {processor.py:914} INFO - Processing file /opt/airflow/dags/03_parallel.py for tasks to queue
[2026-07-10T00:19:34.961+0000] {logging_mixin.py:190} INFO - [2026-07-10T00:19:34.961+0000] {dagbag.py:588} INFO - Filling up the DagBag from /opt/airflow/dags/03_parallel.py
[2026-07-10T00:19:34.973+0000] {processor.py:925} INFO - DAG(s) '03_parallel' retrieved from /opt/airflow/dags/03_parallel.py
[2026-07-10T00:19:35.017+0000] {logging_mixin.py:190} INFO - [2026-07-10T00:19:35.017+0000] {dag.py:3239} INFO - Sync 1 DAGs
[2026-07-10T00:19:35.037+0000] {logging_mixin.py:190} INFO - [2026-07-10T00:19:35.037+0000] {dag.py:4180} INFO - Setting next_dagrun for 03_parallel to None, run_after=None
[2026-07-10T00:19:35.061+0000] {processor.py:208} INFO - Processing /opt/airflow/dags/03_parallel.py took 0.119 seconds
[2026-07-10T00:20:06.033+0000] {processor.py:186} INFO - Started process (PID=10376) to work on /opt/airflow/dags/03_parallel.py
[2026-07-10T00:20:06.037+0000] {processor.py:914} INFO - Processing file /opt/airflow/dags/03_parallel.py for tasks to queue
[2026-07-10T00:20:06.041+0000] {logging_mixin.py:190} INFO - [2026-07-10T00:20:06.041+0000] {dagbag.py:588} INFO - Filling up the DagBag from /opt/airflow/dags/03_parallel.py
[2026-07-10T00:20:06.057+0000] {processor.py:925} INFO - DAG(s) '03_parallel' retrieved from /opt/airflow/dags/03_parallel.py
[2026-07-10T00:20:06.100+0000] {logging_mixin.py:190} INFO - [2026-07-10T00:20:06.099+0000] {dag.py:3239} INFO - Sync 1 DAGs
[2026-07-10T00:20:06.120+0000] {logging_mixin.py:190} INFO - [2026-07-10T00:20:06.119+0000] {dag.py:4180} INFO - Setting next_dagrun for 03_parallel to None, run_after=None
[2026-07-10T00:20:06.146+0000] {processor.py:208} INFO - Processing /opt/airflow/dags/03_parallel.py took 0.153 seconds
[2026-07-10T00:20:37.064+0000] {processor.py:186} INFO - Started process (PID=10411) to work on /opt/airflow/dags/03_parallel.py
[2026-07-10T00:20:37.070+0000] {processor.py:914} INFO - Processing file /opt/airflow/dags/03_parallel.py for tasks to queue
[2026-07-10T00:20:37.083+0000] {logging_mixin.py:190} INFO - [2026-07-10T00:20:37.080+0000] {dagbag.py:588} INFO - Filling up the DagBag from /opt/airflow/dags/03_parallel.py
[2026-07-10T00:20:37.108+0000] {processor.py:925} INFO - DAG(s) '03_parallel' retrieved from /opt/airflow/dags/03_parallel.py
[2026-07-10T00:20:37.158+0000] {logging_mixin.py:190} INFO - [2026-07-10T00:20:37.158+0000] {dag.py:3239} INFO - Sync 1 DAGs
[2026-07-10T00:20:37.174+0000] {logging_mixin.py:190} INFO - [2026-07-10T00:20:37.174+0000] {dag.py:4180} INFO - Setting next_dagrun for 03_parallel to None, run_after=None
[2026-07-10T00:20:37.196+0000] {processor.py:208} INFO - Processing /opt/airflow/dags/03_parallel.py took 0.178 seconds
[2026-07-10T00:21:08.052+0000] {processor.py:186} INFO - Started process (PID=10446) to work on /opt/airflow/dags/03_parallel.py
[2026-07-10T00:21:08.054+0000] {processor.py:914} INFO - Processing file /opt/airflow/dags/03_parallel.py for tasks to queue
[2026-07-10T00:21:08.057+0000] {logging_mixin.py:190} INFO - [2026-07-10T00:21:08.056+0000] {dagbag.py:588} INFO - Filling up the DagBag from /opt/airflow/dags/03_parallel.py
[2026-07-10T00:21:08.069+0000] {processor.py:925} INFO - DAG(s) '03_parallel' retrieved from /opt/airflow/dags/03_parallel.py
[2026-07-10T00:21:08.130+0000] {logging_mixin.py:190} INFO - [2026-07-10T00:21:08.129+0000] {dag.py:3239} INFO - Sync 1 DAGs
[2026-07-10T00:21:08.168+0000] {logging_mixin.py:190} INFO - [2026-07-10T00:21:08.168+0000] {dag.py:4180} INFO - Setting next_dagrun for 03_parallel to None, run_after=None
[2026-07-10T00:21:08.202+0000] {processor.py:208} INFO - Processing /opt/airflow/dags/03_parallel.py took 0.160 seconds
[2026-07-10T00:21:39.277+0000] {processor.py:186} INFO - Started process (PID=10481) to work on /opt/airflow/dags/03_parallel.py
[2026-07-10T00:21:39.282+0000] {processor.py:914} INFO - Processing file /opt/airflow/dags/03_parallel.py for tasks to queue
[2026-07-10T00:21:39.289+0000] {logging_mixin.py:190} INFO - [2026-07-10T00:21:39.288+0000] {dagbag.py:588} INFO - Filling up the DagBag from /opt/airflow/dags/03_parallel.py
[2026-07-10T00:21:39.312+0000] {processor.py:925} INFO - DAG(s) '03_parallel' retrieved from /opt/airflow/dags/03_parallel.py
[2026-07-10T00:21:39.358+0000] {logging_mixin.py:190} INFO - [2026-07-10T00:21:39.357+0000] {dag.py:3239} INFO - Sync 1 DAGs
[2026-07-10T00:21:39.377+0000] {logging_mixin.py:190} INFO - [2026-07-10T00:21:39.377+0000] {dag.py:4180} INFO - Setting next_dagrun for 03_parallel to None, run_after=None
[2026-07-10T00:21:39.401+0000] {processor.py:208} INFO - Processing /opt/airflow/dags/03_parallel.py took 0.165 seconds
[2026-07-10T00:22:10.360+0000] {processor.py:186} INFO - Started process (PID=10516) to work on /opt/airflow/dags/03_parallel.py
[2026-07-10T00:22:10.376+0000] {processor.py:914} INFO - Processing file /opt/airflow/dags/03_parallel.py for tasks to queue
[2026-07-10T00:22:10.406+0000] {logging_mixin.py:190} INFO - [2026-07-10T00:22:10.405+0000] {dagbag.py:588} INFO - Filling up the DagBag from /opt/airflow/dags/03_parallel.py
[2026-07-10T00:22:10.434+0000] {processor.py:925} INFO - DAG(s) '03_parallel' retrieved from /opt/airflow/dags/03_parallel.py
[2026-07-10T00:22:10.498+0000] {logging_mixin.py:190} INFO - [2026-07-10T00:22:10.498+0000] {dag.py:3239} INFO - Sync 1 DAGs
[2026-07-10T00:22:10.519+0000] {logging_mixin.py:190} INFO - [2026-07-10T00:22:10.519+0000] {dag.py:4180} INFO - Setting next_dagrun for 03_parallel to None, run_after=None
[2026-07-10T00:22:10.544+0000] {processor.py:208} INFO - Processing /opt/airflow/dags/03_parallel.py took 0.238 seconds
[2026-07-10T00:22:41.386+0000] {processor.py:186} INFO - Started process (PID=10551) to work on /opt/airflow/dags/03_parallel.py
[2026-07-10T00:22:41.392+0000] {processor.py:914} INFO - Processing file /opt/airflow/dags/03_parallel.py for tasks to queue
[2026-07-10T00:22:41.402+0000] {logging_mixin.py:190} INFO - [2026-07-10T00:22:41.401+0000] {dagbag.py:588} INFO - Filling up the DagBag from /opt/airflow/dags/03_parallel.py
[2026-07-10T00:22:41.446+0000] {processor.py:925} INFO - DAG(s) '03_parallel' retrieved from /opt/airflow/dags/03_parallel.py
[2026-07-10T00:22:41.565+0000] {logging_mixin.py:190} INFO - [2026-07-10T00:22:41.563+0000] {dag.py:3239} INFO - Sync 1 DAGs
[2026-07-10T00:22:41.601+0000] {logging_mixin.py:190} INFO - [2026-07-10T00:22:41.601+0000] {dag.py:4180} INFO - Setting next_dagrun for 03_parallel to None, run_after=None
[2026-07-10T00:22:41.639+0000] {processor.py:208} INFO - Processing /opt/airflow/dags/03_parallel.py took 0.283 seconds
[2026-07-10T00:23:12.659+0000] {processor.py:186} INFO - Started process (PID=10586) to work on /opt/airflow/dags/03_parallel.py
[2026-07-10T00:23:12.675+0000] {processor.py:914} INFO - Processing file /opt/airflow/dags/03_parallel.py for tasks to queue
[2026-07-10T00:23:12.688+0000] {logging_mixin.py:190} INFO - [2026-07-10T00:23:12.686+0000] {dagbag.py:588} INFO - Filling up the DagBag from /opt/airflow/dags/03_parallel.py
[2026-07-10T00:23:12.723+0000] {processor.py:925} INFO - DAG(s) '03_parallel' retrieved from /opt/airflow/dags/03_parallel.py
[2026-07-10T00:23:12.811+0000] {logging_mixin.py:190} INFO - [2026-07-10T00:23:12.810+0000] {dag.py:3239} INFO - Sync 1 DAGs
[2026-07-10T00:23:12.861+0000] {logging_mixin.py:190} INFO - [2026-07-10T00:23:12.860+0000] {dag.py:4180} INFO - Setting next_dagrun for 03_parallel to None, run_after=None
[2026-07-10T00:23:12.909+0000] {processor.py:208} INFO - Processing /opt/airflow/dags/03_parallel.py took 0.298 seconds
[2026-07-10T00:23:43.854+0000] {processor.py:186} INFO - Started process (PID=10621) to work on /opt/airflow/dags/03_parallel.py
[2026-07-10T00:23:43.860+0000] {processor.py:914} INFO - Processing file /opt/airflow/dags/03_parallel.py for tasks to queue
[2026-07-10T00:23:43.872+0000] {logging_mixin.py:190} INFO - [2026-07-10T00:23:43.871+0000] {dagbag.py:588} INFO - Filling up the DagBag from /opt/airflow/dags/03_parallel.py
[2026-07-10T00:23:43.910+0000] {processor.py:925} INFO - DAG(s) '03_parallel' retrieved from /opt/airflow/dags/03_parallel.py
[2026-07-10T00:23:43.958+0000] {logging_mixin.py:190} INFO - [2026-07-10T00:23:43.958+0000] {dag.py:3239} INFO - Sync 1 DAGs
[2026-07-10T00:23:43.973+0000] {logging_mixin.py:190} INFO - [2026-07-10T00:23:43.973+0000] {dag.py:4180} INFO - Setting next_dagrun for 03_parallel to None, run_after=None
[2026-07-10T00:23:43.994+0000] {processor.py:208} INFO - Processing /opt/airflow/dags/03_parallel.py took 0.173 seconds
[2026-07-10T00:24:15.067+0000] {processor.py:186} INFO - Started process (PID=10656) to work on /opt/airflow/dags/03_parallel.py
[2026-07-10T00:24:15.069+0000] {processor.py:914} INFO - Processing file /opt/airflow/dags/03_parallel.py for tasks to queue
[2026-07-10T00:24:15.074+0000] {logging_mixin.py:190} INFO - [2026-07-10T00:24:15.074+0000] {dagbag.py:588} INFO - Filling up the DagBag from /opt/airflow/dags/03_parallel.py
[2026-07-10T00:24:15.093+0000] {processor.py:925} INFO - DAG(s) '03_parallel' retrieved from /opt/airflow/dags/03_parallel.py
[2026-07-10T00:24:15.161+0000] {logging_mixin.py:190} INFO - [2026-07-10T00:24:15.161+0000] {dag.py:3239} INFO - Sync 1 DAGs
[2026-07-10T00:24:15.190+0000] {logging_mixin.py:190} INFO - [2026-07-10T00:24:15.190+0000] {dag.py:4180} INFO - Setting next_dagrun for 03_parallel to None, run_after=None
[2026-07-10T00:24:15.220+0000] {processor.py:208} INFO - Processing /opt/airflow/dags/03_parallel.py took 0.173 seconds
[2026-07-10T00:24:46.289+0000] {processor.py:186} INFO - Started process (PID=10691) to work on /opt/airflow/dags/03_parallel.py
[2026-07-10T00:24:46.298+0000] {processor.py:914} INFO - Processing file /opt/airflow/dags/03_parallel.py for tasks to queue
[2026-07-10T00:24:46.310+0000] {logging_mixin.py:190} INFO - [2026-07-10T00:24:46.308+0000] {dagbag.py:588} INFO - Filling up the DagBag from /opt/airflow/dags/03_parallel.py
[2026-07-10T00:24:46.345+0000] {processor.py:925} INFO - DAG(s) '03_parallel' retrieved from /opt/airflow/dags/03_parallel.py
[2026-07-10T00:24:46.416+0000] {logging_mixin.py:190} INFO - [2026-07-10T00:24:46.415+0000] {dag.py:3239} INFO - Sync 1 DAGs
[2026-07-10T00:24:46.447+0000] {logging_mixin.py:190} INFO - [2026-07-10T00:24:46.447+0000] {dag.py:4180} INFO - Setting next_dagrun for 03_parallel to None, run_after=None
[2026-07-10T00:24:46.484+0000] {processor.py:208} INFO - Processing /opt/airflow/dags/03_parallel.py took 0.257 seconds
[2026-07-10T00:25:17.583+0000] {processor.py:186} INFO - Started process (PID=10726) to work on /opt/airflow/dags/03_parallel.py
[2026-07-10T00:25:17.587+0000] {processor.py:914} INFO - Processing file /opt/airflow/dags/03_parallel.py for tasks to queue
[2026-07-10T00:25:17.605+0000] {logging_mixin.py:190} INFO - [2026-07-10T00:25:17.603+0000] {dagbag.py:588} INFO - Filling up the DagBag from /opt/airflow/dags/03_parallel.py
[2026-07-10T00:25:17.655+0000] {processor.py:925} INFO - DAG(s) '03_parallel' retrieved from /opt/airflow/dags/03_parallel.py
[2026-07-10T00:25:17.707+0000] {logging_mixin.py:190} INFO - [2026-07-10T00:25:17.707+0000] {dag.py:3239} INFO - Sync 1 DAGs
[2026-07-10T00:25:17.727+0000] {logging_mixin.py:190} INFO - [2026-07-10T00:25:17.727+0000] {dag.py:4180} INFO - Setting next_dagrun for 03_parallel to None, run_after=None
[2026-07-10T00:25:17.750+0000] {processor.py:208} INFO - Processing /opt/airflow/dags/03_parallel.py took 0.227 seconds
[2026-07-10T00:25:48.718+0000] {processor.py:186} INFO - Started process (PID=10761) to work on /opt/airflow/dags/03_parallel.py
[2026-07-10T00:25:48.724+0000] {processor.py:914} INFO - Processing file /opt/airflow/dags/03_parallel.py for tasks to queue
[2026-07-10T00:25:48.734+0000] {logging_mixin.py:190} INFO - [2026-07-10T00:25:48.733+0000] {dagbag.py:588} INFO - Filling up the DagBag from /opt/airflow/dags/03_parallel.py
[2026-07-10T00:25:48.756+0000] {processor.py:925} INFO - DAG(s) '03_parallel' retrieved from /opt/airflow/dags/03_parallel.py
[2026-07-10T00:25:48.801+0000] {logging_mixin.py:190} INFO - [2026-07-10T00:25:48.801+0000] {dag.py:3239} INFO - Sync 1 DAGs
[2026-07-10T00:25:48.819+0000] {logging_mixin.py:190} INFO - [2026-07-10T00:25:48.819+0000] {dag.py:4180} INFO - Setting next_dagrun for 03_parallel to None, run_after=None
[2026-07-10T00:25:48.846+0000] {processor.py:208} INFO - Processing /opt/airflow/dags/03_parallel.py took 0.176 seconds
[2026-07-10T00:26:19.731+0000] {processor.py:186} INFO - Started process (PID=10796) to work on /opt/airflow/dags/03_parallel.py
[2026-07-10T00:26:19.733+0000] {processor.py:914} INFO - Processing file /opt/airflow/dags/03_parallel.py for tasks to queue
[2026-07-10T00:26:19.736+0000] {logging_mixin.py:190} INFO - [2026-07-10T00:26:19.735+0000] {dagbag.py:588} INFO - Filling up the DagBag from /opt/airflow/dags/03_parallel.py
[2026-07-10T00:26:19.747+0000] {processor.py:925} INFO - DAG(s) '03_parallel' retrieved from /opt/airflow/dags/03_parallel.py
[2026-07-10T00:26:19.790+0000] {logging_mixin.py:190} INFO - [2026-07-10T00:26:19.790+0000] {dag.py:3239} INFO - Sync 1 DAGs
[2026-07-10T00:26:19.816+0000] {logging_mixin.py:190} INFO - [2026-07-10T00:26:19.816+0000] {dag.py:4180} INFO - Setting next_dagrun for 03_parallel to None, run_after=None
[2026-07-10T00:26:19.841+0000] {processor.py:208} INFO - Processing /opt/airflow/dags/03_parallel.py took 0.120 seconds
[2026-07-10T00:26:50.011+0000] {processor.py:186} INFO - Started process (PID=10831) to work on /opt/airflow/dags/03_parallel.py
[2026-07-10T00:26:50.015+0000] {processor.py:914} INFO - Processing file /opt/airflow/dags/03_parallel.py for tasks to queue
[2026-07-10T00:26:50.029+0000] {logging_mixin.py:190} INFO - [2026-07-10T00:26:50.027+0000] {dagbag.py:588} INFO - Filling up the DagBag from /opt/airflow/dags/03_parallel.py
[2026-07-10T00:26:50.054+0000] {processor.py:925} INFO - DAG(s) '03_parallel' retrieved from /opt/airflow/dags/03_parallel.py
[2026-07-10T00:26:50.130+0000] {logging_mixin.py:190} INFO - [2026-07-10T00:26:50.130+0000] {dag.py:3239} INFO - Sync 1 DAGs
[2026-07-10T00:26:50.162+0000] {logging_mixin.py:190} INFO - [2026-07-10T00:26:50.162+0000] {dag.py:4180} INFO - Setting next_dagrun for 03_parallel to None, run_after=None
[2026-07-10T00:26:50.202+0000] {processor.py:208} INFO - Processing /opt/airflow/dags/03_parallel.py took 0.219 seconds
[2026-07-10T00:27:20.371+0000] {processor.py:186} INFO - Started process (PID=10866) to work on /opt/airflow/dags/03_parallel.py
[2026-07-10T00:27:20.374+0000] {processor.py:914} INFO - Processing file /opt/airflow/dags/03_parallel.py for tasks to queue
[2026-07-10T00:27:20.382+0000] {logging_mixin.py:190} INFO - [2026-07-10T00:27:20.381+0000] {dagbag.py:588} INFO - Filling up the DagBag from /opt/airflow/dags/03_parallel.py
[2026-07-10T00:27:20.413+0000] {processor.py:925} INFO - DAG(s) '03_parallel' retrieved from /opt/airflow/dags/03_parallel.py
[2026-07-10T00:27:20.512+0000] {logging_mixin.py:190} INFO - [2026-07-10T00:27:20.511+0000] {dag.py:3239} INFO - Sync 1 DAGs
[2026-07-10T00:27:20.561+0000] {logging_mixin.py:190} INFO - [2026-07-10T00:27:20.561+0000] {dag.py:4180} INFO - Setting next_dagrun for 03_parallel to None, run_after=None
[2026-07-10T00:27:20.604+0000] {processor.py:208} INFO - Processing /opt/airflow/dags/03_parallel.py took 0.257 seconds
[2026-07-10T00:27:50.803+0000] {processor.py:186} INFO - Started process (PID=10901) to work on /opt/airflow/dags/03_parallel.py
[2026-07-10T00:27:50.805+0000] {processor.py:914} INFO - Processing file /opt/airflow/dags/03_parallel.py for tasks to queue
[2026-07-10T00:27:50.810+0000] {logging_mixin.py:190} INFO - [2026-07-10T00:27:50.809+0000] {dagbag.py:588} INFO - Filling up the DagBag from /opt/airflow/dags/03_parallel.py
[2026-07-10T00:27:50.832+0000] {processor.py:925} INFO - DAG(s) '03_parallel' retrieved from /opt/airflow/dags/03_parallel.py
[2026-07-10T00:27:50.890+0000] {logging_mixin.py:190} INFO - [2026-07-10T00:27:50.890+0000] {dag.py:3239} INFO - Sync 1 DAGs
[2026-07-10T00:27:50.913+0000] {logging_mixin.py:190} INFO - [2026-07-10T00:27:50.913+0000] {dag.py:4180} INFO - Setting next_dagrun for 03_parallel to None, run_after=None
[2026-07-10T00:27:50.935+0000] {processor.py:208} INFO - Processing /opt/airflow/dags/03_parallel.py took 0.146 seconds
[2026-07-10T00:28:21.698+0000] {processor.py:186} INFO - Started process (PID=10936) to work on /opt/airflow/dags/03_parallel.py
[2026-07-10T00:28:21.700+0000] {processor.py:914} INFO - Processing file /opt/airflow/dags/03_parallel.py for tasks to queue
[2026-07-10T00:28:21.704+0000] {logging_mixin.py:190} INFO - [2026-07-10T00:28:21.703+0000] {dagbag.py:588} INFO - Filling up the DagBag from /opt/airflow/dags/03_parallel.py
[2026-07-10T00:28:21.724+0000] {processor.py:925} INFO - DAG(s) '03_parallel' retrieved from /opt/airflow/dags/03_parallel.py
[2026-07-10T00:28:21.789+0000] {logging_mixin.py:190} INFO - [2026-07-10T00:28:21.788+0000] {dag.py:3239} INFO - Sync 1 DAGs
[2026-07-10T00:28:21.821+0000] {logging_mixin.py:190} INFO - [2026-07-10T00:28:21.820+0000] {dag.py:4180} INFO - Setting next_dagrun for 03_parallel to None, run_after=None
[2026-07-10T00:28:21.857+0000] {processor.py:208} INFO - Processing /opt/airflow/dags/03_parallel.py took 0.169 seconds
[2026-07-10T00:28:52.710+0000] {processor.py:186} INFO - Started process (PID=10971) to work on /opt/airflow/dags/03_parallel.py
[2026-07-10T00:28:52.712+0000] {processor.py:914} INFO - Processing file /opt/airflow/dags/03_parallel.py for tasks to queue
[2026-07-10T00:28:52.714+0000] {logging_mixin.py:190} INFO - [2026-07-10T00:28:52.714+0000] {dagbag.py:588} INFO - Filling up the DagBag from /opt/airflow/dags/03_parallel.py
[2026-07-10T00:28:52.729+0000] {processor.py:925} INFO - DAG(s) '03_parallel' retrieved from /opt/airflow/dags/03_parallel.py
[2026-07-10T00:28:52.779+0000] {logging_mixin.py:190} INFO - [2026-07-10T00:28:52.778+0000] {dag.py:3239} INFO - Sync 1 DAGs
[2026-07-10T00:28:52.802+0000] {logging_mixin.py:190} INFO - [2026-07-10T00:28:52.802+0000] {dag.py:4180} INFO - Setting next_dagrun for 03_parallel to None, run_after=None
[2026-07-10T00:28:52.831+0000] {processor.py:208} INFO - Processing /opt/airflow/dags/03_parallel.py took 0.130 seconds
[2026-07-10T00:29:22.913+0000] {processor.py:186} INFO - Started process (PID=11006) to work on /opt/airflow/dags/03_parallel.py
[2026-07-10T00:29:22.915+0000] {processor.py:914} INFO - Processing file /opt/airflow/dags/03_parallel.py for tasks to queue
[2026-07-10T00:29:22.919+0000] {logging_mixin.py:190} INFO - [2026-07-10T00:29:22.919+0000] {dagbag.py:588} INFO - Filling up the DagBag from /opt/airflow/dags/03_parallel.py
[2026-07-10T00:29:22.938+0000] {processor.py:925} INFO - DAG(s) '03_parallel' retrieved from /opt/airflow/dags/03_parallel.py
[2026-07-10T00:29:23.001+0000] {logging_mixin.py:190} INFO - [2026-07-10T00:29:23.001+0000] {dag.py:3239} INFO - Sync 1 DAGs
[2026-07-10T00:29:23.023+0000] {logging_mixin.py:190} INFO - [2026-07-10T00:29:23.022+0000] {dag.py:4180} INFO - Setting next_dagrun for 03_parallel to None, run_after=None
[2026-07-10T00:29:23.053+0000] {processor.py:208} INFO - Processing /opt/airflow/dags/03_parallel.py took 0.153 seconds
[2026-07-10T00:29:53.241+0000] {processor.py:186} INFO - Started process (PID=11041) to work on /opt/airflow/dags/03_parallel.py
[2026-07-10T00:29:53.243+0000] {processor.py:914} INFO - Processing file /opt/airflow/dags/03_parallel.py for tasks to queue
[2026-07-10T00:29:53.247+0000] {logging_mixin.py:190} INFO - [2026-07-10T00:29:53.246+0000] {dagbag.py:588} INFO - Filling up the DagBag from /opt/airflow/dags/03_parallel.py
[2026-07-10T00:29:53.263+0000] {processor.py:925} INFO - DAG(s) '03_parallel' retrieved from /opt/airflow/dags/03_parallel.py
[2026-07-10T00:29:53.315+0000] {logging_mixin.py:190} INFO - [2026-07-10T00:29:53.314+0000] {dag.py:3239} INFO - Sync 1 DAGs
[2026-07-10T00:29:53.365+0000] {logging_mixin.py:190} INFO - [2026-07-10T00:29:53.365+0000] {dag.py:4180} INFO - Setting next_dagrun for 03_parallel to None, run_after=None
[2026-07-10T00:29:53.433+0000] {processor.py:208} INFO - Processing /opt/airflow/dags/03_parallel.py took 0.202 seconds
[2026-07-10T00:30:23.528+0000] {processor.py:186} INFO - Started process (PID=11076) to work on /opt/airflow/dags/03_parallel.py
[2026-07-10T00:30:23.531+0000] {processor.py:914} INFO - Processing file /opt/airflow/dags/03_parallel.py for tasks to queue
[2026-07-10T00:30:23.533+0000] {logging_mixin.py:190} INFO - [2026-07-10T00:30:23.532+0000] {dagbag.py:588} INFO - Filling up the DagBag from /opt/airflow/dags/03_parallel.py
[2026-07-10T00:30:23.545+0000] {processor.py:925} INFO - DAG(s) '03_parallel' retrieved from /opt/airflow/dags/03_parallel.py
[2026-07-10T00:30:23.612+0000] {logging_mixin.py:190} INFO - [2026-07-10T00:30:23.611+0000] {dag.py:3239} INFO - Sync 1 DAGs
[2026-07-10T00:30:23.635+0000] {logging_mixin.py:190} INFO - [2026-07-10T00:30:23.635+0000] {dag.py:4180} INFO - Setting next_dagrun for 03_parallel to None, run_after=None
[2026-07-10T00:30:23.673+0000] {processor.py:208} INFO - Processing /opt/airflow/dags/03_parallel.py took 0.153 seconds
[2026-07-10T00:30:54.706+0000] {processor.py:186} INFO - Started process (PID=11111) to work on /opt/airflow/dags/03_parallel.py
[2026-07-10T00:30:54.708+0000] {processor.py:914} INFO - Processing file /opt/airflow/dags/03_parallel.py for tasks to queue
[2026-07-10T00:30:54.714+0000] {logging_mixin.py:190} INFO - [2026-07-10T00:30:54.713+0000] {dagbag.py:588} INFO - Filling up the DagBag from /opt/airflow/dags/03_parallel.py
[2026-07-10T00:30:54.731+0000] {processor.py:925} INFO - DAG(s) '03_parallel' retrieved from /opt/airflow/dags/03_parallel.py
[2026-07-10T00:30:54.771+0000] {logging_mixin.py:190} INFO - [2026-07-10T00:30:54.771+0000] {dag.py:3239} INFO - Sync 1 DAGs
[2026-07-10T00:30:54.790+0000] {logging_mixin.py:190} INFO - [2026-07-10T00:30:54.789+0000] {dag.py:4180} INFO - Setting next_dagrun for 03_parallel to None, run_after=None
[2026-07-10T00:30:54.822+0000] {processor.py:208} INFO - Processing /opt/airflow/dags/03_parallel.py took 0.140 seconds
[2026-07-10T00:31:25.695+0000] {processor.py:186} INFO - Started process (PID=11146) to work on /opt/airflow/dags/03_parallel.py
[2026-07-10T00:31:25.701+0000] {processor.py:914} INFO - Processing file /opt/airflow/dags/03_parallel.py for tasks to queue
[2026-07-10T00:31:25.709+0000] {logging_mixin.py:190} INFO - [2026-07-10T00:31:25.708+0000] {dagbag.py:588} INFO - Filling up the DagBag from /opt/airflow/dags/03_parallel.py
[2026-07-10T00:31:25.748+0000] {processor.py:925} INFO - DAG(s) '03_parallel' retrieved from /opt/airflow/dags/03_parallel.py
[2026-07-10T00:31:25.867+0000] {logging_mixin.py:190} INFO - [2026-07-10T00:31:25.863+0000] {dag.py:3239} INFO - Sync 1 DAGs
[2026-07-10T00:31:25.916+0000] {logging_mixin.py:190} INFO - [2026-07-10T00:31:25.915+0000] {dag.py:4180} INFO - Setting next_dagrun for 03_parallel to None, run_after=None
[2026-07-10T00:31:25.952+0000] {processor.py:208} INFO - Processing /opt/airflow/dags/03_parallel.py took 0.291 seconds
[2026-07-10T00:31:56.678+0000] {processor.py:186} INFO - Started process (PID=11181) to work on /opt/airflow/dags/03_parallel.py
[2026-07-10T00:31:56.679+0000] {processor.py:914} INFO - Processing file /opt/airflow/dags/03_parallel.py for tasks to queue
[2026-07-10T00:31:56.683+0000] {logging_mixin.py:190} INFO - [2026-07-10T00:31:56.682+0000] {dagbag.py:588} INFO - Filling up the DagBag from /opt/airflow/dags/03_parallel.py
[2026-07-10T00:31:56.696+0000] {processor.py:925} INFO - DAG(s) '03_parallel' retrieved from /opt/airflow/dags/03_parallel.py
[2026-07-10T00:31:56.736+0000] {logging_mixin.py:190} INFO - [2026-07-10T00:31:56.736+0000] {dag.py:3239} INFO - Sync 1 DAGs
[2026-07-10T00:31:56.758+0000] {logging_mixin.py:190} INFO - [2026-07-10T00:31:56.757+0000] {dag.py:4180} INFO - Setting next_dagrun for 03_parallel to None, run_after=None
[2026-07-10T00:31:56.790+0000] {processor.py:208} INFO - Processing /opt/airflow/dags/03_parallel.py took 0.119 seconds
[2026-07-10T00:32:27.900+0000] {processor.py:186} INFO - Started process (PID=11216) to work on /opt/airflow/dags/03_parallel.py
[2026-07-10T00:32:27.903+0000] {processor.py:914} INFO - Processing file /opt/airflow/dags/03_parallel.py for tasks to queue
[2026-07-10T00:32:27.908+0000] {logging_mixin.py:190} INFO - [2026-07-10T00:32:27.907+0000] {dagbag.py:588} INFO - Filling up the DagBag from /opt/airflow/dags/03_parallel.py
[2026-07-10T00:32:27.925+0000] {processor.py:925} INFO - DAG(s) '03_parallel' retrieved from /opt/airflow/dags/03_parallel.py
[2026-07-10T00:32:27.996+0000] {logging_mixin.py:190} INFO - [2026-07-10T00:32:27.996+0000] {dag.py:3239} INFO - Sync 1 DAGs
[2026-07-10T00:32:28.020+0000] {logging_mixin.py:190} INFO - [2026-07-10T00:32:28.020+0000] {dag.py:4180} INFO - Setting next_dagrun for 03_parallel to None, run_after=None
[2026-07-10T00:32:28.047+0000] {processor.py:208} INFO - Processing /opt/airflow/dags/03_parallel.py took 0.170 seconds
[2026-07-10T00:32:58.834+0000] {processor.py:186} INFO - Started process (PID=11251) to work on /opt/airflow/dags/03_parallel.py
[2026-07-10T00:32:58.840+0000] {processor.py:914} INFO - Processing file /opt/airflow/dags/03_parallel.py for tasks to queue
[2026-07-10T00:32:58.854+0000] {logging_mixin.py:190} INFO - [2026-07-10T00:32:58.852+0000] {dagbag.py:588} INFO - Filling up the DagBag from /opt/airflow/dags/03_parallel.py
[2026-07-10T00:32:58.912+0000] {processor.py:925} INFO - DAG(s) '03_parallel' retrieved from /opt/airflow/dags/03_parallel.py
[2026-07-10T00:32:59.006+0000] {logging_mixin.py:190} INFO - [2026-07-10T00:32:59.006+0000] {dag.py:3239} INFO - Sync 1 DAGs
[2026-07-10T00:32:59.049+0000] {logging_mixin.py:190} INFO - [2026-07-10T00:32:59.049+0000] {dag.py:4180} INFO - Setting next_dagrun for 03_parallel to None, run_after=None
[2026-07-10T00:32:59.078+0000] {processor.py:208} INFO - Processing /opt/airflow/dags/03_parallel.py took 0.283 seconds
[2026-07-10T00:33:29.592+0000] {processor.py:186} INFO - Started process (PID=11286) to work on /opt/airflow/dags/03_parallel.py
[2026-07-10T00:33:29.593+0000] {processor.py:914} INFO - Processing file /opt/airflow/dags/03_parallel.py for tasks to queue
[2026-07-10T00:33:29.596+0000] {logging_mixin.py:190} INFO - [2026-07-10T00:33:29.595+0000] {dagbag.py:588} INFO - Filling up the DagBag from /opt/airflow/dags/03_parallel.py
[2026-07-10T00:33:29.604+0000] {processor.py:925} INFO - DAG(s) '03_parallel' retrieved from /opt/airflow/dags/03_parallel.py
[2026-07-10T00:33:29.654+0000] {logging_mixin.py:190} INFO - [2026-07-10T00:33:29.653+0000] {dag.py:3239} INFO - Sync 1 DAGs
[2026-07-10T00:33:29.708+0000] {logging_mixin.py:190} INFO - [2026-07-10T00:33:29.708+0000] {dag.py:4180} INFO - Setting next_dagrun for 03_parallel to None, run_after=None
[2026-07-10T00:33:29.788+0000] {processor.py:208} INFO - Processing /opt/airflow/dags/03_parallel.py took 0.204 seconds
[2026-07-10T00:34:00.725+0000] {processor.py:186} INFO - Started process (PID=11321) to work on /opt/airflow/dags/03_parallel.py
[2026-07-10T00:34:00.727+0000] {processor.py:914} INFO - Processing file /opt/airflow/dags/03_parallel.py for tasks to queue
[2026-07-10T00:34:00.731+0000] {logging_mixin.py:190} INFO - [2026-07-10T00:34:00.730+0000] {dagbag.py:588} INFO - Filling up the DagBag from /opt/airflow/dags/03_parallel.py
[2026-07-10T00:34:00.747+0000] {processor.py:925} INFO - DAG(s) '03_parallel' retrieved from /opt/airflow/dags/03_parallel.py
[2026-07-10T00:34:00.795+0000] {logging_mixin.py:190} INFO - [2026-07-10T00:34:00.795+0000] {dag.py:3239} INFO - Sync 1 DAGs
[2026-07-10T00:34:00.814+0000] {logging_mixin.py:190} INFO - [2026-07-10T00:34:00.813+0000] {dag.py:4180} INFO - Setting next_dagrun for 03_parallel to None, run_after=None
[2026-07-10T00:34:00.836+0000] {processor.py:208} INFO - Processing /opt/airflow/dags/03_parallel.py took 0.122 seconds
[2026-07-10T00:34:31.622+0000] {processor.py:186} INFO - Started process (PID=11356) to work on /opt/airflow/dags/03_parallel.py
[2026-07-10T00:34:31.633+0000] {processor.py:914} INFO - Processing file /opt/airflow/dags/03_parallel.py for tasks to queue
[2026-07-10T00:34:31.648+0000] {logging_mixin.py:190} INFO - [2026-07-10T00:34:31.646+0000] {dagbag.py:588} INFO - Filling up the DagBag from /opt/airflow/dags/03_parallel.py
[2026-07-10T00:34:31.714+0000] {processor.py:925} INFO - DAG(s) '03_parallel' retrieved from /opt/airflow/dags/03_parallel.py
[2026-07-10T00:34:31.790+0000] {logging_mixin.py:190} INFO - [2026-07-10T00:34:31.789+0000] {dag.py:3239} INFO - Sync 1 DAGs
[2026-07-10T00:34:31.812+0000] {logging_mixin.py:190} INFO - [2026-07-10T00:34:31.811+0000] {dag.py:4180} INFO - Setting next_dagrun for 03_parallel to None, run_after=None
[2026-07-10T00:34:31.839+0000] {processor.py:208} INFO - Processing /opt/airflow/dags/03_parallel.py took 0.273 seconds
[2026-07-10T00:35:01.918+0000] {processor.py:186} INFO - Started process (PID=11391) to work on /opt/airflow/dags/03_parallel.py
[2026-07-10T00:35:01.920+0000] {processor.py:914} INFO - Processing file /opt/airflow/dags/03_parallel.py for tasks to queue
[2026-07-10T00:35:01.924+0000] {logging_mixin.py:190} INFO - [2026-07-10T00:35:01.923+0000] {dagbag.py:588} INFO - Filling up the DagBag from /opt/airflow/dags/03_parallel.py
[2026-07-10T00:35:01.957+0000] {processor.py:925} INFO - DAG(s) '03_parallel' retrieved from /opt/airflow/dags/03_parallel.py
[2026-07-10T00:35:02.019+0000] {logging_mixin.py:190} INFO - [2026-07-10T00:35:02.019+0000] {dag.py:3239} INFO - Sync 1 DAGs
[2026-07-10T00:35:02.082+0000] {logging_mixin.py:190} INFO - [2026-07-10T00:35:02.082+0000] {dag.py:4180} INFO - Setting next_dagrun for 03_parallel to None, run_after=None
[2026-07-10T00:35:02.110+0000] {processor.py:208} INFO - Processing /opt/airflow/dags/03_parallel.py took 0.208 seconds
[2026-07-10T00:35:32.362+0000] {processor.py:186} INFO - Started process (PID=11426) to work on /opt/airflow/dags/03_parallel.py
[2026-07-10T00:35:32.367+0000] {processor.py:914} INFO - Processing file /opt/airflow/dags/03_parallel.py for tasks to queue
[2026-07-10T00:35:32.385+0000] {logging_mixin.py:190} INFO - [2026-07-10T00:35:32.384+0000] {dagbag.py:588} INFO - Filling up the DagBag from /opt/airflow/dags/03_parallel.py
[2026-07-10T00:35:32.406+0000] {processor.py:925} INFO - DAG(s) '03_parallel' retrieved from /opt/airflow/dags/03_parallel.py
[2026-07-10T00:35:32.460+0000] {logging_mixin.py:190} INFO - [2026-07-10T00:35:32.459+0000] {dag.py:3239} INFO - Sync 1 DAGs
[2026-07-10T00:35:32.489+0000] {logging_mixin.py:190} INFO - [2026-07-10T00:35:32.489+0000] {dag.py:4180} INFO - Setting next_dagrun for 03_parallel to None, run_after=None
[2026-07-10T00:35:32.519+0000] {processor.py:208} INFO - Processing /opt/airflow/dags/03_parallel.py took 0.196 seconds
[2026-07-10T00:36:02.772+0000] {processor.py:186} INFO - Started process (PID=11461) to work on /opt/airflow/dags/03_parallel.py
[2026-07-10T00:36:02.775+0000] {processor.py:914} INFO - Processing file /opt/airflow/dags/03_parallel.py for tasks to queue
[2026-07-10T00:36:02.783+0000] {logging_mixin.py:190} INFO - [2026-07-10T00:36:02.782+0000] {dagbag.py:588} INFO - Filling up the DagBag from /opt/airflow/dags/03_parallel.py
[2026-07-10T00:36:02.802+0000] {processor.py:925} INFO - DAG(s) '03_parallel' retrieved from /opt/airflow/dags/03_parallel.py
[2026-07-10T00:36:02.851+0000] {logging_mixin.py:190} INFO - [2026-07-10T00:36:02.851+0000] {dag.py:3239} INFO - Sync 1 DAGs
[2026-07-10T00:36:02.870+0000] {logging_mixin.py:190} INFO - [2026-07-10T00:36:02.870+0000] {dag.py:4180} INFO - Setting next_dagrun for 03_parallel to None, run_after=None
[2026-07-10T00:36:02.895+0000] {processor.py:208} INFO - Processing /opt/airflow/dags/03_parallel.py took 0.169 seconds
[2026-07-10T00:36:33.827+0000] {processor.py:186} INFO - Started process (PID=11496) to work on /opt/airflow/dags/03_parallel.py
[2026-07-10T00:36:33.831+0000] {processor.py:914} INFO - Processing file /opt/airflow/dags/03_parallel.py for tasks to queue
[2026-07-10T00:36:33.837+0000] {logging_mixin.py:190} INFO - [2026-07-10T00:36:33.837+0000] {dagbag.py:588} INFO - Filling up the DagBag from /opt/airflow/dags/03_parallel.py
[2026-07-10T00:36:33.856+0000] {processor.py:925} INFO - DAG(s) '03_parallel' retrieved from /opt/airflow/dags/03_parallel.py
[2026-07-10T00:36:33.921+0000] {logging_mixin.py:190} INFO - [2026-07-10T00:36:33.920+0000] {dag.py:3239} INFO - Sync 1 DAGs
[2026-07-10T00:36:33.949+0000] {logging_mixin.py:190} INFO - [2026-07-10T00:36:33.948+0000] {dag.py:4180} INFO - Setting next_dagrun for 03_parallel to None, run_after=None
[2026-07-10T00:36:33.977+0000] {processor.py:208} INFO - Processing /opt/airflow/dags/03_parallel.py took 0.176 seconds
[2026-07-10T00:37:04.106+0000] {processor.py:186} INFO - Started process (PID=11531) to work on /opt/airflow/dags/03_parallel.py
[2026-07-10T00:37:04.106+0000] {processor.py:914} INFO - Processing file /opt/airflow/dags/03_parallel.py for tasks to queue
[2026-07-10T00:37:04.110+0000] {logging_mixin.py:190} INFO - [2026-07-10T00:37:04.109+0000] {dagbag.py:588} INFO - Filling up the DagBag from /opt/airflow/dags/03_parallel.py
[2026-07-10T00:37:04.131+0000] {processor.py:925} INFO - DAG(s) '03_parallel' retrieved from /opt/airflow/dags/03_parallel.py
[2026-07-10T00:37:04.212+0000] {logging_mixin.py:190} INFO - [2026-07-10T00:37:04.211+0000] {dag.py:3239} INFO - Sync 1 DAGs
[2026-07-10T00:37:04.244+0000] {logging_mixin.py:190} INFO - [2026-07-10T00:37:04.244+0000] {dag.py:4180} INFO - Setting next_dagrun for 03_parallel to None, run_after=None
[2026-07-10T00:37:04.270+0000] {processor.py:208} INFO - Processing /opt/airflow/dags/03_parallel.py took 0.185 seconds
[2026-07-10T00:37:35.161+0000] {processor.py:186} INFO - Started process (PID=11566) to work on /opt/airflow/dags/03_parallel.py
[2026-07-10T00:37:35.164+0000] {processor.py:914} INFO - Processing file /opt/airflow/dags/03_parallel.py for tasks to queue
[2026-07-10T00:37:35.171+0000] {logging_mixin.py:190} INFO - [2026-07-10T00:37:35.170+0000] {dagbag.py:588} INFO - Filling up the DagBag from /opt/airflow/dags/03_parallel.py
[2026-07-10T00:37:35.188+0000] {processor.py:925} INFO - DAG(s) '03_parallel' retrieved from /opt/airflow/dags/03_parallel.py
[2026-07-10T00:37:35.233+0000] {logging_mixin.py:190} INFO - [2026-07-10T00:37:35.233+0000] {dag.py:3239} INFO - Sync 1 DAGs
[2026-07-10T00:37:35.255+0000] {logging_mixin.py:190} INFO - [2026-07-10T00:37:35.255+0000] {dag.py:4180} INFO - Setting next_dagrun for 03_parallel to None, run_after=None
[2026-07-10T00:37:35.278+0000] {processor.py:208} INFO - Processing /opt/airflow/dags/03_parallel.py took 0.129 seconds
[2026-07-10T00:38:06.156+0000] {processor.py:186} INFO - Started process (PID=11601) to work on /opt/airflow/dags/03_parallel.py
[2026-07-10T00:38:06.161+0000] {processor.py:914} INFO - Processing file /opt/airflow/dags/03_parallel.py for tasks to queue
[2026-07-10T00:38:06.174+0000] {logging_mixin.py:190} INFO - [2026-07-10T00:38:06.168+0000] {dagbag.py:588} INFO - Filling up the DagBag from /opt/airflow/dags/03_parallel.py
[2026-07-10T00:38:06.205+0000] {processor.py:925} INFO - DAG(s) '03_parallel' retrieved from /opt/airflow/dags/03_parallel.py
[2026-07-10T00:38:06.263+0000] {logging_mixin.py:190} INFO - [2026-07-10T00:38:06.263+0000] {dag.py:3239} INFO - Sync 1 DAGs
[2026-07-10T00:38:06.291+0000] {logging_mixin.py:190} INFO - [2026-07-10T00:38:06.291+0000] {dag.py:4180} INFO - Setting next_dagrun for 03_parallel to None, run_after=None
[2026-07-10T00:38:06.326+0000] {processor.py:208} INFO - Processing /opt/airflow/dags/03_parallel.py took 0.230 seconds
