[2026-07-10T00:00:27.846+0000] {processor.py:186} INFO - Started process (PID=9001) to work on /opt/airflow/dags/05_sensor.py
[2026-07-10T00:00:27.847+0000] {processor.py:914} INFO - Processing file /opt/airflow/dags/05_sensor.py for tasks to queue
[2026-07-10T00:00:27.851+0000] {logging_mixin.py:190} INFO - [2026-07-10T00:00:27.851+0000] {dagbag.py:588} INFO - Filling up the DagBag from /opt/airflow/dags/05_sensor.py
[2026-07-10T00:00:27.863+0000] {processor.py:925} INFO - DAG(s) '05_sensor' retrieved from /opt/airflow/dags/05_sensor.py
[2026-07-10T00:00:27.903+0000] {logging_mixin.py:190} INFO - [2026-07-10T00:00:27.903+0000] {dag.py:3239} INFO - Sync 1 DAGs
[2026-07-10T00:00:27.921+0000] {logging_mixin.py:190} INFO - [2026-07-10T00:00:27.921+0000] {dag.py:4180} INFO - Setting next_dagrun for 05_sensor to None, run_after=None
[2026-07-10T00:00:27.950+0000] {processor.py:208} INFO - Processing /opt/airflow/dags/05_sensor.py took 0.113 seconds
[2026-07-10T00:00:59.049+0000] {processor.py:186} INFO - Started process (PID=9036) to work on /opt/airflow/dags/05_sensor.py
[2026-07-10T00:00:59.050+0000] {processor.py:914} INFO - Processing file /opt/airflow/dags/05_sensor.py for tasks to queue
[2026-07-10T00:00:59.053+0000] {logging_mixin.py:190} INFO - [2026-07-10T00:00:59.053+0000] {dagbag.py:588} INFO - Filling up the DagBag from /opt/airflow/dags/05_sensor.py
[2026-07-10T00:00:59.066+0000] {processor.py:925} INFO - DAG(s) '05_sensor' retrieved from /opt/airflow/dags/05_sensor.py
[2026-07-10T00:00:59.106+0000] {logging_mixin.py:190} INFO - [2026-07-10T00:00:59.106+0000] {dag.py:3239} INFO - Sync 1 DAGs
[2026-07-10T00:00:59.126+0000] {logging_mixin.py:190} INFO - [2026-07-10T00:00:59.126+0000] {dag.py:4180} INFO - Setting next_dagrun for 05_sensor to None, run_after=None
[2026-07-10T00:00:59.148+0000] {processor.py:208} INFO - Processing /opt/airflow/dags/05_sensor.py took 0.121 seconds
[2026-07-10T00:01:30.079+0000] {processor.py:186} INFO - Started process (PID=9071) to work on /opt/airflow/dags/05_sensor.py
[2026-07-10T00:01:30.082+0000] {processor.py:914} INFO - Processing file /opt/airflow/dags/05_sensor.py for tasks to queue
[2026-07-10T00:01:30.085+0000] {logging_mixin.py:190} INFO - [2026-07-10T00:01:30.085+0000] {dagbag.py:588} INFO - Filling up the DagBag from /opt/airflow/dags/05_sensor.py
[2026-07-10T00:01:30.103+0000] {processor.py:925} INFO - DAG(s) '05_sensor' retrieved from /opt/airflow/dags/05_sensor.py
[2026-07-10T00:01:30.151+0000] {logging_mixin.py:190} INFO - [2026-07-10T00:01:30.150+0000] {dag.py:3239} INFO - Sync 1 DAGs
[2026-07-10T00:01:30.170+0000] {logging_mixin.py:190} INFO - [2026-07-10T00:01:30.170+0000] {dag.py:4180} INFO - Setting next_dagrun for 05_sensor to None, run_after=None
[2026-07-10T00:01:30.191+0000] {processor.py:208} INFO - Processing /opt/airflow/dags/05_sensor.py took 0.120 seconds
[2026-07-10T00:02:00.912+0000] {processor.py:186} INFO - Started process (PID=9106) to work on /opt/airflow/dags/05_sensor.py
[2026-07-10T00:02:00.913+0000] {processor.py:914} INFO - Processing file /opt/airflow/dags/05_sensor.py for tasks to queue
[2026-07-10T00:02:00.917+0000] {logging_mixin.py:190} INFO - [2026-07-10T00:02:00.916+0000] {dagbag.py:588} INFO - Filling up the DagBag from /opt/airflow/dags/05_sensor.py
[2026-07-10T00:02:00.932+0000] {processor.py:925} INFO - DAG(s) '05_sensor' retrieved from /opt/airflow/dags/05_sensor.py
[2026-07-10T00:02:00.992+0000] {logging_mixin.py:190} INFO - [2026-07-10T00:02:00.992+0000] {dag.py:3239} INFO - Sync 1 DAGs
[2026-07-10T00:02:01.019+0000] {logging_mixin.py:190} INFO - [2026-07-10T00:02:01.019+0000] {dag.py:4180} INFO - Setting next_dagrun for 05_sensor to None, run_after=None
[2026-07-10T00:02:01.044+0000] {processor.py:208} INFO - Processing /opt/airflow/dags/05_sensor.py took 0.144 seconds
[2026-07-10T00:02:31.841+0000] {processor.py:186} INFO - Started process (PID=9141) to work on /opt/airflow/dags/05_sensor.py
[2026-07-10T00:02:31.843+0000] {processor.py:914} INFO - Processing file /opt/airflow/dags/05_sensor.py for tasks to queue
[2026-07-10T00:02:31.845+0000] {logging_mixin.py:190} INFO - [2026-07-10T00:02:31.845+0000] {dagbag.py:588} INFO - Filling up the DagBag from /opt/airflow/dags/05_sensor.py
[2026-07-10T00:02:31.858+0000] {processor.py:925} INFO - DAG(s) '05_sensor' retrieved from /opt/airflow/dags/05_sensor.py
[2026-07-10T00:02:31.909+0000] {logging_mixin.py:190} INFO - [2026-07-10T00:02:31.909+0000] {dag.py:3239} INFO - Sync 1 DAGs
[2026-07-10T00:02:31.951+0000] {logging_mixin.py:190} INFO - [2026-07-10T00:02:31.951+0000] {dag.py:4180} INFO - Setting next_dagrun for 05_sensor to None, run_after=None
[2026-07-10T00:02:31.985+0000] {processor.py:208} INFO - Processing /opt/airflow/dags/05_sensor.py took 0.160 seconds
[2026-07-10T00:03:02.899+0000] {processor.py:186} INFO - Started process (PID=9176) to work on /opt/airflow/dags/05_sensor.py
[2026-07-10T00:03:02.902+0000] {processor.py:914} INFO - Processing file /opt/airflow/dags/05_sensor.py for tasks to queue
[2026-07-10T00:03:02.909+0000] {logging_mixin.py:190} INFO - [2026-07-10T00:03:02.908+0000] {dagbag.py:588} INFO - Filling up the DagBag from /opt/airflow/dags/05_sensor.py
[2026-07-10T00:03:02.925+0000] {processor.py:925} INFO - DAG(s) '05_sensor' retrieved from /opt/airflow/dags/05_sensor.py
[2026-07-10T00:03:02.968+0000] {logging_mixin.py:190} INFO - [2026-07-10T00:03:02.967+0000] {dag.py:3239} INFO - Sync 1 DAGs
[2026-07-10T00:03:02.983+0000] {logging_mixin.py:190} INFO - [2026-07-10T00:03:02.983+0000] {dag.py:4180} INFO - Setting next_dagrun for 05_sensor to None, run_after=None
[2026-07-10T00:03:03.006+0000] {processor.py:208} INFO - Processing /opt/airflow/dags/05_sensor.py took 0.138 seconds
[2026-07-10T00:03:33.332+0000] {processor.py:186} INFO - Started process (PID=9213) to work on /opt/airflow/dags/05_sensor.py
[2026-07-10T00:03:33.334+0000] {processor.py:914} INFO - Processing file /opt/airflow/dags/05_sensor.py for tasks to queue
[2026-07-10T00:03:33.336+0000] {logging_mixin.py:190} INFO - [2026-07-10T00:03:33.336+0000] {dagbag.py:588} INFO - Filling up the DagBag from /opt/airflow/dags/05_sensor.py
[2026-07-10T00:03:33.347+0000] {processor.py:925} INFO - DAG(s) '05_sensor' retrieved from /opt/airflow/dags/05_sensor.py
[2026-07-10T00:03:33.391+0000] {logging_mixin.py:190} INFO - [2026-07-10T00:03:33.390+0000] {dag.py:3239} INFO - Sync 1 DAGs
[2026-07-10T00:03:33.409+0000] {logging_mixin.py:190} INFO - [2026-07-10T00:03:33.408+0000] {dag.py:4180} INFO - Setting next_dagrun for 05_sensor to None, run_after=None
[2026-07-10T00:03:33.439+0000] {processor.py:208} INFO - Processing /opt/airflow/dags/05_sensor.py took 0.117 seconds
[2026-07-10T00:04:04.310+0000] {processor.py:186} INFO - Started process (PID=9248) to work on /opt/airflow/dags/05_sensor.py
[2026-07-10T00:04:04.313+0000] {processor.py:914} INFO - Processing file /opt/airflow/dags/05_sensor.py for tasks to queue
[2026-07-10T00:04:04.322+0000] {logging_mixin.py:190} INFO - [2026-07-10T00:04:04.320+0000] {dagbag.py:588} INFO - Filling up the DagBag from /opt/airflow/dags/05_sensor.py
[2026-07-10T00:04:04.343+0000] {processor.py:925} INFO - DAG(s) '05_sensor' retrieved from /opt/airflow/dags/05_sensor.py
[2026-07-10T00:04:04.464+0000] {logging_mixin.py:190} INFO - [2026-07-10T00:04:04.464+0000] {dag.py:3239} INFO - Sync 1 DAGs
[2026-07-10T00:04:04.493+0000] {logging_mixin.py:190} INFO - [2026-07-10T00:04:04.493+0000] {dag.py:4180} INFO - Setting next_dagrun for 05_sensor to None, run_after=None
[2026-07-10T00:04:04.529+0000] {processor.py:208} INFO - Processing /opt/airflow/dags/05_sensor.py took 0.238 seconds
[2026-07-10T00:04:35.158+0000] {processor.py:186} INFO - Started process (PID=9283) to work on /opt/airflow/dags/05_sensor.py
[2026-07-10T00:04:35.160+0000] {processor.py:914} INFO - Processing file /opt/airflow/dags/05_sensor.py for tasks to queue
[2026-07-10T00:04:35.167+0000] {logging_mixin.py:190} INFO - [2026-07-10T00:04:35.167+0000] {dagbag.py:588} INFO - Filling up the DagBag from /opt/airflow/dags/05_sensor.py
[2026-07-10T00:04:35.191+0000] {processor.py:925} INFO - DAG(s) '05_sensor' retrieved from /opt/airflow/dags/05_sensor.py
[2026-07-10T00:04:35.271+0000] {logging_mixin.py:190} INFO - [2026-07-10T00:04:35.270+0000] {dag.py:3239} INFO - Sync 1 DAGs
[2026-07-10T00:04:35.316+0000] {logging_mixin.py:190} INFO - [2026-07-10T00:04:35.316+0000] {dag.py:4180} INFO - Setting next_dagrun for 05_sensor to None, run_after=None
[2026-07-10T00:04:35.379+0000] {processor.py:208} INFO - Processing /opt/airflow/dags/05_sensor.py took 0.244 seconds
[2026-07-10T00:05:06.161+0000] {processor.py:186} INFO - Started process (PID=9327) to work on /opt/airflow/dags/05_sensor.py
[2026-07-10T00:05:06.162+0000] {processor.py:914} INFO - Processing file /opt/airflow/dags/05_sensor.py for tasks to queue
[2026-07-10T00:05:06.167+0000] {logging_mixin.py:190} INFO - [2026-07-10T00:05:06.166+0000] {dagbag.py:588} INFO - Filling up the DagBag from /opt/airflow/dags/05_sensor.py
[2026-07-10T00:05:06.183+0000] {processor.py:925} INFO - DAG(s) '05_sensor' retrieved from /opt/airflow/dags/05_sensor.py
[2026-07-10T00:05:06.241+0000] {logging_mixin.py:190} INFO - [2026-07-10T00:05:06.241+0000] {dag.py:3239} INFO - Sync 1 DAGs
[2026-07-10T00:05:06.261+0000] {logging_mixin.py:190} INFO - [2026-07-10T00:05:06.261+0000] {dag.py:4180} INFO - Setting next_dagrun for 05_sensor to None, run_after=None
[2026-07-10T00:05:06.288+0000] {processor.py:208} INFO - Processing /opt/airflow/dags/05_sensor.py took 0.139 seconds
[2026-07-10T00:05:37.159+0000] {processor.py:186} INFO - Started process (PID=9362) to work on /opt/airflow/dags/05_sensor.py
[2026-07-10T00:05:37.163+0000] {processor.py:914} INFO - Processing file /opt/airflow/dags/05_sensor.py for tasks to queue
[2026-07-10T00:05:37.168+0000] {logging_mixin.py:190} INFO - [2026-07-10T00:05:37.167+0000] {dagbag.py:588} INFO - Filling up the DagBag from /opt/airflow/dags/05_sensor.py
[2026-07-10T00:05:37.182+0000] {processor.py:925} INFO - DAG(s) '05_sensor' retrieved from /opt/airflow/dags/05_sensor.py
[2026-07-10T00:05:37.228+0000] {logging_mixin.py:190} INFO - [2026-07-10T00:05:37.227+0000] {dag.py:3239} INFO - Sync 1 DAGs
[2026-07-10T00:05:37.249+0000] {logging_mixin.py:190} INFO - [2026-07-10T00:05:37.249+0000] {dag.py:4180} INFO - Setting next_dagrun for 05_sensor to None, run_after=None
[2026-07-10T00:05:37.279+0000] {processor.py:208} INFO - Processing /opt/airflow/dags/05_sensor.py took 0.134 seconds
[2026-07-10T00:06:08.138+0000] {processor.py:186} INFO - Started process (PID=9397) to work on /opt/airflow/dags/05_sensor.py
[2026-07-10T00:06:08.139+0000] {processor.py:914} INFO - Processing file /opt/airflow/dags/05_sensor.py for tasks to queue
[2026-07-10T00:06:08.145+0000] {logging_mixin.py:190} INFO - [2026-07-10T00:06:08.144+0000] {dagbag.py:588} INFO - Filling up the DagBag from /opt/airflow/dags/05_sensor.py
[2026-07-10T00:06:08.158+0000] {processor.py:925} INFO - DAG(s) '05_sensor' retrieved from /opt/airflow/dags/05_sensor.py
[2026-07-10T00:06:08.209+0000] {logging_mixin.py:190} INFO - [2026-07-10T00:06:08.208+0000] {dag.py:3239} INFO - Sync 1 DAGs
[2026-07-10T00:06:08.229+0000] {logging_mixin.py:190} INFO - [2026-07-10T00:06:08.229+0000] {dag.py:4180} INFO - Setting next_dagrun for 05_sensor to None, run_after=None
[2026-07-10T00:06:08.251+0000] {processor.py:208} INFO - Processing /opt/airflow/dags/05_sensor.py took 0.120 seconds
[2026-07-10T00:06:38.334+0000] {processor.py:186} INFO - Started process (PID=9432) to work on /opt/airflow/dags/05_sensor.py
[2026-07-10T00:06:38.341+0000] {processor.py:914} INFO - Processing file /opt/airflow/dags/05_sensor.py for tasks to queue
[2026-07-10T00:06:38.348+0000] {logging_mixin.py:190} INFO - [2026-07-10T00:06:38.347+0000] {dagbag.py:588} INFO - Filling up the DagBag from /opt/airflow/dags/05_sensor.py
[2026-07-10T00:06:38.370+0000] {processor.py:925} INFO - DAG(s) '05_sensor' retrieved from /opt/airflow/dags/05_sensor.py
[2026-07-10T00:06:38.445+0000] {logging_mixin.py:190} INFO - [2026-07-10T00:06:38.444+0000] {dag.py:3239} INFO - Sync 1 DAGs
[2026-07-10T00:06:38.478+0000] {logging_mixin.py:190} INFO - [2026-07-10T00:06:38.477+0000] {dag.py:4180} INFO - Setting next_dagrun for 05_sensor to None, run_after=None
[2026-07-10T00:06:38.501+0000] {processor.py:208} INFO - Processing /opt/airflow/dags/05_sensor.py took 0.181 seconds
[2026-07-10T00:07:09.292+0000] {processor.py:186} INFO - Started process (PID=9467) to work on /opt/airflow/dags/05_sensor.py
[2026-07-10T00:07:09.295+0000] {processor.py:914} INFO - Processing file /opt/airflow/dags/05_sensor.py for tasks to queue
[2026-07-10T00:07:09.310+0000] {logging_mixin.py:190} INFO - [2026-07-10T00:07:09.306+0000] {dagbag.py:588} INFO - Filling up the DagBag from /opt/airflow/dags/05_sensor.py
[2026-07-10T00:07:09.357+0000] {processor.py:925} INFO - DAG(s) '05_sensor' retrieved from /opt/airflow/dags/05_sensor.py
[2026-07-10T00:07:09.439+0000] {logging_mixin.py:190} INFO - [2026-07-10T00:07:09.438+0000] {dag.py:3239} INFO - Sync 1 DAGs
[2026-07-10T00:07:09.459+0000] {logging_mixin.py:190} INFO - [2026-07-10T00:07:09.459+0000] {dag.py:4180} INFO - Setting next_dagrun for 05_sensor to None, run_after=None
[2026-07-10T00:07:09.492+0000] {processor.py:208} INFO - Processing /opt/airflow/dags/05_sensor.py took 0.226 seconds
[2026-07-10T00:07:39.619+0000] {processor.py:186} INFO - Started process (PID=9502) to work on /opt/airflow/dags/05_sensor.py
[2026-07-10T00:07:39.623+0000] {processor.py:914} INFO - Processing file /opt/airflow/dags/05_sensor.py for tasks to queue
[2026-07-10T00:07:39.638+0000] {logging_mixin.py:190} INFO - [2026-07-10T00:07:39.636+0000] {dagbag.py:588} INFO - Filling up the DagBag from /opt/airflow/dags/05_sensor.py
[2026-07-10T00:07:39.697+0000] {processor.py:925} INFO - DAG(s) '05_sensor' retrieved from /opt/airflow/dags/05_sensor.py
[2026-07-10T00:07:39.866+0000] {logging_mixin.py:190} INFO - [2026-07-10T00:07:39.866+0000] {dag.py:3239} INFO - Sync 1 DAGs
[2026-07-10T00:07:39.885+0000] {logging_mixin.py:190} INFO - [2026-07-10T00:07:39.885+0000] {dag.py:4180} INFO - Setting next_dagrun for 05_sensor to None, run_after=None
[2026-07-10T00:07:39.908+0000] {processor.py:208} INFO - Processing /opt/airflow/dags/05_sensor.py took 0.330 seconds
[2026-07-10T00:08:10.372+0000] {processor.py:186} INFO - Started process (PID=9537) to work on /opt/airflow/dags/05_sensor.py
[2026-07-10T00:08:10.374+0000] {processor.py:914} INFO - Processing file /opt/airflow/dags/05_sensor.py for tasks to queue
[2026-07-10T00:08:10.379+0000] {logging_mixin.py:190} INFO - [2026-07-10T00:08:10.378+0000] {dagbag.py:588} INFO - Filling up the DagBag from /opt/airflow/dags/05_sensor.py
[2026-07-10T00:08:10.402+0000] {processor.py:925} INFO - DAG(s) '05_sensor' retrieved from /opt/airflow/dags/05_sensor.py
[2026-07-10T00:08:10.468+0000] {logging_mixin.py:190} INFO - [2026-07-10T00:08:10.467+0000] {dag.py:3239} INFO - Sync 1 DAGs
[2026-07-10T00:08:10.493+0000] {logging_mixin.py:190} INFO - [2026-07-10T00:08:10.492+0000] {dag.py:4180} INFO - Setting next_dagrun for 05_sensor to None, run_after=None
[2026-07-10T00:08:10.537+0000] {processor.py:208} INFO - Processing /opt/airflow/dags/05_sensor.py took 0.183 seconds
[2026-07-10T00:08:41.424+0000] {processor.py:186} INFO - Started process (PID=9575) to work on /opt/airflow/dags/05_sensor.py
[2026-07-10T00:08:41.426+0000] {processor.py:914} INFO - Processing file /opt/airflow/dags/05_sensor.py for tasks to queue
[2026-07-10T00:08:41.432+0000] {logging_mixin.py:190} INFO - [2026-07-10T00:08:41.431+0000] {dagbag.py:588} INFO - Filling up the DagBag from /opt/airflow/dags/05_sensor.py
[2026-07-10T00:08:41.456+0000] {processor.py:925} INFO - DAG(s) '05_sensor' retrieved from /opt/airflow/dags/05_sensor.py
[2026-07-10T00:08:41.553+0000] {logging_mixin.py:190} INFO - [2026-07-10T00:08:41.552+0000] {dag.py:3239} INFO - Sync 1 DAGs
[2026-07-10T00:08:41.575+0000] {logging_mixin.py:190} INFO - [2026-07-10T00:08:41.573+0000] {dag.py:4180} INFO - Setting next_dagrun for 05_sensor to None, run_after=None
[2026-07-10T00:08:41.615+0000] {processor.py:208} INFO - Processing /opt/airflow/dags/05_sensor.py took 0.205 seconds
[2026-07-10T00:09:11.825+0000] {processor.py:186} INFO - Started process (PID=9610) to work on /opt/airflow/dags/05_sensor.py
[2026-07-10T00:09:11.828+0000] {processor.py:914} INFO - Processing file /opt/airflow/dags/05_sensor.py for tasks to queue
[2026-07-10T00:09:11.834+0000] {logging_mixin.py:190} INFO - [2026-07-10T00:09:11.834+0000] {dagbag.py:588} INFO - Filling up the DagBag from /opt/airflow/dags/05_sensor.py
[2026-07-10T00:09:11.851+0000] {processor.py:925} INFO - DAG(s) '05_sensor' retrieved from /opt/airflow/dags/05_sensor.py
[2026-07-10T00:09:11.914+0000] {logging_mixin.py:190} INFO - [2026-07-10T00:09:11.914+0000] {dag.py:3239} INFO - Sync 1 DAGs
[2026-07-10T00:09:11.939+0000] {logging_mixin.py:190} INFO - [2026-07-10T00:09:11.939+0000] {dag.py:4180} INFO - Setting next_dagrun for 05_sensor to None, run_after=None
[2026-07-10T00:09:11.974+0000] {processor.py:208} INFO - Processing /opt/airflow/dags/05_sensor.py took 0.170 seconds
[2026-07-10T00:09:43.020+0000] {processor.py:186} INFO - Started process (PID=9654) to work on /opt/airflow/dags/05_sensor.py
[2026-07-10T00:09:43.022+0000] {processor.py:914} INFO - Processing file /opt/airflow/dags/05_sensor.py for tasks to queue
[2026-07-10T00:09:43.029+0000] {logging_mixin.py:190} INFO - [2026-07-10T00:09:43.029+0000] {dagbag.py:588} INFO - Filling up the DagBag from /opt/airflow/dags/05_sensor.py
[2026-07-10T00:09:43.044+0000] {processor.py:925} INFO - DAG(s) '05_sensor' retrieved from /opt/airflow/dags/05_sensor.py
[2026-07-10T00:09:43.097+0000] {logging_mixin.py:190} INFO - [2026-07-10T00:09:43.097+0000] {dag.py:3239} INFO - Sync 1 DAGs
[2026-07-10T00:09:43.122+0000] {logging_mixin.py:190} INFO - [2026-07-10T00:09:43.122+0000] {dag.py:4180} INFO - Setting next_dagrun for 05_sensor to None, run_after=None
[2026-07-10T00:09:43.155+0000] {processor.py:208} INFO - Processing /opt/airflow/dags/05_sensor.py took 0.148 seconds
[2026-07-10T00:10:14.187+0000] {processor.py:186} INFO - Started process (PID=9689) to work on /opt/airflow/dags/05_sensor.py
[2026-07-10T00:10:14.190+0000] {processor.py:914} INFO - Processing file /opt/airflow/dags/05_sensor.py for tasks to queue
[2026-07-10T00:10:14.195+0000] {logging_mixin.py:190} INFO - [2026-07-10T00:10:14.195+0000] {dagbag.py:588} INFO - Filling up the DagBag from /opt/airflow/dags/05_sensor.py
[2026-07-10T00:10:14.214+0000] {processor.py:925} INFO - DAG(s) '05_sensor' retrieved from /opt/airflow/dags/05_sensor.py
[2026-07-10T00:10:14.270+0000] {logging_mixin.py:190} INFO - [2026-07-10T00:10:14.269+0000] {dag.py:3239} INFO - Sync 1 DAGs
[2026-07-10T00:10:14.377+0000] {logging_mixin.py:190} INFO - [2026-07-10T00:10:14.377+0000] {dag.py:4180} INFO - Setting next_dagrun for 05_sensor to None, run_after=None
[2026-07-10T00:10:14.413+0000] {processor.py:208} INFO - Processing /opt/airflow/dags/05_sensor.py took 0.260 seconds
[2026-07-10T00:10:44.617+0000] {processor.py:186} INFO - Started process (PID=9724) to work on /opt/airflow/dags/05_sensor.py
[2026-07-10T00:10:44.621+0000] {processor.py:914} INFO - Processing file /opt/airflow/dags/05_sensor.py for tasks to queue
[2026-07-10T00:10:44.634+0000] {logging_mixin.py:190} INFO - [2026-07-10T00:10:44.631+0000] {dagbag.py:588} INFO - Filling up the DagBag from /opt/airflow/dags/05_sensor.py
[2026-07-10T00:10:44.678+0000] {processor.py:925} INFO - DAG(s) '05_sensor' retrieved from /opt/airflow/dags/05_sensor.py
[2026-07-10T00:10:44.731+0000] {logging_mixin.py:190} INFO - [2026-07-10T00:10:44.731+0000] {dag.py:3239} INFO - Sync 1 DAGs
[2026-07-10T00:10:44.758+0000] {logging_mixin.py:190} INFO - [2026-07-10T00:10:44.758+0000] {dag.py:4180} INFO - Setting next_dagrun for 05_sensor to None, run_after=None
[2026-07-10T00:10:44.782+0000] {processor.py:208} INFO - Processing /opt/airflow/dags/05_sensor.py took 0.203 seconds
[2026-07-10T00:11:15.500+0000] {processor.py:186} INFO - Started process (PID=9759) to work on /opt/airflow/dags/05_sensor.py
[2026-07-10T00:11:15.503+0000] {processor.py:914} INFO - Processing file /opt/airflow/dags/05_sensor.py for tasks to queue
[2026-07-10T00:11:15.506+0000] {logging_mixin.py:190} INFO - [2026-07-10T00:11:15.506+0000] {dagbag.py:588} INFO - Filling up the DagBag from /opt/airflow/dags/05_sensor.py
[2026-07-10T00:11:15.520+0000] {processor.py:925} INFO - DAG(s) '05_sensor' retrieved from /opt/airflow/dags/05_sensor.py
[2026-07-10T00:11:15.571+0000] {logging_mixin.py:190} INFO - [2026-07-10T00:11:15.571+0000] {dag.py:3239} INFO - Sync 1 DAGs
[2026-07-10T00:11:15.591+0000] {logging_mixin.py:190} INFO - [2026-07-10T00:11:15.591+0000] {dag.py:4180} INFO - Setting next_dagrun for 05_sensor to None, run_after=None
[2026-07-10T00:11:15.622+0000] {processor.py:208} INFO - Processing /opt/airflow/dags/05_sensor.py took 0.133 seconds
[2026-07-10T00:11:46.703+0000] {processor.py:186} INFO - Started process (PID=9794) to work on /opt/airflow/dags/05_sensor.py
[2026-07-10T00:11:46.704+0000] {processor.py:914} INFO - Processing file /opt/airflow/dags/05_sensor.py for tasks to queue
[2026-07-10T00:11:46.708+0000] {logging_mixin.py:190} INFO - [2026-07-10T00:11:46.708+0000] {dagbag.py:588} INFO - Filling up the DagBag from /opt/airflow/dags/05_sensor.py
[2026-07-10T00:11:46.727+0000] {processor.py:925} INFO - DAG(s) '05_sensor' retrieved from /opt/airflow/dags/05_sensor.py
[2026-07-10T00:11:46.770+0000] {logging_mixin.py:190} INFO - [2026-07-10T00:11:46.770+0000] {dag.py:3239} INFO - Sync 1 DAGs
[2026-07-10T00:11:46.789+0000] {logging_mixin.py:190} INFO - [2026-07-10T00:11:46.788+0000] {dag.py:4180} INFO - Setting next_dagrun for 05_sensor to None, run_after=None
[2026-07-10T00:11:46.816+0000] {processor.py:208} INFO - Processing /opt/airflow/dags/05_sensor.py took 0.153 seconds
[2026-07-10T00:12:17.653+0000] {processor.py:186} INFO - Started process (PID=9829) to work on /opt/airflow/dags/05_sensor.py
[2026-07-10T00:12:17.655+0000] {processor.py:914} INFO - Processing file /opt/airflow/dags/05_sensor.py for tasks to queue
[2026-07-10T00:12:17.658+0000] {logging_mixin.py:190} INFO - [2026-07-10T00:12:17.658+0000] {dagbag.py:588} INFO - Filling up the DagBag from /opt/airflow/dags/05_sensor.py
[2026-07-10T00:12:17.671+0000] {processor.py:925} INFO - DAG(s) '05_sensor' retrieved from /opt/airflow/dags/05_sensor.py
[2026-07-10T00:12:17.723+0000] {logging_mixin.py:190} INFO - [2026-07-10T00:12:17.723+0000] {dag.py:3239} INFO - Sync 1 DAGs
[2026-07-10T00:12:17.742+0000] {logging_mixin.py:190} INFO - [2026-07-10T00:12:17.742+0000] {dag.py:4180} INFO - Setting next_dagrun for 05_sensor to None, run_after=None
[2026-07-10T00:12:17.766+0000] {processor.py:208} INFO - Processing /opt/airflow/dags/05_sensor.py took 0.123 seconds
[2026-07-10T00:12:48.733+0000] {processor.py:186} INFO - Started process (PID=9864) to work on /opt/airflow/dags/05_sensor.py
[2026-07-10T00:12:48.735+0000] {processor.py:914} INFO - Processing file /opt/airflow/dags/05_sensor.py for tasks to queue
[2026-07-10T00:12:48.739+0000] {logging_mixin.py:190} INFO - [2026-07-10T00:12:48.738+0000] {dagbag.py:588} INFO - Filling up the DagBag from /opt/airflow/dags/05_sensor.py
[2026-07-10T00:12:48.753+0000] {processor.py:925} INFO - DAG(s) '05_sensor' retrieved from /opt/airflow/dags/05_sensor.py
[2026-07-10T00:12:48.793+0000] {logging_mixin.py:190} INFO - [2026-07-10T00:12:48.793+0000] {dag.py:3239} INFO - Sync 1 DAGs
[2026-07-10T00:12:48.811+0000] {logging_mixin.py:190} INFO - [2026-07-10T00:12:48.811+0000] {dag.py:4180} INFO - Setting next_dagrun for 05_sensor to None, run_after=None
[2026-07-10T00:12:48.835+0000] {processor.py:208} INFO - Processing /opt/airflow/dags/05_sensor.py took 0.121 seconds
[2026-07-10T00:13:19.871+0000] {processor.py:186} INFO - Started process (PID=9899) to work on /opt/airflow/dags/05_sensor.py
[2026-07-10T00:13:19.877+0000] {processor.py:914} INFO - Processing file /opt/airflow/dags/05_sensor.py for tasks to queue
[2026-07-10T00:13:19.886+0000] {logging_mixin.py:190} INFO - [2026-07-10T00:13:19.886+0000] {dagbag.py:588} INFO - Filling up the DagBag from /opt/airflow/dags/05_sensor.py
[2026-07-10T00:13:19.916+0000] {processor.py:925} INFO - DAG(s) '05_sensor' retrieved from /opt/airflow/dags/05_sensor.py
[2026-07-10T00:13:19.955+0000] {logging_mixin.py:190} INFO - [2026-07-10T00:13:19.955+0000] {dag.py:3239} INFO - Sync 1 DAGs
[2026-07-10T00:13:19.972+0000] {logging_mixin.py:190} INFO - [2026-07-10T00:13:19.971+0000] {dag.py:4180} INFO - Setting next_dagrun for 05_sensor to None, run_after=None
[2026-07-10T00:13:19.995+0000] {processor.py:208} INFO - Processing /opt/airflow/dags/05_sensor.py took 0.171 seconds
[2026-07-10T00:13:50.916+0000] {processor.py:186} INFO - Started process (PID=9934) to work on /opt/airflow/dags/05_sensor.py
[2026-07-10T00:13:50.917+0000] {processor.py:914} INFO - Processing file /opt/airflow/dags/05_sensor.py for tasks to queue
[2026-07-10T00:13:50.920+0000] {logging_mixin.py:190} INFO - [2026-07-10T00:13:50.920+0000] {dagbag.py:588} INFO - Filling up the DagBag from /opt/airflow/dags/05_sensor.py
[2026-07-10T00:13:50.933+0000] {processor.py:925} INFO - DAG(s) '05_sensor' retrieved from /opt/airflow/dags/05_sensor.py
[2026-07-10T00:13:50.982+0000] {logging_mixin.py:190} INFO - [2026-07-10T00:13:50.981+0000] {dag.py:3239} INFO - Sync 1 DAGs
[2026-07-10T00:13:51.010+0000] {logging_mixin.py:190} INFO - [2026-07-10T00:13:51.009+0000] {dag.py:4180} INFO - Setting next_dagrun for 05_sensor to None, run_after=None
[2026-07-10T00:13:51.041+0000] {processor.py:208} INFO - Processing /opt/airflow/dags/05_sensor.py took 0.136 seconds
[2026-07-10T00:14:22.028+0000] {processor.py:186} INFO - Started process (PID=9969) to work on /opt/airflow/dags/05_sensor.py
[2026-07-10T00:14:22.033+0000] {processor.py:914} INFO - Processing file /opt/airflow/dags/05_sensor.py for tasks to queue
[2026-07-10T00:14:22.059+0000] {logging_mixin.py:190} INFO - [2026-07-10T00:14:22.051+0000] {dagbag.py:588} INFO - Filling up the DagBag from /opt/airflow/dags/05_sensor.py
[2026-07-10T00:14:22.073+0000] {processor.py:925} INFO - DAG(s) '05_sensor' retrieved from /opt/airflow/dags/05_sensor.py
[2026-07-10T00:14:22.113+0000] {logging_mixin.py:190} INFO - [2026-07-10T00:14:22.113+0000] {dag.py:3239} INFO - Sync 1 DAGs
[2026-07-10T00:14:22.130+0000] {logging_mixin.py:190} INFO - [2026-07-10T00:14:22.130+0000] {dag.py:4180} INFO - Setting next_dagrun for 05_sensor to None, run_after=None
[2026-07-10T00:14:22.152+0000] {processor.py:208} INFO - Processing /opt/airflow/dags/05_sensor.py took 0.144 seconds
[2026-07-10T00:14:53.165+0000] {processor.py:186} INFO - Started process (PID=10004) to work on /opt/airflow/dags/05_sensor.py
[2026-07-10T00:14:53.166+0000] {processor.py:914} INFO - Processing file /opt/airflow/dags/05_sensor.py for tasks to queue
[2026-07-10T00:14:53.169+0000] {logging_mixin.py:190} INFO - [2026-07-10T00:14:53.168+0000] {dagbag.py:588} INFO - Filling up the DagBag from /opt/airflow/dags/05_sensor.py
[2026-07-10T00:14:53.191+0000] {processor.py:925} INFO - DAG(s) '05_sensor' retrieved from /opt/airflow/dags/05_sensor.py
[2026-07-10T00:14:53.236+0000] {logging_mixin.py:190} INFO - [2026-07-10T00:14:53.236+0000] {dag.py:3239} INFO - Sync 1 DAGs
[2026-07-10T00:14:53.257+0000] {logging_mixin.py:190} INFO - [2026-07-10T00:14:53.256+0000] {dag.py:4180} INFO - Setting next_dagrun for 05_sensor to None, run_after=None
[2026-07-10T00:14:53.283+0000] {processor.py:208} INFO - Processing /opt/airflow/dags/05_sensor.py took 0.129 seconds
[2026-07-10T00:15:24.211+0000] {processor.py:186} INFO - Started process (PID=10039) to work on /opt/airflow/dags/05_sensor.py
[2026-07-10T00:15:24.214+0000] {processor.py:914} INFO - Processing file /opt/airflow/dags/05_sensor.py for tasks to queue
[2026-07-10T00:15:24.220+0000] {logging_mixin.py:190} INFO - [2026-07-10T00:15:24.219+0000] {dagbag.py:588} INFO - Filling up the DagBag from /opt/airflow/dags/05_sensor.py
[2026-07-10T00:15:24.233+0000] {processor.py:925} INFO - DAG(s) '05_sensor' retrieved from /opt/airflow/dags/05_sensor.py
[2026-07-10T00:15:24.276+0000] {logging_mixin.py:190} INFO - [2026-07-10T00:15:24.276+0000] {dag.py:3239} INFO - Sync 1 DAGs
[2026-07-10T00:15:24.292+0000] {logging_mixin.py:190} INFO - [2026-07-10T00:15:24.292+0000] {dag.py:4180} INFO - Setting next_dagrun for 05_sensor to None, run_after=None
[2026-07-10T00:15:24.314+0000] {processor.py:208} INFO - Processing /opt/airflow/dags/05_sensor.py took 0.115 seconds
[2026-07-10T00:15:55.159+0000] {processor.py:186} INFO - Started process (PID=10074) to work on /opt/airflow/dags/05_sensor.py
[2026-07-10T00:15:55.161+0000] {processor.py:914} INFO - Processing file /opt/airflow/dags/05_sensor.py for tasks to queue
[2026-07-10T00:15:55.164+0000] {logging_mixin.py:190} INFO - [2026-07-10T00:15:55.164+0000] {dagbag.py:588} INFO - Filling up the DagBag from /opt/airflow/dags/05_sensor.py
[2026-07-10T00:15:55.179+0000] {processor.py:925} INFO - DAG(s) '05_sensor' retrieved from /opt/airflow/dags/05_sensor.py
[2026-07-10T00:15:55.219+0000] {logging_mixin.py:190} INFO - [2026-07-10T00:15:55.219+0000] {dag.py:3239} INFO - Sync 1 DAGs
[2026-07-10T00:15:55.237+0000] {logging_mixin.py:190} INFO - [2026-07-10T00:15:55.236+0000] {dag.py:4180} INFO - Setting next_dagrun for 05_sensor to None, run_after=None
[2026-07-10T00:15:55.258+0000] {processor.py:208} INFO - Processing /opt/airflow/dags/05_sensor.py took 0.111 seconds
[2026-07-10T00:16:26.264+0000] {processor.py:186} INFO - Started process (PID=10109) to work on /opt/airflow/dags/05_sensor.py
[2026-07-10T00:16:26.267+0000] {processor.py:914} INFO - Processing file /opt/airflow/dags/05_sensor.py for tasks to queue
[2026-07-10T00:16:26.274+0000] {logging_mixin.py:190} INFO - [2026-07-10T00:16:26.273+0000] {dagbag.py:588} INFO - Filling up the DagBag from /opt/airflow/dags/05_sensor.py
[2026-07-10T00:16:26.289+0000] {processor.py:925} INFO - DAG(s) '05_sensor' retrieved from /opt/airflow/dags/05_sensor.py
[2026-07-10T00:16:26.358+0000] {logging_mixin.py:190} INFO - [2026-07-10T00:16:26.357+0000] {dag.py:3239} INFO - Sync 1 DAGs
[2026-07-10T00:16:26.382+0000] {logging_mixin.py:190} INFO - [2026-07-10T00:16:26.381+0000] {dag.py:4180} INFO - Setting next_dagrun for 05_sensor to None, run_after=None
[2026-07-10T00:16:26.411+0000] {processor.py:208} INFO - Processing /opt/airflow/dags/05_sensor.py took 0.173 seconds
[2026-07-10T00:16:57.198+0000] {processor.py:186} INFO - Started process (PID=10144) to work on /opt/airflow/dags/05_sensor.py
[2026-07-10T00:16:57.198+0000] {processor.py:914} INFO - Processing file /opt/airflow/dags/05_sensor.py for tasks to queue
[2026-07-10T00:16:57.201+0000] {logging_mixin.py:190} INFO - [2026-07-10T00:16:57.200+0000] {dagbag.py:588} INFO - Filling up the DagBag from /opt/airflow/dags/05_sensor.py
[2026-07-10T00:16:57.210+0000] {processor.py:925} INFO - DAG(s) '05_sensor' retrieved from /opt/airflow/dags/05_sensor.py
[2026-07-10T00:16:57.245+0000] {logging_mixin.py:190} INFO - [2026-07-10T00:16:57.245+0000] {dag.py:3239} INFO - Sync 1 DAGs
[2026-07-10T00:16:57.260+0000] {logging_mixin.py:190} INFO - [2026-07-10T00:16:57.260+0000] {dag.py:4180} INFO - Setting next_dagrun for 05_sensor to None, run_after=None
[2026-07-10T00:16:57.282+0000] {processor.py:208} INFO - Processing /opt/airflow/dags/05_sensor.py took 0.092 seconds
[2026-07-10T00:17:28.274+0000] {processor.py:186} INFO - Started process (PID=10179) to work on /opt/airflow/dags/05_sensor.py
[2026-07-10T00:17:28.277+0000] {processor.py:914} INFO - Processing file /opt/airflow/dags/05_sensor.py for tasks to queue
[2026-07-10T00:17:28.284+0000] {logging_mixin.py:190} INFO - [2026-07-10T00:17:28.283+0000] {dagbag.py:588} INFO - Filling up the DagBag from /opt/airflow/dags/05_sensor.py
[2026-07-10T00:17:28.304+0000] {processor.py:925} INFO - DAG(s) '05_sensor' retrieved from /opt/airflow/dags/05_sensor.py
[2026-07-10T00:17:28.360+0000] {logging_mixin.py:190} INFO - [2026-07-10T00:17:28.360+0000] {dag.py:3239} INFO - Sync 1 DAGs
[2026-07-10T00:17:28.384+0000] {logging_mixin.py:190} INFO - [2026-07-10T00:17:28.384+0000] {dag.py:4180} INFO - Setting next_dagrun for 05_sensor to None, run_after=None
[2026-07-10T00:17:28.414+0000] {processor.py:208} INFO - Processing /opt/airflow/dags/05_sensor.py took 0.172 seconds
[2026-07-10T00:17:58.846+0000] {processor.py:186} INFO - Started process (PID=10214) to work on /opt/airflow/dags/05_sensor.py
[2026-07-10T00:17:58.848+0000] {processor.py:914} INFO - Processing file /opt/airflow/dags/05_sensor.py for tasks to queue
[2026-07-10T00:17:58.856+0000] {logging_mixin.py:190} INFO - [2026-07-10T00:17:58.856+0000] {dagbag.py:588} INFO - Filling up the DagBag from /opt/airflow/dags/05_sensor.py
[2026-07-10T00:17:58.870+0000] {processor.py:925} INFO - DAG(s) '05_sensor' retrieved from /opt/airflow/dags/05_sensor.py
[2026-07-10T00:17:58.911+0000] {logging_mixin.py:190} INFO - [2026-07-10T00:17:58.910+0000] {dag.py:3239} INFO - Sync 1 DAGs
[2026-07-10T00:17:58.930+0000] {logging_mixin.py:190} INFO - [2026-07-10T00:17:58.930+0000] {dag.py:4180} INFO - Setting next_dagrun for 05_sensor to None, run_after=None
[2026-07-10T00:17:58.955+0000] {processor.py:208} INFO - Processing /opt/airflow/dags/05_sensor.py took 0.137 seconds
[2026-07-10T00:18:30.037+0000] {processor.py:186} INFO - Started process (PID=10249) to work on /opt/airflow/dags/05_sensor.py
[2026-07-10T00:18:30.043+0000] {processor.py:914} INFO - Processing file /opt/airflow/dags/05_sensor.py for tasks to queue
[2026-07-10T00:18:30.046+0000] {logging_mixin.py:190} INFO - [2026-07-10T00:18:30.045+0000] {dagbag.py:588} INFO - Filling up the DagBag from /opt/airflow/dags/05_sensor.py
[2026-07-10T00:18:30.061+0000] {processor.py:925} INFO - DAG(s) '05_sensor' retrieved from /opt/airflow/dags/05_sensor.py
[2026-07-10T00:18:30.107+0000] {logging_mixin.py:190} INFO - [2026-07-10T00:18:30.106+0000] {dag.py:3239} INFO - Sync 1 DAGs
[2026-07-10T00:18:30.125+0000] {logging_mixin.py:190} INFO - [2026-07-10T00:18:30.125+0000] {dag.py:4180} INFO - Setting next_dagrun for 05_sensor to None, run_after=None
[2026-07-10T00:18:30.156+0000] {processor.py:208} INFO - Processing /opt/airflow/dags/05_sensor.py took 0.138 seconds
[2026-07-10T00:19:01.163+0000] {processor.py:186} INFO - Started process (PID=10284) to work on /opt/airflow/dags/05_sensor.py
[2026-07-10T00:19:01.164+0000] {processor.py:914} INFO - Processing file /opt/airflow/dags/05_sensor.py for tasks to queue
[2026-07-10T00:19:01.167+0000] {logging_mixin.py:190} INFO - [2026-07-10T00:19:01.167+0000] {dagbag.py:588} INFO - Filling up the DagBag from /opt/airflow/dags/05_sensor.py
[2026-07-10T00:19:01.192+0000] {processor.py:925} INFO - DAG(s) '05_sensor' retrieved from /opt/airflow/dags/05_sensor.py
[2026-07-10T00:19:01.250+0000] {logging_mixin.py:190} INFO - [2026-07-10T00:19:01.250+0000] {dag.py:3239} INFO - Sync 1 DAGs
[2026-07-10T00:19:01.273+0000] {logging_mixin.py:190} INFO - [2026-07-10T00:19:01.273+0000] {dag.py:4180} INFO - Setting next_dagrun for 05_sensor to None, run_after=None
[2026-07-10T00:19:01.300+0000] {processor.py:208} INFO - Processing /opt/airflow/dags/05_sensor.py took 0.152 seconds
[2026-07-10T00:19:32.320+0000] {processor.py:186} INFO - Started process (PID=10319) to work on /opt/airflow/dags/05_sensor.py
[2026-07-10T00:19:32.323+0000] {processor.py:914} INFO - Processing file /opt/airflow/dags/05_sensor.py for tasks to queue
[2026-07-10T00:19:32.328+0000] {logging_mixin.py:190} INFO - [2026-07-10T00:19:32.327+0000] {dagbag.py:588} INFO - Filling up the DagBag from /opt/airflow/dags/05_sensor.py
[2026-07-10T00:19:32.344+0000] {processor.py:925} INFO - DAG(s) '05_sensor' retrieved from /opt/airflow/dags/05_sensor.py
[2026-07-10T00:19:32.389+0000] {logging_mixin.py:190} INFO - [2026-07-10T00:19:32.388+0000] {dag.py:3239} INFO - Sync 1 DAGs
[2026-07-10T00:19:32.407+0000] {logging_mixin.py:190} INFO - [2026-07-10T00:19:32.407+0000] {dag.py:4180} INFO - Setting next_dagrun for 05_sensor to None, run_after=None
[2026-07-10T00:19:32.432+0000] {processor.py:208} INFO - Processing /opt/airflow/dags/05_sensor.py took 0.141 seconds
[2026-07-10T00:20:02.624+0000] {processor.py:186} INFO - Started process (PID=10354) to work on /opt/airflow/dags/05_sensor.py
[2026-07-10T00:20:02.626+0000] {processor.py:914} INFO - Processing file /opt/airflow/dags/05_sensor.py for tasks to queue
[2026-07-10T00:20:02.633+0000] {logging_mixin.py:190} INFO - [2026-07-10T00:20:02.632+0000] {dagbag.py:588} INFO - Filling up the DagBag from /opt/airflow/dags/05_sensor.py
[2026-07-10T00:20:02.655+0000] {processor.py:925} INFO - DAG(s) '05_sensor' retrieved from /opt/airflow/dags/05_sensor.py
[2026-07-10T00:20:02.722+0000] {logging_mixin.py:190} INFO - [2026-07-10T00:20:02.721+0000] {dag.py:3239} INFO - Sync 1 DAGs
[2026-07-10T00:20:02.746+0000] {logging_mixin.py:190} INFO - [2026-07-10T00:20:02.746+0000] {dag.py:4180} INFO - Setting next_dagrun for 05_sensor to None, run_after=None
[2026-07-10T00:20:02.772+0000] {processor.py:208} INFO - Processing /opt/airflow/dags/05_sensor.py took 0.172 seconds
[2026-07-10T00:20:33.625+0000] {processor.py:186} INFO - Started process (PID=10389) to work on /opt/airflow/dags/05_sensor.py
[2026-07-10T00:20:33.627+0000] {processor.py:914} INFO - Processing file /opt/airflow/dags/05_sensor.py for tasks to queue
[2026-07-10T00:20:33.633+0000] {logging_mixin.py:190} INFO - [2026-07-10T00:20:33.632+0000] {dagbag.py:588} INFO - Filling up the DagBag from /opt/airflow/dags/05_sensor.py
[2026-07-10T00:20:33.646+0000] {processor.py:925} INFO - DAG(s) '05_sensor' retrieved from /opt/airflow/dags/05_sensor.py
[2026-07-10T00:20:33.702+0000] {logging_mixin.py:190} INFO - [2026-07-10T00:20:33.701+0000] {dag.py:3239} INFO - Sync 1 DAGs
[2026-07-10T00:20:33.721+0000] {logging_mixin.py:190} INFO - [2026-07-10T00:20:33.720+0000] {dag.py:4180} INFO - Setting next_dagrun for 05_sensor to None, run_after=None
[2026-07-10T00:20:33.751+0000] {processor.py:208} INFO - Processing /opt/airflow/dags/05_sensor.py took 0.144 seconds
[2026-07-10T00:21:04.564+0000] {processor.py:186} INFO - Started process (PID=10424) to work on /opt/airflow/dags/05_sensor.py
[2026-07-10T00:21:04.566+0000] {processor.py:914} INFO - Processing file /opt/airflow/dags/05_sensor.py for tasks to queue
[2026-07-10T00:21:04.569+0000] {logging_mixin.py:190} INFO - [2026-07-10T00:21:04.568+0000] {dagbag.py:588} INFO - Filling up the DagBag from /opt/airflow/dags/05_sensor.py
[2026-07-10T00:21:04.585+0000] {processor.py:925} INFO - DAG(s) '05_sensor' retrieved from /opt/airflow/dags/05_sensor.py
[2026-07-10T00:21:04.639+0000] {logging_mixin.py:190} INFO - [2026-07-10T00:21:04.639+0000] {dag.py:3239} INFO - Sync 1 DAGs
[2026-07-10T00:21:04.665+0000] {logging_mixin.py:190} INFO - [2026-07-10T00:21:04.665+0000] {dag.py:4180} INFO - Setting next_dagrun for 05_sensor to None, run_after=None
[2026-07-10T00:21:04.696+0000] {processor.py:208} INFO - Processing /opt/airflow/dags/05_sensor.py took 0.142 seconds
[2026-07-10T00:21:35.667+0000] {processor.py:186} INFO - Started process (PID=10459) to work on /opt/airflow/dags/05_sensor.py
[2026-07-10T00:21:35.669+0000] {processor.py:914} INFO - Processing file /opt/airflow/dags/05_sensor.py for tasks to queue
[2026-07-10T00:21:35.673+0000] {logging_mixin.py:190} INFO - [2026-07-10T00:21:35.672+0000] {dagbag.py:588} INFO - Filling up the DagBag from /opt/airflow/dags/05_sensor.py
[2026-07-10T00:21:35.688+0000] {processor.py:925} INFO - DAG(s) '05_sensor' retrieved from /opt/airflow/dags/05_sensor.py
[2026-07-10T00:21:35.740+0000] {logging_mixin.py:190} INFO - [2026-07-10T00:21:35.740+0000] {dag.py:3239} INFO - Sync 1 DAGs
[2026-07-10T00:21:35.765+0000] {logging_mixin.py:190} INFO - [2026-07-10T00:21:35.765+0000] {dag.py:4180} INFO - Setting next_dagrun for 05_sensor to None, run_after=None
[2026-07-10T00:21:35.796+0000] {processor.py:208} INFO - Processing /opt/airflow/dags/05_sensor.py took 0.146 seconds
[2026-07-10T00:22:06.931+0000] {processor.py:186} INFO - Started process (PID=10494) to work on /opt/airflow/dags/05_sensor.py
[2026-07-10T00:22:06.932+0000] {processor.py:914} INFO - Processing file /opt/airflow/dags/05_sensor.py for tasks to queue
[2026-07-10T00:22:06.938+0000] {logging_mixin.py:190} INFO - [2026-07-10T00:22:06.937+0000] {dagbag.py:588} INFO - Filling up the DagBag from /opt/airflow/dags/05_sensor.py
[2026-07-10T00:22:06.955+0000] {processor.py:925} INFO - DAG(s) '05_sensor' retrieved from /opt/airflow/dags/05_sensor.py
[2026-07-10T00:22:07.002+0000] {logging_mixin.py:190} INFO - [2026-07-10T00:22:07.001+0000] {dag.py:3239} INFO - Sync 1 DAGs
[2026-07-10T00:22:07.022+0000] {logging_mixin.py:190} INFO - [2026-07-10T00:22:07.022+0000] {dag.py:4180} INFO - Setting next_dagrun for 05_sensor to None, run_after=None
[2026-07-10T00:22:07.046+0000] {processor.py:208} INFO - Processing /opt/airflow/dags/05_sensor.py took 0.129 seconds
[2026-07-10T00:22:38.000+0000] {processor.py:186} INFO - Started process (PID=10529) to work on /opt/airflow/dags/05_sensor.py
[2026-07-10T00:22:38.001+0000] {processor.py:914} INFO - Processing file /opt/airflow/dags/05_sensor.py for tasks to queue
[2026-07-10T00:22:38.006+0000] {logging_mixin.py:190} INFO - [2026-07-10T00:22:38.005+0000] {dagbag.py:588} INFO - Filling up the DagBag from /opt/airflow/dags/05_sensor.py
[2026-07-10T00:22:38.018+0000] {processor.py:925} INFO - DAG(s) '05_sensor' retrieved from /opt/airflow/dags/05_sensor.py
[2026-07-10T00:22:38.065+0000] {logging_mixin.py:190} INFO - [2026-07-10T00:22:38.065+0000] {dag.py:3239} INFO - Sync 1 DAGs
[2026-07-10T00:22:38.083+0000] {logging_mixin.py:190} INFO - [2026-07-10T00:22:38.082+0000] {dag.py:4180} INFO - Setting next_dagrun for 05_sensor to None, run_after=None
[2026-07-10T00:22:38.107+0000] {processor.py:208} INFO - Processing /opt/airflow/dags/05_sensor.py took 0.118 seconds
[2026-07-10T00:23:09.118+0000] {processor.py:186} INFO - Started process (PID=10564) to work on /opt/airflow/dags/05_sensor.py
[2026-07-10T00:23:09.119+0000] {processor.py:914} INFO - Processing file /opt/airflow/dags/05_sensor.py for tasks to queue
[2026-07-10T00:23:09.124+0000] {logging_mixin.py:190} INFO - [2026-07-10T00:23:09.123+0000] {dagbag.py:588} INFO - Filling up the DagBag from /opt/airflow/dags/05_sensor.py
[2026-07-10T00:23:09.146+0000] {processor.py:925} INFO - DAG(s) '05_sensor' retrieved from /opt/airflow/dags/05_sensor.py
[2026-07-10T00:23:09.194+0000] {logging_mixin.py:190} INFO - [2026-07-10T00:23:09.194+0000] {dag.py:3239} INFO - Sync 1 DAGs
[2026-07-10T00:23:09.209+0000] {logging_mixin.py:190} INFO - [2026-07-10T00:23:09.209+0000] {dag.py:4180} INFO - Setting next_dagrun for 05_sensor to None, run_after=None
[2026-07-10T00:23:09.230+0000] {processor.py:208} INFO - Processing /opt/airflow/dags/05_sensor.py took 0.131 seconds
[2026-07-10T00:23:39.420+0000] {processor.py:186} INFO - Started process (PID=10599) to work on /opt/airflow/dags/05_sensor.py
[2026-07-10T00:23:39.423+0000] {processor.py:914} INFO - Processing file /opt/airflow/dags/05_sensor.py for tasks to queue
[2026-07-10T00:23:39.430+0000] {logging_mixin.py:190} INFO - [2026-07-10T00:23:39.429+0000] {dagbag.py:588} INFO - Filling up the DagBag from /opt/airflow/dags/05_sensor.py
[2026-07-10T00:23:39.450+0000] {processor.py:925} INFO - DAG(s) '05_sensor' retrieved from /opt/airflow/dags/05_sensor.py
[2026-07-10T00:23:39.496+0000] {logging_mixin.py:190} INFO - [2026-07-10T00:23:39.496+0000] {dag.py:3239} INFO - Sync 1 DAGs
[2026-07-10T00:23:39.514+0000] {logging_mixin.py:190} INFO - [2026-07-10T00:23:39.514+0000] {dag.py:4180} INFO - Setting next_dagrun for 05_sensor to None, run_after=None
[2026-07-10T00:23:39.537+0000] {processor.py:208} INFO - Processing /opt/airflow/dags/05_sensor.py took 0.157 seconds
[2026-07-10T00:24:10.517+0000] {processor.py:186} INFO - Started process (PID=10634) to work on /opt/airflow/dags/05_sensor.py
[2026-07-10T00:24:10.520+0000] {processor.py:914} INFO - Processing file /opt/airflow/dags/05_sensor.py for tasks to queue
[2026-07-10T00:24:10.529+0000] {logging_mixin.py:190} INFO - [2026-07-10T00:24:10.528+0000] {dagbag.py:588} INFO - Filling up the DagBag from /opt/airflow/dags/05_sensor.py
[2026-07-10T00:24:10.551+0000] {processor.py:925} INFO - DAG(s) '05_sensor' retrieved from /opt/airflow/dags/05_sensor.py
[2026-07-10T00:24:10.620+0000] {logging_mixin.py:190} INFO - [2026-07-10T00:24:10.620+0000] {dag.py:3239} INFO - Sync 1 DAGs
[2026-07-10T00:24:10.645+0000] {logging_mixin.py:190} INFO - [2026-07-10T00:24:10.644+0000] {dag.py:4180} INFO - Setting next_dagrun for 05_sensor to None, run_after=None
[2026-07-10T00:24:10.667+0000] {processor.py:208} INFO - Processing /opt/airflow/dags/05_sensor.py took 0.200 seconds
[2026-07-10T00:24:41.698+0000] {processor.py:186} INFO - Started process (PID=10669) to work on /opt/airflow/dags/05_sensor.py
[2026-07-10T00:24:41.700+0000] {processor.py:914} INFO - Processing file /opt/airflow/dags/05_sensor.py for tasks to queue
[2026-07-10T00:24:41.703+0000] {logging_mixin.py:190} INFO - [2026-07-10T00:24:41.702+0000] {dagbag.py:588} INFO - Filling up the DagBag from /opt/airflow/dags/05_sensor.py
[2026-07-10T00:24:41.714+0000] {processor.py:925} INFO - DAG(s) '05_sensor' retrieved from /opt/airflow/dags/05_sensor.py
[2026-07-10T00:24:41.756+0000] {logging_mixin.py:190} INFO - [2026-07-10T00:24:41.755+0000] {dag.py:3239} INFO - Sync 1 DAGs
[2026-07-10T00:24:41.776+0000] {logging_mixin.py:190} INFO - [2026-07-10T00:24:41.776+0000] {dag.py:4180} INFO - Setting next_dagrun for 05_sensor to None, run_after=None
[2026-07-10T00:24:41.804+0000] {processor.py:208} INFO - Processing /opt/airflow/dags/05_sensor.py took 0.118 seconds
[2026-07-10T00:25:11.981+0000] {processor.py:186} INFO - Started process (PID=10704) to work on /opt/airflow/dags/05_sensor.py
[2026-07-10T00:25:11.984+0000] {processor.py:914} INFO - Processing file /opt/airflow/dags/05_sensor.py for tasks to queue
[2026-07-10T00:25:11.991+0000] {logging_mixin.py:190} INFO - [2026-07-10T00:25:11.990+0000] {dagbag.py:588} INFO - Filling up the DagBag from /opt/airflow/dags/05_sensor.py
[2026-07-10T00:25:12.013+0000] {processor.py:925} INFO - DAG(s) '05_sensor' retrieved from /opt/airflow/dags/05_sensor.py
[2026-07-10T00:25:12.066+0000] {logging_mixin.py:190} INFO - [2026-07-10T00:25:12.066+0000] {dag.py:3239} INFO - Sync 1 DAGs
[2026-07-10T00:25:12.083+0000] {logging_mixin.py:190} INFO - [2026-07-10T00:25:12.083+0000] {dag.py:4180} INFO - Setting next_dagrun for 05_sensor to None, run_after=None
[2026-07-10T00:25:12.105+0000] {processor.py:208} INFO - Processing /opt/airflow/dags/05_sensor.py took 0.155 seconds
[2026-07-10T00:25:43.151+0000] {processor.py:186} INFO - Started process (PID=10739) to work on /opt/airflow/dags/05_sensor.py
[2026-07-10T00:25:43.155+0000] {processor.py:914} INFO - Processing file /opt/airflow/dags/05_sensor.py for tasks to queue
[2026-07-10T00:25:43.164+0000] {logging_mixin.py:190} INFO - [2026-07-10T00:25:43.162+0000] {dagbag.py:588} INFO - Filling up the DagBag from /opt/airflow/dags/05_sensor.py
[2026-07-10T00:25:43.194+0000] {processor.py:925} INFO - DAG(s) '05_sensor' retrieved from /opt/airflow/dags/05_sensor.py
[2026-07-10T00:25:43.268+0000] {logging_mixin.py:190} INFO - [2026-07-10T00:25:43.267+0000] {dag.py:3239} INFO - Sync 1 DAGs
[2026-07-10T00:25:43.291+0000] {logging_mixin.py:190} INFO - [2026-07-10T00:25:43.291+0000] {dag.py:4180} INFO - Setting next_dagrun for 05_sensor to None, run_after=None
[2026-07-10T00:25:43.316+0000] {processor.py:208} INFO - Processing /opt/airflow/dags/05_sensor.py took 0.196 seconds
[2026-07-10T00:26:14.247+0000] {processor.py:186} INFO - Started process (PID=10774) to work on /opt/airflow/dags/05_sensor.py
[2026-07-10T00:26:14.249+0000] {processor.py:914} INFO - Processing file /opt/airflow/dags/05_sensor.py for tasks to queue
[2026-07-10T00:26:14.257+0000] {logging_mixin.py:190} INFO - [2026-07-10T00:26:14.256+0000] {dagbag.py:588} INFO - Filling up the DagBag from /opt/airflow/dags/05_sensor.py
[2026-07-10T00:26:14.277+0000] {processor.py:925} INFO - DAG(s) '05_sensor' retrieved from /opt/airflow/dags/05_sensor.py
[2026-07-10T00:26:14.320+0000] {logging_mixin.py:190} INFO - [2026-07-10T00:26:14.320+0000] {dag.py:3239} INFO - Sync 1 DAGs
[2026-07-10T00:26:14.337+0000] {logging_mixin.py:190} INFO - [2026-07-10T00:26:14.337+0000] {dag.py:4180} INFO - Setting next_dagrun for 05_sensor to None, run_after=None
[2026-07-10T00:26:14.359+0000] {processor.py:208} INFO - Processing /opt/airflow/dags/05_sensor.py took 0.136 seconds
[2026-07-10T00:26:45.145+0000] {processor.py:186} INFO - Started process (PID=10809) to work on /opt/airflow/dags/05_sensor.py
[2026-07-10T00:26:45.147+0000] {processor.py:914} INFO - Processing file /opt/airflow/dags/05_sensor.py for tasks to queue
[2026-07-10T00:26:45.152+0000] {logging_mixin.py:190} INFO - [2026-07-10T00:26:45.151+0000] {dagbag.py:588} INFO - Filling up the DagBag from /opt/airflow/dags/05_sensor.py
[2026-07-10T00:26:45.171+0000] {processor.py:925} INFO - DAG(s) '05_sensor' retrieved from /opt/airflow/dags/05_sensor.py
[2026-07-10T00:26:45.260+0000] {logging_mixin.py:190} INFO - [2026-07-10T00:26:45.259+0000] {dag.py:3239} INFO - Sync 1 DAGs
[2026-07-10T00:26:45.301+0000] {logging_mixin.py:190} INFO - [2026-07-10T00:26:45.300+0000] {dag.py:4180} INFO - Setting next_dagrun for 05_sensor to None, run_after=None
[2026-07-10T00:26:45.356+0000] {processor.py:208} INFO - Processing /opt/airflow/dags/05_sensor.py took 0.224 seconds
[2026-07-10T00:27:15.781+0000] {processor.py:186} INFO - Started process (PID=10844) to work on /opt/airflow/dags/05_sensor.py
[2026-07-10T00:27:15.786+0000] {processor.py:914} INFO - Processing file /opt/airflow/dags/05_sensor.py for tasks to queue
[2026-07-10T00:27:15.795+0000] {logging_mixin.py:190} INFO - [2026-07-10T00:27:15.794+0000] {dagbag.py:588} INFO - Filling up the DagBag from /opt/airflow/dags/05_sensor.py
[2026-07-10T00:27:15.823+0000] {processor.py:925} INFO - DAG(s) '05_sensor' retrieved from /opt/airflow/dags/05_sensor.py
[2026-07-10T00:27:15.874+0000] {logging_mixin.py:190} INFO - [2026-07-10T00:27:15.874+0000] {dag.py:3239} INFO - Sync 1 DAGs
[2026-07-10T00:27:15.890+0000] {logging_mixin.py:190} INFO - [2026-07-10T00:27:15.889+0000] {dag.py:4180} INFO - Setting next_dagrun for 05_sensor to None, run_after=None
[2026-07-10T00:27:15.909+0000] {processor.py:208} INFO - Processing /opt/airflow/dags/05_sensor.py took 0.182 seconds
[2026-07-10T00:27:46.136+0000] {processor.py:186} INFO - Started process (PID=10879) to work on /opt/airflow/dags/05_sensor.py
[2026-07-10T00:27:46.139+0000] {processor.py:914} INFO - Processing file /opt/airflow/dags/05_sensor.py for tasks to queue
[2026-07-10T00:27:46.145+0000] {logging_mixin.py:190} INFO - [2026-07-10T00:27:46.144+0000] {dagbag.py:588} INFO - Filling up the DagBag from /opt/airflow/dags/05_sensor.py
[2026-07-10T00:27:46.164+0000] {processor.py:925} INFO - DAG(s) '05_sensor' retrieved from /opt/airflow/dags/05_sensor.py
[2026-07-10T00:27:46.217+0000] {logging_mixin.py:190} INFO - [2026-07-10T00:27:46.217+0000] {dag.py:3239} INFO - Sync 1 DAGs
[2026-07-10T00:27:46.236+0000] {logging_mixin.py:190} INFO - [2026-07-10T00:27:46.236+0000] {dag.py:4180} INFO - Setting next_dagrun for 05_sensor to None, run_after=None
[2026-07-10T00:27:46.274+0000] {processor.py:208} INFO - Processing /opt/airflow/dags/05_sensor.py took 0.156 seconds
[2026-07-10T00:28:17.151+0000] {processor.py:186} INFO - Started process (PID=10914) to work on /opt/airflow/dags/05_sensor.py
[2026-07-10T00:28:17.152+0000] {processor.py:914} INFO - Processing file /opt/airflow/dags/05_sensor.py for tasks to queue
[2026-07-10T00:28:17.158+0000] {logging_mixin.py:190} INFO - [2026-07-10T00:28:17.158+0000] {dagbag.py:588} INFO - Filling up the DagBag from /opt/airflow/dags/05_sensor.py
[2026-07-10T00:28:17.174+0000] {processor.py:925} INFO - DAG(s) '05_sensor' retrieved from /opt/airflow/dags/05_sensor.py
[2026-07-10T00:28:17.237+0000] {logging_mixin.py:190} INFO - [2026-07-10T00:28:17.237+0000] {dag.py:3239} INFO - Sync 1 DAGs
[2026-07-10T00:28:17.269+0000] {logging_mixin.py:190} INFO - [2026-07-10T00:28:17.268+0000] {dag.py:4180} INFO - Setting next_dagrun for 05_sensor to None, run_after=None
[2026-07-10T00:28:17.313+0000] {processor.py:208} INFO - Processing /opt/airflow/dags/05_sensor.py took 0.173 seconds
