[2026-07-10T00:00:27.816+0000] {processor.py:186} INFO - Started process (PID=8998) to work on /opt/airflow/dags/06_xcom.py
[2026-07-10T00:00:27.818+0000] {processor.py:914} INFO - Processing file /opt/airflow/dags/06_xcom.py for tasks to queue
[2026-07-10T00:00:27.824+0000] {logging_mixin.py:190} INFO - [2026-07-10T00:00:27.823+0000] {dagbag.py:588} INFO - Filling up the DagBag from /opt/airflow/dags/06_xcom.py
[2026-07-10T00:00:27.844+0000] {processor.py:925} INFO - DAG(s) '06_xcom' retrieved from /opt/airflow/dags/06_xcom.py
[2026-07-10T00:00:27.883+0000] {logging_mixin.py:190} INFO - [2026-07-10T00:00:27.883+0000] {dag.py:3239} INFO - Sync 1 DAGs
[2026-07-10T00:00:27.899+0000] {logging_mixin.py:190} INFO - [2026-07-10T00:00:27.899+0000] {dag.py:4180} INFO - Setting next_dagrun for 06_xcom to None, run_after=None
[2026-07-10T00:00:27.922+0000] {processor.py:208} INFO - Processing /opt/airflow/dags/06_xcom.py took 0.130 seconds
[2026-07-10T00:00:58.996+0000] {processor.py:186} INFO - Started process (PID=9033) to work on /opt/airflow/dags/06_xcom.py
[2026-07-10T00:00:59.002+0000] {processor.py:914} INFO - Processing file /opt/airflow/dags/06_xcom.py for tasks to queue
[2026-07-10T00:00:59.020+0000] {logging_mixin.py:190} INFO - [2026-07-10T00:00:59.016+0000] {dagbag.py:588} INFO - Filling up the DagBag from /opt/airflow/dags/06_xcom.py
[2026-07-10T00:00:59.049+0000] {processor.py:925} INFO - DAG(s) '06_xcom' retrieved from /opt/airflow/dags/06_xcom.py
[2026-07-10T00:00:59.090+0000] {logging_mixin.py:190} INFO - [2026-07-10T00:00:59.089+0000] {dag.py:3239} INFO - Sync 1 DAGs
[2026-07-10T00:00:59.109+0000] {logging_mixin.py:190} INFO - [2026-07-10T00:00:59.109+0000] {dag.py:4180} INFO - Setting next_dagrun for 06_xcom to None, run_after=None
[2026-07-10T00:00:59.133+0000] {processor.py:208} INFO - Processing /opt/airflow/dags/06_xcom.py took 0.179 seconds
[2026-07-10T00:01:30.068+0000] {processor.py:186} INFO - Started process (PID=9068) to work on /opt/airflow/dags/06_xcom.py
[2026-07-10T00:01:30.071+0000] {processor.py:914} INFO - Processing file /opt/airflow/dags/06_xcom.py for tasks to queue
[2026-07-10T00:01:30.074+0000] {logging_mixin.py:190} INFO - [2026-07-10T00:01:30.074+0000] {dagbag.py:588} INFO - Filling up the DagBag from /opt/airflow/dags/06_xcom.py
[2026-07-10T00:01:30.089+0000] {processor.py:925} INFO - DAG(s) '06_xcom' retrieved from /opt/airflow/dags/06_xcom.py
[2026-07-10T00:01:30.137+0000] {logging_mixin.py:190} INFO - [2026-07-10T00:01:30.137+0000] {dag.py:3239} INFO - Sync 1 DAGs
[2026-07-10T00:01:30.156+0000] {logging_mixin.py:190} INFO - [2026-07-10T00:01:30.155+0000] {dag.py:4180} INFO - Setting next_dagrun for 06_xcom to None, run_after=None
[2026-07-10T00:01:30.179+0000] {processor.py:208} INFO - Processing /opt/airflow/dags/06_xcom.py took 0.127 seconds
[2026-07-10T00:02:00.897+0000] {processor.py:186} INFO - Started process (PID=9103) to work on /opt/airflow/dags/06_xcom.py
[2026-07-10T00:02:00.899+0000] {processor.py:914} INFO - Processing file /opt/airflow/dags/06_xcom.py for tasks to queue
[2026-07-10T00:02:00.903+0000] {logging_mixin.py:190} INFO - [2026-07-10T00:02:00.902+0000] {dagbag.py:588} INFO - Filling up the DagBag from /opt/airflow/dags/06_xcom.py
[2026-07-10T00:02:00.914+0000] {processor.py:925} INFO - DAG(s) '06_xcom' retrieved from /opt/airflow/dags/06_xcom.py
[2026-07-10T00:02:00.967+0000] {logging_mixin.py:190} INFO - [2026-07-10T00:02:00.967+0000] {dag.py:3239} INFO - Sync 1 DAGs
[2026-07-10T00:02:00.989+0000] {logging_mixin.py:190} INFO - [2026-07-10T00:02:00.989+0000] {dag.py:4180} INFO - Setting next_dagrun for 06_xcom to None, run_after=None
[2026-07-10T00:02:01.019+0000] {processor.py:208} INFO - Processing /opt/airflow/dags/06_xcom.py took 0.132 seconds
[2026-07-10T00:02:31.823+0000] {processor.py:186} INFO - Started process (PID=9138) to work on /opt/airflow/dags/06_xcom.py
[2026-07-10T00:02:31.826+0000] {processor.py:914} INFO - Processing file /opt/airflow/dags/06_xcom.py for tasks to queue
[2026-07-10T00:02:31.830+0000] {logging_mixin.py:190} INFO - [2026-07-10T00:02:31.829+0000] {dagbag.py:588} INFO - Filling up the DagBag from /opt/airflow/dags/06_xcom.py
[2026-07-10T00:02:31.848+0000] {processor.py:925} INFO - DAG(s) '06_xcom' retrieved from /opt/airflow/dags/06_xcom.py
[2026-07-10T00:02:31.896+0000] {logging_mixin.py:190} INFO - [2026-07-10T00:02:31.896+0000] {dag.py:3239} INFO - Sync 1 DAGs
[2026-07-10T00:02:31.922+0000] {logging_mixin.py:190} INFO - [2026-07-10T00:02:31.921+0000] {dag.py:4180} INFO - Setting next_dagrun for 06_xcom to None, run_after=None
[2026-07-10T00:02:31.957+0000] {processor.py:208} INFO - Processing /opt/airflow/dags/06_xcom.py took 0.148 seconds
[2026-07-10T00:03:02.899+0000] {processor.py:186} INFO - Started process (PID=9173) to work on /opt/airflow/dags/06_xcom.py
[2026-07-10T00:03:02.902+0000] {processor.py:914} INFO - Processing file /opt/airflow/dags/06_xcom.py for tasks to queue
[2026-07-10T00:03:02.909+0000] {logging_mixin.py:190} INFO - [2026-07-10T00:03:02.908+0000] {dagbag.py:588} INFO - Filling up the DagBag from /opt/airflow/dags/06_xcom.py
[2026-07-10T00:03:02.927+0000] {processor.py:925} INFO - DAG(s) '06_xcom' retrieved from /opt/airflow/dags/06_xcom.py
[2026-07-10T00:03:02.966+0000] {logging_mixin.py:190} INFO - [2026-07-10T00:03:02.966+0000] {dag.py:3239} INFO - Sync 1 DAGs
[2026-07-10T00:03:02.982+0000] {logging_mixin.py:190} INFO - [2026-07-10T00:03:02.981+0000] {dag.py:4180} INFO - Setting next_dagrun for 06_xcom to None, run_after=None
[2026-07-10T00:03:03.003+0000] {processor.py:208} INFO - Processing /opt/airflow/dags/06_xcom.py took 0.174 seconds
[2026-07-10T00:03:19.115+0000] {processor.py:186} INFO - Started process (PID=9208) to work on /opt/airflow/dags/06_xcom.py
[2026-07-10T00:03:19.116+0000] {processor.py:914} INFO - Processing file /opt/airflow/dags/06_xcom.py for tasks to queue
[2026-07-10T00:03:19.119+0000] {logging_mixin.py:190} INFO - [2026-07-10T00:03:19.119+0000] {dagbag.py:588} INFO - Filling up the DagBag from /opt/airflow/dags/06_xcom.py
[2026-07-10T00:03:19.135+0000] {processor.py:925} INFO - DAG(s) '06_xcom' retrieved from /opt/airflow/dags/06_xcom.py
[2026-07-10T00:03:19.179+0000] {logging_mixin.py:190} INFO - [2026-07-10T00:03:19.179+0000] {dag.py:3239} INFO - Sync 1 DAGs
[2026-07-10T00:03:19.202+0000] {logging_mixin.py:190} INFO - [2026-07-10T00:03:19.202+0000] {dag.py:4180} INFO - Setting next_dagrun for 06_xcom to None, run_after=None
[2026-07-10T00:03:19.232+0000] {processor.py:208} INFO - Processing /opt/airflow/dags/06_xcom.py took 0.131 seconds
[2026-07-10T00:03:50.084+0000] {processor.py:186} INFO - Started process (PID=9243) to work on /opt/airflow/dags/06_xcom.py
[2026-07-10T00:03:50.085+0000] {processor.py:914} INFO - Processing file /opt/airflow/dags/06_xcom.py for tasks to queue
[2026-07-10T00:03:50.087+0000] {logging_mixin.py:190} INFO - [2026-07-10T00:03:50.087+0000] {dagbag.py:588} INFO - Filling up the DagBag from /opt/airflow/dags/06_xcom.py
[2026-07-10T00:03:50.097+0000] {processor.py:925} INFO - DAG(s) '06_xcom' retrieved from /opt/airflow/dags/06_xcom.py
[2026-07-10T00:03:50.130+0000] {logging_mixin.py:190} INFO - [2026-07-10T00:03:50.129+0000] {dag.py:3239} INFO - Sync 1 DAGs
[2026-07-10T00:03:50.145+0000] {logging_mixin.py:190} INFO - [2026-07-10T00:03:50.145+0000] {dag.py:4180} INFO - Setting next_dagrun for 06_xcom to None, run_after=None
[2026-07-10T00:03:50.165+0000] {processor.py:208} INFO - Processing /opt/airflow/dags/06_xcom.py took 0.087 seconds
[2026-07-10T00:04:18.845+0000] {processor.py:186} INFO - Started process (PID=9278) to work on /opt/airflow/dags/06_xcom.py
[2026-07-10T00:04:18.847+0000] {processor.py:914} INFO - Processing file /opt/airflow/dags/06_xcom.py for tasks to queue
[2026-07-10T00:04:18.852+0000] {logging_mixin.py:190} INFO - [2026-07-10T00:04:18.851+0000] {dagbag.py:588} INFO - Filling up the DagBag from /opt/airflow/dags/06_xcom.py
[2026-07-10T00:04:18.872+0000] {processor.py:925} INFO - DAG(s) '06_xcom' retrieved from /opt/airflow/dags/06_xcom.py
[2026-07-10T00:04:18.934+0000] {logging_mixin.py:190} INFO - [2026-07-10T00:04:18.933+0000] {dag.py:3239} INFO - Sync 1 DAGs
[2026-07-10T00:04:18.963+0000] {logging_mixin.py:190} INFO - [2026-07-10T00:04:18.963+0000] {dag.py:4180} INFO - Setting next_dagrun for 06_xcom to None, run_after=None
[2026-07-10T00:04:19.003+0000] {processor.py:208} INFO - Processing /opt/airflow/dags/06_xcom.py took 0.171 seconds
[2026-07-10T00:04:50.006+0000] {processor.py:186} INFO - Started process (PID=9313) to work on /opt/airflow/dags/06_xcom.py
[2026-07-10T00:04:50.008+0000] {processor.py:914} INFO - Processing file /opt/airflow/dags/06_xcom.py for tasks to queue
[2026-07-10T00:04:50.013+0000] {logging_mixin.py:190} INFO - [2026-07-10T00:04:50.013+0000] {dagbag.py:588} INFO - Filling up the DagBag from /opt/airflow/dags/06_xcom.py
[2026-07-10T00:04:50.029+0000] {processor.py:925} INFO - DAG(s) '06_xcom' retrieved from /opt/airflow/dags/06_xcom.py
[2026-07-10T00:04:50.089+0000] {logging_mixin.py:190} INFO - [2026-07-10T00:04:50.089+0000] {dag.py:3239} INFO - Sync 1 DAGs
[2026-07-10T00:04:50.118+0000] {logging_mixin.py:190} INFO - [2026-07-10T00:04:50.118+0000] {dag.py:4180} INFO - Setting next_dagrun for 06_xcom to None, run_after=None
[2026-07-10T00:04:50.154+0000] {processor.py:208} INFO - Processing /opt/airflow/dags/06_xcom.py took 0.169 seconds
[2026-07-10T00:05:20.969+0000] {processor.py:186} INFO - Started process (PID=9357) to work on /opt/airflow/dags/06_xcom.py
[2026-07-10T00:05:20.971+0000] {processor.py:914} INFO - Processing file /opt/airflow/dags/06_xcom.py for tasks to queue
[2026-07-10T00:05:20.981+0000] {logging_mixin.py:190} INFO - [2026-07-10T00:05:20.979+0000] {dagbag.py:588} INFO - Filling up the DagBag from /opt/airflow/dags/06_xcom.py
[2026-07-10T00:05:21.008+0000] {processor.py:925} INFO - DAG(s) '06_xcom' retrieved from /opt/airflow/dags/06_xcom.py
[2026-07-10T00:05:21.062+0000] {logging_mixin.py:190} INFO - [2026-07-10T00:05:21.062+0000] {dag.py:3239} INFO - Sync 1 DAGs
[2026-07-10T00:05:21.079+0000] {logging_mixin.py:190} INFO - [2026-07-10T00:05:21.078+0000] {dag.py:4180} INFO - Setting next_dagrun for 06_xcom to None, run_after=None
[2026-07-10T00:05:21.102+0000] {processor.py:208} INFO - Processing /opt/airflow/dags/06_xcom.py took 0.167 seconds
[2026-07-10T00:05:51.785+0000] {processor.py:186} INFO - Started process (PID=9392) to work on /opt/airflow/dags/06_xcom.py
[2026-07-10T00:05:51.788+0000] {processor.py:914} INFO - Processing file /opt/airflow/dags/06_xcom.py for tasks to queue
[2026-07-10T00:05:51.793+0000] {logging_mixin.py:190} INFO - [2026-07-10T00:05:51.792+0000] {dagbag.py:588} INFO - Filling up the DagBag from /opt/airflow/dags/06_xcom.py
[2026-07-10T00:05:51.808+0000] {processor.py:925} INFO - DAG(s) '06_xcom' retrieved from /opt/airflow/dags/06_xcom.py
[2026-07-10T00:05:51.865+0000] {logging_mixin.py:190} INFO - [2026-07-10T00:05:51.864+0000] {dag.py:3239} INFO - Sync 1 DAGs
[2026-07-10T00:05:51.889+0000] {logging_mixin.py:190} INFO - [2026-07-10T00:05:51.889+0000] {dag.py:4180} INFO - Setting next_dagrun for 06_xcom to None, run_after=None
[2026-07-10T00:05:51.916+0000] {processor.py:208} INFO - Processing /opt/airflow/dags/06_xcom.py took 0.143 seconds
[2026-07-10T00:06:22.135+0000] {processor.py:186} INFO - Started process (PID=9427) to work on /opt/airflow/dags/06_xcom.py
[2026-07-10T00:06:22.136+0000] {processor.py:914} INFO - Processing file /opt/airflow/dags/06_xcom.py for tasks to queue
[2026-07-10T00:06:22.140+0000] {logging_mixin.py:190} INFO - [2026-07-10T00:06:22.140+0000] {dagbag.py:588} INFO - Filling up the DagBag from /opt/airflow/dags/06_xcom.py
[2026-07-10T00:06:22.155+0000] {processor.py:925} INFO - DAG(s) '06_xcom' retrieved from /opt/airflow/dags/06_xcom.py
[2026-07-10T00:06:22.198+0000] {logging_mixin.py:190} INFO - [2026-07-10T00:06:22.198+0000] {dag.py:3239} INFO - Sync 1 DAGs
[2026-07-10T00:06:22.217+0000] {logging_mixin.py:190} INFO - [2026-07-10T00:06:22.217+0000] {dag.py:4180} INFO - Setting next_dagrun for 06_xcom to None, run_after=None
[2026-07-10T00:06:22.239+0000] {processor.py:208} INFO - Processing /opt/airflow/dags/06_xcom.py took 0.122 seconds
[2026-07-10T00:06:53.074+0000] {processor.py:186} INFO - Started process (PID=9462) to work on /opt/airflow/dags/06_xcom.py
[2026-07-10T00:06:53.076+0000] {processor.py:914} INFO - Processing file /opt/airflow/dags/06_xcom.py for tasks to queue
[2026-07-10T00:06:53.080+0000] {logging_mixin.py:190} INFO - [2026-07-10T00:06:53.079+0000] {dagbag.py:588} INFO - Filling up the DagBag from /opt/airflow/dags/06_xcom.py
[2026-07-10T00:06:53.096+0000] {processor.py:925} INFO - DAG(s) '06_xcom' retrieved from /opt/airflow/dags/06_xcom.py
[2026-07-10T00:06:53.152+0000] {logging_mixin.py:190} INFO - [2026-07-10T00:06:53.151+0000] {dag.py:3239} INFO - Sync 1 DAGs
[2026-07-10T00:06:53.195+0000] {logging_mixin.py:190} INFO - [2026-07-10T00:06:53.194+0000] {dag.py:4180} INFO - Setting next_dagrun for 06_xcom to None, run_after=None
[2026-07-10T00:06:53.234+0000] {processor.py:208} INFO - Processing /opt/airflow/dags/06_xcom.py took 0.173 seconds
[2026-07-10T00:07:23.326+0000] {processor.py:186} INFO - Started process (PID=9497) to work on /opt/airflow/dags/06_xcom.py
[2026-07-10T00:07:23.328+0000] {processor.py:914} INFO - Processing file /opt/airflow/dags/06_xcom.py for tasks to queue
[2026-07-10T00:07:23.331+0000] {logging_mixin.py:190} INFO - [2026-07-10T00:07:23.331+0000] {dagbag.py:588} INFO - Filling up the DagBag from /opt/airflow/dags/06_xcom.py
[2026-07-10T00:07:23.357+0000] {processor.py:925} INFO - DAG(s) '06_xcom' retrieved from /opt/airflow/dags/06_xcom.py
[2026-07-10T00:07:23.422+0000] {logging_mixin.py:190} INFO - [2026-07-10T00:07:23.421+0000] {dag.py:3239} INFO - Sync 1 DAGs
[2026-07-10T00:07:23.460+0000] {logging_mixin.py:190} INFO - [2026-07-10T00:07:23.459+0000] {dag.py:4180} INFO - Setting next_dagrun for 06_xcom to None, run_after=None
[2026-07-10T00:07:23.503+0000] {processor.py:208} INFO - Processing /opt/airflow/dags/06_xcom.py took 0.189 seconds
[2026-07-10T00:07:54.072+0000] {processor.py:186} INFO - Started process (PID=9532) to work on /opt/airflow/dags/06_xcom.py
[2026-07-10T00:07:54.080+0000] {processor.py:914} INFO - Processing file /opt/airflow/dags/06_xcom.py for tasks to queue
[2026-07-10T00:07:54.097+0000] {logging_mixin.py:190} INFO - [2026-07-10T00:07:54.095+0000] {dagbag.py:588} INFO - Filling up the DagBag from /opt/airflow/dags/06_xcom.py
[2026-07-10T00:07:54.123+0000] {processor.py:925} INFO - DAG(s) '06_xcom' retrieved from /opt/airflow/dags/06_xcom.py
[2026-07-10T00:07:54.170+0000] {logging_mixin.py:190} INFO - [2026-07-10T00:07:54.169+0000] {dag.py:3239} INFO - Sync 1 DAGs
[2026-07-10T00:07:54.186+0000] {logging_mixin.py:190} INFO - [2026-07-10T00:07:54.186+0000] {dag.py:4180} INFO - Setting next_dagrun for 06_xcom to None, run_after=None
[2026-07-10T00:07:54.211+0000] {processor.py:208} INFO - Processing /opt/airflow/dags/06_xcom.py took 0.198 seconds
[2026-07-10T00:08:15.897+0000] {processor.py:186} INFO - Started process (PID=9557) to work on /opt/airflow/dags/06_xcom.py
[2026-07-10T00:08:15.899+0000] {processor.py:914} INFO - Processing file /opt/airflow/dags/06_xcom.py for tasks to queue
[2026-07-10T00:08:15.904+0000] {logging_mixin.py:190} INFO - [2026-07-10T00:08:15.903+0000] {dagbag.py:588} INFO - Filling up the DagBag from /opt/airflow/dags/06_xcom.py
[2026-07-10T00:08:15.937+0000] {processor.py:925} INFO - DAG(s) '06_xcom' retrieved from /opt/airflow/dags/06_xcom.py
[2026-07-10T00:08:15.993+0000] {logging_mixin.py:190} INFO - [2026-07-10T00:08:15.993+0000] {dag.py:3239} INFO - Sync 1 DAGs
[2026-07-10T00:08:16.021+0000] {logging_mixin.py:190} INFO - [2026-07-10T00:08:16.020+0000] {dag.py:4180} INFO - Setting next_dagrun for 06_xcom to None, run_after=None
[2026-07-10T00:08:16.070+0000] {processor.py:208} INFO - Processing /opt/airflow/dags/06_xcom.py took 0.190 seconds
[2026-07-10T00:08:41.406+0000] {processor.py:186} INFO - Started process (PID=9572) to work on /opt/airflow/dags/06_xcom.py
[2026-07-10T00:08:41.409+0000] {processor.py:914} INFO - Processing file /opt/airflow/dags/06_xcom.py for tasks to queue
[2026-07-10T00:08:41.416+0000] {logging_mixin.py:190} INFO - [2026-07-10T00:08:41.415+0000] {dagbag.py:588} INFO - Filling up the DagBag from /opt/airflow/dags/06_xcom.py
[2026-07-10T00:08:41.450+0000] {processor.py:925} INFO - DAG(s) '06_xcom' retrieved from /opt/airflow/dags/06_xcom.py
[2026-07-10T00:08:41.554+0000] {logging_mixin.py:190} INFO - [2026-07-10T00:08:41.552+0000] {dag.py:3239} INFO - Sync 1 DAGs
[2026-07-10T00:08:41.581+0000] {logging_mixin.py:190} INFO - [2026-07-10T00:08:41.581+0000] {dag.py:4180} INFO - Setting next_dagrun for 06_xcom to None, run_after=None
[2026-07-10T00:08:41.621+0000] {processor.py:208} INFO - Processing /opt/airflow/dags/06_xcom.py took 0.237 seconds
[2026-07-10T00:09:11.799+0000] {processor.py:186} INFO - Started process (PID=9607) to work on /opt/airflow/dags/06_xcom.py
[2026-07-10T00:09:11.800+0000] {processor.py:914} INFO - Processing file /opt/airflow/dags/06_xcom.py for tasks to queue
[2026-07-10T00:09:11.804+0000] {logging_mixin.py:190} INFO - [2026-07-10T00:09:11.803+0000] {dagbag.py:588} INFO - Filling up the DagBag from /opt/airflow/dags/06_xcom.py
[2026-07-10T00:09:11.823+0000] {processor.py:925} INFO - DAG(s) '06_xcom' retrieved from /opt/airflow/dags/06_xcom.py
[2026-07-10T00:09:11.881+0000] {logging_mixin.py:190} INFO - [2026-07-10T00:09:11.881+0000] {dag.py:3239} INFO - Sync 1 DAGs
[2026-07-10T00:09:11.914+0000] {logging_mixin.py:190} INFO - [2026-07-10T00:09:11.914+0000] {dag.py:4180} INFO - Setting next_dagrun for 06_xcom to None, run_after=None
[2026-07-10T00:09:11.947+0000] {processor.py:208} INFO - Processing /opt/airflow/dags/06_xcom.py took 0.160 seconds
[2026-07-10T00:09:42.989+0000] {processor.py:186} INFO - Started process (PID=9651) to work on /opt/airflow/dags/06_xcom.py
[2026-07-10T00:09:42.994+0000] {processor.py:914} INFO - Processing file /opt/airflow/dags/06_xcom.py for tasks to queue
[2026-07-10T00:09:43.001+0000] {logging_mixin.py:190} INFO - [2026-07-10T00:09:43.000+0000] {dagbag.py:588} INFO - Filling up the DagBag from /opt/airflow/dags/06_xcom.py
[2026-07-10T00:09:43.022+0000] {processor.py:925} INFO - DAG(s) '06_xcom' retrieved from /opt/airflow/dags/06_xcom.py
[2026-07-10T00:09:43.070+0000] {logging_mixin.py:190} INFO - [2026-07-10T00:09:43.070+0000] {dag.py:3239} INFO - Sync 1 DAGs
[2026-07-10T00:09:43.100+0000] {logging_mixin.py:190} INFO - [2026-07-10T00:09:43.100+0000] {dag.py:4180} INFO - Setting next_dagrun for 06_xcom to None, run_after=None
[2026-07-10T00:09:43.136+0000] {processor.py:208} INFO - Processing /opt/airflow/dags/06_xcom.py took 0.217 seconds
[2026-07-10T00:10:14.124+0000] {processor.py:186} INFO - Started process (PID=9686) to work on /opt/airflow/dags/06_xcom.py
[2026-07-10T00:10:14.132+0000] {processor.py:914} INFO - Processing file /opt/airflow/dags/06_xcom.py for tasks to queue
[2026-07-10T00:10:14.152+0000] {logging_mixin.py:190} INFO - [2026-07-10T00:10:14.151+0000] {dagbag.py:588} INFO - Filling up the DagBag from /opt/airflow/dags/06_xcom.py
[2026-07-10T00:10:14.192+0000] {processor.py:925} INFO - DAG(s) '06_xcom' retrieved from /opt/airflow/dags/06_xcom.py
[2026-07-10T00:10:14.244+0000] {logging_mixin.py:190} INFO - [2026-07-10T00:10:14.244+0000] {dag.py:3239} INFO - Sync 1 DAGs
[2026-07-10T00:10:14.277+0000] {logging_mixin.py:190} INFO - [2026-07-10T00:10:14.277+0000] {dag.py:4180} INFO - Setting next_dagrun for 06_xcom to None, run_after=None
[2026-07-10T00:10:14.318+0000] {processor.py:208} INFO - Processing /opt/airflow/dags/06_xcom.py took 0.234 seconds
[2026-07-10T00:10:44.572+0000] {processor.py:186} INFO - Started process (PID=9721) to work on /opt/airflow/dags/06_xcom.py
[2026-07-10T00:10:44.580+0000] {processor.py:914} INFO - Processing file /opt/airflow/dags/06_xcom.py for tasks to queue
[2026-07-10T00:10:44.604+0000] {logging_mixin.py:190} INFO - [2026-07-10T00:10:44.601+0000] {dagbag.py:588} INFO - Filling up the DagBag from /opt/airflow/dags/06_xcom.py
[2026-07-10T00:10:44.663+0000] {processor.py:925} INFO - DAG(s) '06_xcom' retrieved from /opt/airflow/dags/06_xcom.py
[2026-07-10T00:10:44.718+0000] {logging_mixin.py:190} INFO - [2026-07-10T00:10:44.718+0000] {dag.py:3239} INFO - Sync 1 DAGs
[2026-07-10T00:10:44.755+0000] {logging_mixin.py:190} INFO - [2026-07-10T00:10:44.754+0000] {dag.py:4180} INFO - Setting next_dagrun for 06_xcom to None, run_after=None
[2026-07-10T00:10:44.778+0000] {processor.py:208} INFO - Processing /opt/airflow/dags/06_xcom.py took 0.256 seconds
[2026-07-10T00:11:15.480+0000] {processor.py:186} INFO - Started process (PID=9756) to work on /opt/airflow/dags/06_xcom.py
[2026-07-10T00:11:15.482+0000] {processor.py:914} INFO - Processing file /opt/airflow/dags/06_xcom.py for tasks to queue
[2026-07-10T00:11:15.485+0000] {logging_mixin.py:190} INFO - [2026-07-10T00:11:15.485+0000] {dagbag.py:588} INFO - Filling up the DagBag from /opt/airflow/dags/06_xcom.py
[2026-07-10T00:11:15.496+0000] {processor.py:925} INFO - DAG(s) '06_xcom' retrieved from /opt/airflow/dags/06_xcom.py
[2026-07-10T00:11:15.544+0000] {logging_mixin.py:190} INFO - [2026-07-10T00:11:15.544+0000] {dag.py:3239} INFO - Sync 1 DAGs
[2026-07-10T00:11:15.565+0000] {logging_mixin.py:190} INFO - [2026-07-10T00:11:15.565+0000] {dag.py:4180} INFO - Setting next_dagrun for 06_xcom to None, run_after=None
[2026-07-10T00:11:15.590+0000] {processor.py:208} INFO - Processing /opt/airflow/dags/06_xcom.py took 0.118 seconds
[2026-07-10T00:11:46.646+0000] {processor.py:186} INFO - Started process (PID=9791) to work on /opt/airflow/dags/06_xcom.py
[2026-07-10T00:11:46.652+0000] {processor.py:914} INFO - Processing file /opt/airflow/dags/06_xcom.py for tasks to queue
[2026-07-10T00:11:46.662+0000] {logging_mixin.py:190} INFO - [2026-07-10T00:11:46.660+0000] {dagbag.py:588} INFO - Filling up the DagBag from /opt/airflow/dags/06_xcom.py
[2026-07-10T00:11:46.701+0000] {processor.py:925} INFO - DAG(s) '06_xcom' retrieved from /opt/airflow/dags/06_xcom.py
[2026-07-10T00:11:46.757+0000] {logging_mixin.py:190} INFO - [2026-07-10T00:11:46.757+0000] {dag.py:3239} INFO - Sync 1 DAGs
[2026-07-10T00:11:46.774+0000] {logging_mixin.py:190} INFO - [2026-07-10T00:11:46.774+0000] {dag.py:4180} INFO - Setting next_dagrun for 06_xcom to None, run_after=None
[2026-07-10T00:11:46.802+0000] {processor.py:208} INFO - Processing /opt/airflow/dags/06_xcom.py took 0.197 seconds
[2026-07-10T00:12:17.635+0000] {processor.py:186} INFO - Started process (PID=9826) to work on /opt/airflow/dags/06_xcom.py
[2026-07-10T00:12:17.638+0000] {processor.py:914} INFO - Processing file /opt/airflow/dags/06_xcom.py for tasks to queue
[2026-07-10T00:12:17.645+0000] {logging_mixin.py:190} INFO - [2026-07-10T00:12:17.644+0000] {dagbag.py:588} INFO - Filling up the DagBag from /opt/airflow/dags/06_xcom.py
[2026-07-10T00:12:17.660+0000] {processor.py:925} INFO - DAG(s) '06_xcom' retrieved from /opt/airflow/dags/06_xcom.py
[2026-07-10T00:12:17.706+0000] {logging_mixin.py:190} INFO - [2026-07-10T00:12:17.705+0000] {dag.py:3239} INFO - Sync 1 DAGs
[2026-07-10T00:12:17.725+0000] {logging_mixin.py:190} INFO - [2026-07-10T00:12:17.725+0000] {dag.py:4180} INFO - Setting next_dagrun for 06_xcom to None, run_after=None
[2026-07-10T00:12:17.749+0000] {processor.py:208} INFO - Processing /opt/airflow/dags/06_xcom.py took 0.131 seconds
[2026-07-10T00:12:48.689+0000] {processor.py:186} INFO - Started process (PID=9861) to work on /opt/airflow/dags/06_xcom.py
[2026-07-10T00:12:48.696+0000] {processor.py:914} INFO - Processing file /opt/airflow/dags/06_xcom.py for tasks to queue
[2026-07-10T00:12:48.710+0000] {logging_mixin.py:190} INFO - [2026-07-10T00:12:48.709+0000] {dagbag.py:588} INFO - Filling up the DagBag from /opt/airflow/dags/06_xcom.py
[2026-07-10T00:12:48.736+0000] {processor.py:925} INFO - DAG(s) '06_xcom' retrieved from /opt/airflow/dags/06_xcom.py
[2026-07-10T00:12:48.779+0000] {logging_mixin.py:190} INFO - [2026-07-10T00:12:48.778+0000] {dag.py:3239} INFO - Sync 1 DAGs
[2026-07-10T00:12:48.798+0000] {logging_mixin.py:190} INFO - [2026-07-10T00:12:48.798+0000] {dag.py:4180} INFO - Setting next_dagrun for 06_xcom to None, run_after=None
[2026-07-10T00:12:48.822+0000] {processor.py:208} INFO - Processing /opt/airflow/dags/06_xcom.py took 0.178 seconds
[2026-07-10T00:13:19.813+0000] {processor.py:186} INFO - Started process (PID=9896) to work on /opt/airflow/dags/06_xcom.py
[2026-07-10T00:13:19.821+0000] {processor.py:914} INFO - Processing file /opt/airflow/dags/06_xcom.py for tasks to queue
[2026-07-10T00:13:19.849+0000] {logging_mixin.py:190} INFO - [2026-07-10T00:13:19.846+0000] {dagbag.py:588} INFO - Filling up the DagBag from /opt/airflow/dags/06_xcom.py
[2026-07-10T00:13:19.896+0000] {processor.py:925} INFO - DAG(s) '06_xcom' retrieved from /opt/airflow/dags/06_xcom.py
[2026-07-10T00:13:19.940+0000] {logging_mixin.py:190} INFO - [2026-07-10T00:13:19.940+0000] {dag.py:3239} INFO - Sync 1 DAGs
[2026-07-10T00:13:19.957+0000] {logging_mixin.py:190} INFO - [2026-07-10T00:13:19.957+0000] {dag.py:4180} INFO - Setting next_dagrun for 06_xcom to None, run_after=None
[2026-07-10T00:13:19.978+0000] {processor.py:208} INFO - Processing /opt/airflow/dags/06_xcom.py took 0.216 seconds
[2026-07-10T00:13:50.911+0000] {processor.py:186} INFO - Started process (PID=9931) to work on /opt/airflow/dags/06_xcom.py
[2026-07-10T00:13:50.913+0000] {processor.py:914} INFO - Processing file /opt/airflow/dags/06_xcom.py for tasks to queue
[2026-07-10T00:13:50.917+0000] {logging_mixin.py:190} INFO - [2026-07-10T00:13:50.917+0000] {dagbag.py:588} INFO - Filling up the DagBag from /opt/airflow/dags/06_xcom.py
[2026-07-10T00:13:50.934+0000] {processor.py:925} INFO - DAG(s) '06_xcom' retrieved from /opt/airflow/dags/06_xcom.py
[2026-07-10T00:13:50.980+0000] {logging_mixin.py:190} INFO - [2026-07-10T00:13:50.979+0000] {dag.py:3239} INFO - Sync 1 DAGs
[2026-07-10T00:13:51.006+0000] {logging_mixin.py:190} INFO - [2026-07-10T00:13:51.005+0000] {dag.py:4180} INFO - Setting next_dagrun for 06_xcom to None, run_after=None
[2026-07-10T00:13:51.035+0000] {processor.py:208} INFO - Processing /opt/airflow/dags/06_xcom.py took 0.171 seconds
[2026-07-10T00:14:21.985+0000] {processor.py:186} INFO - Started process (PID=9966) to work on /opt/airflow/dags/06_xcom.py
[2026-07-10T00:14:21.989+0000] {processor.py:914} INFO - Processing file /opt/airflow/dags/06_xcom.py for tasks to queue
[2026-07-10T00:14:21.996+0000] {logging_mixin.py:190} INFO - [2026-07-10T00:14:21.995+0000] {dagbag.py:588} INFO - Filling up the DagBag from /opt/airflow/dags/06_xcom.py
[2026-07-10T00:14:22.015+0000] {processor.py:925} INFO - DAG(s) '06_xcom' retrieved from /opt/airflow/dags/06_xcom.py
[2026-07-10T00:14:22.075+0000] {logging_mixin.py:190} INFO - [2026-07-10T00:14:22.074+0000] {dag.py:3239} INFO - Sync 1 DAGs
[2026-07-10T00:14:22.093+0000] {logging_mixin.py:190} INFO - [2026-07-10T00:14:22.093+0000] {dag.py:4180} INFO - Setting next_dagrun for 06_xcom to None, run_after=None
[2026-07-10T00:14:22.116+0000] {processor.py:208} INFO - Processing /opt/airflow/dags/06_xcom.py took 0.172 seconds
[2026-07-10T00:14:53.158+0000] {processor.py:186} INFO - Started process (PID=10001) to work on /opt/airflow/dags/06_xcom.py
[2026-07-10T00:14:53.162+0000] {processor.py:914} INFO - Processing file /opt/airflow/dags/06_xcom.py for tasks to queue
[2026-07-10T00:14:53.165+0000] {logging_mixin.py:190} INFO - [2026-07-10T00:14:53.165+0000] {dagbag.py:588} INFO - Filling up the DagBag from /opt/airflow/dags/06_xcom.py
[2026-07-10T00:14:53.181+0000] {processor.py:925} INFO - DAG(s) '06_xcom' retrieved from /opt/airflow/dags/06_xcom.py
[2026-07-10T00:14:53.249+0000] {logging_mixin.py:190} INFO - [2026-07-10T00:14:53.249+0000] {dag.py:3239} INFO - Sync 1 DAGs
[2026-07-10T00:14:53.274+0000] {logging_mixin.py:190} INFO - [2026-07-10T00:14:53.274+0000] {dag.py:4180} INFO - Setting next_dagrun for 06_xcom to None, run_after=None
[2026-07-10T00:14:53.297+0000] {processor.py:208} INFO - Processing /opt/airflow/dags/06_xcom.py took 0.199 seconds
[2026-07-10T00:15:24.182+0000] {processor.py:186} INFO - Started process (PID=10036) to work on /opt/airflow/dags/06_xcom.py
[2026-07-10T00:15:24.188+0000] {processor.py:914} INFO - Processing file /opt/airflow/dags/06_xcom.py for tasks to queue
[2026-07-10T00:15:24.195+0000] {logging_mixin.py:190} INFO - [2026-07-10T00:15:24.195+0000] {dagbag.py:588} INFO - Filling up the DagBag from /opt/airflow/dags/06_xcom.py
[2026-07-10T00:15:24.214+0000] {processor.py:925} INFO - DAG(s) '06_xcom' retrieved from /opt/airflow/dags/06_xcom.py
[2026-07-10T00:15:24.254+0000] {logging_mixin.py:190} INFO - [2026-07-10T00:15:24.254+0000] {dag.py:3239} INFO - Sync 1 DAGs
[2026-07-10T00:15:24.277+0000] {logging_mixin.py:190} INFO - [2026-07-10T00:15:24.277+0000] {dag.py:4180} INFO - Setting next_dagrun for 06_xcom to None, run_after=None
[2026-07-10T00:15:24.299+0000] {processor.py:208} INFO - Processing /opt/airflow/dags/06_xcom.py took 0.156 seconds
[2026-07-10T00:15:55.122+0000] {processor.py:186} INFO - Started process (PID=10071) to work on /opt/airflow/dags/06_xcom.py
[2026-07-10T00:15:55.125+0000] {processor.py:914} INFO - Processing file /opt/airflow/dags/06_xcom.py for tasks to queue
[2026-07-10T00:15:55.134+0000] {logging_mixin.py:190} INFO - [2026-07-10T00:15:55.132+0000] {dagbag.py:588} INFO - Filling up the DagBag from /opt/airflow/dags/06_xcom.py
[2026-07-10T00:15:55.152+0000] {processor.py:925} INFO - DAG(s) '06_xcom' retrieved from /opt/airflow/dags/06_xcom.py
[2026-07-10T00:15:55.197+0000] {logging_mixin.py:190} INFO - [2026-07-10T00:15:55.197+0000] {dag.py:3239} INFO - Sync 1 DAGs
[2026-07-10T00:15:55.214+0000] {logging_mixin.py:190} INFO - [2026-07-10T00:15:55.214+0000] {dag.py:4180} INFO - Setting next_dagrun for 06_xcom to None, run_after=None
[2026-07-10T00:15:55.235+0000] {processor.py:208} INFO - Processing /opt/airflow/dags/06_xcom.py took 0.142 seconds
[2026-07-10T00:16:26.269+0000] {processor.py:186} INFO - Started process (PID=10106) to work on /opt/airflow/dags/06_xcom.py
[2026-07-10T00:16:26.271+0000] {processor.py:914} INFO - Processing file /opt/airflow/dags/06_xcom.py for tasks to queue
[2026-07-10T00:16:26.275+0000] {logging_mixin.py:190} INFO - [2026-07-10T00:16:26.275+0000] {dagbag.py:588} INFO - Filling up the DagBag from /opt/airflow/dags/06_xcom.py
[2026-07-10T00:16:26.300+0000] {processor.py:925} INFO - DAG(s) '06_xcom' retrieved from /opt/airflow/dags/06_xcom.py
[2026-07-10T00:16:26.354+0000] {logging_mixin.py:190} INFO - [2026-07-10T00:16:26.354+0000] {dag.py:3239} INFO - Sync 1 DAGs
[2026-07-10T00:16:26.373+0000] {logging_mixin.py:190} INFO - [2026-07-10T00:16:26.373+0000] {dag.py:4180} INFO - Setting next_dagrun for 06_xcom to None, run_after=None
[2026-07-10T00:16:26.399+0000] {processor.py:208} INFO - Processing /opt/airflow/dags/06_xcom.py took 0.203 seconds
[2026-07-10T00:16:57.187+0000] {processor.py:186} INFO - Started process (PID=10141) to work on /opt/airflow/dags/06_xcom.py
[2026-07-10T00:16:57.188+0000] {processor.py:914} INFO - Processing file /opt/airflow/dags/06_xcom.py for tasks to queue
[2026-07-10T00:16:57.192+0000] {logging_mixin.py:190} INFO - [2026-07-10T00:16:57.191+0000] {dagbag.py:588} INFO - Filling up the DagBag from /opt/airflow/dags/06_xcom.py
[2026-07-10T00:16:57.203+0000] {processor.py:925} INFO - DAG(s) '06_xcom' retrieved from /opt/airflow/dags/06_xcom.py
[2026-07-10T00:16:57.240+0000] {logging_mixin.py:190} INFO - [2026-07-10T00:16:57.240+0000] {dag.py:3239} INFO - Sync 1 DAGs
[2026-07-10T00:16:57.257+0000] {logging_mixin.py:190} INFO - [2026-07-10T00:16:57.257+0000] {dag.py:4180} INFO - Setting next_dagrun for 06_xcom to None, run_after=None
[2026-07-10T00:16:57.279+0000] {processor.py:208} INFO - Processing /opt/airflow/dags/06_xcom.py took 0.100 seconds
[2026-07-10T00:17:28.236+0000] {processor.py:186} INFO - Started process (PID=10176) to work on /opt/airflow/dags/06_xcom.py
[2026-07-10T00:17:28.244+0000] {processor.py:914} INFO - Processing file /opt/airflow/dags/06_xcom.py for tasks to queue
[2026-07-10T00:17:28.259+0000] {logging_mixin.py:190} INFO - [2026-07-10T00:17:28.257+0000] {dagbag.py:588} INFO - Filling up the DagBag from /opt/airflow/dags/06_xcom.py
[2026-07-10T00:17:28.294+0000] {processor.py:925} INFO - DAG(s) '06_xcom' retrieved from /opt/airflow/dags/06_xcom.py
[2026-07-10T00:17:28.357+0000] {logging_mixin.py:190} INFO - [2026-07-10T00:17:28.356+0000] {dag.py:3239} INFO - Sync 1 DAGs
[2026-07-10T00:17:28.382+0000] {logging_mixin.py:190} INFO - [2026-07-10T00:17:28.382+0000] {dag.py:4180} INFO - Setting next_dagrun for 06_xcom to None, run_after=None
[2026-07-10T00:17:28.412+0000] {processor.py:208} INFO - Processing /opt/airflow/dags/06_xcom.py took 0.221 seconds
[2026-07-10T00:17:58.793+0000] {processor.py:186} INFO - Started process (PID=10211) to work on /opt/airflow/dags/06_xcom.py
[2026-07-10T00:17:58.798+0000] {processor.py:914} INFO - Processing file /opt/airflow/dags/06_xcom.py for tasks to queue
[2026-07-10T00:17:58.819+0000] {logging_mixin.py:190} INFO - [2026-07-10T00:17:58.817+0000] {dagbag.py:588} INFO - Filling up the DagBag from /opt/airflow/dags/06_xcom.py
[2026-07-10T00:17:58.849+0000] {processor.py:925} INFO - DAG(s) '06_xcom' retrieved from /opt/airflow/dags/06_xcom.py
[2026-07-10T00:17:58.897+0000] {logging_mixin.py:190} INFO - [2026-07-10T00:17:58.896+0000] {dag.py:3239} INFO - Sync 1 DAGs
[2026-07-10T00:17:58.914+0000] {logging_mixin.py:190} INFO - [2026-07-10T00:17:58.914+0000] {dag.py:4180} INFO - Setting next_dagrun for 06_xcom to None, run_after=None
[2026-07-10T00:17:58.942+0000] {processor.py:208} INFO - Processing /opt/airflow/dags/06_xcom.py took 0.191 seconds
[2026-07-10T00:18:30.013+0000] {processor.py:186} INFO - Started process (PID=10246) to work on /opt/airflow/dags/06_xcom.py
[2026-07-10T00:18:30.016+0000] {processor.py:914} INFO - Processing file /opt/airflow/dags/06_xcom.py for tasks to queue
[2026-07-10T00:18:30.022+0000] {logging_mixin.py:190} INFO - [2026-07-10T00:18:30.021+0000] {dagbag.py:588} INFO - Filling up the DagBag from /opt/airflow/dags/06_xcom.py
[2026-07-10T00:18:30.044+0000] {processor.py:925} INFO - DAG(s) '06_xcom' retrieved from /opt/airflow/dags/06_xcom.py
[2026-07-10T00:18:30.091+0000] {logging_mixin.py:190} INFO - [2026-07-10T00:18:30.091+0000] {dag.py:3239} INFO - Sync 1 DAGs
[2026-07-10T00:18:30.110+0000] {logging_mixin.py:190} INFO - [2026-07-10T00:18:30.110+0000] {dag.py:4180} INFO - Setting next_dagrun for 06_xcom to None, run_after=None
[2026-07-10T00:18:30.140+0000] {processor.py:208} INFO - Processing /opt/airflow/dags/06_xcom.py took 0.154 seconds
[2026-07-10T00:19:01.142+0000] {processor.py:186} INFO - Started process (PID=10281) to work on /opt/airflow/dags/06_xcom.py
[2026-07-10T00:19:01.145+0000] {processor.py:914} INFO - Processing file /opt/airflow/dags/06_xcom.py for tasks to queue
[2026-07-10T00:19:01.151+0000] {logging_mixin.py:190} INFO - [2026-07-10T00:19:01.150+0000] {dagbag.py:588} INFO - Filling up the DagBag from /opt/airflow/dags/06_xcom.py
[2026-07-10T00:19:01.170+0000] {processor.py:925} INFO - DAG(s) '06_xcom' retrieved from /opt/airflow/dags/06_xcom.py
[2026-07-10T00:19:01.234+0000] {logging_mixin.py:190} INFO - [2026-07-10T00:19:01.233+0000] {dag.py:3239} INFO - Sync 1 DAGs
[2026-07-10T00:19:01.257+0000] {logging_mixin.py:190} INFO - [2026-07-10T00:19:01.257+0000] {dag.py:4180} INFO - Setting next_dagrun for 06_xcom to None, run_after=None
[2026-07-10T00:19:01.283+0000] {processor.py:208} INFO - Processing /opt/airflow/dags/06_xcom.py took 0.156 seconds
[2026-07-10T00:19:32.287+0000] {processor.py:186} INFO - Started process (PID=10316) to work on /opt/airflow/dags/06_xcom.py
[2026-07-10T00:19:32.297+0000] {processor.py:914} INFO - Processing file /opt/airflow/dags/06_xcom.py for tasks to queue
[2026-07-10T00:19:32.315+0000] {logging_mixin.py:190} INFO - [2026-07-10T00:19:32.313+0000] {dagbag.py:588} INFO - Filling up the DagBag from /opt/airflow/dags/06_xcom.py
[2026-07-10T00:19:32.339+0000] {processor.py:925} INFO - DAG(s) '06_xcom' retrieved from /opt/airflow/dags/06_xcom.py
[2026-07-10T00:19:32.385+0000] {logging_mixin.py:190} INFO - [2026-07-10T00:19:32.384+0000] {dag.py:3239} INFO - Sync 1 DAGs
[2026-07-10T00:19:32.406+0000] {logging_mixin.py:190} INFO - [2026-07-10T00:19:32.406+0000] {dag.py:4180} INFO - Setting next_dagrun for 06_xcom to None, run_after=None
[2026-07-10T00:19:32.432+0000] {processor.py:208} INFO - Processing /opt/airflow/dags/06_xcom.py took 0.192 seconds
[2026-07-10T00:20:02.592+0000] {processor.py:186} INFO - Started process (PID=10351) to work on /opt/airflow/dags/06_xcom.py
[2026-07-10T00:20:02.598+0000] {processor.py:914} INFO - Processing file /opt/airflow/dags/06_xcom.py for tasks to queue
[2026-07-10T00:20:02.607+0000] {logging_mixin.py:190} INFO - [2026-07-10T00:20:02.606+0000] {dagbag.py:588} INFO - Filling up the DagBag from /opt/airflow/dags/06_xcom.py
[2026-07-10T00:20:02.634+0000] {processor.py:925} INFO - DAG(s) '06_xcom' retrieved from /opt/airflow/dags/06_xcom.py
[2026-07-10T00:20:02.695+0000] {logging_mixin.py:190} INFO - [2026-07-10T00:20:02.694+0000] {dag.py:3239} INFO - Sync 1 DAGs
[2026-07-10T00:20:02.714+0000] {logging_mixin.py:190} INFO - [2026-07-10T00:20:02.714+0000] {dag.py:4180} INFO - Setting next_dagrun for 06_xcom to None, run_after=None
[2026-07-10T00:20:02.741+0000] {processor.py:208} INFO - Processing /opt/airflow/dags/06_xcom.py took 0.211 seconds
[2026-07-10T00:20:33.597+0000] {processor.py:186} INFO - Started process (PID=10386) to work on /opt/airflow/dags/06_xcom.py
[2026-07-10T00:20:33.604+0000] {processor.py:914} INFO - Processing file /opt/airflow/dags/06_xcom.py for tasks to queue
[2026-07-10T00:20:33.611+0000] {logging_mixin.py:190} INFO - [2026-07-10T00:20:33.610+0000] {dagbag.py:588} INFO - Filling up the DagBag from /opt/airflow/dags/06_xcom.py
[2026-07-10T00:20:33.634+0000] {processor.py:925} INFO - DAG(s) '06_xcom' retrieved from /opt/airflow/dags/06_xcom.py
[2026-07-10T00:20:33.677+0000] {logging_mixin.py:190} INFO - [2026-07-10T00:20:33.676+0000] {dag.py:3239} INFO - Sync 1 DAGs
[2026-07-10T00:20:33.703+0000] {logging_mixin.py:190} INFO - [2026-07-10T00:20:33.703+0000] {dag.py:4180} INFO - Setting next_dagrun for 06_xcom to None, run_after=None
[2026-07-10T00:20:33.726+0000] {processor.py:208} INFO - Processing /opt/airflow/dags/06_xcom.py took 0.194 seconds
[2026-07-10T00:21:04.549+0000] {processor.py:186} INFO - Started process (PID=10421) to work on /opt/airflow/dags/06_xcom.py
[2026-07-10T00:21:04.551+0000] {processor.py:914} INFO - Processing file /opt/airflow/dags/06_xcom.py for tasks to queue
[2026-07-10T00:21:04.554+0000] {logging_mixin.py:190} INFO - [2026-07-10T00:21:04.554+0000] {dagbag.py:588} INFO - Filling up the DagBag from /opt/airflow/dags/06_xcom.py
[2026-07-10T00:21:04.570+0000] {processor.py:925} INFO - DAG(s) '06_xcom' retrieved from /opt/airflow/dags/06_xcom.py
[2026-07-10T00:21:04.617+0000] {logging_mixin.py:190} INFO - [2026-07-10T00:21:04.617+0000] {dag.py:3239} INFO - Sync 1 DAGs
[2026-07-10T00:21:04.641+0000] {logging_mixin.py:190} INFO - [2026-07-10T00:21:04.641+0000] {dag.py:4180} INFO - Setting next_dagrun for 06_xcom to None, run_after=None
[2026-07-10T00:21:04.671+0000] {processor.py:208} INFO - Processing /opt/airflow/dags/06_xcom.py took 0.144 seconds
[2026-07-10T00:21:35.649+0000] {processor.py:186} INFO - Started process (PID=10456) to work on /opt/airflow/dags/06_xcom.py
[2026-07-10T00:21:35.654+0000] {processor.py:914} INFO - Processing file /opt/airflow/dags/06_xcom.py for tasks to queue
[2026-07-10T00:21:35.662+0000] {logging_mixin.py:190} INFO - [2026-07-10T00:21:35.661+0000] {dagbag.py:588} INFO - Filling up the DagBag from /opt/airflow/dags/06_xcom.py
[2026-07-10T00:21:35.679+0000] {processor.py:925} INFO - DAG(s) '06_xcom' retrieved from /opt/airflow/dags/06_xcom.py
[2026-07-10T00:21:35.726+0000] {logging_mixin.py:190} INFO - [2026-07-10T00:21:35.725+0000] {dag.py:3239} INFO - Sync 1 DAGs
[2026-07-10T00:21:35.754+0000] {logging_mixin.py:190} INFO - [2026-07-10T00:21:35.754+0000] {dag.py:4180} INFO - Setting next_dagrun for 06_xcom to None, run_after=None
[2026-07-10T00:21:35.784+0000] {processor.py:208} INFO - Processing /opt/airflow/dags/06_xcom.py took 0.193 seconds
[2026-07-10T00:22:06.886+0000] {processor.py:186} INFO - Started process (PID=10491) to work on /opt/airflow/dags/06_xcom.py
[2026-07-10T00:22:06.889+0000] {processor.py:914} INFO - Processing file /opt/airflow/dags/06_xcom.py for tasks to queue
[2026-07-10T00:22:06.897+0000] {logging_mixin.py:190} INFO - [2026-07-10T00:22:06.896+0000] {dagbag.py:588} INFO - Filling up the DagBag from /opt/airflow/dags/06_xcom.py
[2026-07-10T00:22:06.927+0000] {processor.py:925} INFO - DAG(s) '06_xcom' retrieved from /opt/airflow/dags/06_xcom.py
[2026-07-10T00:22:06.983+0000] {logging_mixin.py:190} INFO - [2026-07-10T00:22:06.982+0000] {dag.py:3239} INFO - Sync 1 DAGs
[2026-07-10T00:22:07.001+0000] {logging_mixin.py:190} INFO - [2026-07-10T00:22:07.000+0000] {dag.py:4180} INFO - Setting next_dagrun for 06_xcom to None, run_after=None
[2026-07-10T00:22:07.026+0000] {processor.py:208} INFO - Processing /opt/airflow/dags/06_xcom.py took 0.173 seconds
[2026-07-10T00:22:37.984+0000] {processor.py:186} INFO - Started process (PID=10526) to work on /opt/airflow/dags/06_xcom.py
[2026-07-10T00:22:37.987+0000] {processor.py:914} INFO - Processing file /opt/airflow/dags/06_xcom.py for tasks to queue
[2026-07-10T00:22:37.992+0000] {logging_mixin.py:190} INFO - [2026-07-10T00:22:37.991+0000] {dagbag.py:588} INFO - Filling up the DagBag from /opt/airflow/dags/06_xcom.py
[2026-07-10T00:22:38.007+0000] {processor.py:925} INFO - DAG(s) '06_xcom' retrieved from /opt/airflow/dags/06_xcom.py
[2026-07-10T00:22:38.053+0000] {logging_mixin.py:190} INFO - [2026-07-10T00:22:38.053+0000] {dag.py:3239} INFO - Sync 1 DAGs
[2026-07-10T00:22:38.071+0000] {logging_mixin.py:190} INFO - [2026-07-10T00:22:38.071+0000] {dag.py:4180} INFO - Setting next_dagrun for 06_xcom to None, run_after=None
[2026-07-10T00:22:38.094+0000] {processor.py:208} INFO - Processing /opt/airflow/dags/06_xcom.py took 0.123 seconds
[2026-07-10T00:23:09.092+0000] {processor.py:186} INFO - Started process (PID=10561) to work on /opt/airflow/dags/06_xcom.py
[2026-07-10T00:23:09.097+0000] {processor.py:914} INFO - Processing file /opt/airflow/dags/06_xcom.py for tasks to queue
[2026-07-10T00:23:09.105+0000] {logging_mixin.py:190} INFO - [2026-07-10T00:23:09.104+0000] {dagbag.py:588} INFO - Filling up the DagBag from /opt/airflow/dags/06_xcom.py
[2026-07-10T00:23:09.133+0000] {processor.py:925} INFO - DAG(s) '06_xcom' retrieved from /opt/airflow/dags/06_xcom.py
[2026-07-10T00:23:09.183+0000] {logging_mixin.py:190} INFO - [2026-07-10T00:23:09.182+0000] {dag.py:3239} INFO - Sync 1 DAGs
[2026-07-10T00:23:09.204+0000] {logging_mixin.py:190} INFO - [2026-07-10T00:23:09.204+0000] {dag.py:4180} INFO - Setting next_dagrun for 06_xcom to None, run_after=None
[2026-07-10T00:23:09.226+0000] {processor.py:208} INFO - Processing /opt/airflow/dags/06_xcom.py took 0.161 seconds
[2026-07-10T00:23:39.347+0000] {processor.py:186} INFO - Started process (PID=10596) to work on /opt/airflow/dags/06_xcom.py
[2026-07-10T00:23:39.351+0000] {processor.py:914} INFO - Processing file /opt/airflow/dags/06_xcom.py for tasks to queue
[2026-07-10T00:23:39.363+0000] {logging_mixin.py:190} INFO - [2026-07-10T00:23:39.361+0000] {dagbag.py:588} INFO - Filling up the DagBag from /opt/airflow/dags/06_xcom.py
[2026-07-10T00:23:39.413+0000] {processor.py:925} INFO - DAG(s) '06_xcom' retrieved from /opt/airflow/dags/06_xcom.py
[2026-07-10T00:23:39.470+0000] {logging_mixin.py:190} INFO - [2026-07-10T00:23:39.469+0000] {dag.py:3239} INFO - Sync 1 DAGs
[2026-07-10T00:23:39.489+0000] {logging_mixin.py:190} INFO - [2026-07-10T00:23:39.489+0000] {dag.py:4180} INFO - Setting next_dagrun for 06_xcom to None, run_after=None
[2026-07-10T00:23:39.510+0000] {processor.py:208} INFO - Processing /opt/airflow/dags/06_xcom.py took 0.197 seconds
[2026-07-10T00:24:10.462+0000] {processor.py:186} INFO - Started process (PID=10631) to work on /opt/airflow/dags/06_xcom.py
[2026-07-10T00:24:10.468+0000] {processor.py:914} INFO - Processing file /opt/airflow/dags/06_xcom.py for tasks to queue
[2026-07-10T00:24:10.486+0000] {logging_mixin.py:190} INFO - [2026-07-10T00:24:10.484+0000] {dagbag.py:588} INFO - Filling up the DagBag from /opt/airflow/dags/06_xcom.py
[2026-07-10T00:24:10.534+0000] {processor.py:925} INFO - DAG(s) '06_xcom' retrieved from /opt/airflow/dags/06_xcom.py
[2026-07-10T00:24:10.604+0000] {logging_mixin.py:190} INFO - [2026-07-10T00:24:10.604+0000] {dag.py:3239} INFO - Sync 1 DAGs
[2026-07-10T00:24:10.632+0000] {logging_mixin.py:190} INFO - [2026-07-10T00:24:10.632+0000] {dag.py:4180} INFO - Setting next_dagrun for 06_xcom to None, run_after=None
[2026-07-10T00:24:10.656+0000] {processor.py:208} INFO - Processing /opt/airflow/dags/06_xcom.py took 0.234 seconds
[2026-07-10T00:24:41.682+0000] {processor.py:186} INFO - Started process (PID=10666) to work on /opt/airflow/dags/06_xcom.py
[2026-07-10T00:24:41.685+0000] {processor.py:914} INFO - Processing file /opt/airflow/dags/06_xcom.py for tasks to queue
[2026-07-10T00:24:41.692+0000] {logging_mixin.py:190} INFO - [2026-07-10T00:24:41.691+0000] {dagbag.py:588} INFO - Filling up the DagBag from /opt/airflow/dags/06_xcom.py
[2026-07-10T00:24:41.707+0000] {processor.py:925} INFO - DAG(s) '06_xcom' retrieved from /opt/airflow/dags/06_xcom.py
[2026-07-10T00:24:41.748+0000] {logging_mixin.py:190} INFO - [2026-07-10T00:24:41.748+0000] {dag.py:3239} INFO - Sync 1 DAGs
[2026-07-10T00:24:41.770+0000] {logging_mixin.py:190} INFO - [2026-07-10T00:24:41.770+0000] {dag.py:4180} INFO - Setting next_dagrun for 06_xcom to None, run_after=None
[2026-07-10T00:24:41.794+0000] {processor.py:208} INFO - Processing /opt/airflow/dags/06_xcom.py took 0.147 seconds
[2026-07-10T00:25:11.937+0000] {processor.py:186} INFO - Started process (PID=10701) to work on /opt/airflow/dags/06_xcom.py
[2026-07-10T00:25:11.941+0000] {processor.py:914} INFO - Processing file /opt/airflow/dags/06_xcom.py for tasks to queue
[2026-07-10T00:25:11.953+0000] {logging_mixin.py:190} INFO - [2026-07-10T00:25:11.952+0000] {dagbag.py:588} INFO - Filling up the DagBag from /opt/airflow/dags/06_xcom.py
[2026-07-10T00:25:11.992+0000] {processor.py:925} INFO - DAG(s) '06_xcom' retrieved from /opt/airflow/dags/06_xcom.py
[2026-07-10T00:25:12.052+0000] {logging_mixin.py:190} INFO - [2026-07-10T00:25:12.052+0000] {dag.py:3239} INFO - Sync 1 DAGs
[2026-07-10T00:25:12.068+0000] {logging_mixin.py:190} INFO - [2026-07-10T00:25:12.068+0000] {dag.py:4180} INFO - Setting next_dagrun for 06_xcom to None, run_after=None
[2026-07-10T00:25:12.089+0000] {processor.py:208} INFO - Processing /opt/airflow/dags/06_xcom.py took 0.183 seconds
[2026-07-10T00:25:43.117+0000] {processor.py:186} INFO - Started process (PID=10736) to work on /opt/airflow/dags/06_xcom.py
[2026-07-10T00:25:43.122+0000] {processor.py:914} INFO - Processing file /opt/airflow/dags/06_xcom.py for tasks to queue
[2026-07-10T00:25:43.133+0000] {logging_mixin.py:190} INFO - [2026-07-10T00:25:43.131+0000] {dagbag.py:588} INFO - Filling up the DagBag from /opt/airflow/dags/06_xcom.py
[2026-07-10T00:25:43.174+0000] {processor.py:925} INFO - DAG(s) '06_xcom' retrieved from /opt/airflow/dags/06_xcom.py
[2026-07-10T00:25:43.257+0000] {logging_mixin.py:190} INFO - [2026-07-10T00:25:43.257+0000] {dag.py:3239} INFO - Sync 1 DAGs
[2026-07-10T00:25:43.287+0000] {logging_mixin.py:190} INFO - [2026-07-10T00:25:43.287+0000] {dag.py:4180} INFO - Setting next_dagrun for 06_xcom to None, run_after=None
[2026-07-10T00:25:43.324+0000] {processor.py:208} INFO - Processing /opt/airflow/dags/06_xcom.py took 0.253 seconds
[2026-07-10T00:26:14.209+0000] {processor.py:186} INFO - Started process (PID=10771) to work on /opt/airflow/dags/06_xcom.py
[2026-07-10T00:26:14.214+0000] {processor.py:914} INFO - Processing file /opt/airflow/dags/06_xcom.py for tasks to queue
[2026-07-10T00:26:14.230+0000] {logging_mixin.py:190} INFO - [2026-07-10T00:26:14.229+0000] {dagbag.py:588} INFO - Filling up the DagBag from /opt/airflow/dags/06_xcom.py
[2026-07-10T00:26:14.259+0000] {processor.py:925} INFO - DAG(s) '06_xcom' retrieved from /opt/airflow/dags/06_xcom.py
[2026-07-10T00:26:14.308+0000] {logging_mixin.py:190} INFO - [2026-07-10T00:26:14.308+0000] {dag.py:3239} INFO - Sync 1 DAGs
[2026-07-10T00:26:14.327+0000] {logging_mixin.py:190} INFO - [2026-07-10T00:26:14.327+0000] {dag.py:4180} INFO - Setting next_dagrun for 06_xcom to None, run_after=None
[2026-07-10T00:26:14.355+0000] {processor.py:208} INFO - Processing /opt/airflow/dags/06_xcom.py took 0.194 seconds
[2026-07-10T00:26:45.127+0000] {processor.py:186} INFO - Started process (PID=10806) to work on /opt/airflow/dags/06_xcom.py
[2026-07-10T00:26:45.130+0000] {processor.py:914} INFO - Processing file /opt/airflow/dags/06_xcom.py for tasks to queue
[2026-07-10T00:26:45.137+0000] {logging_mixin.py:190} INFO - [2026-07-10T00:26:45.136+0000] {dagbag.py:588} INFO - Filling up the DagBag from /opt/airflow/dags/06_xcom.py
[2026-07-10T00:26:45.160+0000] {processor.py:925} INFO - DAG(s) '06_xcom' retrieved from /opt/airflow/dags/06_xcom.py
[2026-07-10T00:26:45.245+0000] {logging_mixin.py:190} INFO - [2026-07-10T00:26:45.245+0000] {dag.py:3239} INFO - Sync 1 DAGs
[2026-07-10T00:26:45.293+0000] {logging_mixin.py:190} INFO - [2026-07-10T00:26:45.293+0000] {dag.py:4180} INFO - Setting next_dagrun for 06_xcom to None, run_after=None
[2026-07-10T00:26:45.346+0000] {processor.py:208} INFO - Processing /opt/airflow/dags/06_xcom.py took 0.239 seconds
[2026-07-10T00:27:15.723+0000] {processor.py:186} INFO - Started process (PID=10841) to work on /opt/airflow/dags/06_xcom.py
[2026-07-10T00:27:15.728+0000] {processor.py:914} INFO - Processing file /opt/airflow/dags/06_xcom.py for tasks to queue
[2026-07-10T00:27:15.745+0000] {logging_mixin.py:190} INFO - [2026-07-10T00:27:15.742+0000] {dagbag.py:588} INFO - Filling up the DagBag from /opt/airflow/dags/06_xcom.py
[2026-07-10T00:27:15.810+0000] {processor.py:925} INFO - DAG(s) '06_xcom' retrieved from /opt/airflow/dags/06_xcom.py
[2026-07-10T00:27:15.872+0000] {logging_mixin.py:190} INFO - [2026-07-10T00:27:15.872+0000] {dag.py:3239} INFO - Sync 1 DAGs
[2026-07-10T00:27:15.890+0000] {logging_mixin.py:190} INFO - [2026-07-10T00:27:15.889+0000] {dag.py:4180} INFO - Setting next_dagrun for 06_xcom to None, run_after=None
[2026-07-10T00:27:15.909+0000] {processor.py:208} INFO - Processing /opt/airflow/dags/06_xcom.py took 0.232 seconds
[2026-07-10T00:27:46.116+0000] {processor.py:186} INFO - Started process (PID=10876) to work on /opt/airflow/dags/06_xcom.py
[2026-07-10T00:27:46.122+0000] {processor.py:914} INFO - Processing file /opt/airflow/dags/06_xcom.py for tasks to queue
[2026-07-10T00:27:46.129+0000] {logging_mixin.py:190} INFO - [2026-07-10T00:27:46.128+0000] {dagbag.py:588} INFO - Filling up the DagBag from /opt/airflow/dags/06_xcom.py
[2026-07-10T00:27:46.155+0000] {processor.py:925} INFO - DAG(s) '06_xcom' retrieved from /opt/airflow/dags/06_xcom.py
[2026-07-10T00:27:46.217+0000] {logging_mixin.py:190} INFO - [2026-07-10T00:27:46.216+0000] {dag.py:3239} INFO - Sync 1 DAGs
[2026-07-10T00:27:46.246+0000] {logging_mixin.py:190} INFO - [2026-07-10T00:27:46.246+0000] {dag.py:4180} INFO - Setting next_dagrun for 06_xcom to None, run_after=None
[2026-07-10T00:27:46.290+0000] {processor.py:208} INFO - Processing /opt/airflow/dags/06_xcom.py took 0.223 seconds
[2026-07-10T00:28:17.134+0000] {processor.py:186} INFO - Started process (PID=10911) to work on /opt/airflow/dags/06_xcom.py
[2026-07-10T00:28:17.135+0000] {processor.py:914} INFO - Processing file /opt/airflow/dags/06_xcom.py for tasks to queue
[2026-07-10T00:28:17.140+0000] {logging_mixin.py:190} INFO - [2026-07-10T00:28:17.139+0000] {dagbag.py:588} INFO - Filling up the DagBag from /opt/airflow/dags/06_xcom.py
[2026-07-10T00:28:17.158+0000] {processor.py:925} INFO - DAG(s) '06_xcom' retrieved from /opt/airflow/dags/06_xcom.py
[2026-07-10T00:28:17.217+0000] {logging_mixin.py:190} INFO - [2026-07-10T00:28:17.216+0000] {dag.py:3239} INFO - Sync 1 DAGs
[2026-07-10T00:28:17.245+0000] {logging_mixin.py:190} INFO - [2026-07-10T00:28:17.245+0000] {dag.py:4180} INFO - Setting next_dagrun for 06_xcom to None, run_after=None
[2026-07-10T00:28:17.276+0000] {processor.py:208} INFO - Processing /opt/airflow/dags/06_xcom.py took 0.152 seconds
[2026-07-10T00:28:48.281+0000] {processor.py:186} INFO - Started process (PID=10946) to work on /opt/airflow/dags/06_xcom.py
[2026-07-10T00:28:48.283+0000] {processor.py:914} INFO - Processing file /opt/airflow/dags/06_xcom.py for tasks to queue
[2026-07-10T00:28:48.292+0000] {logging_mixin.py:190} INFO - [2026-07-10T00:28:48.289+0000] {dagbag.py:588} INFO - Filling up the DagBag from /opt/airflow/dags/06_xcom.py
[2026-07-10T00:28:48.312+0000] {processor.py:925} INFO - DAG(s) '06_xcom' retrieved from /opt/airflow/dags/06_xcom.py
[2026-07-10T00:28:48.361+0000] {logging_mixin.py:190} INFO - [2026-07-10T00:28:48.361+0000] {dag.py:3239} INFO - Sync 1 DAGs
[2026-07-10T00:28:48.379+0000] {logging_mixin.py:190} INFO - [2026-07-10T00:28:48.379+0000] {dag.py:4180} INFO - Setting next_dagrun for 06_xcom to None, run_after=None
[2026-07-10T00:28:48.403+0000] {processor.py:208} INFO - Processing /opt/airflow/dags/06_xcom.py took 0.144 seconds
[2026-07-10T00:29:19.236+0000] {processor.py:186} INFO - Started process (PID=10981) to work on /opt/airflow/dags/06_xcom.py
[2026-07-10T00:29:19.238+0000] {processor.py:914} INFO - Processing file /opt/airflow/dags/06_xcom.py for tasks to queue
[2026-07-10T00:29:19.247+0000] {logging_mixin.py:190} INFO - [2026-07-10T00:29:19.244+0000] {dagbag.py:588} INFO - Filling up the DagBag from /opt/airflow/dags/06_xcom.py
[2026-07-10T00:29:19.269+0000] {processor.py:925} INFO - DAG(s) '06_xcom' retrieved from /opt/airflow/dags/06_xcom.py
[2026-07-10T00:29:19.322+0000] {logging_mixin.py:190} INFO - [2026-07-10T00:29:19.321+0000] {dag.py:3239} INFO - Sync 1 DAGs
[2026-07-10T00:29:19.355+0000] {logging_mixin.py:190} INFO - [2026-07-10T00:29:19.355+0000] {dag.py:4180} INFO - Setting next_dagrun for 06_xcom to None, run_after=None
[2026-07-10T00:29:19.380+0000] {processor.py:208} INFO - Processing /opt/airflow/dags/06_xcom.py took 0.168 seconds
[2026-07-10T00:29:49.587+0000] {processor.py:186} INFO - Started process (PID=11016) to work on /opt/airflow/dags/06_xcom.py
[2026-07-10T00:29:49.589+0000] {processor.py:914} INFO - Processing file /opt/airflow/dags/06_xcom.py for tasks to queue
[2026-07-10T00:29:49.599+0000] {logging_mixin.py:190} INFO - [2026-07-10T00:29:49.597+0000] {dagbag.py:588} INFO - Filling up the DagBag from /opt/airflow/dags/06_xcom.py
[2026-07-10T00:29:49.625+0000] {processor.py:925} INFO - DAG(s) '06_xcom' retrieved from /opt/airflow/dags/06_xcom.py
[2026-07-10T00:29:49.675+0000] {logging_mixin.py:190} INFO - [2026-07-10T00:29:49.675+0000] {dag.py:3239} INFO - Sync 1 DAGs
[2026-07-10T00:29:49.700+0000] {logging_mixin.py:190} INFO - [2026-07-10T00:29:49.699+0000] {dag.py:4180} INFO - Setting next_dagrun for 06_xcom to None, run_after=None
[2026-07-10T00:29:49.723+0000] {processor.py:208} INFO - Processing /opt/airflow/dags/06_xcom.py took 0.182 seconds
[2026-07-10T00:30:19.853+0000] {processor.py:186} INFO - Started process (PID=11051) to work on /opt/airflow/dags/06_xcom.py
[2026-07-10T00:30:19.856+0000] {processor.py:914} INFO - Processing file /opt/airflow/dags/06_xcom.py for tasks to queue
[2026-07-10T00:30:19.860+0000] {logging_mixin.py:190} INFO - [2026-07-10T00:30:19.859+0000] {dagbag.py:588} INFO - Filling up the DagBag from /opt/airflow/dags/06_xcom.py
[2026-07-10T00:30:19.879+0000] {processor.py:925} INFO - DAG(s) '06_xcom' retrieved from /opt/airflow/dags/06_xcom.py
[2026-07-10T00:30:19.964+0000] {logging_mixin.py:190} INFO - [2026-07-10T00:30:19.963+0000] {dag.py:3239} INFO - Sync 1 DAGs
[2026-07-10T00:30:19.987+0000] {logging_mixin.py:190} INFO - [2026-07-10T00:30:19.987+0000] {dag.py:4180} INFO - Setting next_dagrun for 06_xcom to None, run_after=None
[2026-07-10T00:30:20.020+0000] {processor.py:208} INFO - Processing /opt/airflow/dags/06_xcom.py took 0.191 seconds
[2026-07-10T00:30:51.077+0000] {processor.py:186} INFO - Started process (PID=11086) to work on /opt/airflow/dags/06_xcom.py
[2026-07-10T00:30:51.080+0000] {processor.py:914} INFO - Processing file /opt/airflow/dags/06_xcom.py for tasks to queue
[2026-07-10T00:30:51.086+0000] {logging_mixin.py:190} INFO - [2026-07-10T00:30:51.085+0000] {dagbag.py:588} INFO - Filling up the DagBag from /opt/airflow/dags/06_xcom.py
[2026-07-10T00:30:51.105+0000] {processor.py:925} INFO - DAG(s) '06_xcom' retrieved from /opt/airflow/dags/06_xcom.py
[2026-07-10T00:30:51.147+0000] {logging_mixin.py:190} INFO - [2026-07-10T00:30:51.147+0000] {dag.py:3239} INFO - Sync 1 DAGs
[2026-07-10T00:30:51.164+0000] {logging_mixin.py:190} INFO - [2026-07-10T00:30:51.164+0000] {dag.py:4180} INFO - Setting next_dagrun for 06_xcom to None, run_after=None
[2026-07-10T00:30:51.189+0000] {processor.py:208} INFO - Processing /opt/airflow/dags/06_xcom.py took 0.139 seconds
[2026-07-10T00:31:22.174+0000] {processor.py:186} INFO - Started process (PID=11121) to work on /opt/airflow/dags/06_xcom.py
[2026-07-10T00:31:22.180+0000] {processor.py:914} INFO - Processing file /opt/airflow/dags/06_xcom.py for tasks to queue
[2026-07-10T00:31:22.191+0000] {logging_mixin.py:190} INFO - [2026-07-10T00:31:22.190+0000] {dagbag.py:588} INFO - Filling up the DagBag from /opt/airflow/dags/06_xcom.py
[2026-07-10T00:31:22.235+0000] {processor.py:925} INFO - DAG(s) '06_xcom' retrieved from /opt/airflow/dags/06_xcom.py
[2026-07-10T00:31:22.363+0000] {logging_mixin.py:190} INFO - [2026-07-10T00:31:22.362+0000] {dag.py:3239} INFO - Sync 1 DAGs
[2026-07-10T00:31:22.387+0000] {logging_mixin.py:190} INFO - [2026-07-10T00:31:22.387+0000] {dag.py:4180} INFO - Setting next_dagrun for 06_xcom to None, run_after=None
[2026-07-10T00:31:22.412+0000] {processor.py:208} INFO - Processing /opt/airflow/dags/06_xcom.py took 0.291 seconds
[2026-07-10T00:31:53.306+0000] {processor.py:186} INFO - Started process (PID=11156) to work on /opt/airflow/dags/06_xcom.py
[2026-07-10T00:31:53.310+0000] {processor.py:914} INFO - Processing file /opt/airflow/dags/06_xcom.py for tasks to queue
[2026-07-10T00:31:53.319+0000] {logging_mixin.py:190} INFO - [2026-07-10T00:31:53.318+0000] {dagbag.py:588} INFO - Filling up the DagBag from /opt/airflow/dags/06_xcom.py
[2026-07-10T00:31:53.340+0000] {processor.py:925} INFO - DAG(s) '06_xcom' retrieved from /opt/airflow/dags/06_xcom.py
[2026-07-10T00:31:53.399+0000] {logging_mixin.py:190} INFO - [2026-07-10T00:31:53.398+0000] {dag.py:3239} INFO - Sync 1 DAGs
[2026-07-10T00:31:53.421+0000] {logging_mixin.py:190} INFO - [2026-07-10T00:31:53.421+0000] {dag.py:4180} INFO - Setting next_dagrun for 06_xcom to None, run_after=None
[2026-07-10T00:31:53.454+0000] {processor.py:208} INFO - Processing /opt/airflow/dags/06_xcom.py took 0.160 seconds
[2026-07-10T00:32:24.264+0000] {processor.py:186} INFO - Started process (PID=11191) to work on /opt/airflow/dags/06_xcom.py
[2026-07-10T00:32:24.272+0000] {processor.py:914} INFO - Processing file /opt/airflow/dags/06_xcom.py for tasks to queue
[2026-07-10T00:32:24.294+0000] {logging_mixin.py:190} INFO - [2026-07-10T00:32:24.291+0000] {dagbag.py:588} INFO - Filling up the DagBag from /opt/airflow/dags/06_xcom.py
[2026-07-10T00:32:24.328+0000] {processor.py:925} INFO - DAG(s) '06_xcom' retrieved from /opt/airflow/dags/06_xcom.py
[2026-07-10T00:32:24.379+0000] {logging_mixin.py:190} INFO - [2026-07-10T00:32:24.379+0000] {dag.py:3239} INFO - Sync 1 DAGs
[2026-07-10T00:32:24.400+0000] {logging_mixin.py:190} INFO - [2026-07-10T00:32:24.400+0000] {dag.py:4180} INFO - Setting next_dagrun for 06_xcom to None, run_after=None
[2026-07-10T00:32:24.426+0000] {processor.py:208} INFO - Processing /opt/airflow/dags/06_xcom.py took 0.201 seconds
[2026-07-10T00:32:55.398+0000] {processor.py:186} INFO - Started process (PID=11226) to work on /opt/airflow/dags/06_xcom.py
[2026-07-10T00:32:55.410+0000] {processor.py:914} INFO - Processing file /opt/airflow/dags/06_xcom.py for tasks to queue
[2026-07-10T00:32:55.424+0000] {logging_mixin.py:190} INFO - [2026-07-10T00:32:55.422+0000] {dagbag.py:588} INFO - Filling up the DagBag from /opt/airflow/dags/06_xcom.py
[2026-07-10T00:32:55.443+0000] {processor.py:925} INFO - DAG(s) '06_xcom' retrieved from /opt/airflow/dags/06_xcom.py
[2026-07-10T00:32:55.489+0000] {logging_mixin.py:190} INFO - [2026-07-10T00:32:55.489+0000] {dag.py:3239} INFO - Sync 1 DAGs
[2026-07-10T00:32:55.508+0000] {logging_mixin.py:190} INFO - [2026-07-10T00:32:55.508+0000] {dag.py:4180} INFO - Setting next_dagrun for 06_xcom to None, run_after=None
[2026-07-10T00:32:55.528+0000] {processor.py:208} INFO - Processing /opt/airflow/dags/06_xcom.py took 0.204 seconds
[2026-07-10T00:33:26.269+0000] {processor.py:186} INFO - Started process (PID=11261) to work on /opt/airflow/dags/06_xcom.py
[2026-07-10T00:33:26.271+0000] {processor.py:914} INFO - Processing file /opt/airflow/dags/06_xcom.py for tasks to queue
[2026-07-10T00:33:26.276+0000] {logging_mixin.py:190} INFO - [2026-07-10T00:33:26.276+0000] {dagbag.py:588} INFO - Filling up the DagBag from /opt/airflow/dags/06_xcom.py
[2026-07-10T00:33:26.292+0000] {processor.py:925} INFO - DAG(s) '06_xcom' retrieved from /opt/airflow/dags/06_xcom.py
[2026-07-10T00:33:26.332+0000] {logging_mixin.py:190} INFO - [2026-07-10T00:33:26.332+0000] {dag.py:3239} INFO - Sync 1 DAGs
[2026-07-10T00:33:26.353+0000] {logging_mixin.py:190} INFO - [2026-07-10T00:33:26.353+0000] {dag.py:4180} INFO - Setting next_dagrun for 06_xcom to None, run_after=None
[2026-07-10T00:33:26.375+0000] {processor.py:208} INFO - Processing /opt/airflow/dags/06_xcom.py took 0.115 seconds
[2026-07-10T00:33:57.215+0000] {processor.py:186} INFO - Started process (PID=11296) to work on /opt/airflow/dags/06_xcom.py
[2026-07-10T00:33:57.216+0000] {processor.py:914} INFO - Processing file /opt/airflow/dags/06_xcom.py for tasks to queue
[2026-07-10T00:33:57.220+0000] {logging_mixin.py:190} INFO - [2026-07-10T00:33:57.219+0000] {dagbag.py:588} INFO - Filling up the DagBag from /opt/airflow/dags/06_xcom.py
[2026-07-10T00:33:57.233+0000] {processor.py:925} INFO - DAG(s) '06_xcom' retrieved from /opt/airflow/dags/06_xcom.py
[2026-07-10T00:33:57.277+0000] {logging_mixin.py:190} INFO - [2026-07-10T00:33:57.277+0000] {dag.py:3239} INFO - Sync 1 DAGs
[2026-07-10T00:33:57.300+0000] {logging_mixin.py:190} INFO - [2026-07-10T00:33:57.300+0000] {dag.py:4180} INFO - Setting next_dagrun for 06_xcom to None, run_after=None
[2026-07-10T00:33:57.325+0000] {processor.py:208} INFO - Processing /opt/airflow/dags/06_xcom.py took 0.120 seconds
[2026-07-10T00:34:28.120+0000] {processor.py:186} INFO - Started process (PID=11331) to work on /opt/airflow/dags/06_xcom.py
[2026-07-10T00:34:28.121+0000] {processor.py:914} INFO - Processing file /opt/airflow/dags/06_xcom.py for tasks to queue
[2026-07-10T00:34:28.125+0000] {logging_mixin.py:190} INFO - [2026-07-10T00:34:28.125+0000] {dagbag.py:588} INFO - Filling up the DagBag from /opt/airflow/dags/06_xcom.py
[2026-07-10T00:34:28.144+0000] {processor.py:925} INFO - DAG(s) '06_xcom' retrieved from /opt/airflow/dags/06_xcom.py
[2026-07-10T00:34:28.197+0000] {logging_mixin.py:190} INFO - [2026-07-10T00:34:28.197+0000] {dag.py:3239} INFO - Sync 1 DAGs
[2026-07-10T00:34:28.230+0000] {logging_mixin.py:190} INFO - [2026-07-10T00:34:28.230+0000] {dag.py:4180} INFO - Setting next_dagrun for 06_xcom to None, run_after=None
[2026-07-10T00:34:28.254+0000] {processor.py:208} INFO - Processing /opt/airflow/dags/06_xcom.py took 0.141 seconds
[2026-07-10T00:34:59.219+0000] {processor.py:186} INFO - Started process (PID=11366) to work on /opt/airflow/dags/06_xcom.py
[2026-07-10T00:34:59.220+0000] {processor.py:914} INFO - Processing file /opt/airflow/dags/06_xcom.py for tasks to queue
[2026-07-10T00:34:59.223+0000] {logging_mixin.py:190} INFO - [2026-07-10T00:34:59.223+0000] {dagbag.py:588} INFO - Filling up the DagBag from /opt/airflow/dags/06_xcom.py
[2026-07-10T00:34:59.239+0000] {processor.py:925} INFO - DAG(s) '06_xcom' retrieved from /opt/airflow/dags/06_xcom.py
[2026-07-10T00:34:59.289+0000] {logging_mixin.py:190} INFO - [2026-07-10T00:34:59.289+0000] {dag.py:3239} INFO - Sync 1 DAGs
[2026-07-10T00:34:59.306+0000] {logging_mixin.py:190} INFO - [2026-07-10T00:34:59.306+0000] {dag.py:4180} INFO - Setting next_dagrun for 06_xcom to None, run_after=None
[2026-07-10T00:34:59.330+0000] {processor.py:208} INFO - Processing /opt/airflow/dags/06_xcom.py took 0.120 seconds
[2026-07-10T00:35:29.570+0000] {processor.py:186} INFO - Started process (PID=11401) to work on /opt/airflow/dags/06_xcom.py
[2026-07-10T00:35:29.576+0000] {processor.py:914} INFO - Processing file /opt/airflow/dags/06_xcom.py for tasks to queue
[2026-07-10T00:35:29.589+0000] {logging_mixin.py:190} INFO - [2026-07-10T00:35:29.587+0000] {dagbag.py:588} INFO - Filling up the DagBag from /opt/airflow/dags/06_xcom.py
[2026-07-10T00:35:29.642+0000] {processor.py:925} INFO - DAG(s) '06_xcom' retrieved from /opt/airflow/dags/06_xcom.py
[2026-07-10T00:35:29.725+0000] {logging_mixin.py:190} INFO - [2026-07-10T00:35:29.725+0000] {dag.py:3239} INFO - Sync 1 DAGs
[2026-07-10T00:35:29.760+0000] {logging_mixin.py:190} INFO - [2026-07-10T00:35:29.760+0000] {dag.py:4180} INFO - Setting next_dagrun for 06_xcom to None, run_after=None
[2026-07-10T00:35:29.799+0000] {processor.py:208} INFO - Processing /opt/airflow/dags/06_xcom.py took 0.279 seconds
[2026-07-10T00:36:00.026+0000] {processor.py:186} INFO - Started process (PID=11436) to work on /opt/airflow/dags/06_xcom.py
[2026-07-10T00:36:00.035+0000] {processor.py:914} INFO - Processing file /opt/airflow/dags/06_xcom.py for tasks to queue
[2026-07-10T00:36:00.055+0000] {logging_mixin.py:190} INFO - [2026-07-10T00:36:00.053+0000] {dagbag.py:588} INFO - Filling up the DagBag from /opt/airflow/dags/06_xcom.py
[2026-07-10T00:36:00.096+0000] {processor.py:925} INFO - DAG(s) '06_xcom' retrieved from /opt/airflow/dags/06_xcom.py
[2026-07-10T00:36:00.142+0000] {logging_mixin.py:190} INFO - [2026-07-10T00:36:00.141+0000] {dag.py:3239} INFO - Sync 1 DAGs
[2026-07-10T00:36:00.160+0000] {logging_mixin.py:190} INFO - [2026-07-10T00:36:00.160+0000] {dag.py:4180} INFO - Setting next_dagrun for 06_xcom to None, run_after=None
[2026-07-10T00:36:00.184+0000] {processor.py:208} INFO - Processing /opt/airflow/dags/06_xcom.py took 0.202 seconds
[2026-07-10T00:36:30.361+0000] {processor.py:186} INFO - Started process (PID=11471) to work on /opt/airflow/dags/06_xcom.py
[2026-07-10T00:36:30.369+0000] {processor.py:914} INFO - Processing file /opt/airflow/dags/06_xcom.py for tasks to queue
[2026-07-10T00:36:30.390+0000] {logging_mixin.py:190} INFO - [2026-07-10T00:36:30.388+0000] {dagbag.py:588} INFO - Filling up the DagBag from /opt/airflow/dags/06_xcom.py
[2026-07-10T00:36:30.425+0000] {processor.py:925} INFO - DAG(s) '06_xcom' retrieved from /opt/airflow/dags/06_xcom.py
[2026-07-10T00:36:30.472+0000] {logging_mixin.py:190} INFO - [2026-07-10T00:36:30.472+0000] {dag.py:3239} INFO - Sync 1 DAGs
[2026-07-10T00:36:30.491+0000] {logging_mixin.py:190} INFO - [2026-07-10T00:36:30.491+0000] {dag.py:4180} INFO - Setting next_dagrun for 06_xcom to None, run_after=None
[2026-07-10T00:36:30.516+0000] {processor.py:208} INFO - Processing /opt/airflow/dags/06_xcom.py took 0.202 seconds
[2026-07-10T00:37:01.487+0000] {processor.py:186} INFO - Started process (PID=11506) to work on /opt/airflow/dags/06_xcom.py
[2026-07-10T00:37:01.490+0000] {processor.py:914} INFO - Processing file /opt/airflow/dags/06_xcom.py for tasks to queue
[2026-07-10T00:37:01.495+0000] {logging_mixin.py:190} INFO - [2026-07-10T00:37:01.495+0000] {dagbag.py:588} INFO - Filling up the DagBag from /opt/airflow/dags/06_xcom.py
[2026-07-10T00:37:01.514+0000] {processor.py:925} INFO - DAG(s) '06_xcom' retrieved from /opt/airflow/dags/06_xcom.py
[2026-07-10T00:37:01.579+0000] {logging_mixin.py:190} INFO - [2026-07-10T00:37:01.578+0000] {dag.py:3239} INFO - Sync 1 DAGs
[2026-07-10T00:37:01.606+0000] {logging_mixin.py:190} INFO - [2026-07-10T00:37:01.605+0000] {dag.py:4180} INFO - Setting next_dagrun for 06_xcom to None, run_after=None
[2026-07-10T00:37:01.632+0000] {processor.py:208} INFO - Processing /opt/airflow/dags/06_xcom.py took 0.215 seconds
[2026-07-10T00:37:32.488+0000] {processor.py:186} INFO - Started process (PID=11541) to work on /opt/airflow/dags/06_xcom.py
[2026-07-10T00:37:32.490+0000] {processor.py:914} INFO - Processing file /opt/airflow/dags/06_xcom.py for tasks to queue
[2026-07-10T00:37:32.495+0000] {logging_mixin.py:190} INFO - [2026-07-10T00:37:32.494+0000] {dagbag.py:588} INFO - Filling up the DagBag from /opt/airflow/dags/06_xcom.py
[2026-07-10T00:37:32.529+0000] {processor.py:925} INFO - DAG(s) '06_xcom' retrieved from /opt/airflow/dags/06_xcom.py
[2026-07-10T00:37:32.626+0000] {logging_mixin.py:190} INFO - [2026-07-10T00:37:32.626+0000] {dag.py:3239} INFO - Sync 1 DAGs
[2026-07-10T00:37:32.664+0000] {logging_mixin.py:190} INFO - [2026-07-10T00:37:32.663+0000] {dag.py:4180} INFO - Setting next_dagrun for 06_xcom to None, run_after=None
[2026-07-10T00:37:32.712+0000] {processor.py:208} INFO - Processing /opt/airflow/dags/06_xcom.py took 0.243 seconds
[2026-07-10T00:38:03.745+0000] {processor.py:186} INFO - Started process (PID=11576) to work on /opt/airflow/dags/06_xcom.py
[2026-07-10T00:38:03.750+0000] {processor.py:914} INFO - Processing file /opt/airflow/dags/06_xcom.py for tasks to queue
[2026-07-10T00:38:03.757+0000] {logging_mixin.py:190} INFO - [2026-07-10T00:38:03.756+0000] {dagbag.py:588} INFO - Filling up the DagBag from /opt/airflow/dags/06_xcom.py
[2026-07-10T00:38:03.770+0000] {processor.py:925} INFO - DAG(s) '06_xcom' retrieved from /opt/airflow/dags/06_xcom.py
[2026-07-10T00:38:03.813+0000] {logging_mixin.py:190} INFO - [2026-07-10T00:38:03.812+0000] {dag.py:3239} INFO - Sync 1 DAGs
[2026-07-10T00:38:03.830+0000] {logging_mixin.py:190} INFO - [2026-07-10T00:38:03.830+0000] {dag.py:4180} INFO - Setting next_dagrun for 06_xcom to None, run_after=None
[2026-07-10T00:38:03.853+0000] {processor.py:208} INFO - Processing /opt/airflow/dags/06_xcom.py took 0.125 seconds
[2026-07-10T00:38:34.715+0000] {processor.py:186} INFO - Started process (PID=11611) to work on /opt/airflow/dags/06_xcom.py
[2026-07-10T00:38:34.718+0000] {processor.py:914} INFO - Processing file /opt/airflow/dags/06_xcom.py for tasks to queue
[2026-07-10T00:38:34.724+0000] {logging_mixin.py:190} INFO - [2026-07-10T00:38:34.723+0000] {dagbag.py:588} INFO - Filling up the DagBag from /opt/airflow/dags/06_xcom.py
[2026-07-10T00:38:34.748+0000] {processor.py:925} INFO - DAG(s) '06_xcom' retrieved from /opt/airflow/dags/06_xcom.py
[2026-07-10T00:38:34.825+0000] {logging_mixin.py:190} INFO - [2026-07-10T00:38:34.824+0000] {dag.py:3239} INFO - Sync 1 DAGs
[2026-07-10T00:38:34.845+0000] {logging_mixin.py:190} INFO - [2026-07-10T00:38:34.845+0000] {dag.py:4180} INFO - Setting next_dagrun for 06_xcom to None, run_after=None
[2026-07-10T00:38:34.872+0000] {processor.py:208} INFO - Processing /opt/airflow/dags/06_xcom.py took 0.209 seconds
[2026-07-10T00:39:05.108+0000] {processor.py:186} INFO - Started process (PID=11651) to work on /opt/airflow/dags/06_xcom.py
[2026-07-10T00:39:05.111+0000] {processor.py:914} INFO - Processing file /opt/airflow/dags/06_xcom.py for tasks to queue
[2026-07-10T00:39:05.116+0000] {logging_mixin.py:190} INFO - [2026-07-10T00:39:05.115+0000] {dagbag.py:588} INFO - Filling up the DagBag from /opt/airflow/dags/06_xcom.py
[2026-07-10T00:39:05.132+0000] {processor.py:925} INFO - DAG(s) '06_xcom' retrieved from /opt/airflow/dags/06_xcom.py
[2026-07-10T00:39:05.177+0000] {logging_mixin.py:190} INFO - [2026-07-10T00:39:05.176+0000] {dag.py:3239} INFO - Sync 1 DAGs
[2026-07-10T00:39:05.196+0000] {logging_mixin.py:190} INFO - [2026-07-10T00:39:05.195+0000] {dag.py:4180} INFO - Setting next_dagrun for 06_xcom to None, run_after=None
[2026-07-10T00:39:05.220+0000] {processor.py:208} INFO - Processing /opt/airflow/dags/06_xcom.py took 0.140 seconds
[2026-07-10T00:39:35.319+0000] {processor.py:186} INFO - Started process (PID=11699) to work on /opt/airflow/dags/06_xcom.py
[2026-07-10T00:39:35.320+0000] {processor.py:914} INFO - Processing file /opt/airflow/dags/06_xcom.py for tasks to queue
[2026-07-10T00:39:35.331+0000] {logging_mixin.py:190} INFO - [2026-07-10T00:39:35.329+0000] {dagbag.py:588} INFO - Filling up the DagBag from /opt/airflow/dags/06_xcom.py
[2026-07-10T00:39:35.370+0000] {processor.py:925} INFO - DAG(s) '06_xcom' retrieved from /opt/airflow/dags/06_xcom.py
[2026-07-10T00:39:35.483+0000] {logging_mixin.py:190} INFO - [2026-07-10T00:39:35.483+0000] {dag.py:3239} INFO - Sync 1 DAGs
[2026-07-10T00:39:35.553+0000] {logging_mixin.py:190} INFO - [2026-07-10T00:39:35.553+0000] {dag.py:4180} INFO - Setting next_dagrun for 06_xcom to None, run_after=None
[2026-07-10T00:39:35.599+0000] {processor.py:208} INFO - Processing /opt/airflow/dags/06_xcom.py took 0.300 seconds
[2026-07-10T00:40:06.362+0000] {processor.py:186} INFO - Started process (PID=11752) to work on /opt/airflow/dags/06_xcom.py
[2026-07-10T00:40:06.368+0000] {processor.py:914} INFO - Processing file /opt/airflow/dags/06_xcom.py for tasks to queue
[2026-07-10T00:40:06.384+0000] {logging_mixin.py:190} INFO - [2026-07-10T00:40:06.382+0000] {dagbag.py:588} INFO - Filling up the DagBag from /opt/airflow/dags/06_xcom.py
[2026-07-10T00:40:06.452+0000] {processor.py:925} INFO - DAG(s) '06_xcom' retrieved from /opt/airflow/dags/06_xcom.py
[2026-07-10T00:40:06.506+0000] {logging_mixin.py:190} INFO - [2026-07-10T00:40:06.506+0000] {dag.py:3239} INFO - Sync 1 DAGs
[2026-07-10T00:40:06.524+0000] {logging_mixin.py:190} INFO - [2026-07-10T00:40:06.524+0000] {dag.py:4180} INFO - Setting next_dagrun for 06_xcom to None, run_after=None
[2026-07-10T00:40:06.550+0000] {processor.py:208} INFO - Processing /opt/airflow/dags/06_xcom.py took 0.232 seconds
[2026-07-10T00:40:36.616+0000] {processor.py:186} INFO - Started process (PID=11792) to work on /opt/airflow/dags/06_xcom.py
[2026-07-10T00:40:36.617+0000] {processor.py:914} INFO - Processing file /opt/airflow/dags/06_xcom.py for tasks to queue
[2026-07-10T00:40:36.620+0000] {logging_mixin.py:190} INFO - [2026-07-10T00:40:36.619+0000] {dagbag.py:588} INFO - Filling up the DagBag from /opt/airflow/dags/06_xcom.py
[2026-07-10T00:40:36.635+0000] {processor.py:925} INFO - DAG(s) '06_xcom' retrieved from /opt/airflow/dags/06_xcom.py
[2026-07-10T00:40:36.673+0000] {logging_mixin.py:190} INFO - [2026-07-10T00:40:36.673+0000] {dag.py:3239} INFO - Sync 1 DAGs
[2026-07-10T00:40:36.690+0000] {logging_mixin.py:190} INFO - [2026-07-10T00:40:36.690+0000] {dag.py:4180} INFO - Setting next_dagrun for 06_xcom to None, run_after=None
[2026-07-10T00:40:36.712+0000] {processor.py:208} INFO - Processing /opt/airflow/dags/06_xcom.py took 0.107 seconds
[2026-07-10T00:41:06.823+0000] {processor.py:186} INFO - Started process (PID=11832) to work on /opt/airflow/dags/06_xcom.py
[2026-07-10T00:41:06.826+0000] {processor.py:914} INFO - Processing file /opt/airflow/dags/06_xcom.py for tasks to queue
[2026-07-10T00:41:06.835+0000] {logging_mixin.py:190} INFO - [2026-07-10T00:41:06.833+0000] {dagbag.py:588} INFO - Filling up the DagBag from /opt/airflow/dags/06_xcom.py
[2026-07-10T00:41:06.874+0000] {processor.py:925} INFO - DAG(s) '06_xcom' retrieved from /opt/airflow/dags/06_xcom.py
[2026-07-10T00:41:06.987+0000] {logging_mixin.py:190} INFO - [2026-07-10T00:41:06.986+0000] {dag.py:3239} INFO - Sync 1 DAGs
[2026-07-10T00:41:07.036+0000] {logging_mixin.py:190} INFO - [2026-07-10T00:41:07.036+0000] {dag.py:4180} INFO - Setting next_dagrun for 06_xcom to None, run_after=None
[2026-07-10T00:41:07.074+0000] {processor.py:208} INFO - Processing /opt/airflow/dags/06_xcom.py took 0.275 seconds
[2026-07-10T00:41:37.359+0000] {processor.py:186} INFO - Started process (PID=11872) to work on /opt/airflow/dags/06_xcom.py
[2026-07-10T00:41:37.362+0000] {processor.py:914} INFO - Processing file /opt/airflow/dags/06_xcom.py for tasks to queue
[2026-07-10T00:41:37.371+0000] {logging_mixin.py:190} INFO - [2026-07-10T00:41:37.370+0000] {dagbag.py:588} INFO - Filling up the DagBag from /opt/airflow/dags/06_xcom.py
[2026-07-10T00:41:37.388+0000] {processor.py:925} INFO - DAG(s) '06_xcom' retrieved from /opt/airflow/dags/06_xcom.py
[2026-07-10T00:41:37.430+0000] {logging_mixin.py:190} INFO - [2026-07-10T00:41:37.429+0000] {dag.py:3239} INFO - Sync 1 DAGs
[2026-07-10T00:41:37.447+0000] {logging_mixin.py:190} INFO - [2026-07-10T00:41:37.447+0000] {dag.py:4180} INFO - Setting next_dagrun for 06_xcom to None, run_after=None
[2026-07-10T00:41:37.468+0000] {processor.py:208} INFO - Processing /opt/airflow/dags/06_xcom.py took 0.163 seconds
[2026-07-10T00:42:07.790+0000] {processor.py:186} INFO - Started process (PID=11912) to work on /opt/airflow/dags/06_xcom.py
[2026-07-10T00:42:07.797+0000] {processor.py:914} INFO - Processing file /opt/airflow/dags/06_xcom.py for tasks to queue
[2026-07-10T00:42:07.809+0000] {logging_mixin.py:190} INFO - [2026-07-10T00:42:07.808+0000] {dagbag.py:588} INFO - Filling up the DagBag from /opt/airflow/dags/06_xcom.py
[2026-07-10T00:42:07.842+0000] {processor.py:925} INFO - DAG(s) '06_xcom' retrieved from /opt/airflow/dags/06_xcom.py
[2026-07-10T00:42:07.903+0000] {logging_mixin.py:190} INFO - [2026-07-10T00:42:07.903+0000] {dag.py:3239} INFO - Sync 1 DAGs
[2026-07-10T00:42:07.928+0000] {logging_mixin.py:190} INFO - [2026-07-10T00:42:07.928+0000] {dag.py:4180} INFO - Setting next_dagrun for 06_xcom to None, run_after=None
[2026-07-10T00:42:07.975+0000] {processor.py:208} INFO - Processing /opt/airflow/dags/06_xcom.py took 0.247 seconds
[2026-07-10T00:42:38.172+0000] {processor.py:186} INFO - Started process (PID=11952) to work on /opt/airflow/dags/06_xcom.py
[2026-07-10T00:42:38.175+0000] {processor.py:914} INFO - Processing file /opt/airflow/dags/06_xcom.py for tasks to queue
[2026-07-10T00:42:38.181+0000] {logging_mixin.py:190} INFO - [2026-07-10T00:42:38.180+0000] {dagbag.py:588} INFO - Filling up the DagBag from /opt/airflow/dags/06_xcom.py
[2026-07-10T00:42:38.201+0000] {processor.py:925} INFO - DAG(s) '06_xcom' retrieved from /opt/airflow/dags/06_xcom.py
[2026-07-10T00:42:38.255+0000] {logging_mixin.py:190} INFO - [2026-07-10T00:42:38.255+0000] {dag.py:3239} INFO - Sync 1 DAGs
[2026-07-10T00:42:38.278+0000] {logging_mixin.py:190} INFO - [2026-07-10T00:42:38.277+0000] {dag.py:4180} INFO - Setting next_dagrun for 06_xcom to None, run_after=None
[2026-07-10T00:42:38.304+0000] {processor.py:208} INFO - Processing /opt/airflow/dags/06_xcom.py took 0.146 seconds
[2026-07-10T00:43:09.304+0000] {processor.py:186} INFO - Started process (PID=11992) to work on /opt/airflow/dags/06_xcom.py
[2026-07-10T00:43:09.308+0000] {processor.py:914} INFO - Processing file /opt/airflow/dags/06_xcom.py for tasks to queue
[2026-07-10T00:43:09.319+0000] {logging_mixin.py:190} INFO - [2026-07-10T00:43:09.317+0000] {dagbag.py:588} INFO - Filling up the DagBag from /opt/airflow/dags/06_xcom.py
[2026-07-10T00:43:09.358+0000] {processor.py:925} INFO - DAG(s) '06_xcom' retrieved from /opt/airflow/dags/06_xcom.py
[2026-07-10T00:43:09.434+0000] {logging_mixin.py:190} INFO - [2026-07-10T00:43:09.434+0000] {dag.py:3239} INFO - Sync 1 DAGs
[2026-07-10T00:43:09.471+0000] {logging_mixin.py:190} INFO - [2026-07-10T00:43:09.471+0000] {dag.py:4180} INFO - Setting next_dagrun for 06_xcom to None, run_after=None
[2026-07-10T00:43:09.505+0000] {processor.py:208} INFO - Processing /opt/airflow/dags/06_xcom.py took 0.221 seconds
[2026-07-10T00:43:39.580+0000] {processor.py:186} INFO - Started process (PID=12032) to work on /opt/airflow/dags/06_xcom.py
[2026-07-10T00:43:39.581+0000] {processor.py:914} INFO - Processing file /opt/airflow/dags/06_xcom.py for tasks to queue
[2026-07-10T00:43:39.584+0000] {logging_mixin.py:190} INFO - [2026-07-10T00:43:39.584+0000] {dagbag.py:588} INFO - Filling up the DagBag from /opt/airflow/dags/06_xcom.py
[2026-07-10T00:43:39.595+0000] {processor.py:925} INFO - DAG(s) '06_xcom' retrieved from /opt/airflow/dags/06_xcom.py
[2026-07-10T00:43:39.631+0000] {logging_mixin.py:190} INFO - [2026-07-10T00:43:39.631+0000] {dag.py:3239} INFO - Sync 1 DAGs
[2026-07-10T00:43:39.648+0000] {logging_mixin.py:190} INFO - [2026-07-10T00:43:39.648+0000] {dag.py:4180} INFO - Setting next_dagrun for 06_xcom to None, run_after=None
[2026-07-10T00:43:39.668+0000] {processor.py:208} INFO - Processing /opt/airflow/dags/06_xcom.py took 0.097 seconds
[2026-07-10T00:44:09.817+0000] {processor.py:186} INFO - Started process (PID=12072) to work on /opt/airflow/dags/06_xcom.py
[2026-07-10T00:44:09.825+0000] {processor.py:914} INFO - Processing file /opt/airflow/dags/06_xcom.py for tasks to queue
[2026-07-10T00:44:09.834+0000] {logging_mixin.py:190} INFO - [2026-07-10T00:44:09.834+0000] {dagbag.py:588} INFO - Filling up the DagBag from /opt/airflow/dags/06_xcom.py
[2026-07-10T00:44:09.864+0000] {processor.py:925} INFO - DAG(s) '06_xcom' retrieved from /opt/airflow/dags/06_xcom.py
[2026-07-10T00:44:09.914+0000] {logging_mixin.py:190} INFO - [2026-07-10T00:44:09.914+0000] {dag.py:3239} INFO - Sync 1 DAGs
[2026-07-10T00:44:09.934+0000] {logging_mixin.py:190} INFO - [2026-07-10T00:44:09.934+0000] {dag.py:4180} INFO - Setting next_dagrun for 06_xcom to None, run_after=None
[2026-07-10T00:44:09.965+0000] {processor.py:208} INFO - Processing /opt/airflow/dags/06_xcom.py took 0.195 seconds
[2026-07-10T00:44:40.756+0000] {processor.py:186} INFO - Started process (PID=12112) to work on /opt/airflow/dags/06_xcom.py
[2026-07-10T00:44:40.759+0000] {processor.py:914} INFO - Processing file /opt/airflow/dags/06_xcom.py for tasks to queue
[2026-07-10T00:44:40.763+0000] {logging_mixin.py:190} INFO - [2026-07-10T00:44:40.762+0000] {dagbag.py:588} INFO - Filling up the DagBag from /opt/airflow/dags/06_xcom.py
[2026-07-10T00:44:40.779+0000] {processor.py:925} INFO - DAG(s) '06_xcom' retrieved from /opt/airflow/dags/06_xcom.py
[2026-07-10T00:44:40.830+0000] {logging_mixin.py:190} INFO - [2026-07-10T00:44:40.830+0000] {dag.py:3239} INFO - Sync 1 DAGs
[2026-07-10T00:44:40.852+0000] {logging_mixin.py:190} INFO - [2026-07-10T00:44:40.851+0000] {dag.py:4180} INFO - Setting next_dagrun for 06_xcom to None, run_after=None
[2026-07-10T00:44:40.876+0000] {processor.py:208} INFO - Processing /opt/airflow/dags/06_xcom.py took 0.159 seconds
[2026-07-10T00:45:11.111+0000] {processor.py:186} INFO - Started process (PID=12152) to work on /opt/airflow/dags/06_xcom.py
[2026-07-10T00:45:11.113+0000] {processor.py:914} INFO - Processing file /opt/airflow/dags/06_xcom.py for tasks to queue
[2026-07-10T00:45:11.120+0000] {logging_mixin.py:190} INFO - [2026-07-10T00:45:11.118+0000] {dagbag.py:588} INFO - Filling up the DagBag from /opt/airflow/dags/06_xcom.py
[2026-07-10T00:45:11.150+0000] {processor.py:925} INFO - DAG(s) '06_xcom' retrieved from /opt/airflow/dags/06_xcom.py
[2026-07-10T00:45:11.278+0000] {logging_mixin.py:190} INFO - [2026-07-10T00:45:11.277+0000] {dag.py:3239} INFO - Sync 1 DAGs
[2026-07-10T00:45:11.337+0000] {logging_mixin.py:190} INFO - [2026-07-10T00:45:11.337+0000] {dag.py:4180} INFO - Setting next_dagrun for 06_xcom to None, run_after=None
[2026-07-10T00:45:11.369+0000] {processor.py:208} INFO - Processing /opt/airflow/dags/06_xcom.py took 0.283 seconds
[2026-07-10T00:45:41.505+0000] {processor.py:186} INFO - Started process (PID=12192) to work on /opt/airflow/dags/06_xcom.py
[2026-07-10T00:45:41.508+0000] {processor.py:914} INFO - Processing file /opt/airflow/dags/06_xcom.py for tasks to queue
[2026-07-10T00:45:41.518+0000] {logging_mixin.py:190} INFO - [2026-07-10T00:45:41.517+0000] {dagbag.py:588} INFO - Filling up the DagBag from /opt/airflow/dags/06_xcom.py
[2026-07-10T00:45:41.536+0000] {processor.py:925} INFO - DAG(s) '06_xcom' retrieved from /opt/airflow/dags/06_xcom.py
[2026-07-10T00:45:41.582+0000] {logging_mixin.py:190} INFO - [2026-07-10T00:45:41.582+0000] {dag.py:3239} INFO - Sync 1 DAGs
[2026-07-10T00:45:41.602+0000] {logging_mixin.py:190} INFO - [2026-07-10T00:45:41.601+0000] {dag.py:4180} INFO - Setting next_dagrun for 06_xcom to None, run_after=None
[2026-07-10T00:45:41.622+0000] {processor.py:208} INFO - Processing /opt/airflow/dags/06_xcom.py took 0.146 seconds
[2026-07-10T00:46:11.940+0000] {processor.py:186} INFO - Started process (PID=12232) to work on /opt/airflow/dags/06_xcom.py
[2026-07-10T00:46:11.942+0000] {processor.py:914} INFO - Processing file /opt/airflow/dags/06_xcom.py for tasks to queue
[2026-07-10T00:46:11.948+0000] {logging_mixin.py:190} INFO - [2026-07-10T00:46:11.947+0000] {dagbag.py:588} INFO - Filling up the DagBag from /opt/airflow/dags/06_xcom.py
[2026-07-10T00:46:11.964+0000] {processor.py:925} INFO - DAG(s) '06_xcom' retrieved from /opt/airflow/dags/06_xcom.py
[2026-07-10T00:46:12.031+0000] {logging_mixin.py:190} INFO - [2026-07-10T00:46:12.030+0000] {dag.py:3239} INFO - Sync 1 DAGs
[2026-07-10T00:46:12.062+0000] {logging_mixin.py:190} INFO - [2026-07-10T00:46:12.061+0000] {dag.py:4180} INFO - Setting next_dagrun for 06_xcom to None, run_after=None
[2026-07-10T00:46:12.104+0000] {processor.py:208} INFO - Processing /opt/airflow/dags/06_xcom.py took 0.181 seconds
[2026-07-10T00:46:42.347+0000] {processor.py:186} INFO - Started process (PID=12272) to work on /opt/airflow/dags/06_xcom.py
[2026-07-10T00:46:42.348+0000] {processor.py:914} INFO - Processing file /opt/airflow/dags/06_xcom.py for tasks to queue
[2026-07-10T00:46:42.352+0000] {logging_mixin.py:190} INFO - [2026-07-10T00:46:42.351+0000] {dagbag.py:588} INFO - Filling up the DagBag from /opt/airflow/dags/06_xcom.py
[2026-07-10T00:46:42.365+0000] {processor.py:925} INFO - DAG(s) '06_xcom' retrieved from /opt/airflow/dags/06_xcom.py
[2026-07-10T00:46:42.403+0000] {logging_mixin.py:190} INFO - [2026-07-10T00:46:42.403+0000] {dag.py:3239} INFO - Sync 1 DAGs
[2026-07-10T00:46:42.423+0000] {logging_mixin.py:190} INFO - [2026-07-10T00:46:42.423+0000] {dag.py:4180} INFO - Setting next_dagrun for 06_xcom to None, run_after=None
[2026-07-10T00:46:42.444+0000] {processor.py:208} INFO - Processing /opt/airflow/dags/06_xcom.py took 0.119 seconds
[2026-07-10T00:47:12.743+0000] {processor.py:186} INFO - Started process (PID=12312) to work on /opt/airflow/dags/06_xcom.py
[2026-07-10T00:47:12.749+0000] {processor.py:914} INFO - Processing file /opt/airflow/dags/06_xcom.py for tasks to queue
[2026-07-10T00:47:12.765+0000] {logging_mixin.py:190} INFO - [2026-07-10T00:47:12.763+0000] {dagbag.py:588} INFO - Filling up the DagBag from /opt/airflow/dags/06_xcom.py
[2026-07-10T00:47:12.797+0000] {processor.py:925} INFO - DAG(s) '06_xcom' retrieved from /opt/airflow/dags/06_xcom.py
[2026-07-10T00:47:12.845+0000] {logging_mixin.py:190} INFO - [2026-07-10T00:47:12.845+0000] {dag.py:3239} INFO - Sync 1 DAGs
[2026-07-10T00:47:12.869+0000] {logging_mixin.py:190} INFO - [2026-07-10T00:47:12.869+0000] {dag.py:4180} INFO - Setting next_dagrun for 06_xcom to None, run_after=None
[2026-07-10T00:47:12.890+0000] {processor.py:208} INFO - Processing /opt/airflow/dags/06_xcom.py took 0.212 seconds
[2026-07-10T00:47:43.103+0000] {processor.py:186} INFO - Started process (PID=12352) to work on /opt/airflow/dags/06_xcom.py
[2026-07-10T00:47:43.106+0000] {processor.py:914} INFO - Processing file /opt/airflow/dags/06_xcom.py for tasks to queue
[2026-07-10T00:47:43.115+0000] {logging_mixin.py:190} INFO - [2026-07-10T00:47:43.115+0000] {dagbag.py:588} INFO - Filling up the DagBag from /opt/airflow/dags/06_xcom.py
[2026-07-10T00:47:43.137+0000] {processor.py:925} INFO - DAG(s) '06_xcom' retrieved from /opt/airflow/dags/06_xcom.py
[2026-07-10T00:47:43.186+0000] {logging_mixin.py:190} INFO - [2026-07-10T00:47:43.185+0000] {dag.py:3239} INFO - Sync 1 DAGs
[2026-07-10T00:47:43.205+0000] {logging_mixin.py:190} INFO - [2026-07-10T00:47:43.205+0000] {dag.py:4180} INFO - Setting next_dagrun for 06_xcom to None, run_after=None
[2026-07-10T00:47:43.225+0000] {processor.py:208} INFO - Processing /opt/airflow/dags/06_xcom.py took 0.152 seconds
[2026-07-10T00:48:13.442+0000] {processor.py:186} INFO - Started process (PID=12392) to work on /opt/airflow/dags/06_xcom.py
[2026-07-10T00:48:13.447+0000] {processor.py:914} INFO - Processing file /opt/airflow/dags/06_xcom.py for tasks to queue
[2026-07-10T00:48:13.458+0000] {logging_mixin.py:190} INFO - [2026-07-10T00:48:13.455+0000] {dagbag.py:588} INFO - Filling up the DagBag from /opt/airflow/dags/06_xcom.py
[2026-07-10T00:48:13.490+0000] {processor.py:925} INFO - DAG(s) '06_xcom' retrieved from /opt/airflow/dags/06_xcom.py
[2026-07-10T00:48:13.589+0000] {logging_mixin.py:190} INFO - [2026-07-10T00:48:13.588+0000] {dag.py:3239} INFO - Sync 1 DAGs
[2026-07-10T00:48:13.625+0000] {logging_mixin.py:190} INFO - [2026-07-10T00:48:13.624+0000] {dag.py:4180} INFO - Setting next_dagrun for 06_xcom to None, run_after=None
[2026-07-10T00:48:13.661+0000] {processor.py:208} INFO - Processing /opt/airflow/dags/06_xcom.py took 0.279 seconds
[2026-07-10T00:48:43.962+0000] {processor.py:186} INFO - Started process (PID=12432) to work on /opt/airflow/dags/06_xcom.py
[2026-07-10T00:48:43.964+0000] {processor.py:914} INFO - Processing file /opt/airflow/dags/06_xcom.py for tasks to queue
[2026-07-10T00:48:43.968+0000] {logging_mixin.py:190} INFO - [2026-07-10T00:48:43.968+0000] {dagbag.py:588} INFO - Filling up the DagBag from /opt/airflow/dags/06_xcom.py
[2026-07-10T00:48:43.986+0000] {processor.py:925} INFO - DAG(s) '06_xcom' retrieved from /opt/airflow/dags/06_xcom.py
[2026-07-10T00:48:44.033+0000] {logging_mixin.py:190} INFO - [2026-07-10T00:48:44.033+0000] {dag.py:3239} INFO - Sync 1 DAGs
[2026-07-10T00:48:44.053+0000] {logging_mixin.py:190} INFO - [2026-07-10T00:48:44.053+0000] {dag.py:4180} INFO - Setting next_dagrun for 06_xcom to None, run_after=None
[2026-07-10T00:48:44.079+0000] {processor.py:208} INFO - Processing /opt/airflow/dags/06_xcom.py took 0.131 seconds
[2026-07-10T00:49:14.178+0000] {processor.py:186} INFO - Started process (PID=12472) to work on /opt/airflow/dags/06_xcom.py
[2026-07-10T00:49:14.180+0000] {processor.py:914} INFO - Processing file /opt/airflow/dags/06_xcom.py for tasks to queue
[2026-07-10T00:49:14.184+0000] {logging_mixin.py:190} INFO - [2026-07-10T00:49:14.183+0000] {dagbag.py:588} INFO - Filling up the DagBag from /opt/airflow/dags/06_xcom.py
[2026-07-10T00:49:14.200+0000] {processor.py:925} INFO - DAG(s) '06_xcom' retrieved from /opt/airflow/dags/06_xcom.py
[2026-07-10T00:49:14.255+0000] {logging_mixin.py:190} INFO - [2026-07-10T00:49:14.255+0000] {dag.py:3239} INFO - Sync 1 DAGs
[2026-07-10T00:49:14.282+0000] {logging_mixin.py:190} INFO - [2026-07-10T00:49:14.282+0000] {dag.py:4180} INFO - Setting next_dagrun for 06_xcom to None, run_after=None
[2026-07-10T00:49:14.313+0000] {processor.py:208} INFO - Processing /opt/airflow/dags/06_xcom.py took 0.155 seconds
[2026-07-10T00:49:44.694+0000] {processor.py:186} INFO - Started process (PID=12512) to work on /opt/airflow/dags/06_xcom.py
[2026-07-10T00:49:44.698+0000] {processor.py:914} INFO - Processing file /opt/airflow/dags/06_xcom.py for tasks to queue
[2026-07-10T00:49:44.711+0000] {logging_mixin.py:190} INFO - [2026-07-10T00:49:44.709+0000] {dagbag.py:588} INFO - Filling up the DagBag from /opt/airflow/dags/06_xcom.py
[2026-07-10T00:49:44.763+0000] {processor.py:925} INFO - DAG(s) '06_xcom' retrieved from /opt/airflow/dags/06_xcom.py
[2026-07-10T00:49:44.816+0000] {logging_mixin.py:190} INFO - [2026-07-10T00:49:44.816+0000] {dag.py:3239} INFO - Sync 1 DAGs
[2026-07-10T00:49:44.837+0000] {logging_mixin.py:190} INFO - [2026-07-10T00:49:44.837+0000] {dag.py:4180} INFO - Setting next_dagrun for 06_xcom to None, run_after=None
[2026-07-10T00:49:44.861+0000] {processor.py:208} INFO - Processing /opt/airflow/dags/06_xcom.py took 0.199 seconds
[2026-07-10T00:50:15.170+0000] {processor.py:186} INFO - Started process (PID=12552) to work on /opt/airflow/dags/06_xcom.py
[2026-07-10T00:50:15.172+0000] {processor.py:914} INFO - Processing file /opt/airflow/dags/06_xcom.py for tasks to queue
[2026-07-10T00:50:15.174+0000] {logging_mixin.py:190} INFO - [2026-07-10T00:50:15.174+0000] {dagbag.py:588} INFO - Filling up the DagBag from /opt/airflow/dags/06_xcom.py
[2026-07-10T00:50:15.185+0000] {processor.py:925} INFO - DAG(s) '06_xcom' retrieved from /opt/airflow/dags/06_xcom.py
[2026-07-10T00:50:15.224+0000] {logging_mixin.py:190} INFO - [2026-07-10T00:50:15.224+0000] {dag.py:3239} INFO - Sync 1 DAGs
[2026-07-10T00:50:15.240+0000] {logging_mixin.py:190} INFO - [2026-07-10T00:50:15.240+0000] {dag.py:4180} INFO - Setting next_dagrun for 06_xcom to None, run_after=None
[2026-07-10T00:50:15.263+0000] {processor.py:208} INFO - Processing /opt/airflow/dags/06_xcom.py took 0.103 seconds
[2026-07-10T00:50:45.481+0000] {processor.py:186} INFO - Started process (PID=12592) to work on /opt/airflow/dags/06_xcom.py
[2026-07-10T00:50:45.484+0000] {processor.py:914} INFO - Processing file /opt/airflow/dags/06_xcom.py for tasks to queue
[2026-07-10T00:50:45.492+0000] {logging_mixin.py:190} INFO - [2026-07-10T00:50:45.491+0000] {dagbag.py:588} INFO - Filling up the DagBag from /opt/airflow/dags/06_xcom.py
[2026-07-10T00:50:45.509+0000] {processor.py:925} INFO - DAG(s) '06_xcom' retrieved from /opt/airflow/dags/06_xcom.py
[2026-07-10T00:50:45.555+0000] {logging_mixin.py:190} INFO - [2026-07-10T00:50:45.555+0000] {dag.py:3239} INFO - Sync 1 DAGs
[2026-07-10T00:50:45.571+0000] {logging_mixin.py:190} INFO - [2026-07-10T00:50:45.571+0000] {dag.py:4180} INFO - Setting next_dagrun for 06_xcom to None, run_after=None
[2026-07-10T00:50:45.595+0000] {processor.py:208} INFO - Processing /opt/airflow/dags/06_xcom.py took 0.142 seconds
[2026-07-10T00:51:15.898+0000] {processor.py:186} INFO - Started process (PID=12632) to work on /opt/airflow/dags/06_xcom.py
[2026-07-10T00:51:15.902+0000] {processor.py:914} INFO - Processing file /opt/airflow/dags/06_xcom.py for tasks to queue
[2026-07-10T00:51:15.911+0000] {logging_mixin.py:190} INFO - [2026-07-10T00:51:15.910+0000] {dagbag.py:588} INFO - Filling up the DagBag from /opt/airflow/dags/06_xcom.py
[2026-07-10T00:51:15.934+0000] {processor.py:925} INFO - DAG(s) '06_xcom' retrieved from /opt/airflow/dags/06_xcom.py
[2026-07-10T00:51:15.985+0000] {logging_mixin.py:190} INFO - [2026-07-10T00:51:15.985+0000] {dag.py:3239} INFO - Sync 1 DAGs
[2026-07-10T00:51:16.009+0000] {logging_mixin.py:190} INFO - [2026-07-10T00:51:16.009+0000] {dag.py:4180} INFO - Setting next_dagrun for 06_xcom to None, run_after=None
[2026-07-10T00:51:16.045+0000] {processor.py:208} INFO - Processing /opt/airflow/dags/06_xcom.py took 0.186 seconds
[2026-07-10T00:51:46.183+0000] {processor.py:186} INFO - Started process (PID=12672) to work on /opt/airflow/dags/06_xcom.py
[2026-07-10T00:51:46.184+0000] {processor.py:914} INFO - Processing file /opt/airflow/dags/06_xcom.py for tasks to queue
[2026-07-10T00:51:46.187+0000] {logging_mixin.py:190} INFO - [2026-07-10T00:51:46.186+0000] {dagbag.py:588} INFO - Filling up the DagBag from /opt/airflow/dags/06_xcom.py
[2026-07-10T00:51:46.196+0000] {processor.py:925} INFO - DAG(s) '06_xcom' retrieved from /opt/airflow/dags/06_xcom.py
[2026-07-10T00:51:46.228+0000] {logging_mixin.py:190} INFO - [2026-07-10T00:51:46.228+0000] {dag.py:3239} INFO - Sync 1 DAGs
[2026-07-10T00:51:46.248+0000] {logging_mixin.py:190} INFO - [2026-07-10T00:51:46.248+0000] {dag.py:4180} INFO - Setting next_dagrun for 06_xcom to None, run_after=None
[2026-07-10T00:51:46.273+0000] {processor.py:208} INFO - Processing /opt/airflow/dags/06_xcom.py took 0.111 seconds
[2026-07-10T00:52:16.337+0000] {processor.py:186} INFO - Started process (PID=12712) to work on /opt/airflow/dags/06_xcom.py
[2026-07-10T00:52:16.339+0000] {processor.py:914} INFO - Processing file /opt/airflow/dags/06_xcom.py for tasks to queue
[2026-07-10T00:52:16.346+0000] {logging_mixin.py:190} INFO - [2026-07-10T00:52:16.345+0000] {dagbag.py:588} INFO - Filling up the DagBag from /opt/airflow/dags/06_xcom.py
[2026-07-10T00:52:16.364+0000] {processor.py:925} INFO - DAG(s) '06_xcom' retrieved from /opt/airflow/dags/06_xcom.py
[2026-07-10T00:52:16.414+0000] {logging_mixin.py:190} INFO - [2026-07-10T00:52:16.413+0000] {dag.py:3239} INFO - Sync 1 DAGs
[2026-07-10T00:52:16.439+0000] {logging_mixin.py:190} INFO - [2026-07-10T00:52:16.439+0000] {dag.py:4180} INFO - Setting next_dagrun for 06_xcom to None, run_after=None
[2026-07-10T00:52:16.464+0000] {processor.py:208} INFO - Processing /opt/airflow/dags/06_xcom.py took 0.140 seconds
[2026-07-10T00:52:46.546+0000] {processor.py:186} INFO - Started process (PID=12750) to work on /opt/airflow/dags/06_xcom.py
[2026-07-10T00:52:46.548+0000] {processor.py:914} INFO - Processing file /opt/airflow/dags/06_xcom.py for tasks to queue
[2026-07-10T00:52:46.550+0000] {logging_mixin.py:190} INFO - [2026-07-10T00:52:46.550+0000] {dagbag.py:588} INFO - Filling up the DagBag from /opt/airflow/dags/06_xcom.py
[2026-07-10T00:52:46.563+0000] {processor.py:925} INFO - DAG(s) '06_xcom' retrieved from /opt/airflow/dags/06_xcom.py
[2026-07-10T00:52:46.602+0000] {logging_mixin.py:190} INFO - [2026-07-10T00:52:46.602+0000] {dag.py:3239} INFO - Sync 1 DAGs
[2026-07-10T00:52:46.621+0000] {logging_mixin.py:190} INFO - [2026-07-10T00:52:46.620+0000] {dag.py:4180} INFO - Setting next_dagrun for 06_xcom to None, run_after=None
[2026-07-10T00:52:46.651+0000] {processor.py:208} INFO - Processing /opt/airflow/dags/06_xcom.py took 0.114 seconds
[2026-07-10T00:53:16.841+0000] {processor.py:186} INFO - Started process (PID=12790) to work on /opt/airflow/dags/06_xcom.py
[2026-07-10T00:53:16.842+0000] {processor.py:914} INFO - Processing file /opt/airflow/dags/06_xcom.py for tasks to queue
[2026-07-10T00:53:16.845+0000] {logging_mixin.py:190} INFO - [2026-07-10T00:53:16.844+0000] {dagbag.py:588} INFO - Filling up the DagBag from /opt/airflow/dags/06_xcom.py
[2026-07-10T00:53:16.858+0000] {processor.py:925} INFO - DAG(s) '06_xcom' retrieved from /opt/airflow/dags/06_xcom.py
[2026-07-10T00:53:16.896+0000] {logging_mixin.py:190} INFO - [2026-07-10T00:53:16.895+0000] {dag.py:3239} INFO - Sync 1 DAGs
[2026-07-10T00:53:16.913+0000] {logging_mixin.py:190} INFO - [2026-07-10T00:53:16.912+0000] {dag.py:4180} INFO - Setting next_dagrun for 06_xcom to None, run_after=None
[2026-07-10T00:53:16.933+0000] {processor.py:208} INFO - Processing /opt/airflow/dags/06_xcom.py took 0.106 seconds
