[2026-07-10T00:39:00.855+0000] {processor.py:186} INFO - Started process (PID=11646) to work on /opt/airflow/dags/07_dynamic_mapping.py
[2026-07-10T00:39:00.857+0000] {processor.py:914} INFO - Processing file /opt/airflow/dags/07_dynamic_mapping.py for tasks to queue
[2026-07-10T00:39:00.865+0000] {logging_mixin.py:190} INFO - [2026-07-10T00:39:00.864+0000] {dagbag.py:588} INFO - Filling up the DagBag from /opt/airflow/dags/07_dynamic_mapping.py
[2026-07-10T00:39:00.890+0000] {processor.py:925} INFO - DAG(s) '07_dynamic_mapping' retrieved from /opt/airflow/dags/07_dynamic_mapping.py
[2026-07-10T00:39:01.305+0000] {logging_mixin.py:190} INFO - [2026-07-10T00:39:01.303+0000] {override.py:1911} INFO - Created Permission View: can edit on DAG:07_dynamic_mapping
[2026-07-10T00:39:01.340+0000] {logging_mixin.py:190} INFO - [2026-07-10T00:39:01.340+0000] {override.py:1911} INFO - Created Permission View: can read on DAG:07_dynamic_mapping
[2026-07-10T00:39:01.356+0000] {logging_mixin.py:190} INFO - [2026-07-10T00:39:01.356+0000] {override.py:1911} INFO - Created Permission View: can delete on DAG:07_dynamic_mapping
[2026-07-10T00:39:01.374+0000] {logging_mixin.py:190} INFO - [2026-07-10T00:39:01.373+0000] {override.py:1911} INFO - Created Permission View: menu access on DAG Run:07_dynamic_mapping
[2026-07-10T00:39:01.391+0000] {logging_mixin.py:190} INFO - [2026-07-10T00:39:01.390+0000] {override.py:1911} INFO - Created Permission View: can create on DAG Run:07_dynamic_mapping
[2026-07-10T00:39:01.406+0000] {logging_mixin.py:190} INFO - [2026-07-10T00:39:01.406+0000] {override.py:1911} INFO - Created Permission View: can read on DAG Run:07_dynamic_mapping
[2026-07-10T00:39:01.424+0000] {logging_mixin.py:190} INFO - [2026-07-10T00:39:01.423+0000] {override.py:1911} INFO - Created Permission View: can delete on DAG Run:07_dynamic_mapping
[2026-07-10T00:39:01.426+0000] {logging_mixin.py:190} INFO - [2026-07-10T00:39:01.426+0000] {dag.py:3239} INFO - Sync 1 DAGs
[2026-07-10T00:39:01.472+0000] {logging_mixin.py:190} INFO - [2026-07-10T00:39:01.472+0000] {dag.py:3262} INFO - Creating ORM DAG for 07_dynamic_mapping
[2026-07-10T00:39:01.474+0000] {logging_mixin.py:190} INFO - [2026-07-10T00:39:01.474+0000] {dag.py:4180} INFO - Setting next_dagrun for 07_dynamic_mapping to None, run_after=None
[2026-07-10T00:39:01.537+0000] {processor.py:208} INFO - Processing /opt/airflow/dags/07_dynamic_mapping.py took 0.699 seconds
[2026-07-10T00:39:32.084+0000] {processor.py:186} INFO - Started process (PID=11686) to work on /opt/airflow/dags/07_dynamic_mapping.py
[2026-07-10T00:39:32.085+0000] {processor.py:914} INFO - Processing file /opt/airflow/dags/07_dynamic_mapping.py for tasks to queue
[2026-07-10T00:39:32.089+0000] {logging_mixin.py:190} INFO - [2026-07-10T00:39:32.088+0000] {dagbag.py:588} INFO - Filling up the DagBag from /opt/airflow/dags/07_dynamic_mapping.py
[2026-07-10T00:39:32.110+0000] {processor.py:925} INFO - DAG(s) '07_dynamic_mapping' retrieved from /opt/airflow/dags/07_dynamic_mapping.py
[2026-07-10T00:39:32.158+0000] {logging_mixin.py:190} INFO - [2026-07-10T00:39:32.158+0000] {dag.py:3239} INFO - Sync 1 DAGs
[2026-07-10T00:39:32.180+0000] {logging_mixin.py:190} INFO - [2026-07-10T00:39:32.180+0000] {dag.py:4180} INFO - Setting next_dagrun for 07_dynamic_mapping to None, run_after=None
[2026-07-10T00:39:32.206+0000] {processor.py:208} INFO - Processing /opt/airflow/dags/07_dynamic_mapping.py took 0.150 seconds
[2026-07-10T00:40:03.216+0000] {processor.py:186} INFO - Started process (PID=11747) to work on /opt/airflow/dags/07_dynamic_mapping.py
[2026-07-10T00:40:03.217+0000] {processor.py:914} INFO - Processing file /opt/airflow/dags/07_dynamic_mapping.py for tasks to queue
[2026-07-10T00:40:03.220+0000] {logging_mixin.py:190} INFO - [2026-07-10T00:40:03.220+0000] {dagbag.py:588} INFO - Filling up the DagBag from /opt/airflow/dags/07_dynamic_mapping.py
[2026-07-10T00:40:03.236+0000] {processor.py:925} INFO - DAG(s) '07_dynamic_mapping' retrieved from /opt/airflow/dags/07_dynamic_mapping.py
[2026-07-10T00:40:03.272+0000] {logging_mixin.py:190} INFO - [2026-07-10T00:40:03.272+0000] {dag.py:3239} INFO - Sync 1 DAGs
[2026-07-10T00:40:03.289+0000] {logging_mixin.py:190} INFO - [2026-07-10T00:40:03.289+0000] {dag.py:4180} INFO - Setting next_dagrun for 07_dynamic_mapping to None, run_after=None
[2026-07-10T00:40:03.311+0000] {processor.py:208} INFO - Processing /opt/airflow/dags/07_dynamic_mapping.py took 0.104 seconds
[2026-07-10T00:40:33.547+0000] {processor.py:186} INFO - Started process (PID=11787) to work on /opt/airflow/dags/07_dynamic_mapping.py
[2026-07-10T00:40:33.553+0000] {processor.py:914} INFO - Processing file /opt/airflow/dags/07_dynamic_mapping.py for tasks to queue
[2026-07-10T00:40:33.567+0000] {logging_mixin.py:190} INFO - [2026-07-10T00:40:33.565+0000] {dagbag.py:588} INFO - Filling up the DagBag from /opt/airflow/dags/07_dynamic_mapping.py
[2026-07-10T00:40:33.620+0000] {processor.py:925} INFO - DAG(s) '07_dynamic_mapping' retrieved from /opt/airflow/dags/07_dynamic_mapping.py
[2026-07-10T00:40:33.679+0000] {logging_mixin.py:190} INFO - [2026-07-10T00:40:33.679+0000] {dag.py:3239} INFO - Sync 1 DAGs
[2026-07-10T00:40:33.706+0000] {logging_mixin.py:190} INFO - [2026-07-10T00:40:33.705+0000] {dag.py:4180} INFO - Setting next_dagrun for 07_dynamic_mapping to None, run_after=None
[2026-07-10T00:40:33.735+0000] {processor.py:208} INFO - Processing /opt/airflow/dags/07_dynamic_mapping.py took 0.225 seconds
[2026-07-10T00:41:04.759+0000] {processor.py:186} INFO - Started process (PID=11827) to work on /opt/airflow/dags/07_dynamic_mapping.py
[2026-07-10T00:41:04.765+0000] {processor.py:914} INFO - Processing file /opt/airflow/dags/07_dynamic_mapping.py for tasks to queue
[2026-07-10T00:41:04.777+0000] {logging_mixin.py:190} INFO - [2026-07-10T00:41:04.775+0000] {dagbag.py:588} INFO - Filling up the DagBag from /opt/airflow/dags/07_dynamic_mapping.py
[2026-07-10T00:41:04.827+0000] {processor.py:925} INFO - DAG(s) '07_dynamic_mapping' retrieved from /opt/airflow/dags/07_dynamic_mapping.py
[2026-07-10T00:41:05.006+0000] {logging_mixin.py:190} INFO - [2026-07-10T00:41:05.005+0000] {dag.py:3239} INFO - Sync 1 DAGs
[2026-07-10T00:41:05.042+0000] {logging_mixin.py:190} INFO - [2026-07-10T00:41:05.041+0000] {dag.py:4180} INFO - Setting next_dagrun for 07_dynamic_mapping to None, run_after=None
[2026-07-10T00:41:05.088+0000] {processor.py:208} INFO - Processing /opt/airflow/dags/07_dynamic_mapping.py took 0.367 seconds
[2026-07-10T00:41:35.260+0000] {processor.py:186} INFO - Started process (PID=11867) to work on /opt/airflow/dags/07_dynamic_mapping.py
[2026-07-10T00:41:35.266+0000] {processor.py:914} INFO - Processing file /opt/airflow/dags/07_dynamic_mapping.py for tasks to queue
[2026-07-10T00:41:35.280+0000] {logging_mixin.py:190} INFO - [2026-07-10T00:41:35.278+0000] {dagbag.py:588} INFO - Filling up the DagBag from /opt/airflow/dags/07_dynamic_mapping.py
[2026-07-10T00:41:35.340+0000] {processor.py:925} INFO - DAG(s) '07_dynamic_mapping' retrieved from /opt/airflow/dags/07_dynamic_mapping.py
[2026-07-10T00:41:35.503+0000] {logging_mixin.py:190} INFO - [2026-07-10T00:41:35.502+0000] {dag.py:3239} INFO - Sync 1 DAGs
[2026-07-10T00:41:35.522+0000] {logging_mixin.py:190} INFO - [2026-07-10T00:41:35.522+0000] {dag.py:4180} INFO - Setting next_dagrun for 07_dynamic_mapping to None, run_after=None
[2026-07-10T00:41:35.559+0000] {processor.py:208} INFO - Processing /opt/airflow/dags/07_dynamic_mapping.py took 0.342 seconds
[2026-07-10T00:42:06.473+0000] {processor.py:186} INFO - Started process (PID=11907) to work on /opt/airflow/dags/07_dynamic_mapping.py
[2026-07-10T00:42:06.475+0000] {processor.py:914} INFO - Processing file /opt/airflow/dags/07_dynamic_mapping.py for tasks to queue
[2026-07-10T00:42:06.480+0000] {logging_mixin.py:190} INFO - [2026-07-10T00:42:06.479+0000] {dagbag.py:588} INFO - Filling up the DagBag from /opt/airflow/dags/07_dynamic_mapping.py
[2026-07-10T00:42:06.512+0000] {processor.py:925} INFO - DAG(s) '07_dynamic_mapping' retrieved from /opt/airflow/dags/07_dynamic_mapping.py
[2026-07-10T00:42:06.573+0000] {logging_mixin.py:190} INFO - [2026-07-10T00:42:06.572+0000] {dag.py:3239} INFO - Sync 1 DAGs
[2026-07-10T00:42:06.609+0000] {logging_mixin.py:190} INFO - [2026-07-10T00:42:06.609+0000] {dag.py:4180} INFO - Setting next_dagrun for 07_dynamic_mapping to None, run_after=None
[2026-07-10T00:42:06.641+0000] {processor.py:208} INFO - Processing /opt/airflow/dags/07_dynamic_mapping.py took 0.184 seconds
[2026-07-10T00:42:36.863+0000] {processor.py:186} INFO - Started process (PID=11947) to work on /opt/airflow/dags/07_dynamic_mapping.py
[2026-07-10T00:42:36.866+0000] {processor.py:914} INFO - Processing file /opt/airflow/dags/07_dynamic_mapping.py for tasks to queue
[2026-07-10T00:42:36.872+0000] {logging_mixin.py:190} INFO - [2026-07-10T00:42:36.871+0000] {dagbag.py:588} INFO - Filling up the DagBag from /opt/airflow/dags/07_dynamic_mapping.py
[2026-07-10T00:42:36.903+0000] {processor.py:925} INFO - DAG(s) '07_dynamic_mapping' retrieved from /opt/airflow/dags/07_dynamic_mapping.py
[2026-07-10T00:42:37.026+0000] {logging_mixin.py:190} INFO - [2026-07-10T00:42:37.025+0000] {dag.py:3239} INFO - Sync 1 DAGs
[2026-07-10T00:42:37.071+0000] {logging_mixin.py:190} INFO - [2026-07-10T00:42:37.070+0000] {dag.py:4180} INFO - Setting next_dagrun for 07_dynamic_mapping to None, run_after=None
[2026-07-10T00:42:37.101+0000] {processor.py:208} INFO - Processing /opt/airflow/dags/07_dynamic_mapping.py took 0.257 seconds
[2026-07-10T00:43:07.193+0000] {processor.py:186} INFO - Started process (PID=11987) to work on /opt/airflow/dags/07_dynamic_mapping.py
[2026-07-10T00:43:07.196+0000] {processor.py:914} INFO - Processing file /opt/airflow/dags/07_dynamic_mapping.py for tasks to queue
[2026-07-10T00:43:07.200+0000] {logging_mixin.py:190} INFO - [2026-07-10T00:43:07.200+0000] {dagbag.py:588} INFO - Filling up the DagBag from /opt/airflow/dags/07_dynamic_mapping.py
[2026-07-10T00:43:07.221+0000] {processor.py:925} INFO - DAG(s) '07_dynamic_mapping' retrieved from /opt/airflow/dags/07_dynamic_mapping.py
[2026-07-10T00:43:07.271+0000] {logging_mixin.py:190} INFO - [2026-07-10T00:43:07.270+0000] {dag.py:3239} INFO - Sync 1 DAGs
[2026-07-10T00:43:07.289+0000] {logging_mixin.py:190} INFO - [2026-07-10T00:43:07.289+0000] {dag.py:4180} INFO - Setting next_dagrun for 07_dynamic_mapping to None, run_after=None
[2026-07-10T00:43:07.315+0000] {processor.py:208} INFO - Processing /opt/airflow/dags/07_dynamic_mapping.py took 0.136 seconds
[2026-07-10T00:43:37.432+0000] {processor.py:186} INFO - Started process (PID=12027) to work on /opt/airflow/dags/07_dynamic_mapping.py
[2026-07-10T00:43:37.432+0000] {processor.py:914} INFO - Processing file /opt/airflow/dags/07_dynamic_mapping.py for tasks to queue
[2026-07-10T00:43:37.435+0000] {logging_mixin.py:190} INFO - [2026-07-10T00:43:37.435+0000] {dagbag.py:588} INFO - Filling up the DagBag from /opt/airflow/dags/07_dynamic_mapping.py
[2026-07-10T00:43:37.446+0000] {processor.py:925} INFO - DAG(s) '07_dynamic_mapping' retrieved from /opt/airflow/dags/07_dynamic_mapping.py
[2026-07-10T00:43:37.481+0000] {logging_mixin.py:190} INFO - [2026-07-10T00:43:37.480+0000] {dag.py:3239} INFO - Sync 1 DAGs
[2026-07-10T00:43:37.498+0000] {logging_mixin.py:190} INFO - [2026-07-10T00:43:37.498+0000] {dag.py:4180} INFO - Setting next_dagrun for 07_dynamic_mapping to None, run_after=None
[2026-07-10T00:43:37.521+0000] {processor.py:208} INFO - Processing /opt/airflow/dags/07_dynamic_mapping.py took 0.097 seconds
[2026-07-10T00:44:07.683+0000] {processor.py:186} INFO - Started process (PID=12067) to work on /opt/airflow/dags/07_dynamic_mapping.py
[2026-07-10T00:44:07.685+0000] {processor.py:914} INFO - Processing file /opt/airflow/dags/07_dynamic_mapping.py for tasks to queue
[2026-07-10T00:44:07.688+0000] {logging_mixin.py:190} INFO - [2026-07-10T00:44:07.688+0000] {dagbag.py:588} INFO - Filling up the DagBag from /opt/airflow/dags/07_dynamic_mapping.py
[2026-07-10T00:44:07.703+0000] {processor.py:925} INFO - DAG(s) '07_dynamic_mapping' retrieved from /opt/airflow/dags/07_dynamic_mapping.py
[2026-07-10T00:44:07.755+0000] {logging_mixin.py:190} INFO - [2026-07-10T00:44:07.754+0000] {dag.py:3239} INFO - Sync 1 DAGs
[2026-07-10T00:44:07.778+0000] {logging_mixin.py:190} INFO - [2026-07-10T00:44:07.777+0000] {dag.py:4180} INFO - Setting next_dagrun for 07_dynamic_mapping to None, run_after=None
[2026-07-10T00:44:07.804+0000] {processor.py:208} INFO - Processing /opt/airflow/dags/07_dynamic_mapping.py took 0.133 seconds
[2026-07-10T00:44:38.588+0000] {processor.py:186} INFO - Started process (PID=12107) to work on /opt/airflow/dags/07_dynamic_mapping.py
[2026-07-10T00:44:38.589+0000] {processor.py:914} INFO - Processing file /opt/airflow/dags/07_dynamic_mapping.py for tasks to queue
[2026-07-10T00:44:38.591+0000] {logging_mixin.py:190} INFO - [2026-07-10T00:44:38.591+0000] {dagbag.py:588} INFO - Filling up the DagBag from /opt/airflow/dags/07_dynamic_mapping.py
[2026-07-10T00:44:38.601+0000] {processor.py:925} INFO - DAG(s) '07_dynamic_mapping' retrieved from /opt/airflow/dags/07_dynamic_mapping.py
[2026-07-10T00:44:38.648+0000] {logging_mixin.py:190} INFO - [2026-07-10T00:44:38.648+0000] {dag.py:3239} INFO - Sync 1 DAGs
[2026-07-10T00:44:38.668+0000] {logging_mixin.py:190} INFO - [2026-07-10T00:44:38.668+0000] {dag.py:4180} INFO - Setting next_dagrun for 07_dynamic_mapping to None, run_after=None
[2026-07-10T00:44:38.690+0000] {processor.py:208} INFO - Processing /opt/airflow/dags/07_dynamic_mapping.py took 0.108 seconds
[2026-07-10T00:45:09.035+0000] {processor.py:186} INFO - Started process (PID=12147) to work on /opt/airflow/dags/07_dynamic_mapping.py
[2026-07-10T00:45:09.037+0000] {processor.py:914} INFO - Processing file /opt/airflow/dags/07_dynamic_mapping.py for tasks to queue
[2026-07-10T00:45:09.040+0000] {logging_mixin.py:190} INFO - [2026-07-10T00:45:09.039+0000] {dagbag.py:588} INFO - Filling up the DagBag from /opt/airflow/dags/07_dynamic_mapping.py
[2026-07-10T00:45:09.058+0000] {processor.py:925} INFO - DAG(s) '07_dynamic_mapping' retrieved from /opt/airflow/dags/07_dynamic_mapping.py
[2026-07-10T00:45:09.151+0000] {logging_mixin.py:190} INFO - [2026-07-10T00:45:09.149+0000] {dag.py:3239} INFO - Sync 1 DAGs
[2026-07-10T00:45:09.206+0000] {logging_mixin.py:190} INFO - [2026-07-10T00:45:09.206+0000] {dag.py:4180} INFO - Setting next_dagrun for 07_dynamic_mapping to None, run_after=None
[2026-07-10T00:45:09.251+0000] {processor.py:208} INFO - Processing /opt/airflow/dags/07_dynamic_mapping.py took 0.227 seconds
[2026-07-10T00:45:39.426+0000] {processor.py:186} INFO - Started process (PID=12187) to work on /opt/airflow/dags/07_dynamic_mapping.py
[2026-07-10T00:45:39.427+0000] {processor.py:914} INFO - Processing file /opt/airflow/dags/07_dynamic_mapping.py for tasks to queue
[2026-07-10T00:45:39.430+0000] {logging_mixin.py:190} INFO - [2026-07-10T00:45:39.429+0000] {dagbag.py:588} INFO - Filling up the DagBag from /opt/airflow/dags/07_dynamic_mapping.py
[2026-07-10T00:45:39.440+0000] {processor.py:925} INFO - DAG(s) '07_dynamic_mapping' retrieved from /opt/airflow/dags/07_dynamic_mapping.py
[2026-07-10T00:45:39.476+0000] {logging_mixin.py:190} INFO - [2026-07-10T00:45:39.476+0000] {dag.py:3239} INFO - Sync 1 DAGs
[2026-07-10T00:45:39.496+0000] {logging_mixin.py:190} INFO - [2026-07-10T00:45:39.495+0000] {dag.py:4180} INFO - Setting next_dagrun for 07_dynamic_mapping to None, run_after=None
[2026-07-10T00:45:39.520+0000] {processor.py:208} INFO - Processing /opt/airflow/dags/07_dynamic_mapping.py took 0.111 seconds
[2026-07-10T00:46:09.854+0000] {processor.py:186} INFO - Started process (PID=12227) to work on /opt/airflow/dags/07_dynamic_mapping.py
[2026-07-10T00:46:09.856+0000] {processor.py:914} INFO - Processing file /opt/airflow/dags/07_dynamic_mapping.py for tasks to queue
[2026-07-10T00:46:09.861+0000] {logging_mixin.py:190} INFO - [2026-07-10T00:46:09.860+0000] {dagbag.py:588} INFO - Filling up the DagBag from /opt/airflow/dags/07_dynamic_mapping.py
[2026-07-10T00:46:09.882+0000] {processor.py:925} INFO - DAG(s) '07_dynamic_mapping' retrieved from /opt/airflow/dags/07_dynamic_mapping.py
[2026-07-10T00:46:09.937+0000] {logging_mixin.py:190} INFO - [2026-07-10T00:46:09.937+0000] {dag.py:3239} INFO - Sync 1 DAGs
[2026-07-10T00:46:09.956+0000] {logging_mixin.py:190} INFO - [2026-07-10T00:46:09.955+0000] {dag.py:4180} INFO - Setting next_dagrun for 07_dynamic_mapping to None, run_after=None
[2026-07-10T00:46:09.974+0000] {processor.py:208} INFO - Processing /opt/airflow/dags/07_dynamic_mapping.py took 0.163 seconds
[2026-07-10T00:46:40.095+0000] {processor.py:186} INFO - Started process (PID=12267) to work on /opt/airflow/dags/07_dynamic_mapping.py
[2026-07-10T00:46:40.100+0000] {processor.py:914} INFO - Processing file /opt/airflow/dags/07_dynamic_mapping.py for tasks to queue
[2026-07-10T00:46:40.111+0000] {logging_mixin.py:190} INFO - [2026-07-10T00:46:40.110+0000] {dagbag.py:588} INFO - Filling up the DagBag from /opt/airflow/dags/07_dynamic_mapping.py
[2026-07-10T00:46:40.174+0000] {processor.py:925} INFO - DAG(s) '07_dynamic_mapping' retrieved from /opt/airflow/dags/07_dynamic_mapping.py
[2026-07-10T00:46:40.293+0000] {logging_mixin.py:190} INFO - [2026-07-10T00:46:40.291+0000] {dag.py:3239} INFO - Sync 1 DAGs
[2026-07-10T00:46:40.318+0000] {logging_mixin.py:190} INFO - [2026-07-10T00:46:40.318+0000] {dag.py:4180} INFO - Setting next_dagrun for 07_dynamic_mapping to None, run_after=None
[2026-07-10T00:46:40.338+0000] {processor.py:208} INFO - Processing /opt/airflow/dags/07_dynamic_mapping.py took 0.281 seconds
[2026-07-10T00:47:10.583+0000] {processor.py:186} INFO - Started process (PID=12307) to work on /opt/airflow/dags/07_dynamic_mapping.py
[2026-07-10T00:47:10.586+0000] {processor.py:914} INFO - Processing file /opt/airflow/dags/07_dynamic_mapping.py for tasks to queue
[2026-07-10T00:47:10.589+0000] {logging_mixin.py:190} INFO - [2026-07-10T00:47:10.589+0000] {dagbag.py:588} INFO - Filling up the DagBag from /opt/airflow/dags/07_dynamic_mapping.py
[2026-07-10T00:47:10.602+0000] {processor.py:925} INFO - DAG(s) '07_dynamic_mapping' retrieved from /opt/airflow/dags/07_dynamic_mapping.py
[2026-07-10T00:47:10.644+0000] {logging_mixin.py:190} INFO - [2026-07-10T00:47:10.644+0000] {dag.py:3239} INFO - Sync 1 DAGs
[2026-07-10T00:47:10.660+0000] {logging_mixin.py:190} INFO - [2026-07-10T00:47:10.660+0000] {dag.py:4180} INFO - Setting next_dagrun for 07_dynamic_mapping to None, run_after=None
[2026-07-10T00:47:10.687+0000] {processor.py:208} INFO - Processing /opt/airflow/dags/07_dynamic_mapping.py took 0.130 seconds
[2026-07-10T00:47:41.020+0000] {processor.py:186} INFO - Started process (PID=12347) to work on /opt/airflow/dags/07_dynamic_mapping.py
[2026-07-10T00:47:41.022+0000] {processor.py:914} INFO - Processing file /opt/airflow/dags/07_dynamic_mapping.py for tasks to queue
[2026-07-10T00:47:41.025+0000] {logging_mixin.py:190} INFO - [2026-07-10T00:47:41.024+0000] {dagbag.py:588} INFO - Filling up the DagBag from /opt/airflow/dags/07_dynamic_mapping.py
[2026-07-10T00:47:41.042+0000] {processor.py:925} INFO - DAG(s) '07_dynamic_mapping' retrieved from /opt/airflow/dags/07_dynamic_mapping.py
[2026-07-10T00:47:41.086+0000] {logging_mixin.py:190} INFO - [2026-07-10T00:47:41.086+0000] {dag.py:3239} INFO - Sync 1 DAGs
[2026-07-10T00:47:41.104+0000] {logging_mixin.py:190} INFO - [2026-07-10T00:47:41.104+0000] {dag.py:4180} INFO - Setting next_dagrun for 07_dynamic_mapping to None, run_after=None
[2026-07-10T00:47:41.125+0000] {processor.py:208} INFO - Processing /opt/airflow/dags/07_dynamic_mapping.py took 0.116 seconds
[2026-07-10T00:48:12.096+0000] {processor.py:186} INFO - Started process (PID=12387) to work on /opt/airflow/dags/07_dynamic_mapping.py
[2026-07-10T00:48:12.098+0000] {processor.py:914} INFO - Processing file /opt/airflow/dags/07_dynamic_mapping.py for tasks to queue
[2026-07-10T00:48:12.103+0000] {logging_mixin.py:190} INFO - [2026-07-10T00:48:12.102+0000] {dagbag.py:588} INFO - Filling up the DagBag from /opt/airflow/dags/07_dynamic_mapping.py
[2026-07-10T00:48:12.123+0000] {processor.py:925} INFO - DAG(s) '07_dynamic_mapping' retrieved from /opt/airflow/dags/07_dynamic_mapping.py
[2026-07-10T00:48:12.184+0000] {logging_mixin.py:190} INFO - [2026-07-10T00:48:12.184+0000] {dag.py:3239} INFO - Sync 1 DAGs
[2026-07-10T00:48:12.211+0000] {logging_mixin.py:190} INFO - [2026-07-10T00:48:12.210+0000] {dag.py:4180} INFO - Setting next_dagrun for 07_dynamic_mapping to None, run_after=None
[2026-07-10T00:48:12.256+0000] {processor.py:208} INFO - Processing /opt/airflow/dags/07_dynamic_mapping.py took 0.192 seconds
[2026-07-10T00:48:42.624+0000] {processor.py:186} INFO - Started process (PID=12427) to work on /opt/airflow/dags/07_dynamic_mapping.py
[2026-07-10T00:48:42.627+0000] {processor.py:914} INFO - Processing file /opt/airflow/dags/07_dynamic_mapping.py for tasks to queue
[2026-07-10T00:48:42.639+0000] {logging_mixin.py:190} INFO - [2026-07-10T00:48:42.637+0000] {dagbag.py:588} INFO - Filling up the DagBag from /opt/airflow/dags/07_dynamic_mapping.py
[2026-07-10T00:48:42.697+0000] {processor.py:925} INFO - DAG(s) '07_dynamic_mapping' retrieved from /opt/airflow/dags/07_dynamic_mapping.py
[2026-07-10T00:48:42.829+0000] {logging_mixin.py:190} INFO - [2026-07-10T00:48:42.829+0000] {dag.py:3239} INFO - Sync 1 DAGs
[2026-07-10T00:48:42.857+0000] {logging_mixin.py:190} INFO - [2026-07-10T00:48:42.856+0000] {dag.py:4180} INFO - Setting next_dagrun for 07_dynamic_mapping to None, run_after=None
[2026-07-10T00:48:42.888+0000] {processor.py:208} INFO - Processing /opt/airflow/dags/07_dynamic_mapping.py took 0.301 seconds
[2026-07-10T00:49:13.081+0000] {processor.py:186} INFO - Started process (PID=12467) to work on /opt/airflow/dags/07_dynamic_mapping.py
[2026-07-10T00:49:13.084+0000] {processor.py:914} INFO - Processing file /opt/airflow/dags/07_dynamic_mapping.py for tasks to queue
[2026-07-10T00:49:13.091+0000] {logging_mixin.py:190} INFO - [2026-07-10T00:49:13.089+0000] {dagbag.py:588} INFO - Filling up the DagBag from /opt/airflow/dags/07_dynamic_mapping.py
[2026-07-10T00:49:13.117+0000] {processor.py:925} INFO - DAG(s) '07_dynamic_mapping' retrieved from /opt/airflow/dags/07_dynamic_mapping.py
[2026-07-10T00:49:13.193+0000] {logging_mixin.py:190} INFO - [2026-07-10T00:49:13.192+0000] {dag.py:3239} INFO - Sync 1 DAGs
[2026-07-10T00:49:13.209+0000] {logging_mixin.py:190} INFO - [2026-07-10T00:49:13.209+0000] {dag.py:4180} INFO - Setting next_dagrun for 07_dynamic_mapping to None, run_after=None
[2026-07-10T00:49:13.230+0000] {processor.py:208} INFO - Processing /opt/airflow/dags/07_dynamic_mapping.py took 0.170 seconds
[2026-07-10T00:49:43.369+0000] {processor.py:186} INFO - Started process (PID=12507) to work on /opt/airflow/dags/07_dynamic_mapping.py
[2026-07-10T00:49:43.373+0000] {processor.py:914} INFO - Processing file /opt/airflow/dags/07_dynamic_mapping.py for tasks to queue
[2026-07-10T00:49:43.384+0000] {logging_mixin.py:190} INFO - [2026-07-10T00:49:43.382+0000] {dagbag.py:588} INFO - Filling up the DagBag from /opt/airflow/dags/07_dynamic_mapping.py
[2026-07-10T00:49:43.450+0000] {processor.py:925} INFO - DAG(s) '07_dynamic_mapping' retrieved from /opt/airflow/dags/07_dynamic_mapping.py
[2026-07-10T00:49:43.535+0000] {logging_mixin.py:190} INFO - [2026-07-10T00:49:43.535+0000] {dag.py:3239} INFO - Sync 1 DAGs
[2026-07-10T00:49:43.553+0000] {logging_mixin.py:190} INFO - [2026-07-10T00:49:43.552+0000] {dag.py:4180} INFO - Setting next_dagrun for 07_dynamic_mapping to None, run_after=None
[2026-07-10T00:49:43.573+0000] {processor.py:208} INFO - Processing /opt/airflow/dags/07_dynamic_mapping.py took 0.233 seconds
[2026-07-10T00:50:13.873+0000] {processor.py:186} INFO - Started process (PID=12547) to work on /opt/airflow/dags/07_dynamic_mapping.py
[2026-07-10T00:50:13.878+0000] {processor.py:914} INFO - Processing file /opt/airflow/dags/07_dynamic_mapping.py for tasks to queue
[2026-07-10T00:50:13.899+0000] {logging_mixin.py:190} INFO - [2026-07-10T00:50:13.895+0000] {dagbag.py:588} INFO - Filling up the DagBag from /opt/airflow/dags/07_dynamic_mapping.py
[2026-07-10T00:50:13.944+0000] {processor.py:925} INFO - DAG(s) '07_dynamic_mapping' retrieved from /opt/airflow/dags/07_dynamic_mapping.py
[2026-07-10T00:50:14.001+0000] {logging_mixin.py:190} INFO - [2026-07-10T00:50:14.001+0000] {dag.py:3239} INFO - Sync 1 DAGs
[2026-07-10T00:50:14.035+0000] {logging_mixin.py:190} INFO - [2026-07-10T00:50:14.035+0000] {dag.py:4180} INFO - Setting next_dagrun for 07_dynamic_mapping to None, run_after=None
[2026-07-10T00:50:14.076+0000] {processor.py:208} INFO - Processing /opt/airflow/dags/07_dynamic_mapping.py took 0.248 seconds
[2026-07-10T00:50:44.369+0000] {processor.py:186} INFO - Started process (PID=12587) to work on /opt/airflow/dags/07_dynamic_mapping.py
[2026-07-10T00:50:44.372+0000] {processor.py:914} INFO - Processing file /opt/airflow/dags/07_dynamic_mapping.py for tasks to queue
[2026-07-10T00:50:44.379+0000] {logging_mixin.py:190} INFO - [2026-07-10T00:50:44.378+0000] {dagbag.py:588} INFO - Filling up the DagBag from /opt/airflow/dags/07_dynamic_mapping.py
[2026-07-10T00:50:44.400+0000] {processor.py:925} INFO - DAG(s) '07_dynamic_mapping' retrieved from /opt/airflow/dags/07_dynamic_mapping.py
[2026-07-10T00:50:44.443+0000] {logging_mixin.py:190} INFO - [2026-07-10T00:50:44.443+0000] {dag.py:3239} INFO - Sync 1 DAGs
[2026-07-10T00:50:44.463+0000] {logging_mixin.py:190} INFO - [2026-07-10T00:50:44.463+0000] {dag.py:4180} INFO - Setting next_dagrun for 07_dynamic_mapping to None, run_after=None
[2026-07-10T00:50:44.485+0000] {processor.py:208} INFO - Processing /opt/airflow/dags/07_dynamic_mapping.py took 0.176 seconds
[2026-07-10T00:51:14.635+0000] {processor.py:186} INFO - Started process (PID=12627) to work on /opt/airflow/dags/07_dynamic_mapping.py
[2026-07-10T00:51:14.642+0000] {processor.py:914} INFO - Processing file /opt/airflow/dags/07_dynamic_mapping.py for tasks to queue
[2026-07-10T00:51:14.654+0000] {logging_mixin.py:190} INFO - [2026-07-10T00:51:14.652+0000] {dagbag.py:588} INFO - Filling up the DagBag from /opt/airflow/dags/07_dynamic_mapping.py
[2026-07-10T00:51:14.682+0000] {processor.py:925} INFO - DAG(s) '07_dynamic_mapping' retrieved from /opt/airflow/dags/07_dynamic_mapping.py
[2026-07-10T00:51:14.727+0000] {logging_mixin.py:190} INFO - [2026-07-10T00:51:14.727+0000] {dag.py:3239} INFO - Sync 1 DAGs
[2026-07-10T00:51:14.748+0000] {logging_mixin.py:190} INFO - [2026-07-10T00:51:14.747+0000] {dag.py:4180} INFO - Setting next_dagrun for 07_dynamic_mapping to None, run_after=None
[2026-07-10T00:51:14.771+0000] {processor.py:208} INFO - Processing /opt/airflow/dags/07_dynamic_mapping.py took 0.185 seconds
[2026-07-10T00:51:45.087+0000] {processor.py:186} INFO - Started process (PID=12667) to work on /opt/airflow/dags/07_dynamic_mapping.py
[2026-07-10T00:51:45.088+0000] {processor.py:914} INFO - Processing file /opt/airflow/dags/07_dynamic_mapping.py for tasks to queue
[2026-07-10T00:51:45.093+0000] {logging_mixin.py:190} INFO - [2026-07-10T00:51:45.092+0000] {dagbag.py:588} INFO - Filling up the DagBag from /opt/airflow/dags/07_dynamic_mapping.py
[2026-07-10T00:51:45.110+0000] {processor.py:925} INFO - DAG(s) '07_dynamic_mapping' retrieved from /opt/airflow/dags/07_dynamic_mapping.py
[2026-07-10T00:51:45.167+0000] {logging_mixin.py:190} INFO - [2026-07-10T00:51:45.167+0000] {dag.py:3239} INFO - Sync 1 DAGs
[2026-07-10T00:51:45.201+0000] {logging_mixin.py:190} INFO - [2026-07-10T00:51:45.200+0000] {dag.py:4180} INFO - Setting next_dagrun for 07_dynamic_mapping to None, run_after=None
[2026-07-10T00:51:45.247+0000] {processor.py:208} INFO - Processing /opt/airflow/dags/07_dynamic_mapping.py took 0.174 seconds
[2026-07-10T00:52:16.097+0000] {processor.py:186} INFO - Started process (PID=12707) to work on /opt/airflow/dags/07_dynamic_mapping.py
[2026-07-10T00:52:16.100+0000] {processor.py:914} INFO - Processing file /opt/airflow/dags/07_dynamic_mapping.py for tasks to queue
[2026-07-10T00:52:16.109+0000] {logging_mixin.py:190} INFO - [2026-07-10T00:52:16.108+0000] {dagbag.py:588} INFO - Filling up the DagBag from /opt/airflow/dags/07_dynamic_mapping.py
[2026-07-10T00:52:16.134+0000] {processor.py:925} INFO - DAG(s) '07_dynamic_mapping' retrieved from /opt/airflow/dags/07_dynamic_mapping.py
[2026-07-10T00:52:16.216+0000] {logging_mixin.py:190} INFO - [2026-07-10T00:52:16.216+0000] {dag.py:3239} INFO - Sync 1 DAGs
[2026-07-10T00:52:16.243+0000] {logging_mixin.py:190} INFO - [2026-07-10T00:52:16.242+0000] {dag.py:4180} INFO - Setting next_dagrun for 07_dynamic_mapping to None, run_after=None
[2026-07-10T00:52:16.275+0000] {processor.py:208} INFO - Processing /opt/airflow/dags/07_dynamic_mapping.py took 0.193 seconds
[2026-07-10T00:52:46.504+0000] {processor.py:186} INFO - Started process (PID=12747) to work on /opt/airflow/dags/07_dynamic_mapping.py
[2026-07-10T00:52:46.505+0000] {processor.py:914} INFO - Processing file /opt/airflow/dags/07_dynamic_mapping.py for tasks to queue
[2026-07-10T00:52:46.509+0000] {logging_mixin.py:190} INFO - [2026-07-10T00:52:46.508+0000] {dagbag.py:588} INFO - Filling up the DagBag from /opt/airflow/dags/07_dynamic_mapping.py
[2026-07-10T00:52:46.527+0000] {processor.py:925} INFO - DAG(s) '07_dynamic_mapping' retrieved from /opt/airflow/dags/07_dynamic_mapping.py
[2026-07-10T00:52:46.576+0000] {logging_mixin.py:190} INFO - [2026-07-10T00:52:46.575+0000] {dag.py:3239} INFO - Sync 1 DAGs
[2026-07-10T00:52:46.594+0000] {logging_mixin.py:190} INFO - [2026-07-10T00:52:46.594+0000] {dag.py:4180} INFO - Setting next_dagrun for 07_dynamic_mapping to None, run_after=None
[2026-07-10T00:52:46.616+0000] {processor.py:208} INFO - Processing /opt/airflow/dags/07_dynamic_mapping.py took 0.122 seconds
[2026-07-10T00:53:16.814+0000] {processor.py:186} INFO - Started process (PID=12787) to work on /opt/airflow/dags/07_dynamic_mapping.py
[2026-07-10T00:53:16.821+0000] {processor.py:914} INFO - Processing file /opt/airflow/dags/07_dynamic_mapping.py for tasks to queue
[2026-07-10T00:53:16.829+0000] {logging_mixin.py:190} INFO - [2026-07-10T00:53:16.828+0000] {dagbag.py:588} INFO - Filling up the DagBag from /opt/airflow/dags/07_dynamic_mapping.py
[2026-07-10T00:53:16.847+0000] {processor.py:925} INFO - DAG(s) '07_dynamic_mapping' retrieved from /opt/airflow/dags/07_dynamic_mapping.py
[2026-07-10T00:53:16.885+0000] {logging_mixin.py:190} INFO - [2026-07-10T00:53:16.885+0000] {dag.py:3239} INFO - Sync 1 DAGs
[2026-07-10T00:53:16.902+0000] {logging_mixin.py:190} INFO - [2026-07-10T00:53:16.902+0000] {dag.py:4180} INFO - Setting next_dagrun for 07_dynamic_mapping to None, run_after=None
[2026-07-10T00:53:16.923+0000] {processor.py:208} INFO - Processing /opt/airflow/dags/07_dynamic_mapping.py took 0.146 seconds
[2026-07-10T00:53:47.568+0000] {processor.py:186} INFO - Started process (PID=12827) to work on /opt/airflow/dags/07_dynamic_mapping.py
[2026-07-10T00:53:47.570+0000] {processor.py:914} INFO - Processing file /opt/airflow/dags/07_dynamic_mapping.py for tasks to queue
[2026-07-10T00:53:47.579+0000] {logging_mixin.py:190} INFO - [2026-07-10T00:53:47.577+0000] {dagbag.py:588} INFO - Filling up the DagBag from /opt/airflow/dags/07_dynamic_mapping.py
[2026-07-10T00:53:47.599+0000] {processor.py:925} INFO - DAG(s) '07_dynamic_mapping' retrieved from /opt/airflow/dags/07_dynamic_mapping.py
[2026-07-10T00:53:47.650+0000] {logging_mixin.py:190} INFO - [2026-07-10T00:53:47.650+0000] {dag.py:3239} INFO - Sync 1 DAGs
[2026-07-10T00:53:47.686+0000] {logging_mixin.py:190} INFO - [2026-07-10T00:53:47.685+0000] {dag.py:4180} INFO - Setting next_dagrun for 07_dynamic_mapping to None, run_after=None
[2026-07-10T00:53:47.747+0000] {processor.py:208} INFO - Processing /opt/airflow/dags/07_dynamic_mapping.py took 0.206 seconds
[2026-07-10T00:54:18.034+0000] {processor.py:186} INFO - Started process (PID=12872) to work on /opt/airflow/dags/07_dynamic_mapping.py
[2026-07-10T00:54:18.038+0000] {processor.py:914} INFO - Processing file /opt/airflow/dags/07_dynamic_mapping.py for tasks to queue
[2026-07-10T00:54:18.043+0000] {logging_mixin.py:190} INFO - [2026-07-10T00:54:18.042+0000] {dagbag.py:588} INFO - Filling up the DagBag from /opt/airflow/dags/07_dynamic_mapping.py
[2026-07-10T00:54:18.064+0000] {processor.py:925} INFO - DAG(s) '07_dynamic_mapping' retrieved from /opt/airflow/dags/07_dynamic_mapping.py
[2026-07-10T00:54:18.140+0000] {logging_mixin.py:190} INFO - [2026-07-10T00:54:18.139+0000] {dag.py:3239} INFO - Sync 1 DAGs
[2026-07-10T00:54:18.174+0000] {logging_mixin.py:190} INFO - [2026-07-10T00:54:18.174+0000] {dag.py:4180} INFO - Setting next_dagrun for 07_dynamic_mapping to None, run_after=None
[2026-07-10T00:54:18.213+0000] {processor.py:208} INFO - Processing /opt/airflow/dags/07_dynamic_mapping.py took 0.191 seconds
[2026-07-10T00:54:48.401+0000] {processor.py:186} INFO - Started process (PID=12910) to work on /opt/airflow/dags/07_dynamic_mapping.py
[2026-07-10T00:54:48.405+0000] {processor.py:914} INFO - Processing file /opt/airflow/dags/07_dynamic_mapping.py for tasks to queue
[2026-07-10T00:54:48.415+0000] {logging_mixin.py:190} INFO - [2026-07-10T00:54:48.414+0000] {dagbag.py:588} INFO - Filling up the DagBag from /opt/airflow/dags/07_dynamic_mapping.py
[2026-07-10T00:54:48.454+0000] {processor.py:925} INFO - DAG(s) '07_dynamic_mapping' retrieved from /opt/airflow/dags/07_dynamic_mapping.py
[2026-07-10T00:54:48.526+0000] {logging_mixin.py:190} INFO - [2026-07-10T00:54:48.525+0000] {dag.py:3239} INFO - Sync 1 DAGs
[2026-07-10T00:54:48.807+0000] {logging_mixin.py:190} INFO - [2026-07-10T00:54:48.806+0000] {dag.py:4180} INFO - Setting next_dagrun for 07_dynamic_mapping to None, run_after=None
[2026-07-10T00:54:48.827+0000] {processor.py:208} INFO - Processing /opt/airflow/dags/07_dynamic_mapping.py took 0.456 seconds
[2026-07-10T00:55:18.924+0000] {processor.py:186} INFO - Started process (PID=12950) to work on /opt/airflow/dags/07_dynamic_mapping.py
[2026-07-10T00:55:18.926+0000] {processor.py:914} INFO - Processing file /opt/airflow/dags/07_dynamic_mapping.py for tasks to queue
[2026-07-10T00:55:18.928+0000] {logging_mixin.py:190} INFO - [2026-07-10T00:55:18.928+0000] {dagbag.py:588} INFO - Filling up the DagBag from /opt/airflow/dags/07_dynamic_mapping.py
[2026-07-10T00:55:18.941+0000] {processor.py:925} INFO - DAG(s) '07_dynamic_mapping' retrieved from /opt/airflow/dags/07_dynamic_mapping.py
[2026-07-10T00:55:18.979+0000] {logging_mixin.py:190} INFO - [2026-07-10T00:55:18.979+0000] {dag.py:3239} INFO - Sync 1 DAGs
[2026-07-10T00:55:18.998+0000] {logging_mixin.py:190} INFO - [2026-07-10T00:55:18.997+0000] {dag.py:4180} INFO - Setting next_dagrun for 07_dynamic_mapping to None, run_after=None
[2026-07-10T00:55:19.020+0000] {processor.py:208} INFO - Processing /opt/airflow/dags/07_dynamic_mapping.py took 0.104 seconds
[2026-07-10T00:55:50.020+0000] {processor.py:186} INFO - Started process (PID=12987) to work on /opt/airflow/dags/07_dynamic_mapping.py
[2026-07-10T00:55:50.022+0000] {processor.py:914} INFO - Processing file /opt/airflow/dags/07_dynamic_mapping.py for tasks to queue
[2026-07-10T00:55:50.026+0000] {logging_mixin.py:190} INFO - [2026-07-10T00:55:50.025+0000] {dagbag.py:588} INFO - Filling up the DagBag from /opt/airflow/dags/07_dynamic_mapping.py
[2026-07-10T00:55:50.038+0000] {processor.py:925} INFO - DAG(s) '07_dynamic_mapping' retrieved from /opt/airflow/dags/07_dynamic_mapping.py
[2026-07-10T00:55:50.080+0000] {logging_mixin.py:190} INFO - [2026-07-10T00:55:50.080+0000] {dag.py:3239} INFO - Sync 1 DAGs
[2026-07-10T00:55:50.103+0000] {logging_mixin.py:190} INFO - [2026-07-10T00:55:50.102+0000] {dag.py:4180} INFO - Setting next_dagrun for 07_dynamic_mapping to None, run_after=None
[2026-07-10T00:55:50.300+0000] {processor.py:208} INFO - Processing /opt/airflow/dags/07_dynamic_mapping.py took 0.292 seconds
[2026-07-10T00:56:20.590+0000] {processor.py:186} INFO - Started process (PID=13027) to work on /opt/airflow/dags/07_dynamic_mapping.py
[2026-07-10T00:56:20.602+0000] {processor.py:914} INFO - Processing file /opt/airflow/dags/07_dynamic_mapping.py for tasks to queue
[2026-07-10T00:56:20.617+0000] {logging_mixin.py:190} INFO - [2026-07-10T00:56:20.614+0000] {dagbag.py:588} INFO - Filling up the DagBag from /opt/airflow/dags/07_dynamic_mapping.py
[2026-07-10T00:56:20.666+0000] {processor.py:925} INFO - DAG(s) '07_dynamic_mapping' retrieved from /opt/airflow/dags/07_dynamic_mapping.py
[2026-07-10T00:56:20.742+0000] {logging_mixin.py:190} INFO - [2026-07-10T00:56:20.742+0000] {dag.py:3239} INFO - Sync 1 DAGs
[2026-07-10T00:56:20.764+0000] {logging_mixin.py:190} INFO - [2026-07-10T00:56:20.763+0000] {dag.py:4180} INFO - Setting next_dagrun for 07_dynamic_mapping to None, run_after=None
[2026-07-10T00:56:20.785+0000] {processor.py:208} INFO - Processing /opt/airflow/dags/07_dynamic_mapping.py took 0.258 seconds
[2026-07-10T00:56:50.925+0000] {processor.py:186} INFO - Started process (PID=13067) to work on /opt/airflow/dags/07_dynamic_mapping.py
[2026-07-10T00:56:50.927+0000] {processor.py:914} INFO - Processing file /opt/airflow/dags/07_dynamic_mapping.py for tasks to queue
[2026-07-10T00:56:50.931+0000] {logging_mixin.py:190} INFO - [2026-07-10T00:56:50.930+0000] {dagbag.py:588} INFO - Filling up the DagBag from /opt/airflow/dags/07_dynamic_mapping.py
[2026-07-10T00:56:50.947+0000] {processor.py:925} INFO - DAG(s) '07_dynamic_mapping' retrieved from /opt/airflow/dags/07_dynamic_mapping.py
[2026-07-10T00:56:50.986+0000] {logging_mixin.py:190} INFO - [2026-07-10T00:56:50.985+0000] {dag.py:3239} INFO - Sync 1 DAGs
[2026-07-10T00:56:51.006+0000] {logging_mixin.py:190} INFO - [2026-07-10T00:56:51.005+0000] {dag.py:4180} INFO - Setting next_dagrun for 07_dynamic_mapping to None, run_after=None
[2026-07-10T00:56:51.035+0000] {processor.py:208} INFO - Processing /opt/airflow/dags/07_dynamic_mapping.py took 0.124 seconds
[2026-07-10T00:57:21.630+0000] {processor.py:186} INFO - Started process (PID=13107) to work on /opt/airflow/dags/07_dynamic_mapping.py
[2026-07-10T00:57:21.640+0000] {processor.py:914} INFO - Processing file /opt/airflow/dags/07_dynamic_mapping.py for tasks to queue
[2026-07-10T00:57:21.654+0000] {logging_mixin.py:190} INFO - [2026-07-10T00:57:21.651+0000] {dagbag.py:588} INFO - Filling up the DagBag from /opt/airflow/dags/07_dynamic_mapping.py
[2026-07-10T00:57:21.690+0000] {processor.py:925} INFO - DAG(s) '07_dynamic_mapping' retrieved from /opt/airflow/dags/07_dynamic_mapping.py
[2026-07-10T00:57:21.761+0000] {logging_mixin.py:190} INFO - [2026-07-10T00:57:21.760+0000] {dag.py:3239} INFO - Sync 1 DAGs
[2026-07-10T00:57:21.961+0000] {logging_mixin.py:190} INFO - [2026-07-10T00:57:21.960+0000] {dag.py:4180} INFO - Setting next_dagrun for 07_dynamic_mapping to None, run_after=None
[2026-07-10T00:57:21.979+0000] {processor.py:208} INFO - Processing /opt/airflow/dags/07_dynamic_mapping.py took 0.398 seconds
[2026-07-10T00:57:52.104+0000] {processor.py:186} INFO - Started process (PID=13147) to work on /opt/airflow/dags/07_dynamic_mapping.py
[2026-07-10T00:57:52.105+0000] {processor.py:914} INFO - Processing file /opt/airflow/dags/07_dynamic_mapping.py for tasks to queue
[2026-07-10T00:57:52.107+0000] {logging_mixin.py:190} INFO - [2026-07-10T00:57:52.107+0000] {dagbag.py:588} INFO - Filling up the DagBag from /opt/airflow/dags/07_dynamic_mapping.py
[2026-07-10T00:57:52.117+0000] {processor.py:925} INFO - DAG(s) '07_dynamic_mapping' retrieved from /opt/airflow/dags/07_dynamic_mapping.py
[2026-07-10T00:57:52.163+0000] {logging_mixin.py:190} INFO - [2026-07-10T00:57:52.163+0000] {dag.py:3239} INFO - Sync 1 DAGs
[2026-07-10T00:57:52.181+0000] {logging_mixin.py:190} INFO - [2026-07-10T00:57:52.181+0000] {dag.py:4180} INFO - Setting next_dagrun for 07_dynamic_mapping to None, run_after=None
[2026-07-10T00:57:52.202+0000] {processor.py:208} INFO - Processing /opt/airflow/dags/07_dynamic_mapping.py took 0.107 seconds
[2026-07-10T00:58:22.257+0000] {processor.py:186} INFO - Started process (PID=13187) to work on /opt/airflow/dags/07_dynamic_mapping.py
[2026-07-10T00:58:22.258+0000] {processor.py:914} INFO - Processing file /opt/airflow/dags/07_dynamic_mapping.py for tasks to queue
[2026-07-10T00:58:22.261+0000] {logging_mixin.py:190} INFO - [2026-07-10T00:58:22.260+0000] {dagbag.py:588} INFO - Filling up the DagBag from /opt/airflow/dags/07_dynamic_mapping.py
[2026-07-10T00:58:22.273+0000] {processor.py:925} INFO - DAG(s) '07_dynamic_mapping' retrieved from /opt/airflow/dags/07_dynamic_mapping.py
[2026-07-10T00:58:22.319+0000] {logging_mixin.py:190} INFO - [2026-07-10T00:58:22.319+0000] {dag.py:3239} INFO - Sync 1 DAGs
[2026-07-10T00:58:22.529+0000] {logging_mixin.py:190} INFO - [2026-07-10T00:58:22.529+0000] {dag.py:4180} INFO - Setting next_dagrun for 07_dynamic_mapping to None, run_after=None
[2026-07-10T00:58:22.550+0000] {processor.py:208} INFO - Processing /opt/airflow/dags/07_dynamic_mapping.py took 0.302 seconds
[2026-07-10T00:58:52.828+0000] {processor.py:186} INFO - Started process (PID=13227) to work on /opt/airflow/dags/07_dynamic_mapping.py
[2026-07-10T00:58:52.829+0000] {processor.py:914} INFO - Processing file /opt/airflow/dags/07_dynamic_mapping.py for tasks to queue
[2026-07-10T00:58:52.833+0000] {logging_mixin.py:190} INFO - [2026-07-10T00:58:52.833+0000] {dagbag.py:588} INFO - Filling up the DagBag from /opt/airflow/dags/07_dynamic_mapping.py
[2026-07-10T00:58:52.855+0000] {processor.py:925} INFO - DAG(s) '07_dynamic_mapping' retrieved from /opt/airflow/dags/07_dynamic_mapping.py
[2026-07-10T00:58:52.908+0000] {logging_mixin.py:190} INFO - [2026-07-10T00:58:52.908+0000] {dag.py:3239} INFO - Sync 1 DAGs
[2026-07-10T00:58:52.932+0000] {logging_mixin.py:190} INFO - [2026-07-10T00:58:52.932+0000] {dag.py:4180} INFO - Setting next_dagrun for 07_dynamic_mapping to None, run_after=None
[2026-07-10T00:58:52.969+0000] {processor.py:208} INFO - Processing /opt/airflow/dags/07_dynamic_mapping.py took 0.154 seconds
[2026-07-10T00:59:23.094+0000] {processor.py:186} INFO - Started process (PID=13267) to work on /opt/airflow/dags/07_dynamic_mapping.py
[2026-07-10T00:59:23.096+0000] {processor.py:914} INFO - Processing file /opt/airflow/dags/07_dynamic_mapping.py for tasks to queue
[2026-07-10T00:59:23.100+0000] {logging_mixin.py:190} INFO - [2026-07-10T00:59:23.099+0000] {dagbag.py:588} INFO - Filling up the DagBag from /opt/airflow/dags/07_dynamic_mapping.py
[2026-07-10T00:59:23.114+0000] {processor.py:925} INFO - DAG(s) '07_dynamic_mapping' retrieved from /opt/airflow/dags/07_dynamic_mapping.py
[2026-07-10T00:59:23.162+0000] {logging_mixin.py:190} INFO - [2026-07-10T00:59:23.162+0000] {dag.py:3239} INFO - Sync 1 DAGs
[2026-07-10T00:59:23.195+0000] {logging_mixin.py:190} INFO - [2026-07-10T00:59:23.195+0000] {dag.py:4180} INFO - Setting next_dagrun for 07_dynamic_mapping to None, run_after=None
[2026-07-10T00:59:23.230+0000] {processor.py:208} INFO - Processing /opt/airflow/dags/07_dynamic_mapping.py took 0.148 seconds
[2026-07-10T00:59:34.045+0000] {processor.py:186} INFO - Started process (PID=13307) to work on /opt/airflow/dags/07_dynamic_mapping.py
[2026-07-10T00:59:34.046+0000] {processor.py:914} INFO - Processing file /opt/airflow/dags/07_dynamic_mapping.py for tasks to queue
[2026-07-10T00:59:34.050+0000] {logging_mixin.py:190} INFO - [2026-07-10T00:59:34.050+0000] {dagbag.py:588} INFO - Filling up the DagBag from /opt/airflow/dags/07_dynamic_mapping.py
[2026-07-10T00:59:34.075+0000] {processor.py:925} INFO - DAG(s) '07_dynamic_mapping' retrieved from /opt/airflow/dags/07_dynamic_mapping.py
[2026-07-10T00:59:34.309+0000] {logging_mixin.py:190} INFO - [2026-07-10T00:59:34.309+0000] {dag.py:3239} INFO - Sync 1 DAGs
[2026-07-10T00:59:34.323+0000] {logging_mixin.py:190} INFO - [2026-07-10T00:59:34.323+0000] {dag.py:4180} INFO - Setting next_dagrun for 07_dynamic_mapping to None, run_after=None
[2026-07-10T00:59:34.344+0000] {processor.py:208} INFO - Processing /opt/airflow/dags/07_dynamic_mapping.py took 0.314 seconds
[2026-07-10T01:00:05.418+0000] {processor.py:186} INFO - Started process (PID=13347) to work on /opt/airflow/dags/07_dynamic_mapping.py
[2026-07-10T01:00:05.426+0000] {processor.py:914} INFO - Processing file /opt/airflow/dags/07_dynamic_mapping.py for tasks to queue
[2026-07-10T01:00:05.439+0000] {logging_mixin.py:190} INFO - [2026-07-10T01:00:05.437+0000] {dagbag.py:588} INFO - Filling up the DagBag from /opt/airflow/dags/07_dynamic_mapping.py
[2026-07-10T01:00:05.511+0000] {processor.py:925} INFO - DAG(s) '07_dynamic_mapping' retrieved from /opt/airflow/dags/07_dynamic_mapping.py
[2026-07-10T01:00:05.583+0000] {logging_mixin.py:190} INFO - [2026-07-10T01:00:05.583+0000] {dag.py:3239} INFO - Sync 1 DAGs
[2026-07-10T01:00:05.604+0000] {logging_mixin.py:190} INFO - [2026-07-10T01:00:05.603+0000] {dag.py:4180} INFO - Setting next_dagrun for 07_dynamic_mapping to None, run_after=None
[2026-07-10T01:00:05.628+0000] {processor.py:208} INFO - Processing /opt/airflow/dags/07_dynamic_mapping.py took 0.250 seconds
[2026-07-10T01:00:36.594+0000] {processor.py:186} INFO - Started process (PID=13387) to work on /opt/airflow/dags/07_dynamic_mapping.py
[2026-07-10T01:00:36.596+0000] {processor.py:914} INFO - Processing file /opt/airflow/dags/07_dynamic_mapping.py for tasks to queue
[2026-07-10T01:00:36.602+0000] {logging_mixin.py:190} INFO - [2026-07-10T01:00:36.601+0000] {dagbag.py:588} INFO - Filling up the DagBag from /opt/airflow/dags/07_dynamic_mapping.py
[2026-07-10T01:00:36.626+0000] {processor.py:925} INFO - DAG(s) '07_dynamic_mapping' retrieved from /opt/airflow/dags/07_dynamic_mapping.py
[2026-07-10T01:00:36.678+0000] {logging_mixin.py:190} INFO - [2026-07-10T01:00:36.678+0000] {dag.py:3239} INFO - Sync 1 DAGs
[2026-07-10T01:00:36.698+0000] {logging_mixin.py:190} INFO - [2026-07-10T01:00:36.698+0000] {dag.py:4180} INFO - Setting next_dagrun for 07_dynamic_mapping to None, run_after=None
[2026-07-10T01:00:36.718+0000] {processor.py:208} INFO - Processing /opt/airflow/dags/07_dynamic_mapping.py took 0.188 seconds
[2026-07-10T01:01:06.852+0000] {processor.py:186} INFO - Started process (PID=13427) to work on /opt/airflow/dags/07_dynamic_mapping.py
[2026-07-10T01:01:06.854+0000] {processor.py:914} INFO - Processing file /opt/airflow/dags/07_dynamic_mapping.py for tasks to queue
[2026-07-10T01:01:06.859+0000] {logging_mixin.py:190} INFO - [2026-07-10T01:01:06.858+0000] {dagbag.py:588} INFO - Filling up the DagBag from /opt/airflow/dags/07_dynamic_mapping.py
[2026-07-10T01:01:06.873+0000] {processor.py:925} INFO - DAG(s) '07_dynamic_mapping' retrieved from /opt/airflow/dags/07_dynamic_mapping.py
[2026-07-10T01:01:06.919+0000] {logging_mixin.py:190} INFO - [2026-07-10T01:01:06.918+0000] {dag.py:3239} INFO - Sync 1 DAGs
[2026-07-10T01:01:06.939+0000] {logging_mixin.py:190} INFO - [2026-07-10T01:01:06.937+0000] {dag.py:4180} INFO - Setting next_dagrun for 07_dynamic_mapping to None, run_after=None
[2026-07-10T01:01:06.970+0000] {processor.py:208} INFO - Processing /opt/airflow/dags/07_dynamic_mapping.py took 0.129 seconds
[2026-07-10T01:01:37.097+0000] {processor.py:186} INFO - Started process (PID=13467) to work on /opt/airflow/dags/07_dynamic_mapping.py
[2026-07-10T01:01:37.098+0000] {processor.py:914} INFO - Processing file /opt/airflow/dags/07_dynamic_mapping.py for tasks to queue
[2026-07-10T01:01:37.101+0000] {logging_mixin.py:190} INFO - [2026-07-10T01:01:37.101+0000] {dagbag.py:588} INFO - Filling up the DagBag from /opt/airflow/dags/07_dynamic_mapping.py
[2026-07-10T01:01:37.116+0000] {processor.py:925} INFO - DAG(s) '07_dynamic_mapping' retrieved from /opt/airflow/dags/07_dynamic_mapping.py
[2026-07-10T01:01:37.152+0000] {logging_mixin.py:190} INFO - [2026-07-10T01:01:37.152+0000] {dag.py:3239} INFO - Sync 1 DAGs
[2026-07-10T01:01:37.168+0000] {logging_mixin.py:190} INFO - [2026-07-10T01:01:37.167+0000] {dag.py:4180} INFO - Setting next_dagrun for 07_dynamic_mapping to None, run_after=None
[2026-07-10T01:01:37.187+0000] {processor.py:208} INFO - Processing /opt/airflow/dags/07_dynamic_mapping.py took 0.104 seconds
[2026-07-10T01:02:07.231+0000] {processor.py:186} INFO - Started process (PID=13507) to work on /opt/airflow/dags/07_dynamic_mapping.py
[2026-07-10T01:02:07.233+0000] {processor.py:914} INFO - Processing file /opt/airflow/dags/07_dynamic_mapping.py for tasks to queue
[2026-07-10T01:02:07.236+0000] {logging_mixin.py:190} INFO - [2026-07-10T01:02:07.235+0000] {dagbag.py:588} INFO - Filling up the DagBag from /opt/airflow/dags/07_dynamic_mapping.py
[2026-07-10T01:02:07.248+0000] {processor.py:925} INFO - DAG(s) '07_dynamic_mapping' retrieved from /opt/airflow/dags/07_dynamic_mapping.py
[2026-07-10T01:02:07.293+0000] {logging_mixin.py:190} INFO - [2026-07-10T01:02:07.292+0000] {dag.py:3239} INFO - Sync 1 DAGs
[2026-07-10T01:02:07.313+0000] {logging_mixin.py:190} INFO - [2026-07-10T01:02:07.312+0000] {dag.py:4180} INFO - Setting next_dagrun for 07_dynamic_mapping to None, run_after=None
[2026-07-10T01:02:07.336+0000] {processor.py:208} INFO - Processing /opt/airflow/dags/07_dynamic_mapping.py took 0.114 seconds
[2026-07-10T01:02:37.497+0000] {processor.py:186} INFO - Started process (PID=13547) to work on /opt/airflow/dags/07_dynamic_mapping.py
[2026-07-10T01:02:37.500+0000] {processor.py:914} INFO - Processing file /opt/airflow/dags/07_dynamic_mapping.py for tasks to queue
[2026-07-10T01:02:37.510+0000] {logging_mixin.py:190} INFO - [2026-07-10T01:02:37.509+0000] {dagbag.py:588} INFO - Filling up the DagBag from /opt/airflow/dags/07_dynamic_mapping.py
[2026-07-10T01:02:37.556+0000] {processor.py:925} INFO - DAG(s) '07_dynamic_mapping' retrieved from /opt/airflow/dags/07_dynamic_mapping.py
[2026-07-10T01:02:37.698+0000] {logging_mixin.py:190} INFO - [2026-07-10T01:02:37.697+0000] {dag.py:3239} INFO - Sync 1 DAGs
[2026-07-10T01:02:37.735+0000] {logging_mixin.py:190} INFO - [2026-07-10T01:02:37.735+0000] {dag.py:4180} INFO - Setting next_dagrun for 07_dynamic_mapping to None, run_after=None
[2026-07-10T01:02:37.779+0000] {processor.py:208} INFO - Processing /opt/airflow/dags/07_dynamic_mapping.py took 0.311 seconds
[2026-07-10T01:03:07.970+0000] {processor.py:186} INFO - Started process (PID=13587) to work on /opt/airflow/dags/07_dynamic_mapping.py
[2026-07-10T01:03:07.972+0000] {processor.py:914} INFO - Processing file /opt/airflow/dags/07_dynamic_mapping.py for tasks to queue
[2026-07-10T01:03:07.976+0000] {logging_mixin.py:190} INFO - [2026-07-10T01:03:07.975+0000] {dagbag.py:588} INFO - Filling up the DagBag from /opt/airflow/dags/07_dynamic_mapping.py
[2026-07-10T01:03:07.991+0000] {processor.py:925} INFO - DAG(s) '07_dynamic_mapping' retrieved from /opt/airflow/dags/07_dynamic_mapping.py
[2026-07-10T01:03:08.038+0000] {logging_mixin.py:190} INFO - [2026-07-10T01:03:08.037+0000] {dag.py:3239} INFO - Sync 1 DAGs
[2026-07-10T01:03:08.059+0000] {logging_mixin.py:190} INFO - [2026-07-10T01:03:08.058+0000] {dag.py:4180} INFO - Setting next_dagrun for 07_dynamic_mapping to None, run_after=None
[2026-07-10T01:03:08.086+0000] {processor.py:208} INFO - Processing /opt/airflow/dags/07_dynamic_mapping.py took 0.132 seconds
[2026-07-10T01:03:38.220+0000] {processor.py:186} INFO - Started process (PID=13627) to work on /opt/airflow/dags/07_dynamic_mapping.py
[2026-07-10T01:03:38.221+0000] {processor.py:914} INFO - Processing file /opt/airflow/dags/07_dynamic_mapping.py for tasks to queue
[2026-07-10T01:03:38.224+0000] {logging_mixin.py:190} INFO - [2026-07-10T01:03:38.224+0000] {dagbag.py:588} INFO - Filling up the DagBag from /opt/airflow/dags/07_dynamic_mapping.py
[2026-07-10T01:03:38.237+0000] {processor.py:925} INFO - DAG(s) '07_dynamic_mapping' retrieved from /opt/airflow/dags/07_dynamic_mapping.py
[2026-07-10T01:03:38.277+0000] {logging_mixin.py:190} INFO - [2026-07-10T01:03:38.277+0000] {dag.py:3239} INFO - Sync 1 DAGs
[2026-07-10T01:03:38.296+0000] {logging_mixin.py:190} INFO - [2026-07-10T01:03:38.295+0000] {dag.py:4180} INFO - Setting next_dagrun for 07_dynamic_mapping to None, run_after=None
[2026-07-10T01:03:38.331+0000] {processor.py:208} INFO - Processing /opt/airflow/dags/07_dynamic_mapping.py took 0.122 seconds
[2026-07-10T01:04:08.521+0000] {processor.py:186} INFO - Started process (PID=13667) to work on /opt/airflow/dags/07_dynamic_mapping.py
[2026-07-10T01:04:08.522+0000] {processor.py:914} INFO - Processing file /opt/airflow/dags/07_dynamic_mapping.py for tasks to queue
[2026-07-10T01:04:08.525+0000] {logging_mixin.py:190} INFO - [2026-07-10T01:04:08.525+0000] {dagbag.py:588} INFO - Filling up the DagBag from /opt/airflow/dags/07_dynamic_mapping.py
[2026-07-10T01:04:08.537+0000] {processor.py:925} INFO - DAG(s) '07_dynamic_mapping' retrieved from /opt/airflow/dags/07_dynamic_mapping.py
[2026-07-10T01:04:08.585+0000] {logging_mixin.py:190} INFO - [2026-07-10T01:04:08.584+0000] {dag.py:3239} INFO - Sync 1 DAGs
[2026-07-10T01:04:08.606+0000] {logging_mixin.py:190} INFO - [2026-07-10T01:04:08.606+0000] {dag.py:4180} INFO - Setting next_dagrun for 07_dynamic_mapping to None, run_after=None
[2026-07-10T01:04:08.644+0000] {processor.py:208} INFO - Processing /opt/airflow/dags/07_dynamic_mapping.py took 0.134 seconds
[2026-07-10T01:04:38.918+0000] {processor.py:186} INFO - Started process (PID=13707) to work on /opt/airflow/dags/07_dynamic_mapping.py
[2026-07-10T01:04:38.920+0000] {processor.py:914} INFO - Processing file /opt/airflow/dags/07_dynamic_mapping.py for tasks to queue
[2026-07-10T01:04:38.928+0000] {logging_mixin.py:190} INFO - [2026-07-10T01:04:38.927+0000] {dagbag.py:588} INFO - Filling up the DagBag from /opt/airflow/dags/07_dynamic_mapping.py
[2026-07-10T01:04:38.957+0000] {processor.py:925} INFO - DAG(s) '07_dynamic_mapping' retrieved from /opt/airflow/dags/07_dynamic_mapping.py
[2026-07-10T01:04:39.040+0000] {logging_mixin.py:190} INFO - [2026-07-10T01:04:39.040+0000] {dag.py:3239} INFO - Sync 1 DAGs
[2026-07-10T01:04:39.079+0000] {logging_mixin.py:190} INFO - [2026-07-10T01:04:39.078+0000] {dag.py:4180} INFO - Setting next_dagrun for 07_dynamic_mapping to None, run_after=None
[2026-07-10T01:04:39.125+0000] {processor.py:208} INFO - Processing /opt/airflow/dags/07_dynamic_mapping.py took 0.243 seconds
[2026-07-10T01:05:10.039+0000] {processor.py:186} INFO - Started process (PID=13747) to work on /opt/airflow/dags/07_dynamic_mapping.py
[2026-07-10T01:05:10.043+0000] {processor.py:914} INFO - Processing file /opt/airflow/dags/07_dynamic_mapping.py for tasks to queue
[2026-07-10T01:05:10.048+0000] {logging_mixin.py:190} INFO - [2026-07-10T01:05:10.047+0000] {dagbag.py:588} INFO - Filling up the DagBag from /opt/airflow/dags/07_dynamic_mapping.py
[2026-07-10T01:05:10.073+0000] {processor.py:925} INFO - DAG(s) '07_dynamic_mapping' retrieved from /opt/airflow/dags/07_dynamic_mapping.py
[2026-07-10T01:05:10.153+0000] {logging_mixin.py:190} INFO - [2026-07-10T01:05:10.152+0000] {dag.py:3239} INFO - Sync 1 DAGs
[2026-07-10T01:05:10.176+0000] {logging_mixin.py:190} INFO - [2026-07-10T01:05:10.176+0000] {dag.py:4180} INFO - Setting next_dagrun for 07_dynamic_mapping to None, run_after=None
[2026-07-10T01:05:10.208+0000] {processor.py:208} INFO - Processing /opt/airflow/dags/07_dynamic_mapping.py took 0.185 seconds
[2026-07-10T01:05:40.347+0000] {processor.py:186} INFO - Started process (PID=13787) to work on /opt/airflow/dags/07_dynamic_mapping.py
[2026-07-10T01:05:40.348+0000] {processor.py:914} INFO - Processing file /opt/airflow/dags/07_dynamic_mapping.py for tasks to queue
[2026-07-10T01:05:40.353+0000] {logging_mixin.py:190} INFO - [2026-07-10T01:05:40.352+0000] {dagbag.py:588} INFO - Filling up the DagBag from /opt/airflow/dags/07_dynamic_mapping.py
[2026-07-10T01:05:40.377+0000] {processor.py:925} INFO - DAG(s) '07_dynamic_mapping' retrieved from /opt/airflow/dags/07_dynamic_mapping.py
[2026-07-10T01:05:40.446+0000] {logging_mixin.py:190} INFO - [2026-07-10T01:05:40.446+0000] {dag.py:3239} INFO - Sync 1 DAGs
[2026-07-10T01:05:40.478+0000] {logging_mixin.py:190} INFO - [2026-07-10T01:05:40.478+0000] {dag.py:4180} INFO - Setting next_dagrun for 07_dynamic_mapping to None, run_after=None
[2026-07-10T01:05:40.521+0000] {processor.py:208} INFO - Processing /opt/airflow/dags/07_dynamic_mapping.py took 0.190 seconds
[2026-07-10T01:06:10.795+0000] {processor.py:186} INFO - Started process (PID=13827) to work on /opt/airflow/dags/07_dynamic_mapping.py
[2026-07-10T01:06:10.801+0000] {processor.py:914} INFO - Processing file /opt/airflow/dags/07_dynamic_mapping.py for tasks to queue
[2026-07-10T01:06:10.822+0000] {logging_mixin.py:190} INFO - [2026-07-10T01:06:10.818+0000] {dagbag.py:588} INFO - Filling up the DagBag from /opt/airflow/dags/07_dynamic_mapping.py
[2026-07-10T01:06:10.869+0000] {processor.py:925} INFO - DAG(s) '07_dynamic_mapping' retrieved from /opt/airflow/dags/07_dynamic_mapping.py
[2026-07-10T01:06:10.950+0000] {logging_mixin.py:190} INFO - [2026-07-10T01:06:10.949+0000] {dag.py:3239} INFO - Sync 1 DAGs
[2026-07-10T01:06:10.991+0000] {logging_mixin.py:190} INFO - [2026-07-10T01:06:10.990+0000] {dag.py:4180} INFO - Setting next_dagrun for 07_dynamic_mapping to None, run_after=None
[2026-07-10T01:06:11.038+0000] {processor.py:208} INFO - Processing /opt/airflow/dags/07_dynamic_mapping.py took 0.296 seconds
[2026-07-10T01:06:41.927+0000] {processor.py:186} INFO - Started process (PID=13867) to work on /opt/airflow/dags/07_dynamic_mapping.py
[2026-07-10T01:06:41.931+0000] {processor.py:914} INFO - Processing file /opt/airflow/dags/07_dynamic_mapping.py for tasks to queue
[2026-07-10T01:06:41.944+0000] {logging_mixin.py:190} INFO - [2026-07-10T01:06:41.942+0000] {dagbag.py:588} INFO - Filling up the DagBag from /opt/airflow/dags/07_dynamic_mapping.py
[2026-07-10T01:06:41.977+0000] {processor.py:925} INFO - DAG(s) '07_dynamic_mapping' retrieved from /opt/airflow/dags/07_dynamic_mapping.py
[2026-07-10T01:06:42.061+0000] {logging_mixin.py:190} INFO - [2026-07-10T01:06:42.060+0000] {dag.py:3239} INFO - Sync 1 DAGs
[2026-07-10T01:06:42.102+0000] {logging_mixin.py:190} INFO - [2026-07-10T01:06:42.101+0000] {dag.py:4180} INFO - Setting next_dagrun for 07_dynamic_mapping to None, run_after=None
[2026-07-10T01:06:42.149+0000] {processor.py:208} INFO - Processing /opt/airflow/dags/07_dynamic_mapping.py took 0.273 seconds
[2026-07-10T01:07:12.410+0000] {processor.py:186} INFO - Started process (PID=13907) to work on /opt/airflow/dags/07_dynamic_mapping.py
[2026-07-10T01:07:12.415+0000] {processor.py:914} INFO - Processing file /opt/airflow/dags/07_dynamic_mapping.py for tasks to queue
[2026-07-10T01:07:12.420+0000] {logging_mixin.py:190} INFO - [2026-07-10T01:07:12.419+0000] {dagbag.py:588} INFO - Filling up the DagBag from /opt/airflow/dags/07_dynamic_mapping.py
[2026-07-10T01:07:12.441+0000] {processor.py:925} INFO - DAG(s) '07_dynamic_mapping' retrieved from /opt/airflow/dags/07_dynamic_mapping.py
[2026-07-10T01:07:12.498+0000] {logging_mixin.py:190} INFO - [2026-07-10T01:07:12.497+0000] {dag.py:3239} INFO - Sync 1 DAGs
[2026-07-10T01:07:12.520+0000] {logging_mixin.py:190} INFO - [2026-07-10T01:07:12.519+0000] {dag.py:4180} INFO - Setting next_dagrun for 07_dynamic_mapping to None, run_after=None
[2026-07-10T01:07:12.545+0000] {processor.py:208} INFO - Processing /opt/airflow/dags/07_dynamic_mapping.py took 0.154 seconds
[2026-07-10T01:07:42.752+0000] {processor.py:186} INFO - Started process (PID=13947) to work on /opt/airflow/dags/07_dynamic_mapping.py
[2026-07-10T01:07:42.754+0000] {processor.py:914} INFO - Processing file /opt/airflow/dags/07_dynamic_mapping.py for tasks to queue
[2026-07-10T01:07:42.759+0000] {logging_mixin.py:190} INFO - [2026-07-10T01:07:42.758+0000] {dagbag.py:588} INFO - Filling up the DagBag from /opt/airflow/dags/07_dynamic_mapping.py
[2026-07-10T01:07:42.785+0000] {processor.py:925} INFO - DAG(s) '07_dynamic_mapping' retrieved from /opt/airflow/dags/07_dynamic_mapping.py
[2026-07-10T01:07:42.856+0000] {logging_mixin.py:190} INFO - [2026-07-10T01:07:42.856+0000] {dag.py:3239} INFO - Sync 1 DAGs
[2026-07-10T01:07:42.891+0000] {logging_mixin.py:190} INFO - [2026-07-10T01:07:42.891+0000] {dag.py:4180} INFO - Setting next_dagrun for 07_dynamic_mapping to None, run_after=None
[2026-07-10T01:07:42.937+0000] {processor.py:208} INFO - Processing /opt/airflow/dags/07_dynamic_mapping.py took 0.200 seconds
[2026-07-10T01:08:13.091+0000] {processor.py:186} INFO - Started process (PID=13987) to work on /opt/airflow/dags/07_dynamic_mapping.py
[2026-07-10T01:08:13.093+0000] {processor.py:914} INFO - Processing file /opt/airflow/dags/07_dynamic_mapping.py for tasks to queue
[2026-07-10T01:08:13.099+0000] {logging_mixin.py:190} INFO - [2026-07-10T01:08:13.098+0000] {dagbag.py:588} INFO - Filling up the DagBag from /opt/airflow/dags/07_dynamic_mapping.py
[2026-07-10T01:08:13.130+0000] {processor.py:925} INFO - DAG(s) '07_dynamic_mapping' retrieved from /opt/airflow/dags/07_dynamic_mapping.py
[2026-07-10T01:08:13.227+0000] {logging_mixin.py:190} INFO - [2026-07-10T01:08:13.226+0000] {dag.py:3239} INFO - Sync 1 DAGs
[2026-07-10T01:08:13.262+0000] {logging_mixin.py:190} INFO - [2026-07-10T01:08:13.261+0000] {dag.py:4180} INFO - Setting next_dagrun for 07_dynamic_mapping to None, run_after=None
[2026-07-10T01:08:13.293+0000] {processor.py:208} INFO - Processing /opt/airflow/dags/07_dynamic_mapping.py took 0.220 seconds
[2026-07-10T01:08:43.452+0000] {processor.py:186} INFO - Started process (PID=14027) to work on /opt/airflow/dags/07_dynamic_mapping.py
[2026-07-10T01:08:43.454+0000] {processor.py:914} INFO - Processing file /opt/airflow/dags/07_dynamic_mapping.py for tasks to queue
[2026-07-10T01:08:43.458+0000] {logging_mixin.py:190} INFO - [2026-07-10T01:08:43.457+0000] {dagbag.py:588} INFO - Filling up the DagBag from /opt/airflow/dags/07_dynamic_mapping.py
[2026-07-10T01:08:43.476+0000] {processor.py:925} INFO - DAG(s) '07_dynamic_mapping' retrieved from /opt/airflow/dags/07_dynamic_mapping.py
[2026-07-10T01:08:43.514+0000] {logging_mixin.py:190} INFO - [2026-07-10T01:08:43.513+0000] {dag.py:3239} INFO - Sync 1 DAGs
[2026-07-10T01:08:43.532+0000] {logging_mixin.py:190} INFO - [2026-07-10T01:08:43.532+0000] {dag.py:4180} INFO - Setting next_dagrun for 07_dynamic_mapping to None, run_after=None
[2026-07-10T01:08:43.558+0000] {processor.py:208} INFO - Processing /opt/airflow/dags/07_dynamic_mapping.py took 0.127 seconds
[2026-07-10T01:09:13.714+0000] {processor.py:186} INFO - Started process (PID=14067) to work on /opt/airflow/dags/07_dynamic_mapping.py
[2026-07-10T01:09:13.716+0000] {processor.py:914} INFO - Processing file /opt/airflow/dags/07_dynamic_mapping.py for tasks to queue
[2026-07-10T01:09:13.722+0000] {logging_mixin.py:190} INFO - [2026-07-10T01:09:13.721+0000] {dagbag.py:588} INFO - Filling up the DagBag from /opt/airflow/dags/07_dynamic_mapping.py
[2026-07-10T01:09:13.736+0000] {processor.py:925} INFO - DAG(s) '07_dynamic_mapping' retrieved from /opt/airflow/dags/07_dynamic_mapping.py
[2026-07-10T01:09:13.781+0000] {logging_mixin.py:190} INFO - [2026-07-10T01:09:13.781+0000] {dag.py:3239} INFO - Sync 1 DAGs
[2026-07-10T01:09:13.799+0000] {logging_mixin.py:190} INFO - [2026-07-10T01:09:13.798+0000] {dag.py:4180} INFO - Setting next_dagrun for 07_dynamic_mapping to None, run_after=None
[2026-07-10T01:09:13.824+0000] {processor.py:208} INFO - Processing /opt/airflow/dags/07_dynamic_mapping.py took 0.121 seconds
[2026-07-10T01:09:43.948+0000] {processor.py:186} INFO - Started process (PID=14107) to work on /opt/airflow/dags/07_dynamic_mapping.py
[2026-07-10T01:09:43.952+0000] {processor.py:914} INFO - Processing file /opt/airflow/dags/07_dynamic_mapping.py for tasks to queue
[2026-07-10T01:09:43.963+0000] {logging_mixin.py:190} INFO - [2026-07-10T01:09:43.961+0000] {dagbag.py:588} INFO - Filling up the DagBag from /opt/airflow/dags/07_dynamic_mapping.py
[2026-07-10T01:09:44.020+0000] {processor.py:925} INFO - DAG(s) '07_dynamic_mapping' retrieved from /opt/airflow/dags/07_dynamic_mapping.py
[2026-07-10T01:09:44.184+0000] {logging_mixin.py:190} INFO - [2026-07-10T01:09:44.183+0000] {dag.py:3239} INFO - Sync 1 DAGs
[2026-07-10T01:09:44.212+0000] {logging_mixin.py:190} INFO - [2026-07-10T01:09:44.212+0000] {dag.py:4180} INFO - Setting next_dagrun for 07_dynamic_mapping to None, run_after=None
[2026-07-10T01:09:44.244+0000] {processor.py:208} INFO - Processing /opt/airflow/dags/07_dynamic_mapping.py took 0.338 seconds
[2026-07-10T01:10:14.366+0000] {processor.py:186} INFO - Started process (PID=14147) to work on /opt/airflow/dags/07_dynamic_mapping.py
[2026-07-10T01:10:14.367+0000] {processor.py:914} INFO - Processing file /opt/airflow/dags/07_dynamic_mapping.py for tasks to queue
[2026-07-10T01:10:14.369+0000] {logging_mixin.py:190} INFO - [2026-07-10T01:10:14.369+0000] {dagbag.py:588} INFO - Filling up the DagBag from /opt/airflow/dags/07_dynamic_mapping.py
[2026-07-10T01:10:14.380+0000] {processor.py:925} INFO - DAG(s) '07_dynamic_mapping' retrieved from /opt/airflow/dags/07_dynamic_mapping.py
[2026-07-10T01:10:14.415+0000] {logging_mixin.py:190} INFO - [2026-07-10T01:10:14.415+0000] {dag.py:3239} INFO - Sync 1 DAGs
[2026-07-10T01:10:14.432+0000] {logging_mixin.py:190} INFO - [2026-07-10T01:10:14.432+0000] {dag.py:4180} INFO - Setting next_dagrun for 07_dynamic_mapping to None, run_after=None
[2026-07-10T01:10:14.452+0000] {processor.py:208} INFO - Processing /opt/airflow/dags/07_dynamic_mapping.py took 0.096 seconds
[2026-07-10T01:10:45.398+0000] {processor.py:186} INFO - Started process (PID=14187) to work on /opt/airflow/dags/07_dynamic_mapping.py
[2026-07-10T01:10:45.401+0000] {processor.py:914} INFO - Processing file /opt/airflow/dags/07_dynamic_mapping.py for tasks to queue
[2026-07-10T01:10:45.406+0000] {logging_mixin.py:190} INFO - [2026-07-10T01:10:45.405+0000] {dagbag.py:588} INFO - Filling up the DagBag from /opt/airflow/dags/07_dynamic_mapping.py
[2026-07-10T01:10:45.430+0000] {processor.py:925} INFO - DAG(s) '07_dynamic_mapping' retrieved from /opt/airflow/dags/07_dynamic_mapping.py
[2026-07-10T01:10:45.496+0000] {logging_mixin.py:190} INFO - [2026-07-10T01:10:45.495+0000] {dag.py:3239} INFO - Sync 1 DAGs
[2026-07-10T01:10:45.538+0000] {logging_mixin.py:190} INFO - [2026-07-10T01:10:45.538+0000] {dag.py:4180} INFO - Setting next_dagrun for 07_dynamic_mapping to None, run_after=None
[2026-07-10T01:10:45.577+0000] {processor.py:208} INFO - Processing /opt/airflow/dags/07_dynamic_mapping.py took 0.193 seconds
[2026-07-10T01:11:15.677+0000] {processor.py:186} INFO - Started process (PID=14227) to work on /opt/airflow/dags/07_dynamic_mapping.py
[2026-07-10T01:11:15.680+0000] {processor.py:914} INFO - Processing file /opt/airflow/dags/07_dynamic_mapping.py for tasks to queue
[2026-07-10T01:11:15.685+0000] {logging_mixin.py:190} INFO - [2026-07-10T01:11:15.685+0000] {dagbag.py:588} INFO - Filling up the DagBag from /opt/airflow/dags/07_dynamic_mapping.py
[2026-07-10T01:11:15.714+0000] {processor.py:925} INFO - DAG(s) '07_dynamic_mapping' retrieved from /opt/airflow/dags/07_dynamic_mapping.py
[2026-07-10T01:11:15.777+0000] {logging_mixin.py:190} INFO - [2026-07-10T01:11:15.777+0000] {dag.py:3239} INFO - Sync 1 DAGs
[2026-07-10T01:11:15.804+0000] {logging_mixin.py:190} INFO - [2026-07-10T01:11:15.804+0000] {dag.py:4180} INFO - Setting next_dagrun for 07_dynamic_mapping to None, run_after=None
[2026-07-10T01:11:15.839+0000] {processor.py:208} INFO - Processing /opt/airflow/dags/07_dynamic_mapping.py took 0.180 seconds
[2026-07-10T01:11:46.037+0000] {processor.py:186} INFO - Started process (PID=14267) to work on /opt/airflow/dags/07_dynamic_mapping.py
[2026-07-10T01:11:46.042+0000] {processor.py:914} INFO - Processing file /opt/airflow/dags/07_dynamic_mapping.py for tasks to queue
[2026-07-10T01:11:46.059+0000] {logging_mixin.py:190} INFO - [2026-07-10T01:11:46.056+0000] {dagbag.py:588} INFO - Filling up the DagBag from /opt/airflow/dags/07_dynamic_mapping.py
[2026-07-10T01:11:46.095+0000] {processor.py:925} INFO - DAG(s) '07_dynamic_mapping' retrieved from /opt/airflow/dags/07_dynamic_mapping.py
[2026-07-10T01:11:46.144+0000] {logging_mixin.py:190} INFO - [2026-07-10T01:11:46.144+0000] {dag.py:3239} INFO - Sync 1 DAGs
[2026-07-10T01:11:46.164+0000] {logging_mixin.py:190} INFO - [2026-07-10T01:11:46.163+0000] {dag.py:4180} INFO - Setting next_dagrun for 07_dynamic_mapping to None, run_after=None
[2026-07-10T01:11:46.185+0000] {processor.py:208} INFO - Processing /opt/airflow/dags/07_dynamic_mapping.py took 0.200 seconds
[2026-07-10T01:12:16.467+0000] {processor.py:186} INFO - Started process (PID=14307) to work on /opt/airflow/dags/07_dynamic_mapping.py
[2026-07-10T01:12:16.472+0000] {processor.py:914} INFO - Processing file /opt/airflow/dags/07_dynamic_mapping.py for tasks to queue
[2026-07-10T01:12:16.483+0000] {logging_mixin.py:190} INFO - [2026-07-10T01:12:16.482+0000] {dagbag.py:588} INFO - Filling up the DagBag from /opt/airflow/dags/07_dynamic_mapping.py
[2026-07-10T01:12:16.531+0000] {processor.py:925} INFO - DAG(s) '07_dynamic_mapping' retrieved from /opt/airflow/dags/07_dynamic_mapping.py
[2026-07-10T01:12:16.707+0000] {logging_mixin.py:190} INFO - [2026-07-10T01:12:16.707+0000] {dag.py:3239} INFO - Sync 1 DAGs
[2026-07-10T01:12:16.728+0000] {logging_mixin.py:190} INFO - [2026-07-10T01:12:16.727+0000] {dag.py:4180} INFO - Setting next_dagrun for 07_dynamic_mapping to None, run_after=None
[2026-07-10T01:12:16.746+0000] {processor.py:208} INFO - Processing /opt/airflow/dags/07_dynamic_mapping.py took 0.312 seconds
[2026-07-10T01:12:46.868+0000] {processor.py:186} INFO - Started process (PID=14347) to work on /opt/airflow/dags/07_dynamic_mapping.py
[2026-07-10T01:12:46.872+0000] {processor.py:914} INFO - Processing file /opt/airflow/dags/07_dynamic_mapping.py for tasks to queue
[2026-07-10T01:12:46.885+0000] {logging_mixin.py:190} INFO - [2026-07-10T01:12:46.883+0000] {dagbag.py:588} INFO - Filling up the DagBag from /opt/airflow/dags/07_dynamic_mapping.py
[2026-07-10T01:12:46.915+0000] {processor.py:925} INFO - DAG(s) '07_dynamic_mapping' retrieved from /opt/airflow/dags/07_dynamic_mapping.py
[2026-07-10T01:12:47.029+0000] {logging_mixin.py:190} INFO - [2026-07-10T01:12:47.028+0000] {dag.py:3239} INFO - Sync 1 DAGs
[2026-07-10T01:12:47.063+0000] {logging_mixin.py:190} INFO - [2026-07-10T01:12:47.063+0000] {dag.py:4180} INFO - Setting next_dagrun for 07_dynamic_mapping to None, run_after=None
[2026-07-10T01:12:47.095+0000] {processor.py:208} INFO - Processing /opt/airflow/dags/07_dynamic_mapping.py took 0.265 seconds
[2026-07-10T01:13:17.260+0000] {processor.py:186} INFO - Started process (PID=14387) to work on /opt/airflow/dags/07_dynamic_mapping.py
[2026-07-10T01:13:17.268+0000] {processor.py:914} INFO - Processing file /opt/airflow/dags/07_dynamic_mapping.py for tasks to queue
[2026-07-10T01:13:17.276+0000] {logging_mixin.py:190} INFO - [2026-07-10T01:13:17.275+0000] {dagbag.py:588} INFO - Filling up the DagBag from /opt/airflow/dags/07_dynamic_mapping.py
[2026-07-10T01:13:17.304+0000] {processor.py:925} INFO - DAG(s) '07_dynamic_mapping' retrieved from /opt/airflow/dags/07_dynamic_mapping.py
[2026-07-10T01:13:17.368+0000] {logging_mixin.py:190} INFO - [2026-07-10T01:13:17.368+0000] {dag.py:3239} INFO - Sync 1 DAGs
[2026-07-10T01:13:17.393+0000] {logging_mixin.py:190} INFO - [2026-07-10T01:13:17.392+0000] {dag.py:4180} INFO - Setting next_dagrun for 07_dynamic_mapping to None, run_after=None
[2026-07-10T01:13:17.424+0000] {processor.py:208} INFO - Processing /opt/airflow/dags/07_dynamic_mapping.py took 0.212 seconds
[2026-07-10T01:13:47.654+0000] {processor.py:186} INFO - Started process (PID=14427) to work on /opt/airflow/dags/07_dynamic_mapping.py
[2026-07-10T01:13:47.655+0000] {processor.py:914} INFO - Processing file /opt/airflow/dags/07_dynamic_mapping.py for tasks to queue
[2026-07-10T01:13:47.658+0000] {logging_mixin.py:190} INFO - [2026-07-10T01:13:47.657+0000] {dagbag.py:588} INFO - Filling up the DagBag from /opt/airflow/dags/07_dynamic_mapping.py
[2026-07-10T01:13:47.669+0000] {processor.py:925} INFO - DAG(s) '07_dynamic_mapping' retrieved from /opt/airflow/dags/07_dynamic_mapping.py
[2026-07-10T01:13:47.708+0000] {logging_mixin.py:190} INFO - [2026-07-10T01:13:47.708+0000] {dag.py:3239} INFO - Sync 1 DAGs
[2026-07-10T01:13:47.724+0000] {logging_mixin.py:190} INFO - [2026-07-10T01:13:47.724+0000] {dag.py:4180} INFO - Setting next_dagrun for 07_dynamic_mapping to None, run_after=None
[2026-07-10T01:13:47.746+0000] {processor.py:208} INFO - Processing /opt/airflow/dags/07_dynamic_mapping.py took 0.102 seconds
[2026-07-10T01:14:17.985+0000] {processor.py:186} INFO - Started process (PID=14467) to work on /opt/airflow/dags/07_dynamic_mapping.py
[2026-07-10T01:14:17.989+0000] {processor.py:914} INFO - Processing file /opt/airflow/dags/07_dynamic_mapping.py for tasks to queue
[2026-07-10T01:14:17.993+0000] {logging_mixin.py:190} INFO - [2026-07-10T01:14:17.993+0000] {dagbag.py:588} INFO - Filling up the DagBag from /opt/airflow/dags/07_dynamic_mapping.py
[2026-07-10T01:14:18.015+0000] {processor.py:925} INFO - DAG(s) '07_dynamic_mapping' retrieved from /opt/airflow/dags/07_dynamic_mapping.py
[2026-07-10T01:14:18.081+0000] {logging_mixin.py:190} INFO - [2026-07-10T01:14:18.081+0000] {dag.py:3239} INFO - Sync 1 DAGs
[2026-07-10T01:14:18.109+0000] {logging_mixin.py:190} INFO - [2026-07-10T01:14:18.109+0000] {dag.py:4180} INFO - Setting next_dagrun for 07_dynamic_mapping to None, run_after=None
[2026-07-10T01:14:18.143+0000] {processor.py:208} INFO - Processing /opt/airflow/dags/07_dynamic_mapping.py took 0.172 seconds
[2026-07-10T01:14:49.202+0000] {processor.py:186} INFO - Started process (PID=14507) to work on /opt/airflow/dags/07_dynamic_mapping.py
[2026-07-10T01:14:49.211+0000] {processor.py:914} INFO - Processing file /opt/airflow/dags/07_dynamic_mapping.py for tasks to queue
[2026-07-10T01:14:49.226+0000] {logging_mixin.py:190} INFO - [2026-07-10T01:14:49.224+0000] {dagbag.py:588} INFO - Filling up the DagBag from /opt/airflow/dags/07_dynamic_mapping.py
[2026-07-10T01:14:49.255+0000] {processor.py:925} INFO - DAG(s) '07_dynamic_mapping' retrieved from /opt/airflow/dags/07_dynamic_mapping.py
[2026-07-10T01:14:49.300+0000] {logging_mixin.py:190} INFO - [2026-07-10T01:14:49.300+0000] {dag.py:3239} INFO - Sync 1 DAGs
[2026-07-10T01:14:49.322+0000] {logging_mixin.py:190} INFO - [2026-07-10T01:14:49.321+0000] {dag.py:4180} INFO - Setting next_dagrun for 07_dynamic_mapping to None, run_after=None
[2026-07-10T01:14:49.346+0000] {processor.py:208} INFO - Processing /opt/airflow/dags/07_dynamic_mapping.py took 0.180 seconds
[2026-07-10T01:15:19.385+0000] {processor.py:186} INFO - Started process (PID=14547) to work on /opt/airflow/dags/07_dynamic_mapping.py
[2026-07-10T01:15:19.387+0000] {processor.py:914} INFO - Processing file /opt/airflow/dags/07_dynamic_mapping.py for tasks to queue
[2026-07-10T01:15:19.390+0000] {logging_mixin.py:190} INFO - [2026-07-10T01:15:19.389+0000] {dagbag.py:588} INFO - Filling up the DagBag from /opt/airflow/dags/07_dynamic_mapping.py
[2026-07-10T01:15:19.401+0000] {processor.py:925} INFO - DAG(s) '07_dynamic_mapping' retrieved from /opt/airflow/dags/07_dynamic_mapping.py
[2026-07-10T01:15:19.437+0000] {logging_mixin.py:190} INFO - [2026-07-10T01:15:19.437+0000] {dag.py:3239} INFO - Sync 1 DAGs
[2026-07-10T01:15:19.455+0000] {logging_mixin.py:190} INFO - [2026-07-10T01:15:19.455+0000] {dag.py:4180} INFO - Setting next_dagrun for 07_dynamic_mapping to None, run_after=None
[2026-07-10T01:15:19.478+0000] {processor.py:208} INFO - Processing /opt/airflow/dags/07_dynamic_mapping.py took 0.100 seconds
[2026-07-10T01:15:49.702+0000] {processor.py:186} INFO - Started process (PID=14587) to work on /opt/airflow/dags/07_dynamic_mapping.py
[2026-07-10T01:15:49.709+0000] {processor.py:914} INFO - Processing file /opt/airflow/dags/07_dynamic_mapping.py for tasks to queue
[2026-07-10T01:15:49.722+0000] {logging_mixin.py:190} INFO - [2026-07-10T01:15:49.721+0000] {dagbag.py:588} INFO - Filling up the DagBag from /opt/airflow/dags/07_dynamic_mapping.py
[2026-07-10T01:15:49.746+0000] {processor.py:925} INFO - DAG(s) '07_dynamic_mapping' retrieved from /opt/airflow/dags/07_dynamic_mapping.py
[2026-07-10T01:15:49.806+0000] {logging_mixin.py:190} INFO - [2026-07-10T01:15:49.806+0000] {dag.py:3239} INFO - Sync 1 DAGs
[2026-07-10T01:15:49.837+0000] {logging_mixin.py:190} INFO - [2026-07-10T01:15:49.837+0000] {dag.py:4180} INFO - Setting next_dagrun for 07_dynamic_mapping to None, run_after=None
[2026-07-10T01:15:49.876+0000] {processor.py:208} INFO - Processing /opt/airflow/dags/07_dynamic_mapping.py took 0.210 seconds
[2026-07-10T01:16:20.918+0000] {processor.py:186} INFO - Started process (PID=14627) to work on /opt/airflow/dags/07_dynamic_mapping.py
[2026-07-10T01:16:20.921+0000] {processor.py:914} INFO - Processing file /opt/airflow/dags/07_dynamic_mapping.py for tasks to queue
[2026-07-10T01:16:20.929+0000] {logging_mixin.py:190} INFO - [2026-07-10T01:16:20.927+0000] {dagbag.py:588} INFO - Filling up the DagBag from /opt/airflow/dags/07_dynamic_mapping.py
[2026-07-10T01:16:20.957+0000] {processor.py:925} INFO - DAG(s) '07_dynamic_mapping' retrieved from /opt/airflow/dags/07_dynamic_mapping.py
[2026-07-10T01:16:21.050+0000] {logging_mixin.py:190} INFO - [2026-07-10T01:16:21.049+0000] {dag.py:3239} INFO - Sync 1 DAGs
[2026-07-10T01:16:21.092+0000] {logging_mixin.py:190} INFO - [2026-07-10T01:16:21.091+0000] {dag.py:4180} INFO - Setting next_dagrun for 07_dynamic_mapping to None, run_after=None
[2026-07-10T01:16:21.138+0000] {processor.py:208} INFO - Processing /opt/airflow/dags/07_dynamic_mapping.py took 0.245 seconds
[2026-07-10T01:16:51.569+0000] {processor.py:186} INFO - Started process (PID=14667) to work on /opt/airflow/dags/07_dynamic_mapping.py
[2026-07-10T01:16:51.570+0000] {processor.py:914} INFO - Processing file /opt/airflow/dags/07_dynamic_mapping.py for tasks to queue
[2026-07-10T01:16:51.573+0000] {logging_mixin.py:190} INFO - [2026-07-10T01:16:51.573+0000] {dagbag.py:588} INFO - Filling up the DagBag from /opt/airflow/dags/07_dynamic_mapping.py
[2026-07-10T01:16:51.584+0000] {processor.py:925} INFO - DAG(s) '07_dynamic_mapping' retrieved from /opt/airflow/dags/07_dynamic_mapping.py
[2026-07-10T01:16:51.623+0000] {logging_mixin.py:190} INFO - [2026-07-10T01:16:51.622+0000] {dag.py:3239} INFO - Sync 1 DAGs
[2026-07-10T01:16:51.642+0000] {logging_mixin.py:190} INFO - [2026-07-10T01:16:51.642+0000] {dag.py:4180} INFO - Setting next_dagrun for 07_dynamic_mapping to None, run_after=None
[2026-07-10T01:16:51.664+0000] {processor.py:208} INFO - Processing /opt/airflow/dags/07_dynamic_mapping.py took 0.103 seconds
[2026-07-10T01:17:22.268+0000] {processor.py:186} INFO - Started process (PID=14707) to work on /opt/airflow/dags/07_dynamic_mapping.py
[2026-07-10T01:17:22.270+0000] {processor.py:914} INFO - Processing file /opt/airflow/dags/07_dynamic_mapping.py for tasks to queue
[2026-07-10T01:17:22.274+0000] {logging_mixin.py:190} INFO - [2026-07-10T01:17:22.273+0000] {dagbag.py:588} INFO - Filling up the DagBag from /opt/airflow/dags/07_dynamic_mapping.py
[2026-07-10T01:17:22.285+0000] {processor.py:925} INFO - DAG(s) '07_dynamic_mapping' retrieved from /opt/airflow/dags/07_dynamic_mapping.py
[2026-07-10T01:17:22.321+0000] {logging_mixin.py:190} INFO - [2026-07-10T01:17:22.321+0000] {dag.py:3239} INFO - Sync 1 DAGs
[2026-07-10T01:17:22.338+0000] {logging_mixin.py:190} INFO - [2026-07-10T01:17:22.337+0000] {dag.py:4180} INFO - Setting next_dagrun for 07_dynamic_mapping to None, run_after=None
[2026-07-10T01:17:22.364+0000] {processor.py:208} INFO - Processing /opt/airflow/dags/07_dynamic_mapping.py took 0.105 seconds
[2026-07-10T01:17:53.113+0000] {processor.py:186} INFO - Started process (PID=14747) to work on /opt/airflow/dags/07_dynamic_mapping.py
[2026-07-10T01:17:53.114+0000] {processor.py:914} INFO - Processing file /opt/airflow/dags/07_dynamic_mapping.py for tasks to queue
[2026-07-10T01:17:53.117+0000] {logging_mixin.py:190} INFO - [2026-07-10T01:17:53.116+0000] {dagbag.py:588} INFO - Filling up the DagBag from /opt/airflow/dags/07_dynamic_mapping.py
[2026-07-10T01:17:53.125+0000] {processor.py:925} INFO - DAG(s) '07_dynamic_mapping' retrieved from /opt/airflow/dags/07_dynamic_mapping.py
[2026-07-10T01:17:53.159+0000] {logging_mixin.py:190} INFO - [2026-07-10T01:17:53.159+0000] {dag.py:3239} INFO - Sync 1 DAGs
[2026-07-10T01:17:53.174+0000] {logging_mixin.py:190} INFO - [2026-07-10T01:17:53.174+0000] {dag.py:4180} INFO - Setting next_dagrun for 07_dynamic_mapping to None, run_after=None
[2026-07-10T01:17:53.197+0000] {processor.py:208} INFO - Processing /opt/airflow/dags/07_dynamic_mapping.py took 0.090 seconds
[2026-07-10T01:18:23.457+0000] {processor.py:186} INFO - Started process (PID=14787) to work on /opt/airflow/dags/07_dynamic_mapping.py
[2026-07-10T01:18:23.461+0000] {processor.py:914} INFO - Processing file /opt/airflow/dags/07_dynamic_mapping.py for tasks to queue
[2026-07-10T01:18:23.467+0000] {logging_mixin.py:190} INFO - [2026-07-10T01:18:23.467+0000] {dagbag.py:588} INFO - Filling up the DagBag from /opt/airflow/dags/07_dynamic_mapping.py
[2026-07-10T01:18:23.485+0000] {processor.py:925} INFO - DAG(s) '07_dynamic_mapping' retrieved from /opt/airflow/dags/07_dynamic_mapping.py
[2026-07-10T01:18:23.542+0000] {logging_mixin.py:190} INFO - [2026-07-10T01:18:23.542+0000] {dag.py:3239} INFO - Sync 1 DAGs
[2026-07-10T01:18:23.571+0000] {logging_mixin.py:190} INFO - [2026-07-10T01:18:23.570+0000] {dag.py:4180} INFO - Setting next_dagrun for 07_dynamic_mapping to None, run_after=None
[2026-07-10T01:18:23.593+0000] {processor.py:208} INFO - Processing /opt/airflow/dags/07_dynamic_mapping.py took 0.151 seconds
[2026-07-10T01:18:54.427+0000] {processor.py:186} INFO - Started process (PID=14827) to work on /opt/airflow/dags/07_dynamic_mapping.py
[2026-07-10T01:18:54.430+0000] {processor.py:914} INFO - Processing file /opt/airflow/dags/07_dynamic_mapping.py for tasks to queue
[2026-07-10T01:18:54.433+0000] {logging_mixin.py:190} INFO - [2026-07-10T01:18:54.433+0000] {dagbag.py:588} INFO - Filling up the DagBag from /opt/airflow/dags/07_dynamic_mapping.py
[2026-07-10T01:18:54.453+0000] {processor.py:925} INFO - DAG(s) '07_dynamic_mapping' retrieved from /opt/airflow/dags/07_dynamic_mapping.py
[2026-07-10T01:18:54.517+0000] {logging_mixin.py:190} INFO - [2026-07-10T01:18:54.517+0000] {dag.py:3239} INFO - Sync 1 DAGs
[2026-07-10T01:18:54.540+0000] {logging_mixin.py:190} INFO - [2026-07-10T01:18:54.539+0000] {dag.py:4180} INFO - Setting next_dagrun for 07_dynamic_mapping to None, run_after=None
[2026-07-10T01:18:54.573+0000] {processor.py:208} INFO - Processing /opt/airflow/dags/07_dynamic_mapping.py took 0.157 seconds
[2026-07-10T01:19:24.914+0000] {processor.py:186} INFO - Started process (PID=14867) to work on /opt/airflow/dags/07_dynamic_mapping.py
[2026-07-10T01:19:24.916+0000] {processor.py:914} INFO - Processing file /opt/airflow/dags/07_dynamic_mapping.py for tasks to queue
[2026-07-10T01:19:24.925+0000] {logging_mixin.py:190} INFO - [2026-07-10T01:19:24.922+0000] {dagbag.py:588} INFO - Filling up the DagBag from /opt/airflow/dags/07_dynamic_mapping.py
[2026-07-10T01:19:24.950+0000] {processor.py:925} INFO - DAG(s) '07_dynamic_mapping' retrieved from /opt/airflow/dags/07_dynamic_mapping.py
[2026-07-10T01:19:25.015+0000] {logging_mixin.py:190} INFO - [2026-07-10T01:19:25.015+0000] {dag.py:3239} INFO - Sync 1 DAGs
[2026-07-10T01:19:25.046+0000] {logging_mixin.py:190} INFO - [2026-07-10T01:19:25.045+0000] {dag.py:4180} INFO - Setting next_dagrun for 07_dynamic_mapping to None, run_after=None
[2026-07-10T01:19:25.084+0000] {processor.py:208} INFO - Processing /opt/airflow/dags/07_dynamic_mapping.py took 0.197 seconds
[2026-07-10T01:19:55.207+0000] {processor.py:186} INFO - Started process (PID=14907) to work on /opt/airflow/dags/07_dynamic_mapping.py
[2026-07-10T01:19:55.210+0000] {processor.py:914} INFO - Processing file /opt/airflow/dags/07_dynamic_mapping.py for tasks to queue
[2026-07-10T01:19:55.212+0000] {logging_mixin.py:190} INFO - [2026-07-10T01:19:55.212+0000] {dagbag.py:588} INFO - Filling up the DagBag from /opt/airflow/dags/07_dynamic_mapping.py
[2026-07-10T01:19:55.223+0000] {processor.py:925} INFO - DAG(s) '07_dynamic_mapping' retrieved from /opt/airflow/dags/07_dynamic_mapping.py
[2026-07-10T01:19:55.260+0000] {logging_mixin.py:190} INFO - [2026-07-10T01:19:55.260+0000] {dag.py:3239} INFO - Sync 1 DAGs
[2026-07-10T01:19:55.275+0000] {logging_mixin.py:190} INFO - [2026-07-10T01:19:55.275+0000] {dag.py:4180} INFO - Setting next_dagrun for 07_dynamic_mapping to None, run_after=None
[2026-07-10T01:19:55.297+0000] {processor.py:208} INFO - Processing /opt/airflow/dags/07_dynamic_mapping.py took 0.097 seconds
[2026-07-10T01:20:25.686+0000] {processor.py:186} INFO - Started process (PID=14947) to work on /opt/airflow/dags/07_dynamic_mapping.py
[2026-07-10T01:20:25.688+0000] {processor.py:914} INFO - Processing file /opt/airflow/dags/07_dynamic_mapping.py for tasks to queue
[2026-07-10T01:20:25.692+0000] {logging_mixin.py:190} INFO - [2026-07-10T01:20:25.692+0000] {dagbag.py:588} INFO - Filling up the DagBag from /opt/airflow/dags/07_dynamic_mapping.py
[2026-07-10T01:20:25.708+0000] {processor.py:925} INFO - DAG(s) '07_dynamic_mapping' retrieved from /opt/airflow/dags/07_dynamic_mapping.py
[2026-07-10T01:20:25.748+0000] {logging_mixin.py:190} INFO - [2026-07-10T01:20:25.747+0000] {dag.py:3239} INFO - Sync 1 DAGs
[2026-07-10T01:20:25.764+0000] {logging_mixin.py:190} INFO - [2026-07-10T01:20:25.764+0000] {dag.py:4180} INFO - Setting next_dagrun for 07_dynamic_mapping to None, run_after=None
[2026-07-10T01:20:25.786+0000] {processor.py:208} INFO - Processing /opt/airflow/dags/07_dynamic_mapping.py took 0.118 seconds
[2026-07-10T01:20:55.976+0000] {processor.py:186} INFO - Started process (PID=14987) to work on /opt/airflow/dags/07_dynamic_mapping.py
[2026-07-10T01:20:55.978+0000] {processor.py:914} INFO - Processing file /opt/airflow/dags/07_dynamic_mapping.py for tasks to queue
[2026-07-10T01:20:55.982+0000] {logging_mixin.py:190} INFO - [2026-07-10T01:20:55.980+0000] {dagbag.py:588} INFO - Filling up the DagBag from /opt/airflow/dags/07_dynamic_mapping.py
[2026-07-10T01:20:55.995+0000] {processor.py:925} INFO - DAG(s) '07_dynamic_mapping' retrieved from /opt/airflow/dags/07_dynamic_mapping.py
[2026-07-10T01:20:56.043+0000] {logging_mixin.py:190} INFO - [2026-07-10T01:20:56.043+0000] {dag.py:3239} INFO - Sync 1 DAGs
[2026-07-10T01:20:56.064+0000] {logging_mixin.py:190} INFO - [2026-07-10T01:20:56.063+0000] {dag.py:4180} INFO - Setting next_dagrun for 07_dynamic_mapping to None, run_after=None
[2026-07-10T01:20:56.087+0000] {processor.py:208} INFO - Processing /opt/airflow/dags/07_dynamic_mapping.py took 0.122 seconds
[2026-07-10T01:21:26.322+0000] {processor.py:186} INFO - Started process (PID=15027) to work on /opt/airflow/dags/07_dynamic_mapping.py
[2026-07-10T01:21:26.322+0000] {processor.py:914} INFO - Processing file /opt/airflow/dags/07_dynamic_mapping.py for tasks to queue
[2026-07-10T01:21:26.325+0000] {logging_mixin.py:190} INFO - [2026-07-10T01:21:26.324+0000] {dagbag.py:588} INFO - Filling up the DagBag from /opt/airflow/dags/07_dynamic_mapping.py
[2026-07-10T01:21:26.335+0000] {processor.py:925} INFO - DAG(s) '07_dynamic_mapping' retrieved from /opt/airflow/dags/07_dynamic_mapping.py
[2026-07-10T01:21:26.378+0000] {logging_mixin.py:190} INFO - [2026-07-10T01:21:26.378+0000] {dag.py:3239} INFO - Sync 1 DAGs
[2026-07-10T01:21:26.399+0000] {logging_mixin.py:190} INFO - [2026-07-10T01:21:26.399+0000] {dag.py:4180} INFO - Setting next_dagrun for 07_dynamic_mapping to None, run_after=None
[2026-07-10T01:21:26.428+0000] {processor.py:208} INFO - Processing /opt/airflow/dags/07_dynamic_mapping.py took 0.115 seconds
[2026-07-10T01:21:56.837+0000] {processor.py:186} INFO - Started process (PID=15067) to work on /opt/airflow/dags/07_dynamic_mapping.py
[2026-07-10T01:21:56.839+0000] {processor.py:914} INFO - Processing file /opt/airflow/dags/07_dynamic_mapping.py for tasks to queue
[2026-07-10T01:21:56.843+0000] {logging_mixin.py:190} INFO - [2026-07-10T01:21:56.842+0000] {dagbag.py:588} INFO - Filling up the DagBag from /opt/airflow/dags/07_dynamic_mapping.py
[2026-07-10T01:21:56.858+0000] {processor.py:925} INFO - DAG(s) '07_dynamic_mapping' retrieved from /opt/airflow/dags/07_dynamic_mapping.py
[2026-07-10T01:21:56.903+0000] {logging_mixin.py:190} INFO - [2026-07-10T01:21:56.902+0000] {dag.py:3239} INFO - Sync 1 DAGs
[2026-07-10T01:21:56.924+0000] {logging_mixin.py:190} INFO - [2026-07-10T01:21:56.924+0000] {dag.py:4180} INFO - Setting next_dagrun for 07_dynamic_mapping to None, run_after=None
[2026-07-10T01:21:56.946+0000] {processor.py:208} INFO - Processing /opt/airflow/dags/07_dynamic_mapping.py took 0.120 seconds
[2026-07-10T01:22:27.172+0000] {processor.py:186} INFO - Started process (PID=15107) to work on /opt/airflow/dags/07_dynamic_mapping.py
[2026-07-10T01:22:27.173+0000] {processor.py:914} INFO - Processing file /opt/airflow/dags/07_dynamic_mapping.py for tasks to queue
[2026-07-10T01:22:27.176+0000] {logging_mixin.py:190} INFO - [2026-07-10T01:22:27.175+0000] {dagbag.py:588} INFO - Filling up the DagBag from /opt/airflow/dags/07_dynamic_mapping.py
[2026-07-10T01:22:27.189+0000] {processor.py:925} INFO - DAG(s) '07_dynamic_mapping' retrieved from /opt/airflow/dags/07_dynamic_mapping.py
[2026-07-10T01:22:27.239+0000] {logging_mixin.py:190} INFO - [2026-07-10T01:22:27.239+0000] {dag.py:3239} INFO - Sync 1 DAGs
[2026-07-10T01:22:27.264+0000] {logging_mixin.py:190} INFO - [2026-07-10T01:22:27.263+0000] {dag.py:4180} INFO - Setting next_dagrun for 07_dynamic_mapping to None, run_after=None
[2026-07-10T01:22:27.291+0000] {processor.py:208} INFO - Processing /opt/airflow/dags/07_dynamic_mapping.py took 0.130 seconds
[2026-07-10T01:22:57.527+0000] {processor.py:186} INFO - Started process (PID=15147) to work on /opt/airflow/dags/07_dynamic_mapping.py
[2026-07-10T01:22:57.530+0000] {processor.py:914} INFO - Processing file /opt/airflow/dags/07_dynamic_mapping.py for tasks to queue
[2026-07-10T01:22:57.541+0000] {logging_mixin.py:190} INFO - [2026-07-10T01:22:57.539+0000] {dagbag.py:588} INFO - Filling up the DagBag from /opt/airflow/dags/07_dynamic_mapping.py
[2026-07-10T01:22:57.563+0000] {processor.py:925} INFO - DAG(s) '07_dynamic_mapping' retrieved from /opt/airflow/dags/07_dynamic_mapping.py
[2026-07-10T01:22:57.605+0000] {logging_mixin.py:190} INFO - [2026-07-10T01:22:57.604+0000] {dag.py:3239} INFO - Sync 1 DAGs
[2026-07-10T01:22:57.627+0000] {logging_mixin.py:190} INFO - [2026-07-10T01:22:57.627+0000] {dag.py:4180} INFO - Setting next_dagrun for 07_dynamic_mapping to None, run_after=None
[2026-07-10T01:22:57.648+0000] {processor.py:208} INFO - Processing /opt/airflow/dags/07_dynamic_mapping.py took 0.178 seconds
[2026-07-10T01:23:27.765+0000] {processor.py:186} INFO - Started process (PID=15187) to work on /opt/airflow/dags/07_dynamic_mapping.py
[2026-07-10T01:23:27.767+0000] {processor.py:914} INFO - Processing file /opt/airflow/dags/07_dynamic_mapping.py for tasks to queue
[2026-07-10T01:23:27.773+0000] {logging_mixin.py:190} INFO - [2026-07-10T01:23:27.772+0000] {dagbag.py:588} INFO - Filling up the DagBag from /opt/airflow/dags/07_dynamic_mapping.py
[2026-07-10T01:23:27.798+0000] {processor.py:925} INFO - DAG(s) '07_dynamic_mapping' retrieved from /opt/airflow/dags/07_dynamic_mapping.py
[2026-07-10T01:23:27.868+0000] {logging_mixin.py:190} INFO - [2026-07-10T01:23:27.868+0000] {dag.py:3239} INFO - Sync 1 DAGs
[2026-07-10T01:23:27.900+0000] {logging_mixin.py:190} INFO - [2026-07-10T01:23:27.899+0000] {dag.py:4180} INFO - Setting next_dagrun for 07_dynamic_mapping to None, run_after=None
[2026-07-10T01:23:27.944+0000] {processor.py:208} INFO - Processing /opt/airflow/dags/07_dynamic_mapping.py took 0.196 seconds
[2026-07-10T01:23:58.430+0000] {processor.py:186} INFO - Started process (PID=15227) to work on /opt/airflow/dags/07_dynamic_mapping.py
[2026-07-10T01:23:58.436+0000] {processor.py:914} INFO - Processing file /opt/airflow/dags/07_dynamic_mapping.py for tasks to queue
[2026-07-10T01:23:58.450+0000] {logging_mixin.py:190} INFO - [2026-07-10T01:23:58.448+0000] {dagbag.py:588} INFO - Filling up the DagBag from /opt/airflow/dags/07_dynamic_mapping.py
[2026-07-10T01:23:58.518+0000] {processor.py:925} INFO - DAG(s) '07_dynamic_mapping' retrieved from /opt/airflow/dags/07_dynamic_mapping.py
[2026-07-10T01:23:58.645+0000] {logging_mixin.py:190} INFO - [2026-07-10T01:23:58.645+0000] {dag.py:3239} INFO - Sync 1 DAGs
[2026-07-10T01:23:58.672+0000] {logging_mixin.py:190} INFO - [2026-07-10T01:23:58.672+0000] {dag.py:4180} INFO - Setting next_dagrun for 07_dynamic_mapping to None, run_after=None
[2026-07-10T01:23:58.703+0000] {processor.py:208} INFO - Processing /opt/airflow/dags/07_dynamic_mapping.py took 0.315 seconds
[2026-07-10T01:24:28.906+0000] {processor.py:186} INFO - Started process (PID=15272) to work on /opt/airflow/dags/07_dynamic_mapping.py
[2026-07-10T01:24:28.911+0000] {processor.py:914} INFO - Processing file /opt/airflow/dags/07_dynamic_mapping.py for tasks to queue
[2026-07-10T01:24:28.932+0000] {logging_mixin.py:190} INFO - [2026-07-10T01:24:28.929+0000] {dagbag.py:588} INFO - Filling up the DagBag from /opt/airflow/dags/07_dynamic_mapping.py
[2026-07-10T01:24:28.995+0000] {processor.py:925} INFO - DAG(s) '07_dynamic_mapping' retrieved from /opt/airflow/dags/07_dynamic_mapping.py
[2026-07-10T01:24:29.100+0000] {logging_mixin.py:190} INFO - [2026-07-10T01:24:29.099+0000] {dag.py:3239} INFO - Sync 1 DAGs
[2026-07-10T01:24:29.121+0000] {logging_mixin.py:190} INFO - [2026-07-10T01:24:29.121+0000] {dag.py:4180} INFO - Setting next_dagrun for 07_dynamic_mapping to None, run_after=None
[2026-07-10T01:24:29.149+0000] {processor.py:208} INFO - Processing /opt/airflow/dags/07_dynamic_mapping.py took 0.279 seconds
[2026-07-10T01:24:59.994+0000] {processor.py:186} INFO - Started process (PID=15317) to work on /opt/airflow/dags/07_dynamic_mapping.py
[2026-07-10T01:24:59.996+0000] {processor.py:914} INFO - Processing file /opt/airflow/dags/07_dynamic_mapping.py for tasks to queue
[2026-07-10T01:25:00.000+0000] {logging_mixin.py:190} INFO - [2026-07-10T01:24:59.999+0000] {dagbag.py:588} INFO - Filling up the DagBag from /opt/airflow/dags/07_dynamic_mapping.py
[2026-07-10T01:25:00.020+0000] {processor.py:925} INFO - DAG(s) '07_dynamic_mapping' retrieved from /opt/airflow/dags/07_dynamic_mapping.py
[2026-07-10T01:25:00.091+0000] {logging_mixin.py:190} INFO - [2026-07-10T01:25:00.091+0000] {dag.py:3239} INFO - Sync 1 DAGs
[2026-07-10T01:25:00.117+0000] {logging_mixin.py:190} INFO - [2026-07-10T01:25:00.116+0000] {dag.py:4180} INFO - Setting next_dagrun for 07_dynamic_mapping to None, run_after=None
[2026-07-10T01:25:00.151+0000] {processor.py:208} INFO - Processing /opt/airflow/dags/07_dynamic_mapping.py took 0.169 seconds
[2026-07-10T01:25:30.515+0000] {processor.py:186} INFO - Started process (PID=15362) to work on /opt/airflow/dags/07_dynamic_mapping.py
[2026-07-10T01:25:30.517+0000] {processor.py:914} INFO - Processing file /opt/airflow/dags/07_dynamic_mapping.py for tasks to queue
[2026-07-10T01:25:30.522+0000] {logging_mixin.py:190} INFO - [2026-07-10T01:25:30.521+0000] {dagbag.py:588} INFO - Filling up the DagBag from /opt/airflow/dags/07_dynamic_mapping.py
[2026-07-10T01:25:30.551+0000] {processor.py:925} INFO - DAG(s) '07_dynamic_mapping' retrieved from /opt/airflow/dags/07_dynamic_mapping.py
[2026-07-10T01:25:30.659+0000] {logging_mixin.py:190} INFO - [2026-07-10T01:25:30.658+0000] {dag.py:3239} INFO - Sync 1 DAGs
[2026-07-10T01:25:30.709+0000] {logging_mixin.py:190} INFO - [2026-07-10T01:25:30.709+0000] {dag.py:4180} INFO - Setting next_dagrun for 07_dynamic_mapping to None, run_after=None
[2026-07-10T01:25:30.767+0000] {processor.py:208} INFO - Processing /opt/airflow/dags/07_dynamic_mapping.py took 0.292 seconds
[2026-07-10T01:26:01.791+0000] {processor.py:186} INFO - Started process (PID=15407) to work on /opt/airflow/dags/07_dynamic_mapping.py
[2026-07-10T01:26:01.794+0000] {processor.py:914} INFO - Processing file /opt/airflow/dags/07_dynamic_mapping.py for tasks to queue
[2026-07-10T01:26:01.796+0000] {logging_mixin.py:190} INFO - [2026-07-10T01:26:01.796+0000] {dagbag.py:588} INFO - Filling up the DagBag from /opt/airflow/dags/07_dynamic_mapping.py
[2026-07-10T01:26:01.813+0000] {processor.py:925} INFO - DAG(s) '07_dynamic_mapping' retrieved from /opt/airflow/dags/07_dynamic_mapping.py
[2026-07-10T01:26:01.878+0000] {logging_mixin.py:190} INFO - [2026-07-10T01:26:01.877+0000] {dag.py:3239} INFO - Sync 1 DAGs
[2026-07-10T01:26:01.902+0000] {logging_mixin.py:190} INFO - [2026-07-10T01:26:01.902+0000] {dag.py:4180} INFO - Setting next_dagrun for 07_dynamic_mapping to None, run_after=None
[2026-07-10T01:26:01.931+0000] {processor.py:208} INFO - Processing /opt/airflow/dags/07_dynamic_mapping.py took 0.155 seconds
[2026-07-10T01:26:32.489+0000] {processor.py:186} INFO - Started process (PID=15488) to work on /opt/airflow/dags/07_dynamic_mapping.py
[2026-07-10T01:26:32.493+0000] {processor.py:914} INFO - Processing file /opt/airflow/dags/07_dynamic_mapping.py for tasks to queue
[2026-07-10T01:26:32.515+0000] {logging_mixin.py:190} INFO - [2026-07-10T01:26:32.513+0000] {dagbag.py:588} INFO - Filling up the DagBag from /opt/airflow/dags/07_dynamic_mapping.py
[2026-07-10T01:26:32.563+0000] {processor.py:925} INFO - DAG(s) '07_dynamic_mapping' retrieved from /opt/airflow/dags/07_dynamic_mapping.py
[2026-07-10T01:26:32.627+0000] {logging_mixin.py:190} INFO - [2026-07-10T01:26:32.627+0000] {dag.py:3239} INFO - Sync 1 DAGs
[2026-07-10T01:26:32.655+0000] {logging_mixin.py:190} INFO - [2026-07-10T01:26:32.655+0000] {dag.py:4180} INFO - Setting next_dagrun for 07_dynamic_mapping to None, run_after=None
[2026-07-10T01:26:32.686+0000] {processor.py:208} INFO - Processing /opt/airflow/dags/07_dynamic_mapping.py took 0.239 seconds
[2026-07-10T01:27:02.877+0000] {processor.py:186} INFO - Started process (PID=15533) to work on /opt/airflow/dags/07_dynamic_mapping.py
[2026-07-10T01:27:02.879+0000] {processor.py:914} INFO - Processing file /opt/airflow/dags/07_dynamic_mapping.py for tasks to queue
[2026-07-10T01:27:02.882+0000] {logging_mixin.py:190} INFO - [2026-07-10T01:27:02.881+0000] {dagbag.py:588} INFO - Filling up the DagBag from /opt/airflow/dags/07_dynamic_mapping.py
[2026-07-10T01:27:02.912+0000] {processor.py:925} INFO - DAG(s) '07_dynamic_mapping' retrieved from /opt/airflow/dags/07_dynamic_mapping.py
[2026-07-10T01:27:02.966+0000] {logging_mixin.py:190} INFO - [2026-07-10T01:27:02.965+0000] {dag.py:3239} INFO - Sync 1 DAGs
[2026-07-10T01:27:02.990+0000] {logging_mixin.py:190} INFO - [2026-07-10T01:27:02.989+0000] {dag.py:4180} INFO - Setting next_dagrun for 07_dynamic_mapping to None, run_after=None
[2026-07-10T01:27:03.024+0000] {processor.py:208} INFO - Processing /opt/airflow/dags/07_dynamic_mapping.py took 0.161 seconds
