[2026-07-10T14:57:34.432+0000] {processor.py:186} INFO - Started process (PID=1962) to work on /opt/airflow/dags/08_spark.py
[2026-07-10T14:57:34.435+0000] {processor.py:914} INFO - Processing file /opt/airflow/dags/08_spark.py for tasks to queue
[2026-07-10T14:57:34.443+0000] {logging_mixin.py:190} INFO - [2026-07-10T14:57:34.442+0000] {dagbag.py:588} INFO - Filling up the DagBag from /opt/airflow/dags/08_spark.py
[2026-07-10T14:57:34.478+0000] {processor.py:925} INFO - DAG(s) '08_spark' retrieved from /opt/airflow/dags/08_spark.py
[2026-07-10T14:57:34.967+0000] {logging_mixin.py:190} INFO - [2026-07-10T14:57:34.966+0000] {override.py:1911} INFO - Created Permission View: can edit on DAG:08_spark
[2026-07-10T14:57:34.980+0000] {logging_mixin.py:190} INFO - [2026-07-10T14:57:34.980+0000] {override.py:1911} INFO - Created Permission View: can read on DAG:08_spark
[2026-07-10T14:57:34.988+0000] {logging_mixin.py:190} INFO - [2026-07-10T14:57:34.988+0000] {override.py:1911} INFO - Created Permission View: can delete on DAG:08_spark
[2026-07-10T14:57:34.997+0000] {logging_mixin.py:190} INFO - [2026-07-10T14:57:34.997+0000] {override.py:1911} INFO - Created Permission View: can read on DAG Run:08_spark
[2026-07-10T14:57:35.008+0000] {logging_mixin.py:190} INFO - [2026-07-10T14:57:35.008+0000] {override.py:1911} INFO - Created Permission View: can delete on DAG Run:08_spark
[2026-07-10T14:57:35.018+0000] {logging_mixin.py:190} INFO - [2026-07-10T14:57:35.018+0000] {override.py:1911} INFO - Created Permission View: menu access on DAG Run:08_spark
[2026-07-10T14:57:35.026+0000] {logging_mixin.py:190} INFO - [2026-07-10T14:57:35.025+0000] {override.py:1911} INFO - Created Permission View: can create on DAG Run:08_spark
[2026-07-10T14:57:35.026+0000] {logging_mixin.py:190} INFO - [2026-07-10T14:57:35.026+0000] {dag.py:3239} INFO - Sync 1 DAGs
[2026-07-10T14:57:35.042+0000] {logging_mixin.py:190} INFO - [2026-07-10T14:57:35.041+0000] {dag.py:3262} INFO - Creating ORM DAG for 08_spark
[2026-07-10T14:57:35.042+0000] {logging_mixin.py:190} INFO - [2026-07-10T14:57:35.042+0000] {dag.py:4180} INFO - Setting next_dagrun for 08_spark to None, run_after=None
[2026-07-10T14:57:35.067+0000] {processor.py:208} INFO - Processing /opt/airflow/dags/08_spark.py took 0.663 seconds
[2026-07-10T14:58:05.884+0000] {processor.py:186} INFO - Started process (PID=2012) to work on /opt/airflow/dags/08_spark.py
[2026-07-10T14:58:05.886+0000] {processor.py:914} INFO - Processing file /opt/airflow/dags/08_spark.py for tasks to queue
[2026-07-10T14:58:05.898+0000] {logging_mixin.py:190} INFO - [2026-07-10T14:58:05.897+0000] {dagbag.py:588} INFO - Filling up the DagBag from /opt/airflow/dags/08_spark.py
[2026-07-10T14:58:05.930+0000] {processor.py:925} INFO - DAG(s) '08_spark' retrieved from /opt/airflow/dags/08_spark.py
[2026-07-10T14:58:06.049+0000] {logging_mixin.py:190} INFO - [2026-07-10T14:58:06.048+0000] {dag.py:3239} INFO - Sync 1 DAGs
[2026-07-10T14:58:06.087+0000] {logging_mixin.py:190} INFO - [2026-07-10T14:58:06.086+0000] {dag.py:4180} INFO - Setting next_dagrun for 08_spark to None, run_after=None
[2026-07-10T14:58:06.126+0000] {processor.py:208} INFO - Processing /opt/airflow/dags/08_spark.py took 0.269 seconds
[2026-07-10T14:58:36.220+0000] {processor.py:186} INFO - Started process (PID=2062) to work on /opt/airflow/dags/08_spark.py
[2026-07-10T14:58:36.224+0000] {processor.py:914} INFO - Processing file /opt/airflow/dags/08_spark.py for tasks to queue
[2026-07-10T14:58:36.237+0000] {logging_mixin.py:190} INFO - [2026-07-10T14:58:36.236+0000] {dagbag.py:588} INFO - Filling up the DagBag from /opt/airflow/dags/08_spark.py
[2026-07-10T14:58:36.272+0000] {processor.py:925} INFO - DAG(s) '08_spark' retrieved from /opt/airflow/dags/08_spark.py
[2026-07-10T14:58:36.361+0000] {logging_mixin.py:190} INFO - [2026-07-10T14:58:36.360+0000] {dag.py:3239} INFO - Sync 1 DAGs
[2026-07-10T14:58:36.404+0000] {logging_mixin.py:190} INFO - [2026-07-10T14:58:36.404+0000] {dag.py:4180} INFO - Setting next_dagrun for 08_spark to None, run_after=None
[2026-07-10T14:58:36.454+0000] {processor.py:208} INFO - Processing /opt/airflow/dags/08_spark.py took 0.253 seconds
[2026-07-10T14:59:07.270+0000] {processor.py:186} INFO - Started process (PID=2112) to work on /opt/airflow/dags/08_spark.py
[2026-07-10T14:59:07.274+0000] {processor.py:914} INFO - Processing file /opt/airflow/dags/08_spark.py for tasks to queue
[2026-07-10T14:59:07.291+0000] {logging_mixin.py:190} INFO - [2026-07-10T14:59:07.289+0000] {dagbag.py:588} INFO - Filling up the DagBag from /opt/airflow/dags/08_spark.py
[2026-07-10T14:59:07.342+0000] {processor.py:925} INFO - DAG(s) '08_spark' retrieved from /opt/airflow/dags/08_spark.py
[2026-07-10T14:59:07.437+0000] {logging_mixin.py:190} INFO - [2026-07-10T14:59:07.436+0000] {dag.py:3239} INFO - Sync 1 DAGs
[2026-07-10T14:59:07.478+0000] {logging_mixin.py:190} INFO - [2026-07-10T14:59:07.478+0000] {dag.py:4180} INFO - Setting next_dagrun for 08_spark to None, run_after=None
[2026-07-10T14:59:07.518+0000] {processor.py:208} INFO - Processing /opt/airflow/dags/08_spark.py took 0.284 seconds
[2026-07-10T14:59:38.059+0000] {processor.py:186} INFO - Started process (PID=2162) to work on /opt/airflow/dags/08_spark.py
[2026-07-10T14:59:38.064+0000] {processor.py:914} INFO - Processing file /opt/airflow/dags/08_spark.py for tasks to queue
[2026-07-10T14:59:38.079+0000] {logging_mixin.py:190} INFO - [2026-07-10T14:59:38.076+0000] {dagbag.py:588} INFO - Filling up the DagBag from /opt/airflow/dags/08_spark.py
[2026-07-10T14:59:38.114+0000] {processor.py:925} INFO - DAG(s) '08_spark' retrieved from /opt/airflow/dags/08_spark.py
[2026-07-10T14:59:38.240+0000] {logging_mixin.py:190} INFO - [2026-07-10T14:59:38.240+0000] {dag.py:3239} INFO - Sync 1 DAGs
[2026-07-10T14:59:38.273+0000] {logging_mixin.py:190} INFO - [2026-07-10T14:59:38.273+0000] {dag.py:4180} INFO - Setting next_dagrun for 08_spark to None, run_after=None
[2026-07-10T14:59:38.307+0000] {processor.py:208} INFO - Processing /opt/airflow/dags/08_spark.py took 0.280 seconds
[2026-07-10T15:00:08.786+0000] {processor.py:186} INFO - Started process (PID=2212) to work on /opt/airflow/dags/08_spark.py
[2026-07-10T15:00:08.788+0000] {processor.py:914} INFO - Processing file /opt/airflow/dags/08_spark.py for tasks to queue
[2026-07-10T15:00:08.794+0000] {logging_mixin.py:190} INFO - [2026-07-10T15:00:08.793+0000] {dagbag.py:588} INFO - Filling up the DagBag from /opt/airflow/dags/08_spark.py
[2026-07-10T15:00:08.805+0000] {processor.py:925} INFO - DAG(s) '08_spark' retrieved from /opt/airflow/dags/08_spark.py
[2026-07-10T15:00:08.849+0000] {logging_mixin.py:190} INFO - [2026-07-10T15:00:08.848+0000] {dag.py:3239} INFO - Sync 1 DAGs
[2026-07-10T15:00:08.869+0000] {logging_mixin.py:190} INFO - [2026-07-10T15:00:08.868+0000] {dag.py:4180} INFO - Setting next_dagrun for 08_spark to None, run_after=None
[2026-07-10T15:00:08.895+0000] {processor.py:208} INFO - Processing /opt/airflow/dags/08_spark.py took 0.133 seconds
[2026-07-10T15:00:39.148+0000] {processor.py:186} INFO - Started process (PID=2262) to work on /opt/airflow/dags/08_spark.py
[2026-07-10T15:00:39.153+0000] {processor.py:914} INFO - Processing file /opt/airflow/dags/08_spark.py for tasks to queue
[2026-07-10T15:00:39.162+0000] {logging_mixin.py:190} INFO - [2026-07-10T15:00:39.161+0000] {dagbag.py:588} INFO - Filling up the DagBag from /opt/airflow/dags/08_spark.py
[2026-07-10T15:00:39.184+0000] {processor.py:925} INFO - DAG(s) '08_spark' retrieved from /opt/airflow/dags/08_spark.py
[2026-07-10T15:00:39.225+0000] {logging_mixin.py:190} INFO - [2026-07-10T15:00:39.225+0000] {dag.py:3239} INFO - Sync 1 DAGs
[2026-07-10T15:00:39.245+0000] {logging_mixin.py:190} INFO - [2026-07-10T15:00:39.245+0000] {dag.py:4180} INFO - Setting next_dagrun for 08_spark to None, run_after=None
[2026-07-10T15:00:39.263+0000] {processor.py:208} INFO - Processing /opt/airflow/dags/08_spark.py took 0.143 seconds
[2026-07-10T15:01:09.833+0000] {processor.py:186} INFO - Started process (PID=2312) to work on /opt/airflow/dags/08_spark.py
[2026-07-10T15:01:09.835+0000] {processor.py:914} INFO - Processing file /opt/airflow/dags/08_spark.py for tasks to queue
[2026-07-10T15:01:09.840+0000] {logging_mixin.py:190} INFO - [2026-07-10T15:01:09.839+0000] {dagbag.py:588} INFO - Filling up the DagBag from /opt/airflow/dags/08_spark.py
[2026-07-10T15:01:09.851+0000] {processor.py:925} INFO - DAG(s) '08_spark' retrieved from /opt/airflow/dags/08_spark.py
[2026-07-10T15:01:09.893+0000] {logging_mixin.py:190} INFO - [2026-07-10T15:01:09.893+0000] {dag.py:3239} INFO - Sync 1 DAGs
[2026-07-10T15:01:09.915+0000] {logging_mixin.py:190} INFO - [2026-07-10T15:01:09.914+0000] {dag.py:4180} INFO - Setting next_dagrun for 08_spark to None, run_after=None
[2026-07-10T15:01:09.938+0000] {processor.py:208} INFO - Processing /opt/airflow/dags/08_spark.py took 0.117 seconds
[2026-07-10T15:01:40.742+0000] {processor.py:186} INFO - Started process (PID=2362) to work on /opt/airflow/dags/08_spark.py
[2026-07-10T15:01:40.746+0000] {processor.py:914} INFO - Processing file /opt/airflow/dags/08_spark.py for tasks to queue
[2026-07-10T15:01:40.752+0000] {logging_mixin.py:190} INFO - [2026-07-10T15:01:40.752+0000] {dagbag.py:588} INFO - Filling up the DagBag from /opt/airflow/dags/08_spark.py
[2026-07-10T15:01:40.766+0000] {processor.py:925} INFO - DAG(s) '08_spark' retrieved from /opt/airflow/dags/08_spark.py
[2026-07-10T15:01:40.814+0000] {logging_mixin.py:190} INFO - [2026-07-10T15:01:40.813+0000] {dag.py:3239} INFO - Sync 1 DAGs
[2026-07-10T15:01:40.835+0000] {logging_mixin.py:190} INFO - [2026-07-10T15:01:40.834+0000] {dag.py:4180} INFO - Setting next_dagrun for 08_spark to None, run_after=None
[2026-07-10T15:01:40.868+0000] {processor.py:208} INFO - Processing /opt/airflow/dags/08_spark.py took 0.150 seconds
[2026-07-10T15:02:11.035+0000] {processor.py:186} INFO - Started process (PID=2412) to work on /opt/airflow/dags/08_spark.py
[2026-07-10T15:02:11.036+0000] {processor.py:914} INFO - Processing file /opt/airflow/dags/08_spark.py for tasks to queue
[2026-07-10T15:02:11.040+0000] {logging_mixin.py:190} INFO - [2026-07-10T15:02:11.039+0000] {dagbag.py:588} INFO - Filling up the DagBag from /opt/airflow/dags/08_spark.py
[2026-07-10T15:02:11.051+0000] {processor.py:925} INFO - DAG(s) '08_spark' retrieved from /opt/airflow/dags/08_spark.py
[2026-07-10T15:02:11.085+0000] {logging_mixin.py:190} INFO - [2026-07-10T15:02:11.085+0000] {dag.py:3239} INFO - Sync 1 DAGs
[2026-07-10T15:02:11.110+0000] {logging_mixin.py:190} INFO - [2026-07-10T15:02:11.109+0000] {dag.py:4180} INFO - Setting next_dagrun for 08_spark to None, run_after=None
[2026-07-10T15:02:11.138+0000] {processor.py:208} INFO - Processing /opt/airflow/dags/08_spark.py took 0.111 seconds
[2026-07-10T15:02:41.608+0000] {processor.py:186} INFO - Started process (PID=2462) to work on /opt/airflow/dags/08_spark.py
[2026-07-10T15:02:41.611+0000] {processor.py:914} INFO - Processing file /opt/airflow/dags/08_spark.py for tasks to queue
[2026-07-10T15:02:41.616+0000] {logging_mixin.py:190} INFO - [2026-07-10T15:02:41.615+0000] {dagbag.py:588} INFO - Filling up the DagBag from /opt/airflow/dags/08_spark.py
[2026-07-10T15:02:41.631+0000] {processor.py:925} INFO - DAG(s) '08_spark' retrieved from /opt/airflow/dags/08_spark.py
[2026-07-10T15:02:41.670+0000] {logging_mixin.py:190} INFO - [2026-07-10T15:02:41.670+0000] {dag.py:3239} INFO - Sync 1 DAGs
[2026-07-10T15:02:41.689+0000] {logging_mixin.py:190} INFO - [2026-07-10T15:02:41.689+0000] {dag.py:4180} INFO - Setting next_dagrun for 08_spark to None, run_after=None
[2026-07-10T15:02:41.715+0000] {processor.py:208} INFO - Processing /opt/airflow/dags/08_spark.py took 0.124 seconds
[2026-07-10T15:03:11.951+0000] {processor.py:186} INFO - Started process (PID=2512) to work on /opt/airflow/dags/08_spark.py
[2026-07-10T15:03:11.952+0000] {processor.py:914} INFO - Processing file /opt/airflow/dags/08_spark.py for tasks to queue
[2026-07-10T15:03:11.956+0000] {logging_mixin.py:190} INFO - [2026-07-10T15:03:11.956+0000] {dagbag.py:588} INFO - Filling up the DagBag from /opt/airflow/dags/08_spark.py
[2026-07-10T15:03:11.972+0000] {processor.py:925} INFO - DAG(s) '08_spark' retrieved from /opt/airflow/dags/08_spark.py
[2026-07-10T15:03:12.026+0000] {logging_mixin.py:190} INFO - [2026-07-10T15:03:12.025+0000] {dag.py:3239} INFO - Sync 1 DAGs
[2026-07-10T15:03:12.058+0000] {logging_mixin.py:190} INFO - [2026-07-10T15:03:12.058+0000] {dag.py:4180} INFO - Setting next_dagrun for 08_spark to None, run_after=None
[2026-07-10T15:03:12.095+0000] {processor.py:208} INFO - Processing /opt/airflow/dags/08_spark.py took 0.157 seconds
[2026-07-10T15:03:42.366+0000] {processor.py:186} INFO - Started process (PID=2562) to work on /opt/airflow/dags/08_spark.py
[2026-07-10T15:03:42.369+0000] {processor.py:914} INFO - Processing file /opt/airflow/dags/08_spark.py for tasks to queue
[2026-07-10T15:03:42.373+0000] {logging_mixin.py:190} INFO - [2026-07-10T15:03:42.373+0000] {dagbag.py:588} INFO - Filling up the DagBag from /opt/airflow/dags/08_spark.py
[2026-07-10T15:03:42.385+0000] {processor.py:925} INFO - DAG(s) '08_spark' retrieved from /opt/airflow/dags/08_spark.py
[2026-07-10T15:03:42.424+0000] {logging_mixin.py:190} INFO - [2026-07-10T15:03:42.424+0000] {dag.py:3239} INFO - Sync 1 DAGs
[2026-07-10T15:03:42.443+0000] {logging_mixin.py:190} INFO - [2026-07-10T15:03:42.443+0000] {dag.py:4180} INFO - Setting next_dagrun for 08_spark to None, run_after=None
[2026-07-10T15:03:42.469+0000] {processor.py:208} INFO - Processing /opt/airflow/dags/08_spark.py took 0.116 seconds
[2026-07-10T15:04:13.269+0000] {processor.py:186} INFO - Started process (PID=2612) to work on /opt/airflow/dags/08_spark.py
[2026-07-10T15:04:13.271+0000] {processor.py:914} INFO - Processing file /opt/airflow/dags/08_spark.py for tasks to queue
[2026-07-10T15:04:13.275+0000] {logging_mixin.py:190} INFO - [2026-07-10T15:04:13.275+0000] {dagbag.py:588} INFO - Filling up the DagBag from /opt/airflow/dags/08_spark.py
[2026-07-10T15:04:13.294+0000] {processor.py:925} INFO - DAG(s) '08_spark' retrieved from /opt/airflow/dags/08_spark.py
[2026-07-10T15:04:13.343+0000] {logging_mixin.py:190} INFO - [2026-07-10T15:04:13.343+0000] {dag.py:3239} INFO - Sync 1 DAGs
[2026-07-10T15:04:13.366+0000] {logging_mixin.py:190} INFO - [2026-07-10T15:04:13.366+0000] {dag.py:4180} INFO - Setting next_dagrun for 08_spark to None, run_after=None
[2026-07-10T15:04:13.390+0000] {processor.py:208} INFO - Processing /opt/airflow/dags/08_spark.py took 0.138 seconds
[2026-07-10T15:04:43.525+0000] {processor.py:186} INFO - Started process (PID=2662) to work on /opt/airflow/dags/08_spark.py
[2026-07-10T15:04:43.527+0000] {processor.py:914} INFO - Processing file /opt/airflow/dags/08_spark.py for tasks to queue
[2026-07-10T15:04:43.531+0000] {logging_mixin.py:190} INFO - [2026-07-10T15:04:43.531+0000] {dagbag.py:588} INFO - Filling up the DagBag from /opt/airflow/dags/08_spark.py
[2026-07-10T15:04:43.543+0000] {processor.py:925} INFO - DAG(s) '08_spark' retrieved from /opt/airflow/dags/08_spark.py
[2026-07-10T15:04:43.588+0000] {logging_mixin.py:190} INFO - [2026-07-10T15:04:43.588+0000] {dag.py:3239} INFO - Sync 1 DAGs
[2026-07-10T15:04:43.609+0000] {logging_mixin.py:190} INFO - [2026-07-10T15:04:43.609+0000] {dag.py:4180} INFO - Setting next_dagrun for 08_spark to None, run_after=None
[2026-07-10T15:04:43.635+0000] {processor.py:208} INFO - Processing /opt/airflow/dags/08_spark.py took 0.120 seconds
[2026-07-10T15:05:13.700+0000] {processor.py:186} INFO - Started process (PID=2712) to work on /opt/airflow/dags/08_spark.py
[2026-07-10T15:05:13.701+0000] {processor.py:914} INFO - Processing file /opt/airflow/dags/08_spark.py for tasks to queue
[2026-07-10T15:05:13.705+0000] {logging_mixin.py:190} INFO - [2026-07-10T15:05:13.705+0000] {dagbag.py:588} INFO - Filling up the DagBag from /opt/airflow/dags/08_spark.py
[2026-07-10T15:05:13.718+0000] {processor.py:925} INFO - DAG(s) '08_spark' retrieved from /opt/airflow/dags/08_spark.py
[2026-07-10T15:05:13.768+0000] {logging_mixin.py:190} INFO - [2026-07-10T15:05:13.768+0000] {dag.py:3239} INFO - Sync 1 DAGs
[2026-07-10T15:05:13.791+0000] {logging_mixin.py:190} INFO - [2026-07-10T15:05:13.790+0000] {dag.py:4180} INFO - Setting next_dagrun for 08_spark to None, run_after=None
[2026-07-10T15:05:13.824+0000] {processor.py:208} INFO - Processing /opt/airflow/dags/08_spark.py took 0.133 seconds
[2026-07-10T15:05:44.851+0000] {processor.py:186} INFO - Started process (PID=2773) to work on /opt/airflow/dags/08_spark.py
[2026-07-10T15:05:44.855+0000] {processor.py:914} INFO - Processing file /opt/airflow/dags/08_spark.py for tasks to queue
[2026-07-10T15:05:44.860+0000] {logging_mixin.py:190} INFO - [2026-07-10T15:05:44.860+0000] {dagbag.py:588} INFO - Filling up the DagBag from /opt/airflow/dags/08_spark.py
[2026-07-10T15:05:44.875+0000] {processor.py:925} INFO - DAG(s) '08_spark' retrieved from /opt/airflow/dags/08_spark.py
[2026-07-10T15:05:44.929+0000] {logging_mixin.py:190} INFO - [2026-07-10T15:05:44.929+0000] {dag.py:3239} INFO - Sync 1 DAGs
[2026-07-10T15:05:44.958+0000] {logging_mixin.py:190} INFO - [2026-07-10T15:05:44.957+0000] {dag.py:4180} INFO - Setting next_dagrun for 08_spark to None, run_after=None
[2026-07-10T15:05:44.990+0000] {processor.py:208} INFO - Processing /opt/airflow/dags/08_spark.py took 0.150 seconds
[2026-07-10T15:06:15.743+0000] {processor.py:186} INFO - Started process (PID=2823) to work on /opt/airflow/dags/08_spark.py
[2026-07-10T15:06:15.745+0000] {processor.py:914} INFO - Processing file /opt/airflow/dags/08_spark.py for tasks to queue
[2026-07-10T15:06:15.758+0000] {logging_mixin.py:190} INFO - [2026-07-10T15:06:15.757+0000] {dagbag.py:588} INFO - Filling up the DagBag from /opt/airflow/dags/08_spark.py
[2026-07-10T15:06:15.780+0000] {processor.py:925} INFO - DAG(s) '08_spark' retrieved from /opt/airflow/dags/08_spark.py
[2026-07-10T15:06:15.873+0000] {logging_mixin.py:190} INFO - [2026-07-10T15:06:15.871+0000] {dag.py:3239} INFO - Sync 1 DAGs
[2026-07-10T15:06:15.908+0000] {logging_mixin.py:190} INFO - [2026-07-10T15:06:15.908+0000] {dag.py:4180} INFO - Setting next_dagrun for 08_spark to None, run_after=None
[2026-07-10T15:06:15.947+0000] {processor.py:208} INFO - Processing /opt/airflow/dags/08_spark.py took 0.222 seconds
[2026-07-10T15:06:46.379+0000] {processor.py:186} INFO - Started process (PID=2873) to work on /opt/airflow/dags/08_spark.py
[2026-07-10T15:06:46.381+0000] {processor.py:914} INFO - Processing file /opt/airflow/dags/08_spark.py for tasks to queue
[2026-07-10T15:06:46.391+0000] {logging_mixin.py:190} INFO - [2026-07-10T15:06:46.389+0000] {dagbag.py:588} INFO - Filling up the DagBag from /opt/airflow/dags/08_spark.py
[2026-07-10T15:06:46.413+0000] {processor.py:925} INFO - DAG(s) '08_spark' retrieved from /opt/airflow/dags/08_spark.py
[2026-07-10T15:06:46.465+0000] {logging_mixin.py:190} INFO - [2026-07-10T15:06:46.465+0000] {dag.py:3239} INFO - Sync 1 DAGs
[2026-07-10T15:06:46.491+0000] {logging_mixin.py:190} INFO - [2026-07-10T15:06:46.491+0000] {dag.py:4180} INFO - Setting next_dagrun for 08_spark to None, run_after=None
[2026-07-10T15:06:46.524+0000] {processor.py:208} INFO - Processing /opt/airflow/dags/08_spark.py took 0.161 seconds
[2026-07-10T15:07:16.676+0000] {processor.py:186} INFO - Started process (PID=2923) to work on /opt/airflow/dags/08_spark.py
[2026-07-10T15:07:16.678+0000] {processor.py:914} INFO - Processing file /opt/airflow/dags/08_spark.py for tasks to queue
[2026-07-10T15:07:16.683+0000] {logging_mixin.py:190} INFO - [2026-07-10T15:07:16.682+0000] {dagbag.py:588} INFO - Filling up the DagBag from /opt/airflow/dags/08_spark.py
[2026-07-10T15:07:16.699+0000] {processor.py:925} INFO - DAG(s) '08_spark' retrieved from /opt/airflow/dags/08_spark.py
[2026-07-10T15:07:16.754+0000] {logging_mixin.py:190} INFO - [2026-07-10T15:07:16.753+0000] {dag.py:3239} INFO - Sync 1 DAGs
[2026-07-10T15:07:16.779+0000] {logging_mixin.py:190} INFO - [2026-07-10T15:07:16.779+0000] {dag.py:4180} INFO - Setting next_dagrun for 08_spark to None, run_after=None
[2026-07-10T15:07:16.812+0000] {processor.py:208} INFO - Processing /opt/airflow/dags/08_spark.py took 0.149 seconds
[2026-07-10T15:07:47.148+0000] {processor.py:186} INFO - Started process (PID=2973) to work on /opt/airflow/dags/08_spark.py
[2026-07-10T15:07:47.150+0000] {processor.py:914} INFO - Processing file /opt/airflow/dags/08_spark.py for tasks to queue
[2026-07-10T15:07:47.156+0000] {logging_mixin.py:190} INFO - [2026-07-10T15:07:47.154+0000] {dagbag.py:588} INFO - Filling up the DagBag from /opt/airflow/dags/08_spark.py
[2026-07-10T15:07:47.170+0000] {processor.py:925} INFO - DAG(s) '08_spark' retrieved from /opt/airflow/dags/08_spark.py
[2026-07-10T15:07:47.228+0000] {logging_mixin.py:190} INFO - [2026-07-10T15:07:47.228+0000] {dag.py:3239} INFO - Sync 1 DAGs
[2026-07-10T15:07:47.252+0000] {logging_mixin.py:190} INFO - [2026-07-10T15:07:47.252+0000] {dag.py:4180} INFO - Setting next_dagrun for 08_spark to None, run_after=None
[2026-07-10T15:07:47.287+0000] {processor.py:208} INFO - Processing /opt/airflow/dags/08_spark.py took 0.151 seconds
[2026-07-10T15:08:17.567+0000] {processor.py:186} INFO - Started process (PID=3023) to work on /opt/airflow/dags/08_spark.py
[2026-07-10T15:08:17.568+0000] {processor.py:914} INFO - Processing file /opt/airflow/dags/08_spark.py for tasks to queue
[2026-07-10T15:08:17.572+0000] {logging_mixin.py:190} INFO - [2026-07-10T15:08:17.572+0000] {dagbag.py:588} INFO - Filling up the DagBag from /opt/airflow/dags/08_spark.py
[2026-07-10T15:08:17.587+0000] {processor.py:925} INFO - DAG(s) '08_spark' retrieved from /opt/airflow/dags/08_spark.py
[2026-07-10T15:08:17.645+0000] {logging_mixin.py:190} INFO - [2026-07-10T15:08:17.645+0000] {dag.py:3239} INFO - Sync 1 DAGs
[2026-07-10T15:08:17.671+0000] {logging_mixin.py:190} INFO - [2026-07-10T15:08:17.671+0000] {dag.py:4180} INFO - Setting next_dagrun for 08_spark to None, run_after=None
[2026-07-10T15:08:17.705+0000] {processor.py:208} INFO - Processing /opt/airflow/dags/08_spark.py took 0.150 seconds
[2026-07-10T15:08:48.121+0000] {processor.py:186} INFO - Started process (PID=3073) to work on /opt/airflow/dags/08_spark.py
[2026-07-10T15:08:48.123+0000] {processor.py:914} INFO - Processing file /opt/airflow/dags/08_spark.py for tasks to queue
[2026-07-10T15:08:48.131+0000] {logging_mixin.py:190} INFO - [2026-07-10T15:08:48.131+0000] {dagbag.py:588} INFO - Filling up the DagBag from /opt/airflow/dags/08_spark.py
[2026-07-10T15:08:48.147+0000] {processor.py:925} INFO - DAG(s) '08_spark' retrieved from /opt/airflow/dags/08_spark.py
[2026-07-10T15:08:48.207+0000] {logging_mixin.py:190} INFO - [2026-07-10T15:08:48.206+0000] {dag.py:3239} INFO - Sync 1 DAGs
[2026-07-10T15:08:48.239+0000] {logging_mixin.py:190} INFO - [2026-07-10T15:08:48.238+0000] {dag.py:4180} INFO - Setting next_dagrun for 08_spark to None, run_after=None
[2026-07-10T15:08:48.289+0000] {processor.py:208} INFO - Processing /opt/airflow/dags/08_spark.py took 0.179 seconds
[2026-07-10T15:09:18.618+0000] {processor.py:186} INFO - Started process (PID=3123) to work on /opt/airflow/dags/08_spark.py
[2026-07-10T15:09:18.620+0000] {processor.py:914} INFO - Processing file /opt/airflow/dags/08_spark.py for tasks to queue
[2026-07-10T15:09:18.624+0000] {logging_mixin.py:190} INFO - [2026-07-10T15:09:18.624+0000] {dagbag.py:588} INFO - Filling up the DagBag from /opt/airflow/dags/08_spark.py
[2026-07-10T15:09:18.642+0000] {processor.py:925} INFO - DAG(s) '08_spark' retrieved from /opt/airflow/dags/08_spark.py
[2026-07-10T15:09:18.699+0000] {logging_mixin.py:190} INFO - [2026-07-10T15:09:18.699+0000] {dag.py:3239} INFO - Sync 1 DAGs
[2026-07-10T15:09:18.723+0000] {logging_mixin.py:190} INFO - [2026-07-10T15:09:18.723+0000] {dag.py:4180} INFO - Setting next_dagrun for 08_spark to None, run_after=None
[2026-07-10T15:09:18.756+0000] {processor.py:208} INFO - Processing /opt/airflow/dags/08_spark.py took 0.152 seconds
[2026-07-10T15:09:49.013+0000] {processor.py:186} INFO - Started process (PID=3173) to work on /opt/airflow/dags/08_spark.py
[2026-07-10T15:09:49.017+0000] {processor.py:914} INFO - Processing file /opt/airflow/dags/08_spark.py for tasks to queue
[2026-07-10T15:09:49.032+0000] {logging_mixin.py:190} INFO - [2026-07-10T15:09:49.030+0000] {dagbag.py:588} INFO - Filling up the DagBag from /opt/airflow/dags/08_spark.py
[2026-07-10T15:09:49.066+0000] {processor.py:925} INFO - DAG(s) '08_spark' retrieved from /opt/airflow/dags/08_spark.py
[2026-07-10T15:09:49.159+0000] {logging_mixin.py:190} INFO - [2026-07-10T15:09:49.158+0000] {dag.py:3239} INFO - Sync 1 DAGs
[2026-07-10T15:09:49.181+0000] {logging_mixin.py:190} INFO - [2026-07-10T15:09:49.181+0000] {dag.py:4180} INFO - Setting next_dagrun for 08_spark to None, run_after=None
[2026-07-10T15:09:49.208+0000] {processor.py:208} INFO - Processing /opt/airflow/dags/08_spark.py took 0.220 seconds
[2026-07-10T15:10:19.473+0000] {processor.py:186} INFO - Started process (PID=3223) to work on /opt/airflow/dags/08_spark.py
[2026-07-10T15:10:19.475+0000] {processor.py:914} INFO - Processing file /opt/airflow/dags/08_spark.py for tasks to queue
[2026-07-10T15:10:19.486+0000] {logging_mixin.py:190} INFO - [2026-07-10T15:10:19.485+0000] {dagbag.py:588} INFO - Filling up the DagBag from /opt/airflow/dags/08_spark.py
[2026-07-10T15:10:19.504+0000] {processor.py:925} INFO - DAG(s) '08_spark' retrieved from /opt/airflow/dags/08_spark.py
[2026-07-10T15:10:19.566+0000] {logging_mixin.py:190} INFO - [2026-07-10T15:10:19.565+0000] {dag.py:3239} INFO - Sync 1 DAGs
[2026-07-10T15:10:19.598+0000] {logging_mixin.py:190} INFO - [2026-07-10T15:10:19.597+0000] {dag.py:4180} INFO - Setting next_dagrun for 08_spark to None, run_after=None
[2026-07-10T15:10:19.634+0000] {processor.py:208} INFO - Processing /opt/airflow/dags/08_spark.py took 0.177 seconds
[2026-07-10T15:10:49.903+0000] {processor.py:186} INFO - Started process (PID=3273) to work on /opt/airflow/dags/08_spark.py
[2026-07-10T15:10:49.904+0000] {processor.py:914} INFO - Processing file /opt/airflow/dags/08_spark.py for tasks to queue
[2026-07-10T15:10:49.911+0000] {logging_mixin.py:190} INFO - [2026-07-10T15:10:49.910+0000] {dagbag.py:588} INFO - Filling up the DagBag from /opt/airflow/dags/08_spark.py
[2026-07-10T15:10:49.935+0000] {processor.py:925} INFO - DAG(s) '08_spark' retrieved from /opt/airflow/dags/08_spark.py
[2026-07-10T15:10:50.004+0000] {logging_mixin.py:190} INFO - [2026-07-10T15:10:50.004+0000] {dag.py:3239} INFO - Sync 1 DAGs
[2026-07-10T15:10:50.034+0000] {logging_mixin.py:190} INFO - [2026-07-10T15:10:50.033+0000] {dag.py:4180} INFO - Setting next_dagrun for 08_spark to None, run_after=None
[2026-07-10T15:10:50.067+0000] {processor.py:208} INFO - Processing /opt/airflow/dags/08_spark.py took 0.180 seconds
[2026-07-10T15:11:20.582+0000] {processor.py:186} INFO - Started process (PID=3325) to work on /opt/airflow/dags/08_spark.py
[2026-07-10T15:11:20.586+0000] {processor.py:914} INFO - Processing file /opt/airflow/dags/08_spark.py for tasks to queue
[2026-07-10T15:11:20.592+0000] {logging_mixin.py:190} INFO - [2026-07-10T15:11:20.591+0000] {dagbag.py:588} INFO - Filling up the DagBag from /opt/airflow/dags/08_spark.py
[2026-07-10T15:11:20.611+0000] {processor.py:925} INFO - DAG(s) '08_spark' retrieved from /opt/airflow/dags/08_spark.py
[2026-07-10T15:11:20.673+0000] {logging_mixin.py:190} INFO - [2026-07-10T15:11:20.672+0000] {dag.py:3239} INFO - Sync 1 DAGs
[2026-07-10T15:11:20.704+0000] {logging_mixin.py:190} INFO - [2026-07-10T15:11:20.703+0000] {dag.py:4180} INFO - Setting next_dagrun for 08_spark to None, run_after=None
[2026-07-10T15:11:20.752+0000] {processor.py:208} INFO - Processing /opt/airflow/dags/08_spark.py took 0.188 seconds
[2026-07-10T15:11:50.926+0000] {processor.py:186} INFO - Started process (PID=3384) to work on /opt/airflow/dags/08_spark.py
[2026-07-10T15:11:50.927+0000] {processor.py:914} INFO - Processing file /opt/airflow/dags/08_spark.py for tasks to queue
[2026-07-10T15:11:50.932+0000] {logging_mixin.py:190} INFO - [2026-07-10T15:11:50.931+0000] {dagbag.py:588} INFO - Filling up the DagBag from /opt/airflow/dags/08_spark.py
[2026-07-10T15:11:50.947+0000] {processor.py:925} INFO - DAG(s) '08_spark' retrieved from /opt/airflow/dags/08_spark.py
[2026-07-10T15:11:51.010+0000] {logging_mixin.py:190} INFO - [2026-07-10T15:11:51.010+0000] {dag.py:3239} INFO - Sync 1 DAGs
[2026-07-10T15:11:51.057+0000] {logging_mixin.py:190} INFO - [2026-07-10T15:11:51.057+0000] {dag.py:4180} INFO - Setting next_dagrun for 08_spark to None, run_after=None
[2026-07-10T15:11:51.106+0000] {processor.py:208} INFO - Processing /opt/airflow/dags/08_spark.py took 0.192 seconds
[2026-07-10T15:12:21.683+0000] {processor.py:186} INFO - Started process (PID=3434) to work on /opt/airflow/dags/08_spark.py
[2026-07-10T15:12:21.686+0000] {processor.py:914} INFO - Processing file /opt/airflow/dags/08_spark.py for tasks to queue
[2026-07-10T15:12:21.691+0000] {logging_mixin.py:190} INFO - [2026-07-10T15:12:21.691+0000] {dagbag.py:588} INFO - Filling up the DagBag from /opt/airflow/dags/08_spark.py
[2026-07-10T15:12:21.703+0000] {processor.py:925} INFO - DAG(s) '08_spark' retrieved from /opt/airflow/dags/08_spark.py
[2026-07-10T15:12:21.800+0000] {logging_mixin.py:190} INFO - [2026-07-10T15:12:21.799+0000] {dag.py:3239} INFO - Sync 1 DAGs
[2026-07-10T15:12:21.843+0000] {logging_mixin.py:190} INFO - [2026-07-10T15:12:21.842+0000] {dag.py:4180} INFO - Setting next_dagrun for 08_spark to None, run_after=None
[2026-07-10T15:12:21.898+0000] {processor.py:208} INFO - Processing /opt/airflow/dags/08_spark.py took 0.224 seconds
[2026-07-10T15:12:52.271+0000] {processor.py:186} INFO - Started process (PID=3484) to work on /opt/airflow/dags/08_spark.py
[2026-07-10T15:12:52.274+0000] {processor.py:914} INFO - Processing file /opt/airflow/dags/08_spark.py for tasks to queue
[2026-07-10T15:12:52.280+0000] {logging_mixin.py:190} INFO - [2026-07-10T15:12:52.279+0000] {dagbag.py:588} INFO - Filling up the DagBag from /opt/airflow/dags/08_spark.py
[2026-07-10T15:12:52.299+0000] {processor.py:925} INFO - DAG(s) '08_spark' retrieved from /opt/airflow/dags/08_spark.py
[2026-07-10T15:12:52.361+0000] {logging_mixin.py:190} INFO - [2026-07-10T15:12:52.360+0000] {dag.py:3239} INFO - Sync 1 DAGs
[2026-07-10T15:12:52.396+0000] {logging_mixin.py:190} INFO - [2026-07-10T15:12:52.395+0000] {dag.py:4180} INFO - Setting next_dagrun for 08_spark to None, run_after=None
[2026-07-10T15:12:52.433+0000] {processor.py:208} INFO - Processing /opt/airflow/dags/08_spark.py took 0.174 seconds
[2026-07-10T15:13:22.627+0000] {processor.py:186} INFO - Started process (PID=3534) to work on /opt/airflow/dags/08_spark.py
[2026-07-10T15:13:22.628+0000] {processor.py:914} INFO - Processing file /opt/airflow/dags/08_spark.py for tasks to queue
[2026-07-10T15:13:22.632+0000] {logging_mixin.py:190} INFO - [2026-07-10T15:13:22.632+0000] {dagbag.py:588} INFO - Filling up the DagBag from /opt/airflow/dags/08_spark.py
[2026-07-10T15:13:22.644+0000] {processor.py:925} INFO - DAG(s) '08_spark' retrieved from /opt/airflow/dags/08_spark.py
[2026-07-10T15:13:22.704+0000] {logging_mixin.py:190} INFO - [2026-07-10T15:13:22.703+0000] {dag.py:3239} INFO - Sync 1 DAGs
[2026-07-10T15:13:22.730+0000] {logging_mixin.py:190} INFO - [2026-07-10T15:13:22.730+0000] {dag.py:4180} INFO - Setting next_dagrun for 08_spark to None, run_after=None
[2026-07-10T15:13:22.759+0000] {processor.py:208} INFO - Processing /opt/airflow/dags/08_spark.py took 0.143 seconds
[2026-07-10T15:13:53.010+0000] {processor.py:186} INFO - Started process (PID=3584) to work on /opt/airflow/dags/08_spark.py
[2026-07-10T15:13:53.012+0000] {processor.py:914} INFO - Processing file /opt/airflow/dags/08_spark.py for tasks to queue
[2026-07-10T15:13:53.019+0000] {logging_mixin.py:190} INFO - [2026-07-10T15:13:53.018+0000] {dagbag.py:588} INFO - Filling up the DagBag from /opt/airflow/dags/08_spark.py
[2026-07-10T15:13:53.046+0000] {processor.py:925} INFO - DAG(s) '08_spark' retrieved from /opt/airflow/dags/08_spark.py
[2026-07-10T15:13:53.156+0000] {logging_mixin.py:190} INFO - [2026-07-10T15:13:53.155+0000] {dag.py:3239} INFO - Sync 1 DAGs
[2026-07-10T15:13:53.198+0000] {logging_mixin.py:190} INFO - [2026-07-10T15:13:53.198+0000] {dag.py:4180} INFO - Setting next_dagrun for 08_spark to None, run_after=None
[2026-07-10T15:13:53.249+0000] {processor.py:208} INFO - Processing /opt/airflow/dags/08_spark.py took 0.257 seconds
[2026-07-10T15:14:23.437+0000] {processor.py:186} INFO - Started process (PID=3634) to work on /opt/airflow/dags/08_spark.py
[2026-07-10T15:14:23.438+0000] {processor.py:914} INFO - Processing file /opt/airflow/dags/08_spark.py for tasks to queue
[2026-07-10T15:14:23.444+0000] {logging_mixin.py:190} INFO - [2026-07-10T15:14:23.443+0000] {dagbag.py:588} INFO - Filling up the DagBag from /opt/airflow/dags/08_spark.py
[2026-07-10T15:14:23.458+0000] {processor.py:925} INFO - DAG(s) '08_spark' retrieved from /opt/airflow/dags/08_spark.py
[2026-07-10T15:14:23.523+0000] {logging_mixin.py:190} INFO - [2026-07-10T15:14:23.522+0000] {dag.py:3239} INFO - Sync 1 DAGs
[2026-07-10T15:14:23.550+0000] {logging_mixin.py:190} INFO - [2026-07-10T15:14:23.550+0000] {dag.py:4180} INFO - Setting next_dagrun for 08_spark to None, run_after=None
[2026-07-10T15:14:23.584+0000] {processor.py:208} INFO - Processing /opt/airflow/dags/08_spark.py took 0.159 seconds
[2026-07-10T15:14:53.784+0000] {processor.py:186} INFO - Started process (PID=3684) to work on /opt/airflow/dags/08_spark.py
[2026-07-10T15:14:53.785+0000] {processor.py:914} INFO - Processing file /opt/airflow/dags/08_spark.py for tasks to queue
[2026-07-10T15:14:53.789+0000] {logging_mixin.py:190} INFO - [2026-07-10T15:14:53.789+0000] {dagbag.py:588} INFO - Filling up the DagBag from /opt/airflow/dags/08_spark.py
[2026-07-10T15:14:53.806+0000] {processor.py:925} INFO - DAG(s) '08_spark' retrieved from /opt/airflow/dags/08_spark.py
[2026-07-10T15:14:53.871+0000] {logging_mixin.py:190} INFO - [2026-07-10T15:14:53.870+0000] {dag.py:3239} INFO - Sync 1 DAGs
[2026-07-10T15:14:53.895+0000] {logging_mixin.py:190} INFO - [2026-07-10T15:14:53.895+0000] {dag.py:4180} INFO - Setting next_dagrun for 08_spark to None, run_after=None
[2026-07-10T15:14:53.932+0000] {processor.py:208} INFO - Processing /opt/airflow/dags/08_spark.py took 0.160 seconds
[2026-07-10T15:15:24.118+0000] {processor.py:186} INFO - Started process (PID=3734) to work on /opt/airflow/dags/08_spark.py
[2026-07-10T15:15:24.120+0000] {processor.py:914} INFO - Processing file /opt/airflow/dags/08_spark.py for tasks to queue
[2026-07-10T15:15:24.126+0000] {logging_mixin.py:190} INFO - [2026-07-10T15:15:24.125+0000] {dagbag.py:588} INFO - Filling up the DagBag from /opt/airflow/dags/08_spark.py
[2026-07-10T15:15:24.143+0000] {processor.py:925} INFO - DAG(s) '08_spark' retrieved from /opt/airflow/dags/08_spark.py
[2026-07-10T15:15:24.208+0000] {logging_mixin.py:190} INFO - [2026-07-10T15:15:24.208+0000] {dag.py:3239} INFO - Sync 1 DAGs
[2026-07-10T15:15:24.234+0000] {logging_mixin.py:190} INFO - [2026-07-10T15:15:24.234+0000] {dag.py:4180} INFO - Setting next_dagrun for 08_spark to None, run_after=None
[2026-07-10T15:15:24.260+0000] {processor.py:208} INFO - Processing /opt/airflow/dags/08_spark.py took 0.158 seconds
[2026-07-10T15:15:54.420+0000] {processor.py:186} INFO - Started process (PID=3784) to work on /opt/airflow/dags/08_spark.py
[2026-07-10T15:15:54.422+0000] {processor.py:914} INFO - Processing file /opt/airflow/dags/08_spark.py for tasks to queue
[2026-07-10T15:15:54.432+0000] {logging_mixin.py:190} INFO - [2026-07-10T15:15:54.429+0000] {dagbag.py:588} INFO - Filling up the DagBag from /opt/airflow/dags/08_spark.py
[2026-07-10T15:15:54.452+0000] {processor.py:925} INFO - DAG(s) '08_spark' retrieved from /opt/airflow/dags/08_spark.py
[2026-07-10T15:15:55.079+0000] {logging_mixin.py:190} INFO - [2026-07-10T15:15:55.079+0000] {dag.py:3239} INFO - Sync 1 DAGs
[2026-07-10T15:15:55.106+0000] {logging_mixin.py:190} INFO - [2026-07-10T15:15:55.105+0000] {dag.py:4180} INFO - Setting next_dagrun for 08_spark to None, run_after=None
[2026-07-10T15:15:55.191+0000] {processor.py:208} INFO - Processing /opt/airflow/dags/08_spark.py took 0.789 seconds
[2026-07-10T15:16:25.437+0000] {processor.py:186} INFO - Started process (PID=3834) to work on /opt/airflow/dags/08_spark.py
[2026-07-10T15:16:25.440+0000] {processor.py:914} INFO - Processing file /opt/airflow/dags/08_spark.py for tasks to queue
[2026-07-10T15:16:25.447+0000] {logging_mixin.py:190} INFO - [2026-07-10T15:16:25.446+0000] {dagbag.py:588} INFO - Filling up the DagBag from /opt/airflow/dags/08_spark.py
[2026-07-10T15:16:25.467+0000] {processor.py:925} INFO - DAG(s) '08_spark' retrieved from /opt/airflow/dags/08_spark.py
[2026-07-10T15:16:25.520+0000] {logging_mixin.py:190} INFO - [2026-07-10T15:16:25.520+0000] {dag.py:3239} INFO - Sync 1 DAGs
[2026-07-10T15:16:25.542+0000] {logging_mixin.py:190} INFO - [2026-07-10T15:16:25.542+0000] {dag.py:4180} INFO - Setting next_dagrun for 08_spark to None, run_after=None
[2026-07-10T15:16:25.592+0000] {processor.py:208} INFO - Processing /opt/airflow/dags/08_spark.py took 0.172 seconds
[2026-07-10T15:16:55.905+0000] {processor.py:186} INFO - Started process (PID=3884) to work on /opt/airflow/dags/08_spark.py
[2026-07-10T15:16:55.907+0000] {processor.py:914} INFO - Processing file /opt/airflow/dags/08_spark.py for tasks to queue
[2026-07-10T15:16:55.911+0000] {logging_mixin.py:190} INFO - [2026-07-10T15:16:55.910+0000] {dagbag.py:588} INFO - Filling up the DagBag from /opt/airflow/dags/08_spark.py
[2026-07-10T15:16:55.925+0000] {processor.py:925} INFO - DAG(s) '08_spark' retrieved from /opt/airflow/dags/08_spark.py
[2026-07-10T15:16:55.972+0000] {logging_mixin.py:190} INFO - [2026-07-10T15:16:55.971+0000] {dag.py:3239} INFO - Sync 1 DAGs
[2026-07-10T15:16:55.996+0000] {logging_mixin.py:190} INFO - [2026-07-10T15:16:55.995+0000] {dag.py:4180} INFO - Setting next_dagrun for 08_spark to None, run_after=None
[2026-07-10T15:16:56.026+0000] {processor.py:208} INFO - Processing /opt/airflow/dags/08_spark.py took 0.134 seconds
[2026-07-10T15:17:26.192+0000] {processor.py:186} INFO - Started process (PID=3934) to work on /opt/airflow/dags/08_spark.py
[2026-07-10T15:17:26.194+0000] {processor.py:914} INFO - Processing file /opt/airflow/dags/08_spark.py for tasks to queue
[2026-07-10T15:17:26.198+0000] {logging_mixin.py:190} INFO - [2026-07-10T15:17:26.198+0000] {dagbag.py:588} INFO - Filling up the DagBag from /opt/airflow/dags/08_spark.py
[2026-07-10T15:17:26.212+0000] {processor.py:925} INFO - DAG(s) '08_spark' retrieved from /opt/airflow/dags/08_spark.py
[2026-07-10T15:17:26.272+0000] {logging_mixin.py:190} INFO - [2026-07-10T15:17:26.272+0000] {dag.py:3239} INFO - Sync 1 DAGs
[2026-07-10T15:17:26.291+0000] {logging_mixin.py:190} INFO - [2026-07-10T15:17:26.291+0000] {dag.py:4180} INFO - Setting next_dagrun for 08_spark to None, run_after=None
[2026-07-10T15:17:26.317+0000] {processor.py:208} INFO - Processing /opt/airflow/dags/08_spark.py took 0.136 seconds
[2026-07-10T15:17:56.531+0000] {processor.py:186} INFO - Started process (PID=3984) to work on /opt/airflow/dags/08_spark.py
[2026-07-10T15:17:56.531+0000] {processor.py:914} INFO - Processing file /opt/airflow/dags/08_spark.py for tasks to queue
[2026-07-10T15:17:56.535+0000] {logging_mixin.py:190} INFO - [2026-07-10T15:17:56.534+0000] {dagbag.py:588} INFO - Filling up the DagBag from /opt/airflow/dags/08_spark.py
[2026-07-10T15:17:56.548+0000] {processor.py:925} INFO - DAG(s) '08_spark' retrieved from /opt/airflow/dags/08_spark.py
[2026-07-10T15:17:56.594+0000] {logging_mixin.py:190} INFO - [2026-07-10T15:17:56.594+0000] {dag.py:3239} INFO - Sync 1 DAGs
[2026-07-10T15:17:56.615+0000] {logging_mixin.py:190} INFO - [2026-07-10T15:17:56.615+0000] {dag.py:4180} INFO - Setting next_dagrun for 08_spark to None, run_after=None
[2026-07-10T15:17:56.643+0000] {processor.py:208} INFO - Processing /opt/airflow/dags/08_spark.py took 0.123 seconds
[2026-07-10T15:18:26.700+0000] {processor.py:186} INFO - Started process (PID=4034) to work on /opt/airflow/dags/08_spark.py
[2026-07-10T15:18:26.702+0000] {processor.py:914} INFO - Processing file /opt/airflow/dags/08_spark.py for tasks to queue
[2026-07-10T15:18:26.709+0000] {logging_mixin.py:190} INFO - [2026-07-10T15:18:26.709+0000] {dagbag.py:588} INFO - Filling up the DagBag from /opt/airflow/dags/08_spark.py
[2026-07-10T15:18:26.719+0000] {processor.py:925} INFO - DAG(s) '08_spark' retrieved from /opt/airflow/dags/08_spark.py
[2026-07-10T15:18:26.761+0000] {logging_mixin.py:190} INFO - [2026-07-10T15:18:26.761+0000] {dag.py:3239} INFO - Sync 1 DAGs
[2026-07-10T15:18:26.782+0000] {logging_mixin.py:190} INFO - [2026-07-10T15:18:26.781+0000] {dag.py:4180} INFO - Setting next_dagrun for 08_spark to None, run_after=None
[2026-07-10T15:18:26.810+0000] {processor.py:208} INFO - Processing /opt/airflow/dags/08_spark.py took 0.118 seconds
[2026-07-10T15:18:57.041+0000] {processor.py:186} INFO - Started process (PID=4084) to work on /opt/airflow/dags/08_spark.py
[2026-07-10T15:18:57.043+0000] {processor.py:914} INFO - Processing file /opt/airflow/dags/08_spark.py for tasks to queue
[2026-07-10T15:18:57.048+0000] {logging_mixin.py:190} INFO - [2026-07-10T15:18:57.047+0000] {dagbag.py:588} INFO - Filling up the DagBag from /opt/airflow/dags/08_spark.py
[2026-07-10T15:18:57.065+0000] {processor.py:925} INFO - DAG(s) '08_spark' retrieved from /opt/airflow/dags/08_spark.py
[2026-07-10T15:18:57.146+0000] {logging_mixin.py:190} INFO - [2026-07-10T15:18:57.145+0000] {dag.py:3239} INFO - Sync 1 DAGs
[2026-07-10T15:18:57.183+0000] {logging_mixin.py:190} INFO - [2026-07-10T15:18:57.183+0000] {dag.py:4180} INFO - Setting next_dagrun for 08_spark to None, run_after=None
[2026-07-10T15:18:57.217+0000] {processor.py:208} INFO - Processing /opt/airflow/dags/08_spark.py took 0.188 seconds
[2026-07-10T15:19:27.356+0000] {processor.py:186} INFO - Started process (PID=4134) to work on /opt/airflow/dags/08_spark.py
[2026-07-10T15:19:27.358+0000] {processor.py:914} INFO - Processing file /opt/airflow/dags/08_spark.py for tasks to queue
[2026-07-10T15:19:27.368+0000] {logging_mixin.py:190} INFO - [2026-07-10T15:19:27.367+0000] {dagbag.py:588} INFO - Filling up the DagBag from /opt/airflow/dags/08_spark.py
[2026-07-10T15:19:27.382+0000] {processor.py:925} INFO - DAG(s) '08_spark' retrieved from /opt/airflow/dags/08_spark.py
[2026-07-10T15:19:27.427+0000] {logging_mixin.py:190} INFO - [2026-07-10T15:19:27.427+0000] {dag.py:3239} INFO - Sync 1 DAGs
[2026-07-10T15:19:27.448+0000] {logging_mixin.py:190} INFO - [2026-07-10T15:19:27.448+0000] {dag.py:4180} INFO - Setting next_dagrun for 08_spark to None, run_after=None
[2026-07-10T15:19:27.475+0000] {processor.py:208} INFO - Processing /opt/airflow/dags/08_spark.py took 0.131 seconds
[2026-07-10T15:19:57.599+0000] {processor.py:186} INFO - Started process (PID=4184) to work on /opt/airflow/dags/08_spark.py
[2026-07-10T15:19:57.600+0000] {processor.py:914} INFO - Processing file /opt/airflow/dags/08_spark.py for tasks to queue
[2026-07-10T15:19:57.604+0000] {logging_mixin.py:190} INFO - [2026-07-10T15:19:57.603+0000] {dagbag.py:588} INFO - Filling up the DagBag from /opt/airflow/dags/08_spark.py
[2026-07-10T15:19:57.622+0000] {processor.py:925} INFO - DAG(s) '08_spark' retrieved from /opt/airflow/dags/08_spark.py
[2026-07-10T15:19:57.697+0000] {logging_mixin.py:190} INFO - [2026-07-10T15:19:57.696+0000] {dag.py:3239} INFO - Sync 1 DAGs
[2026-07-10T15:19:57.734+0000] {logging_mixin.py:190} INFO - [2026-07-10T15:19:57.734+0000] {dag.py:4180} INFO - Setting next_dagrun for 08_spark to None, run_after=None
[2026-07-10T15:19:57.772+0000] {processor.py:208} INFO - Processing /opt/airflow/dags/08_spark.py took 0.187 seconds
[2026-07-10T15:20:28.057+0000] {processor.py:186} INFO - Started process (PID=4234) to work on /opt/airflow/dags/08_spark.py
[2026-07-10T15:20:28.059+0000] {processor.py:914} INFO - Processing file /opt/airflow/dags/08_spark.py for tasks to queue
[2026-07-10T15:20:28.067+0000] {logging_mixin.py:190} INFO - [2026-07-10T15:20:28.066+0000] {dagbag.py:588} INFO - Filling up the DagBag from /opt/airflow/dags/08_spark.py
[2026-07-10T15:20:28.087+0000] {processor.py:925} INFO - DAG(s) '08_spark' retrieved from /opt/airflow/dags/08_spark.py
[2026-07-10T15:20:28.156+0000] {logging_mixin.py:190} INFO - [2026-07-10T15:20:28.155+0000] {dag.py:3239} INFO - Sync 1 DAGs
[2026-07-10T15:20:28.190+0000] {logging_mixin.py:190} INFO - [2026-07-10T15:20:28.190+0000] {dag.py:4180} INFO - Setting next_dagrun for 08_spark to None, run_after=None
[2026-07-10T15:20:28.230+0000] {processor.py:208} INFO - Processing /opt/airflow/dags/08_spark.py took 0.194 seconds
[2026-07-10T15:20:58.533+0000] {processor.py:186} INFO - Started process (PID=4284) to work on /opt/airflow/dags/08_spark.py
[2026-07-10T15:20:58.534+0000] {processor.py:914} INFO - Processing file /opt/airflow/dags/08_spark.py for tasks to queue
[2026-07-10T15:20:58.539+0000] {logging_mixin.py:190} INFO - [2026-07-10T15:20:58.539+0000] {dagbag.py:588} INFO - Filling up the DagBag from /opt/airflow/dags/08_spark.py
[2026-07-10T15:20:58.554+0000] {processor.py:925} INFO - DAG(s) '08_spark' retrieved from /opt/airflow/dags/08_spark.py
[2026-07-10T15:20:58.603+0000] {logging_mixin.py:190} INFO - [2026-07-10T15:20:58.603+0000] {dag.py:3239} INFO - Sync 1 DAGs
[2026-07-10T15:20:58.624+0000] {logging_mixin.py:190} INFO - [2026-07-10T15:20:58.624+0000] {dag.py:4180} INFO - Setting next_dagrun for 08_spark to None, run_after=None
[2026-07-10T15:20:58.649+0000] {processor.py:208} INFO - Processing /opt/airflow/dags/08_spark.py took 0.132 seconds
[2026-07-10T15:21:28.805+0000] {processor.py:186} INFO - Started process (PID=4334) to work on /opt/airflow/dags/08_spark.py
[2026-07-10T15:21:28.807+0000] {processor.py:914} INFO - Processing file /opt/airflow/dags/08_spark.py for tasks to queue
[2026-07-10T15:21:28.811+0000] {logging_mixin.py:190} INFO - [2026-07-10T15:21:28.810+0000] {dagbag.py:588} INFO - Filling up the DagBag from /opt/airflow/dags/08_spark.py
[2026-07-10T15:21:28.822+0000] {processor.py:925} INFO - DAG(s) '08_spark' retrieved from /opt/airflow/dags/08_spark.py
[2026-07-10T15:21:28.863+0000] {logging_mixin.py:190} INFO - [2026-07-10T15:21:28.863+0000] {dag.py:3239} INFO - Sync 1 DAGs
[2026-07-10T15:21:28.885+0000] {logging_mixin.py:190} INFO - [2026-07-10T15:21:28.884+0000] {dag.py:4180} INFO - Setting next_dagrun for 08_spark to None, run_after=None
[2026-07-10T15:21:28.911+0000] {processor.py:208} INFO - Processing /opt/airflow/dags/08_spark.py took 0.115 seconds
[2026-07-10T15:21:59.287+0000] {processor.py:186} INFO - Started process (PID=4384) to work on /opt/airflow/dags/08_spark.py
[2026-07-10T15:21:59.288+0000] {processor.py:914} INFO - Processing file /opt/airflow/dags/08_spark.py for tasks to queue
[2026-07-10T15:21:59.293+0000] {logging_mixin.py:190} INFO - [2026-07-10T15:21:59.293+0000] {dagbag.py:588} INFO - Filling up the DagBag from /opt/airflow/dags/08_spark.py
[2026-07-10T15:21:59.310+0000] {processor.py:925} INFO - DAG(s) '08_spark' retrieved from /opt/airflow/dags/08_spark.py
[2026-07-10T15:21:59.363+0000] {logging_mixin.py:190} INFO - [2026-07-10T15:21:59.363+0000] {dag.py:3239} INFO - Sync 1 DAGs
[2026-07-10T15:21:59.392+0000] {logging_mixin.py:190} INFO - [2026-07-10T15:21:59.391+0000] {dag.py:4180} INFO - Setting next_dagrun for 08_spark to None, run_after=None
[2026-07-10T15:21:59.426+0000] {processor.py:208} INFO - Processing /opt/airflow/dags/08_spark.py took 0.150 seconds
[2026-07-10T15:22:29.647+0000] {processor.py:186} INFO - Started process (PID=4434) to work on /opt/airflow/dags/08_spark.py
[2026-07-10T15:22:29.650+0000] {processor.py:914} INFO - Processing file /opt/airflow/dags/08_spark.py for tasks to queue
[2026-07-10T15:22:29.659+0000] {logging_mixin.py:190} INFO - [2026-07-10T15:22:29.658+0000] {dagbag.py:588} INFO - Filling up the DagBag from /opt/airflow/dags/08_spark.py
[2026-07-10T15:22:29.685+0000] {processor.py:925} INFO - DAG(s) '08_spark' retrieved from /opt/airflow/dags/08_spark.py
[2026-07-10T15:22:29.764+0000] {logging_mixin.py:190} INFO - [2026-07-10T15:22:29.764+0000] {dag.py:3239} INFO - Sync 1 DAGs
[2026-07-10T15:22:29.800+0000] {logging_mixin.py:190} INFO - [2026-07-10T15:22:29.800+0000] {dag.py:4180} INFO - Setting next_dagrun for 08_spark to None, run_after=None
[2026-07-10T15:22:29.840+0000] {processor.py:208} INFO - Processing /opt/airflow/dags/08_spark.py took 0.214 seconds
[2026-07-10T15:23:00.604+0000] {processor.py:186} INFO - Started process (PID=4484) to work on /opt/airflow/dags/08_spark.py
[2026-07-10T15:23:00.607+0000] {processor.py:914} INFO - Processing file /opt/airflow/dags/08_spark.py for tasks to queue
[2026-07-10T15:23:00.615+0000] {logging_mixin.py:190} INFO - [2026-07-10T15:23:00.614+0000] {dagbag.py:588} INFO - Filling up the DagBag from /opt/airflow/dags/08_spark.py
[2026-07-10T15:23:00.633+0000] {processor.py:925} INFO - DAG(s) '08_spark' retrieved from /opt/airflow/dags/08_spark.py
[2026-07-10T15:23:00.718+0000] {logging_mixin.py:190} INFO - [2026-07-10T15:23:00.717+0000] {dag.py:3239} INFO - Sync 1 DAGs
[2026-07-10T15:23:00.997+0000] {logging_mixin.py:190} INFO - [2026-07-10T15:23:00.997+0000] {dag.py:4180} INFO - Setting next_dagrun for 08_spark to None, run_after=None
[2026-07-10T15:23:01.030+0000] {processor.py:208} INFO - Processing /opt/airflow/dags/08_spark.py took 0.445 seconds
[2026-07-10T15:23:31.102+0000] {processor.py:186} INFO - Started process (PID=4534) to work on /opt/airflow/dags/08_spark.py
[2026-07-10T15:23:31.107+0000] {processor.py:914} INFO - Processing file /opt/airflow/dags/08_spark.py for tasks to queue
[2026-07-10T15:23:31.113+0000] {logging_mixin.py:190} INFO - [2026-07-10T15:23:31.112+0000] {dagbag.py:588} INFO - Filling up the DagBag from /opt/airflow/dags/08_spark.py
[2026-07-10T15:23:31.131+0000] {processor.py:925} INFO - DAG(s) '08_spark' retrieved from /opt/airflow/dags/08_spark.py
[2026-07-10T15:23:31.183+0000] {logging_mixin.py:190} INFO - [2026-07-10T15:23:31.183+0000] {dag.py:3239} INFO - Sync 1 DAGs
[2026-07-10T15:23:31.208+0000] {logging_mixin.py:190} INFO - [2026-07-10T15:23:31.207+0000] {dag.py:4180} INFO - Setting next_dagrun for 08_spark to None, run_after=None
[2026-07-10T15:23:31.238+0000] {processor.py:208} INFO - Processing /opt/airflow/dags/08_spark.py took 0.149 seconds
[2026-07-10T15:24:01.621+0000] {processor.py:186} INFO - Started process (PID=4584) to work on /opt/airflow/dags/08_spark.py
[2026-07-10T15:24:01.622+0000] {processor.py:914} INFO - Processing file /opt/airflow/dags/08_spark.py for tasks to queue
[2026-07-10T15:24:01.629+0000] {logging_mixin.py:190} INFO - [2026-07-10T15:24:01.629+0000] {dagbag.py:588} INFO - Filling up the DagBag from /opt/airflow/dags/08_spark.py
[2026-07-10T15:24:01.650+0000] {processor.py:925} INFO - DAG(s) '08_spark' retrieved from /opt/airflow/dags/08_spark.py
[2026-07-10T15:24:01.720+0000] {logging_mixin.py:190} INFO - [2026-07-10T15:24:01.720+0000] {dag.py:3239} INFO - Sync 1 DAGs
[2026-07-10T15:24:02.109+0000] {logging_mixin.py:190} INFO - [2026-07-10T15:24:02.108+0000] {dag.py:4180} INFO - Setting next_dagrun for 08_spark to None, run_after=None
[2026-07-10T15:24:02.154+0000] {processor.py:208} INFO - Processing /opt/airflow/dags/08_spark.py took 0.547 seconds
[2026-07-10T15:24:32.993+0000] {processor.py:186} INFO - Started process (PID=4634) to work on /opt/airflow/dags/08_spark.py
[2026-07-10T15:24:32.996+0000] {processor.py:914} INFO - Processing file /opt/airflow/dags/08_spark.py for tasks to queue
[2026-07-10T15:24:33.001+0000] {logging_mixin.py:190} INFO - [2026-07-10T15:24:33.000+0000] {dagbag.py:588} INFO - Filling up the DagBag from /opt/airflow/dags/08_spark.py
[2026-07-10T15:24:33.017+0000] {processor.py:925} INFO - DAG(s) '08_spark' retrieved from /opt/airflow/dags/08_spark.py
[2026-07-10T15:24:33.068+0000] {logging_mixin.py:190} INFO - [2026-07-10T15:24:33.068+0000] {dag.py:3239} INFO - Sync 1 DAGs
[2026-07-10T15:24:33.097+0000] {logging_mixin.py:190} INFO - [2026-07-10T15:24:33.097+0000] {dag.py:4180} INFO - Setting next_dagrun for 08_spark to None, run_after=None
[2026-07-10T15:24:33.126+0000] {processor.py:208} INFO - Processing /opt/airflow/dags/08_spark.py took 0.144 seconds
[2026-07-10T15:25:03.339+0000] {processor.py:186} INFO - Started process (PID=4684) to work on /opt/airflow/dags/08_spark.py
[2026-07-10T15:25:03.340+0000] {processor.py:914} INFO - Processing file /opt/airflow/dags/08_spark.py for tasks to queue
[2026-07-10T15:25:03.343+0000] {logging_mixin.py:190} INFO - [2026-07-10T15:25:03.343+0000] {dagbag.py:588} INFO - Filling up the DagBag from /opt/airflow/dags/08_spark.py
[2026-07-10T15:25:03.355+0000] {processor.py:925} INFO - DAG(s) '08_spark' retrieved from /opt/airflow/dags/08_spark.py
[2026-07-10T15:25:03.396+0000] {logging_mixin.py:190} INFO - [2026-07-10T15:25:03.395+0000] {dag.py:3239} INFO - Sync 1 DAGs
[2026-07-10T15:25:03.638+0000] {logging_mixin.py:190} INFO - [2026-07-10T15:25:03.637+0000] {dag.py:4180} INFO - Setting next_dagrun for 08_spark to None, run_after=None
[2026-07-10T15:25:03.661+0000] {processor.py:208} INFO - Processing /opt/airflow/dags/08_spark.py took 0.331 seconds
[2026-07-10T15:25:34.627+0000] {processor.py:186} INFO - Started process (PID=4734) to work on /opt/airflow/dags/08_spark.py
[2026-07-10T15:25:34.630+0000] {processor.py:914} INFO - Processing file /opt/airflow/dags/08_spark.py for tasks to queue
[2026-07-10T15:25:34.893+0000] {logging_mixin.py:190} INFO - [2026-07-10T15:25:34.893+0000] {dagbag.py:588} INFO - Filling up the DagBag from /opt/airflow/dags/08_spark.py
[2026-07-10T15:25:34.902+0000] {processor.py:925} INFO - DAG(s) '08_spark' retrieved from /opt/airflow/dags/08_spark.py
[2026-07-10T15:25:34.943+0000] {logging_mixin.py:190} INFO - [2026-07-10T15:25:34.943+0000] {dag.py:3239} INFO - Sync 1 DAGs
[2026-07-10T15:25:34.968+0000] {logging_mixin.py:190} INFO - [2026-07-10T15:25:34.967+0000] {dag.py:4180} INFO - Setting next_dagrun for 08_spark to None, run_after=None
[2026-07-10T15:25:34.995+0000] {processor.py:208} INFO - Processing /opt/airflow/dags/08_spark.py took 0.382 seconds
[2026-07-10T15:26:05.117+0000] {processor.py:186} INFO - Started process (PID=4784) to work on /opt/airflow/dags/08_spark.py
[2026-07-10T15:26:05.119+0000] {processor.py:914} INFO - Processing file /opt/airflow/dags/08_spark.py for tasks to queue
[2026-07-10T15:26:05.124+0000] {logging_mixin.py:190} INFO - [2026-07-10T15:26:05.123+0000] {dagbag.py:588} INFO - Filling up the DagBag from /opt/airflow/dags/08_spark.py
[2026-07-10T15:26:05.139+0000] {processor.py:925} INFO - DAG(s) '08_spark' retrieved from /opt/airflow/dags/08_spark.py
[2026-07-10T15:26:05.193+0000] {logging_mixin.py:190} INFO - [2026-07-10T15:26:05.193+0000] {dag.py:3239} INFO - Sync 1 DAGs
[2026-07-10T15:26:05.220+0000] {logging_mixin.py:190} INFO - [2026-07-10T15:26:05.220+0000] {dag.py:4180} INFO - Setting next_dagrun for 08_spark to None, run_after=None
[2026-07-10T15:26:05.247+0000] {processor.py:208} INFO - Processing /opt/airflow/dags/08_spark.py took 0.143 seconds
[2026-07-10T15:26:35.566+0000] {processor.py:186} INFO - Started process (PID=4834) to work on /opt/airflow/dags/08_spark.py
[2026-07-10T15:26:35.570+0000] {processor.py:914} INFO - Processing file /opt/airflow/dags/08_spark.py for tasks to queue
[2026-07-10T15:26:35.574+0000] {logging_mixin.py:190} INFO - [2026-07-10T15:26:35.573+0000] {dagbag.py:588} INFO - Filling up the DagBag from /opt/airflow/dags/08_spark.py
[2026-07-10T15:26:35.586+0000] {processor.py:925} INFO - DAG(s) '08_spark' retrieved from /opt/airflow/dags/08_spark.py
[2026-07-10T15:26:35.627+0000] {logging_mixin.py:190} INFO - [2026-07-10T15:26:35.627+0000] {dag.py:3239} INFO - Sync 1 DAGs
[2026-07-10T15:26:35.647+0000] {logging_mixin.py:190} INFO - [2026-07-10T15:26:35.646+0000] {dag.py:4180} INFO - Setting next_dagrun for 08_spark to None, run_after=None
[2026-07-10T15:26:35.674+0000] {processor.py:208} INFO - Processing /opt/airflow/dags/08_spark.py took 0.119 seconds
[2026-07-10T15:27:05.963+0000] {processor.py:186} INFO - Started process (PID=4884) to work on /opt/airflow/dags/08_spark.py
[2026-07-10T15:27:05.965+0000] {processor.py:914} INFO - Processing file /opt/airflow/dags/08_spark.py for tasks to queue
[2026-07-10T15:27:05.972+0000] {logging_mixin.py:190} INFO - [2026-07-10T15:27:05.970+0000] {dagbag.py:588} INFO - Filling up the DagBag from /opt/airflow/dags/08_spark.py
[2026-07-10T15:27:05.982+0000] {processor.py:925} INFO - DAG(s) '08_spark' retrieved from /opt/airflow/dags/08_spark.py
[2026-07-10T15:27:06.036+0000] {logging_mixin.py:190} INFO - [2026-07-10T15:27:06.035+0000] {dag.py:3239} INFO - Sync 1 DAGs
[2026-07-10T15:27:06.059+0000] {logging_mixin.py:190} INFO - [2026-07-10T15:27:06.059+0000] {dag.py:4180} INFO - Setting next_dagrun for 08_spark to None, run_after=None
[2026-07-10T15:27:06.089+0000] {processor.py:208} INFO - Processing /opt/airflow/dags/08_spark.py took 0.136 seconds
[2026-07-10T15:27:36.353+0000] {processor.py:186} INFO - Started process (PID=4934) to work on /opt/airflow/dags/08_spark.py
[2026-07-10T15:27:36.356+0000] {processor.py:914} INFO - Processing file /opt/airflow/dags/08_spark.py for tasks to queue
[2026-07-10T15:27:36.360+0000] {logging_mixin.py:190} INFO - [2026-07-10T15:27:36.359+0000] {dagbag.py:588} INFO - Filling up the DagBag from /opt/airflow/dags/08_spark.py
[2026-07-10T15:27:36.374+0000] {processor.py:925} INFO - DAG(s) '08_spark' retrieved from /opt/airflow/dags/08_spark.py
[2026-07-10T15:27:36.421+0000] {logging_mixin.py:190} INFO - [2026-07-10T15:27:36.421+0000] {dag.py:3239} INFO - Sync 1 DAGs
[2026-07-10T15:27:36.442+0000] {logging_mixin.py:190} INFO - [2026-07-10T15:27:36.441+0000] {dag.py:4180} INFO - Setting next_dagrun for 08_spark to None, run_after=None
[2026-07-10T15:27:36.466+0000] {processor.py:208} INFO - Processing /opt/airflow/dags/08_spark.py took 0.123 seconds
[2026-07-10T15:28:06.604+0000] {processor.py:186} INFO - Started process (PID=4984) to work on /opt/airflow/dags/08_spark.py
[2026-07-10T15:28:06.606+0000] {processor.py:914} INFO - Processing file /opt/airflow/dags/08_spark.py for tasks to queue
[2026-07-10T15:28:06.612+0000] {logging_mixin.py:190} INFO - [2026-07-10T15:28:06.611+0000] {dagbag.py:588} INFO - Filling up the DagBag from /opt/airflow/dags/08_spark.py
[2026-07-10T15:28:06.624+0000] {processor.py:925} INFO - DAG(s) '08_spark' retrieved from /opt/airflow/dags/08_spark.py
[2026-07-10T15:28:06.686+0000] {logging_mixin.py:190} INFO - [2026-07-10T15:28:06.686+0000] {dag.py:3239} INFO - Sync 1 DAGs
[2026-07-10T15:28:06.720+0000] {logging_mixin.py:190} INFO - [2026-07-10T15:28:06.719+0000] {dag.py:4180} INFO - Setting next_dagrun for 08_spark to None, run_after=None
[2026-07-10T15:28:06.762+0000] {processor.py:208} INFO - Processing /opt/airflow/dags/08_spark.py took 0.168 seconds
[2026-07-10T15:28:36.867+0000] {processor.py:186} INFO - Started process (PID=5034) to work on /opt/airflow/dags/08_spark.py
[2026-07-10T15:28:36.868+0000] {processor.py:914} INFO - Processing file /opt/airflow/dags/08_spark.py for tasks to queue
[2026-07-10T15:28:36.871+0000] {logging_mixin.py:190} INFO - [2026-07-10T15:28:36.871+0000] {dagbag.py:588} INFO - Filling up the DagBag from /opt/airflow/dags/08_spark.py
[2026-07-10T15:28:36.882+0000] {processor.py:925} INFO - DAG(s) '08_spark' retrieved from /opt/airflow/dags/08_spark.py
[2026-07-10T15:28:36.923+0000] {logging_mixin.py:190} INFO - [2026-07-10T15:28:36.922+0000] {dag.py:3239} INFO - Sync 1 DAGs
[2026-07-10T15:28:36.946+0000] {logging_mixin.py:190} INFO - [2026-07-10T15:28:36.945+0000] {dag.py:4180} INFO - Setting next_dagrun for 08_spark to None, run_after=None
[2026-07-10T15:28:36.972+0000] {processor.py:208} INFO - Processing /opt/airflow/dags/08_spark.py took 0.115 seconds
[2026-07-10T15:29:07.427+0000] {processor.py:186} INFO - Started process (PID=5084) to work on /opt/airflow/dags/08_spark.py
[2026-07-10T15:29:07.429+0000] {processor.py:914} INFO - Processing file /opt/airflow/dags/08_spark.py for tasks to queue
[2026-07-10T15:29:07.435+0000] {logging_mixin.py:190} INFO - [2026-07-10T15:29:07.434+0000] {dagbag.py:588} INFO - Filling up the DagBag from /opt/airflow/dags/08_spark.py
[2026-07-10T15:29:07.471+0000] {processor.py:925} INFO - DAG(s) '08_spark' retrieved from /opt/airflow/dags/08_spark.py
[2026-07-10T15:29:07.552+0000] {logging_mixin.py:190} INFO - [2026-07-10T15:29:07.551+0000] {dag.py:3239} INFO - Sync 1 DAGs
[2026-07-10T15:29:07.586+0000] {logging_mixin.py:190} INFO - [2026-07-10T15:29:07.586+0000] {dag.py:4180} INFO - Setting next_dagrun for 08_spark to None, run_after=None
[2026-07-10T15:29:07.633+0000] {processor.py:208} INFO - Processing /opt/airflow/dags/08_spark.py took 0.239 seconds
[2026-07-10T15:29:38.670+0000] {processor.py:186} INFO - Started process (PID=5134) to work on /opt/airflow/dags/08_spark.py
[2026-07-10T15:29:38.673+0000] {processor.py:914} INFO - Processing file /opt/airflow/dags/08_spark.py for tasks to queue
[2026-07-10T15:29:38.681+0000] {logging_mixin.py:190} INFO - [2026-07-10T15:29:38.680+0000] {dagbag.py:588} INFO - Filling up the DagBag from /opt/airflow/dags/08_spark.py
[2026-07-10T15:29:38.701+0000] {processor.py:925} INFO - DAG(s) '08_spark' retrieved from /opt/airflow/dags/08_spark.py
[2026-07-10T15:29:38.778+0000] {logging_mixin.py:190} INFO - [2026-07-10T15:29:38.778+0000] {dag.py:3239} INFO - Sync 1 DAGs
[2026-07-10T15:29:38.817+0000] {logging_mixin.py:190} INFO - [2026-07-10T15:29:38.817+0000] {dag.py:4180} INFO - Setting next_dagrun for 08_spark to None, run_after=None
[2026-07-10T15:29:38.855+0000] {processor.py:208} INFO - Processing /opt/airflow/dags/08_spark.py took 0.204 seconds
[2026-07-10T15:30:09.841+0000] {processor.py:186} INFO - Started process (PID=5184) to work on /opt/airflow/dags/08_spark.py
[2026-07-10T15:30:09.842+0000] {processor.py:914} INFO - Processing file /opt/airflow/dags/08_spark.py for tasks to queue
[2026-07-10T15:30:09.847+0000] {logging_mixin.py:190} INFO - [2026-07-10T15:30:09.847+0000] {dagbag.py:588} INFO - Filling up the DagBag from /opt/airflow/dags/08_spark.py
[2026-07-10T15:30:09.862+0000] {processor.py:925} INFO - DAG(s) '08_spark' retrieved from /opt/airflow/dags/08_spark.py
[2026-07-10T15:30:09.924+0000] {logging_mixin.py:190} INFO - [2026-07-10T15:30:09.924+0000] {dag.py:3239} INFO - Sync 1 DAGs
[2026-07-10T15:30:09.964+0000] {logging_mixin.py:190} INFO - [2026-07-10T15:30:09.964+0000] {dag.py:4180} INFO - Setting next_dagrun for 08_spark to None, run_after=None
[2026-07-10T15:30:09.992+0000] {processor.py:208} INFO - Processing /opt/airflow/dags/08_spark.py took 0.161 seconds
[2026-07-10T15:30:40.860+0000] {processor.py:186} INFO - Started process (PID=5234) to work on /opt/airflow/dags/08_spark.py
[2026-07-10T15:30:40.862+0000] {processor.py:914} INFO - Processing file /opt/airflow/dags/08_spark.py for tasks to queue
[2026-07-10T15:30:40.869+0000] {logging_mixin.py:190} INFO - [2026-07-10T15:30:40.868+0000] {dagbag.py:588} INFO - Filling up the DagBag from /opt/airflow/dags/08_spark.py
[2026-07-10T15:30:40.883+0000] {processor.py:925} INFO - DAG(s) '08_spark' retrieved from /opt/airflow/dags/08_spark.py
[2026-07-10T15:30:40.945+0000] {logging_mixin.py:190} INFO - [2026-07-10T15:30:40.945+0000] {dag.py:3239} INFO - Sync 1 DAGs
[2026-07-10T15:30:40.973+0000] {logging_mixin.py:190} INFO - [2026-07-10T15:30:40.973+0000] {dag.py:4180} INFO - Setting next_dagrun for 08_spark to None, run_after=None
[2026-07-10T15:30:41.005+0000] {processor.py:208} INFO - Processing /opt/airflow/dags/08_spark.py took 0.156 seconds
[2026-07-10T15:31:11.316+0000] {processor.py:186} INFO - Started process (PID=5284) to work on /opt/airflow/dags/08_spark.py
[2026-07-10T15:31:11.317+0000] {processor.py:914} INFO - Processing file /opt/airflow/dags/08_spark.py for tasks to queue
[2026-07-10T15:31:11.322+0000] {logging_mixin.py:190} INFO - [2026-07-10T15:31:11.322+0000] {dagbag.py:588} INFO - Filling up the DagBag from /opt/airflow/dags/08_spark.py
[2026-07-10T15:31:11.337+0000] {processor.py:925} INFO - DAG(s) '08_spark' retrieved from /opt/airflow/dags/08_spark.py
[2026-07-10T15:31:11.383+0000] {logging_mixin.py:190} INFO - [2026-07-10T15:31:11.383+0000] {dag.py:3239} INFO - Sync 1 DAGs
[2026-07-10T15:31:11.400+0000] {logging_mixin.py:190} INFO - [2026-07-10T15:31:11.400+0000] {dag.py:4180} INFO - Setting next_dagrun for 08_spark to None, run_after=None
[2026-07-10T15:31:11.425+0000] {processor.py:208} INFO - Processing /opt/airflow/dags/08_spark.py took 0.123 seconds
[2026-07-10T15:31:41.786+0000] {processor.py:186} INFO - Started process (PID=5334) to work on /opt/airflow/dags/08_spark.py
[2026-07-10T15:31:41.788+0000] {processor.py:914} INFO - Processing file /opt/airflow/dags/08_spark.py for tasks to queue
[2026-07-10T15:31:41.796+0000] {logging_mixin.py:190} INFO - [2026-07-10T15:31:41.794+0000] {dagbag.py:588} INFO - Filling up the DagBag from /opt/airflow/dags/08_spark.py
[2026-07-10T15:31:41.834+0000] {processor.py:925} INFO - DAG(s) '08_spark' retrieved from /opt/airflow/dags/08_spark.py
[2026-07-10T15:31:41.911+0000] {logging_mixin.py:190} INFO - [2026-07-10T15:31:41.910+0000] {dag.py:3239} INFO - Sync 1 DAGs
[2026-07-10T15:31:41.951+0000] {logging_mixin.py:190} INFO - [2026-07-10T15:31:41.950+0000] {dag.py:4180} INFO - Setting next_dagrun for 08_spark to None, run_after=None
[2026-07-10T15:31:42.015+0000] {processor.py:208} INFO - Processing /opt/airflow/dags/08_spark.py took 0.242 seconds
