[2026-07-10T01:26:14.748+0000] {local_task_job_runner.py:123} INFO - ::group::Pre task execution logs
[2026-07-10T01:26:14.790+0000] {taskinstance.py:2613} INFO - Dependencies all met for dep_context=non-requeueable deps ti=<TaskInstance: 10_sql_operator_pro.enrollment_details manual__2026-07-10T01:26:05.553013+00:00 [queued]>
[2026-07-10T01:26:14.850+0000] {taskinstance.py:2613} INFO - Dependencies all met for dep_context=requeueable deps ti=<TaskInstance: 10_sql_operator_pro.enrollment_details manual__2026-07-10T01:26:05.553013+00:00 [queued]>
[2026-07-10T01:26:14.851+0000] {taskinstance.py:2866} INFO - Starting attempt 1 of 1
[2026-07-10T01:26:14.910+0000] {taskinstance.py:2889} INFO - Executing <Task(PostgresOperator): enrollment_details> on 2026-07-10 01:26:05.553013+00:00
[2026-07-10T01:26:14.947+0000] {standard_task_runner.py:104} INFO - Running: ['***', 'tasks', 'run', '10_sql_operator_pro', 'enrollment_details', 'manual__2026-07-10T01:26:05.553013+00:00', '--job-id', '45', '--raw', '--subdir', 'DAGS_FOLDER/10_sql_operator_pro.py', '--cfg-path', '/tmp/tmptna_8cnj']
[2026-07-10T01:26:14.955+0000] {standard_task_runner.py:105} INFO - Job 45: Subtask enrollment_details
[2026-07-10T01:26:14.970+0000] {logging_mixin.py:190} WARNING - /home/***/.local/lib/python3.12/site-packages/***/task/task_runner/standard_task_runner.py:70 DeprecationWarning: This process (pid=15434) is multi-threaded, use of fork() may lead to deadlocks in the child.
[2026-07-10T01:26:14.972+0000] {standard_task_runner.py:72} INFO - Started process 15444 to run task
[2026-07-10T01:26:15.261+0000] {task_command.py:467} INFO - Running <TaskInstance: 10_sql_operator_pro.enrollment_details manual__2026-07-10T01:26:05.553013+00:00 [running]> on host 8cff16b43c6d
[2026-07-10T01:26:16.066+0000] {taskinstance.py:3132} INFO - Exporting env vars: AIRFLOW_CTX_DAG_OWNER='***' AIRFLOW_CTX_DAG_ID='10_sql_operator_pro' AIRFLOW_CTX_TASK_ID='enrollment_details' AIRFLOW_CTX_EXECUTION_DATE='2026-07-10T01:26:05.553013+00:00' AIRFLOW_CTX_TRY_NUMBER='1' AIRFLOW_CTX_DAG_RUN_ID='manual__2026-07-10T01:26:05.553013+00:00'
[2026-07-10T01:26:16.069+0000] {taskinstance.py:731} INFO - ::endgroup::
[2026-07-10T01:26:16.123+0000] {sql.py:278} INFO - Executing: 
            SELECT s.name, c.course_name, e.grade, e.status
            FROM t10_students s
            JOIN t10_enrollments e ON s.student_id = e.student_id
            JOIN t10_courses c ON e.course_id = c.course_id
            ORDER BY s.name, c.course_name
            LIMIT 10;
        
[2026-07-10T01:26:16.127+0000] {crypto.py:82} WARNING - empty cryptography key - values will not be stored encrypted.
[2026-07-10T01:26:16.129+0000] {base.py:84} INFO - Retrieving connection 'etl_postgres'
[2026-07-10T01:26:16.163+0000] {base.py:84} INFO - Retrieving connection 'etl_postgres'
[2026-07-10T01:26:16.236+0000] {sql.py:544} INFO - Running statement: 
            SELECT s.name, c.course_name, e.grade, e.status
            FROM t10_students s
            JOIN t10_enrollments e ON s.student_id = e.student_id
            JOIN t10_courses c ON e.course_id = c.course_id
            ORDER BY s.name, c.course_name
            LIMIT 10;
        , parameters: None
[2026-07-10T01:26:16.242+0000] {sql.py:553} INFO - Rows affected: 10
[2026-07-10T01:26:16.419+0000] {taskinstance.py:340} INFO - ::group::Post task execution logs
[2026-07-10T01:26:16.420+0000] {taskinstance.py:352} INFO - Marking task as SUCCESS. dag_id=10_sql_operator_pro, task_id=enrollment_details, run_id=manual__2026-07-10T01:26:05.553013+00:00, execution_date=20260710T012605, start_date=20260710T012614, end_date=20260710T012616
[2026-07-10T01:26:16.511+0000] {local_task_job_runner.py:266} INFO - Task exited with return code 0
[2026-07-10T01:26:16.554+0000] {local_task_job_runner.py:245} INFO - ::endgroup::
