[2026-07-03T20:24:33.334+0000] {manager.py:483} INFO - Processing files using up to 2 processes at a time 
[2026-07-03T20:24:33.335+0000] {manager.py:484} INFO - Process each file at most once every 30 seconds
[2026-07-03T20:24:33.335+0000] {manager.py:485} INFO - Checking for new files in /opt/airflow/dags every 300 seconds
[2026-07-03T20:24:33.335+0000] {manager.py:821} INFO - Searching for files in /opt/airflow/dags
[2026-07-03T20:24:33.342+0000] {manager.py:824} INFO - There are 1 files in /opt/airflow/dags
[2026-07-03T20:24:33.520+0000] {manager.py:997} INFO - 
================================================================================
DAG File Processing Stats

File Path                           PID  Runtime      # DAGs    # Errors  Last Runtime    Last Run      Last # of DB Queries
--------------------------------  -----  ---------  --------  ----------  --------------  ----------  ----------------------
/opt/airflow/dags/01_load_csv.py    201  0.05s             0           0                                                   0
================================================================================
[2026-07-03T20:25:03.709+0000] {manager.py:997} INFO - 
================================================================================
DAG File Processing Stats

File Path                         PID    Runtime      # DAGs    # Errors  Last Runtime    Last Run               Last # of DB Queries
--------------------------------  -----  ---------  --------  ----------  --------------  -------------------  ----------------------
/opt/airflow/dags/01_load_csv.py                           1           0  0.84s           2026-07-03T20:24:34                      43
================================================================================
[2026-07-03T20:25:34.194+0000] {manager.py:997} INFO - 
================================================================================
DAG File Processing Stats

File Path                         PID    Runtime      # DAGs    # Errors  Last Runtime    Last Run               Last # of DB Queries
--------------------------------  -----  ---------  --------  ----------  --------------  -------------------  ----------------------
/opt/airflow/dags/01_load_csv.py                           1           0  0.24s           2026-07-03T20:25:04                      10
================================================================================
[2026-07-03T20:26:04.243+0000] {manager.py:997} INFO - 
================================================================================
DAG File Processing Stats

File Path                         PID    Runtime      # DAGs    # Errors  Last Runtime    Last Run               Last # of DB Queries
--------------------------------  -----  ---------  --------  ----------  --------------  -------------------  ----------------------
/opt/airflow/dags/01_load_csv.py                           1           0  0.68s           2026-07-03T20:25:35                      10
================================================================================
[2026-07-03T20:26:34.553+0000] {manager.py:997} INFO - 
================================================================================
DAG File Processing Stats

File Path                         PID    Runtime      # DAGs    # Errors  Last Runtime    Last Run               Last # of DB Queries
--------------------------------  -----  ---------  --------  ----------  --------------  -------------------  ----------------------
/opt/airflow/dags/01_load_csv.py                           1           0  0.30s           2026-07-03T20:26:06                      10
================================================================================
[2026-07-03T20:27:05.325+0000] {manager.py:997} INFO - 
================================================================================
DAG File Processing Stats

File Path                         PID    Runtime      # DAGs    # Errors  Last Runtime    Last Run               Last # of DB Queries
--------------------------------  -----  ---------  --------  ----------  --------------  -------------------  ----------------------
/opt/airflow/dags/01_load_csv.py                           1           0  1.45s           2026-07-03T20:26:38                      10
================================================================================
[2026-07-03T20:27:36.020+0000] {manager.py:997} INFO - 
================================================================================
DAG File Processing Stats

File Path                         PID    Runtime      # DAGs    # Errors  Last Runtime    Last Run               Last # of DB Queries
--------------------------------  -----  ---------  --------  ----------  --------------  -------------------  ----------------------
/opt/airflow/dags/01_load_csv.py                           1           0  2.02s           2026-07-03T20:27:10                      10
================================================================================
[2026-07-03T20:28:06.241+0000] {manager.py:997} INFO - 
================================================================================
DAG File Processing Stats

File Path                         PID    Runtime      # DAGs    # Errors  Last Runtime    Last Run               Last # of DB Queries
--------------------------------  -----  ---------  --------  ----------  --------------  -------------------  ----------------------
/opt/airflow/dags/01_load_csv.py                           1           0  5.93s           2026-07-03T20:27:47                      10
================================================================================
[2026-07-03T20:28:36.267+0000] {manager.py:997} INFO - 
================================================================================
DAG File Processing Stats

File Path                         PID    Runtime      # DAGs    # Errors  Last Runtime    Last Run               Last # of DB Queries
--------------------------------  -----  ---------  --------  ----------  --------------  -------------------  ----------------------
/opt/airflow/dags/01_load_csv.py                           1           0  0.66s           2026-07-03T20:28:17                      10
================================================================================
[2026-07-03T20:29:06.645+0000] {manager.py:997} INFO - 
================================================================================
DAG File Processing Stats

File Path                         PID    Runtime      # DAGs    # Errors  Last Runtime    Last Run               Last # of DB Queries
--------------------------------  -----  ---------  --------  ----------  --------------  -------------------  ----------------------
/opt/airflow/dags/01_load_csv.py                           1           0  0.32s           2026-07-03T20:28:48                      10
================================================================================
[2026-07-03T20:29:34.059+0000] {manager.py:821} INFO - Searching for files in /opt/airflow/dags
[2026-07-03T20:29:34.066+0000] {manager.py:824} INFO - There are 1 files in /opt/airflow/dags
[2026-07-03T20:29:37.149+0000] {manager.py:997} INFO - 
================================================================================
DAG File Processing Stats

File Path                         PID    Runtime      # DAGs    # Errors  Last Runtime    Last Run               Last # of DB Queries
--------------------------------  -----  ---------  --------  ----------  --------------  -------------------  ----------------------
/opt/airflow/dags/01_load_csv.py                           1           0  0.25s           2026-07-03T20:29:19                      10
================================================================================
[2026-07-03T20:30:07.584+0000] {manager.py:997} INFO - 
================================================================================
DAG File Processing Stats

File Path                         PID    Runtime      # DAGs    # Errors  Last Runtime    Last Run               Last # of DB Queries
--------------------------------  -----  ---------  --------  ----------  --------------  -------------------  ----------------------
/opt/airflow/dags/01_load_csv.py                           1           0  0.15s           2026-07-03T20:29:49                      10
================================================================================
[2026-07-03T20:30:37.996+0000] {manager.py:997} INFO - 
================================================================================
DAG File Processing Stats

File Path                         PID    Runtime      # DAGs    # Errors  Last Runtime    Last Run               Last # of DB Queries
--------------------------------  -----  ---------  --------  ----------  --------------  -------------------  ----------------------
/opt/airflow/dags/01_load_csv.py                           1           0  0.17s           2026-07-03T20:30:19                      10
================================================================================
[2026-07-03T20:31:08.463+0000] {manager.py:997} INFO - 
================================================================================
DAG File Processing Stats

File Path                         PID    Runtime      # DAGs    # Errors  Last Runtime    Last Run               Last # of DB Queries
--------------------------------  -----  ---------  --------  ----------  --------------  -------------------  ----------------------
/opt/airflow/dags/01_load_csv.py                           1           0  0.15s           2026-07-03T20:30:50                      10
================================================================================
[2026-07-03T20:31:38.855+0000] {manager.py:997} INFO - 
================================================================================
DAG File Processing Stats

File Path                         PID    Runtime      # DAGs    # Errors  Last Runtime    Last Run               Last # of DB Queries
--------------------------------  -----  ---------  --------  ----------  --------------  -------------------  ----------------------
/opt/airflow/dags/01_load_csv.py                           1           0  0.12s           2026-07-03T20:31:20                      10
================================================================================
[2026-07-03T20:32:09.343+0000] {manager.py:997} INFO - 
================================================================================
DAG File Processing Stats

File Path                         PID    Runtime      # DAGs    # Errors  Last Runtime    Last Run               Last # of DB Queries
--------------------------------  -----  ---------  --------  ----------  --------------  -------------------  ----------------------
/opt/airflow/dags/01_load_csv.py                           1           0  0.16s           2026-07-03T20:31:51                      10
================================================================================
[2026-07-03T20:32:39.819+0000] {manager.py:997} INFO - 
================================================================================
DAG File Processing Stats

File Path                         PID    Runtime      # DAGs    # Errors  Last Runtime    Last Run               Last # of DB Queries
--------------------------------  -----  ---------  --------  ----------  --------------  -------------------  ----------------------
/opt/airflow/dags/01_load_csv.py                           1           0  0.19s           2026-07-03T20:32:21                      10
================================================================================
[2026-07-03T20:33:10.360+0000] {manager.py:997} INFO - 
================================================================================
DAG File Processing Stats

File Path                         PID    Runtime      # DAGs    # Errors  Last Runtime    Last Run               Last # of DB Queries
--------------------------------  -----  ---------  --------  ----------  --------------  -------------------  ----------------------
/opt/airflow/dags/01_load_csv.py                           1           0  0.26s           2026-07-03T20:32:52                      10
================================================================================
[2026-07-03T20:33:40.837+0000] {manager.py:997} INFO - 
================================================================================
DAG File Processing Stats

File Path                         PID    Runtime      # DAGs    # Errors  Last Runtime    Last Run               Last # of DB Queries
--------------------------------  -----  ---------  --------  ----------  --------------  -------------------  ----------------------
/opt/airflow/dags/01_load_csv.py                           1           0  0.15s           2026-07-03T20:33:22                      10
================================================================================
[2026-07-03T20:34:11.295+0000] {manager.py:997} INFO - 
================================================================================
DAG File Processing Stats

File Path                         PID    Runtime      # DAGs    # Errors  Last Runtime    Last Run               Last # of DB Queries
--------------------------------  -----  ---------  --------  ----------  --------------  -------------------  ----------------------
/opt/airflow/dags/01_load_csv.py                           1           0  0.26s           2026-07-03T20:33:53                      10
================================================================================
[2026-07-03T20:34:34.551+0000] {manager.py:821} INFO - Searching for files in /opt/airflow/dags
[2026-07-03T20:34:34.559+0000] {manager.py:824} INFO - There are 1 files in /opt/airflow/dags
[2026-07-03T20:34:41.684+0000] {manager.py:997} INFO - 
================================================================================
DAG File Processing Stats

File Path                         PID    Runtime      # DAGs    # Errors  Last Runtime    Last Run               Last # of DB Queries
--------------------------------  -----  ---------  --------  ----------  --------------  -------------------  ----------------------
/opt/airflow/dags/01_load_csv.py                           1           0  0.19s           2026-07-03T20:34:23                      10
================================================================================
[2026-07-03T20:35:11.977+0000] {manager.py:997} INFO - 
================================================================================
DAG File Processing Stats

File Path                         PID    Runtime      # DAGs    # Errors  Last Runtime    Last Run               Last # of DB Queries
--------------------------------  -----  ---------  --------  ----------  --------------  -------------------  ----------------------
/opt/airflow/dags/01_load_csv.py                           1           0  0.15s           2026-07-03T20:34:53                      10
================================================================================
[2026-07-03T20:35:42.270+0000] {manager.py:997} INFO - 
================================================================================
DAG File Processing Stats

File Path                         PID    Runtime      # DAGs    # Errors  Last Runtime    Last Run               Last # of DB Queries
--------------------------------  -----  ---------  --------  ----------  --------------  -------------------  ----------------------
/opt/airflow/dags/01_load_csv.py                           1           0  0.94s           2026-07-03T20:35:25                      10
================================================================================
[2026-07-03T20:36:12.810+0000] {manager.py:997} INFO - 
================================================================================
DAG File Processing Stats

File Path                         PID    Runtime      # DAGs    # Errors  Last Runtime    Last Run               Last # of DB Queries
--------------------------------  -----  ---------  --------  ----------  --------------  -------------------  ----------------------
/opt/airflow/dags/01_load_csv.py                           1           0  1.10s           2026-07-03T20:35:56                      10
================================================================================
[2026-07-03T20:36:43.353+0000] {manager.py:997} INFO - 
================================================================================
DAG File Processing Stats

File Path                         PID    Runtime      # DAGs    # Errors  Last Runtime    Last Run               Last # of DB Queries
--------------------------------  -----  ---------  --------  ----------  --------------  -------------------  ----------------------
/opt/airflow/dags/01_load_csv.py                           1           0  1.58s           2026-07-03T20:36:28                      10
================================================================================
[2026-07-03T20:37:13.660+0000] {manager.py:997} INFO - 
================================================================================
DAG File Processing Stats

File Path                         PID    Runtime      # DAGs    # Errors  Last Runtime    Last Run               Last # of DB Queries
--------------------------------  -----  ---------  --------  ----------  --------------  -------------------  ----------------------
/opt/airflow/dags/01_load_csv.py                           1           0  1.02s           2026-07-03T20:36:59                      10
================================================================================
[2026-07-03T20:37:43.943+0000] {manager.py:997} INFO - 
================================================================================
DAG File Processing Stats

File Path                         PID    Runtime      # DAGs    # Errors  Last Runtime    Last Run               Last # of DB Queries
--------------------------------  -----  ---------  --------  ----------  --------------  -------------------  ----------------------
/opt/airflow/dags/01_load_csv.py                           1           0  0.85s           2026-07-03T20:37:30                      10
================================================================================
[2026-07-03T20:38:14.756+0000] {manager.py:997} INFO - 
================================================================================
DAG File Processing Stats

File Path                         PID    Runtime      # DAGs    # Errors  Last Runtime    Last Run               Last # of DB Queries
--------------------------------  -----  ---------  --------  ----------  --------------  -------------------  ----------------------
/opt/airflow/dags/01_load_csv.py                           1           0  0.62s           2026-07-03T20:38:01                      10
================================================================================
[2026-07-03T20:38:44.901+0000] {manager.py:997} INFO - 
================================================================================
DAG File Processing Stats

File Path                         PID    Runtime      # DAGs    # Errors  Last Runtime    Last Run               Last # of DB Queries
--------------------------------  -----  ---------  --------  ----------  --------------  -------------------  ----------------------
/opt/airflow/dags/01_load_csv.py                           1           0  0.75s           2026-07-03T20:38:32                      10
================================================================================
[2026-07-03T20:39:14.956+0000] {manager.py:997} INFO - 
================================================================================
DAG File Processing Stats

File Path                         PID    Runtime      # DAGs    # Errors  Last Runtime    Last Run               Last # of DB Queries
--------------------------------  -----  ---------  --------  ----------  --------------  -------------------  ----------------------
/opt/airflow/dags/01_load_csv.py                           1           0  0.65s           2026-07-03T20:39:03                      10
================================================================================
[2026-07-03T20:39:35.209+0000] {manager.py:821} INFO - Searching for files in /opt/airflow/dags
[2026-07-03T20:39:35.275+0000] {manager.py:824} INFO - There are 1 files in /opt/airflow/dags
[2026-07-03T20:39:45.533+0000] {manager.py:997} INFO - 
================================================================================
DAG File Processing Stats

File Path                         PID    Runtime      # DAGs    # Errors  Last Runtime    Last Run               Last # of DB Queries
--------------------------------  -----  ---------  --------  ----------  --------------  -------------------  ----------------------
/opt/airflow/dags/01_load_csv.py                           1           0  0.58s           2026-07-03T20:39:34                      10
================================================================================
[2026-07-03T20:40:16.219+0000] {manager.py:997} INFO - 
================================================================================
DAG File Processing Stats

File Path                           PID  Runtime      # DAGs    # Errors  Last Runtime    Last Run               Last # of DB Queries
--------------------------------  -----  ---------  --------  ----------  --------------  -------------------  ----------------------
/opt/airflow/dags/01_load_csv.py    373  10.69s            1           0  0.58s           2026-07-03T20:39:34                      10
================================================================================
[2026-07-03T20:40:51.526+0000] {manager.py:997} INFO - 
================================================================================
DAG File Processing Stats

File Path                           PID  Runtime      # DAGs    # Errors  Last Runtime    Last Run               Last # of DB Queries
--------------------------------  -----  ---------  --------  ----------  --------------  -------------------  ----------------------
/opt/airflow/dags/01_load_csv.py    373  45.89s            1           0  0.58s           2026-07-03T20:39:34                      10
================================================================================
[2026-07-03T20:41:05.406+0000] {manager.py:1366} ERROR - Processor for /opt/airflow/dags/01_load_csv.py with PID 373 started at 2026-07-03T20:40:05.102726+00:00 has timed out, killing it.
[2026-07-03T20:41:34.354+0000] {manager.py:997} INFO - 
================================================================================
DAG File Processing Stats

File Path                         PID    Runtime      # DAGs    # Errors  Last Runtime    Last Run               Last # of DB Queries
--------------------------------  -----  ---------  --------  ----------  --------------  -------------------  ----------------------
/opt/airflow/dags/01_load_csv.py                           0           1  60.30s          2026-07-03T20:41:05                       0
================================================================================
[2026-07-03T20:42:05.402+0000] {manager.py:997} INFO - 
================================================================================
DAG File Processing Stats

File Path                           PID  Runtime      # DAGs    # Errors  Last Runtime    Last Run               Last # of DB Queries
--------------------------------  -----  ---------  --------  ----------  --------------  -------------------  ----------------------
/opt/airflow/dags/01_load_csv.py    376  28.97s            0           1  60.30s          2026-07-03T20:41:05                       0
================================================================================
[2026-07-03T20:42:27.294+0000] {manager.py:1366} ERROR - Processor for /opt/airflow/dags/01_load_csv.py with PID 376 started at 2026-07-03T20:41:36.387270+00:00 has timed out, killing it.
[2026-07-03T20:42:35.535+0000] {manager.py:997} INFO - 
================================================================================
DAG File Processing Stats

File Path                         PID    Runtime      # DAGs    # Errors  Last Runtime    Last Run               Last # of DB Queries
--------------------------------  -----  ---------  --------  ----------  --------------  -------------------  ----------------------
/opt/airflow/dags/01_load_csv.py                           0           1  50.91s          2026-07-03T20:42:27                       0
================================================================================
[2026-07-03T20:43:06.030+0000] {manager.py:997} INFO - 
================================================================================
DAG File Processing Stats

File Path                           PID  Runtime      # DAGs    # Errors  Last Runtime    Last Run               Last # of DB Queries
--------------------------------  -----  ---------  --------  ----------  --------------  -------------------  ----------------------
/opt/airflow/dags/01_load_csv.py    379  8.18s             0           1  50.91s          2026-07-03T20:42:27                       0
================================================================================
[2026-07-03T20:43:36.323+0000] {manager.py:997} INFO - 
================================================================================
DAG File Processing Stats

File Path                           PID  Runtime      # DAGs    # Errors  Last Runtime    Last Run               Last # of DB Queries
--------------------------------  -----  ---------  --------  ----------  --------------  -------------------  ----------------------
/opt/airflow/dags/01_load_csv.py    379  38.54s            0           1  50.91s          2026-07-03T20:42:27                       0
================================================================================
[2026-07-03T20:43:48.465+0000] {manager.py:1366} ERROR - Processor for /opt/airflow/dags/01_load_csv.py with PID 379 started at 2026-07-03T20:42:57.751705+00:00 has timed out, killing it.
[2026-07-03T20:44:07.159+0000] {manager.py:997} INFO - 
================================================================================
DAG File Processing Stats

File Path                         PID    Runtime      # DAGs    # Errors  Last Runtime    Last Run               Last # of DB Queries
--------------------------------  -----  ---------  --------  ----------  --------------  -------------------  ----------------------
/opt/airflow/dags/01_load_csv.py                           0           1  50.69s          2026-07-03T20:43:48                       0
================================================================================
[2026-07-03T20:44:35.586+0000] {manager.py:821} INFO - Searching for files in /opt/airflow/dags
[2026-07-03T20:44:35.634+0000] {manager.py:824} INFO - There are 1 files in /opt/airflow/dags
[2026-07-03T20:44:37.743+0000] {manager.py:997} INFO - 
================================================================================
DAG File Processing Stats

File Path                         PID    Runtime      # DAGs    # Errors  Last Runtime    Last Run               Last # of DB Queries
--------------------------------  -----  ---------  --------  ----------  --------------  -------------------  ----------------------
/opt/airflow/dags/01_load_csv.py                           1           0  3.39s           2026-07-03T20:44:22                      32
================================================================================
[2026-07-03T20:45:08.395+0000] {manager.py:997} INFO - 
================================================================================
DAG File Processing Stats

File Path                         PID    Runtime      # DAGs    # Errors  Last Runtime    Last Run               Last # of DB Queries
--------------------------------  -----  ---------  --------  ----------  --------------  -------------------  ----------------------
/opt/airflow/dags/01_load_csv.py                           1           0  2.50s           2026-07-03T20:44:55                      10
================================================================================
[2026-07-03T20:45:38.495+0000] {manager.py:997} INFO - 
================================================================================
DAG File Processing Stats

File Path                         PID    Runtime      # DAGs    # Errors  Last Runtime    Last Run               Last # of DB Queries
--------------------------------  -----  ---------  --------  ----------  --------------  -------------------  ----------------------
/opt/airflow/dags/01_load_csv.py                           1           0  1.68s           2026-07-03T20:45:27                      10
================================================================================
[2026-07-03T20:46:08.903+0000] {manager.py:997} INFO - 
================================================================================
DAG File Processing Stats

File Path                         PID    Runtime      # DAGs    # Errors  Last Runtime    Last Run               Last # of DB Queries
--------------------------------  -----  ---------  --------  ----------  --------------  -------------------  ----------------------
/opt/airflow/dags/01_load_csv.py                           1           0  0.17s           2026-07-03T20:45:57                      10
================================================================================
[2026-07-03T20:46:39.459+0000] {manager.py:997} INFO - 
================================================================================
DAG File Processing Stats

File Path                         PID    Runtime      # DAGs    # Errors  Last Runtime    Last Run               Last # of DB Queries
--------------------------------  -----  ---------  --------  ----------  --------------  -------------------  ----------------------
/opt/airflow/dags/01_load_csv.py                           1           0  0.21s           2026-07-03T20:46:28                      10
================================================================================
[2026-07-03T20:47:09.823+0000] {manager.py:997} INFO - 
================================================================================
DAG File Processing Stats

File Path                         PID    Runtime      # DAGs    # Errors  Last Runtime    Last Run               Last # of DB Queries
--------------------------------  -----  ---------  --------  ----------  --------------  -------------------  ----------------------
/opt/airflow/dags/01_load_csv.py                           1           0  0.22s           2026-07-03T20:46:58                      10
================================================================================
[2026-07-03T20:47:40.330+0000] {manager.py:997} INFO - 
================================================================================
DAG File Processing Stats

File Path                         PID    Runtime      # DAGs    # Errors  Last Runtime    Last Run               Last # of DB Queries
--------------------------------  -----  ---------  --------  ----------  --------------  -------------------  ----------------------
/opt/airflow/dags/01_load_csv.py                           1           0  0.43s           2026-07-03T20:47:29                      10
================================================================================
[2026-07-03T20:48:11.007+0000] {manager.py:997} INFO - 
================================================================================
DAG File Processing Stats

File Path                         PID    Runtime      # DAGs    # Errors  Last Runtime    Last Run               Last # of DB Queries
--------------------------------  -----  ---------  --------  ----------  --------------  -------------------  ----------------------
/opt/airflow/dags/01_load_csv.py                           1           0  0.30s           2026-07-03T20:47:59                      10
================================================================================
[2026-07-03T20:48:41.427+0000] {manager.py:997} INFO - 
================================================================================
DAG File Processing Stats

File Path                         PID    Runtime      # DAGs    # Errors  Last Runtime    Last Run               Last # of DB Queries
--------------------------------  -----  ---------  --------  ----------  --------------  -------------------  ----------------------
/opt/airflow/dags/01_load_csv.py                           1           0  0.21s           2026-07-03T20:48:30                      10
================================================================================
[2026-07-03T20:49:11.910+0000] {manager.py:997} INFO - 
================================================================================
DAG File Processing Stats

File Path                         PID    Runtime      # DAGs    # Errors  Last Runtime    Last Run               Last # of DB Queries
--------------------------------  -----  ---------  --------  ----------  --------------  -------------------  ----------------------
/opt/airflow/dags/01_load_csv.py                           1           0  0.17s           2026-07-03T20:49:00                      10
================================================================================
[2026-07-03T20:49:36.261+0000] {manager.py:821} INFO - Searching for files in /opt/airflow/dags
[2026-07-03T20:49:36.267+0000] {manager.py:824} INFO - There are 1 files in /opt/airflow/dags
[2026-07-03T20:49:42.387+0000] {manager.py:997} INFO - 
================================================================================
DAG File Processing Stats

File Path                         PID    Runtime      # DAGs    # Errors  Last Runtime    Last Run               Last # of DB Queries
--------------------------------  -----  ---------  --------  ----------  --------------  -------------------  ----------------------
/opt/airflow/dags/01_load_csv.py                           1           0  0.35s           2026-07-03T20:49:31                      10
================================================================================
[2026-07-03T20:50:12.931+0000] {manager.py:997} INFO - 
================================================================================
DAG File Processing Stats

File Path                         PID    Runtime      # DAGs    # Errors  Last Runtime    Last Run               Last # of DB Queries
--------------------------------  -----  ---------  --------  ----------  --------------  -------------------  ----------------------
/opt/airflow/dags/01_load_csv.py                           1           0  0.27s           2026-07-03T20:50:01                      10
================================================================================
[2026-07-03T20:50:43.370+0000] {manager.py:997} INFO - 
================================================================================
DAG File Processing Stats

File Path                         PID    Runtime      # DAGs    # Errors  Last Runtime    Last Run               Last # of DB Queries
--------------------------------  -----  ---------  --------  ----------  --------------  -------------------  ----------------------
/opt/airflow/dags/01_load_csv.py                           1           0  0.24s           2026-07-03T20:50:32                      10
================================================================================
[2026-07-03T20:51:13.911+0000] {manager.py:997} INFO - 
================================================================================
DAG File Processing Stats

File Path                         PID    Runtime      # DAGs    # Errors  Last Runtime    Last Run               Last # of DB Queries
--------------------------------  -----  ---------  --------  ----------  --------------  -------------------  ----------------------
/opt/airflow/dags/01_load_csv.py                           1           0  0.20s           2026-07-03T20:51:02                      10
================================================================================
[2026-07-03T20:51:44.376+0000] {manager.py:997} INFO - 
================================================================================
DAG File Processing Stats

File Path                         PID    Runtime      # DAGs    # Errors  Last Runtime    Last Run               Last # of DB Queries
--------------------------------  -----  ---------  --------  ----------  --------------  -------------------  ----------------------
/opt/airflow/dags/01_load_csv.py                           1           0  0.26s           2026-07-03T20:51:33                      10
================================================================================
[2026-07-03T20:52:14.596+0000] {manager.py:997} INFO - 
================================================================================
DAG File Processing Stats

File Path                         PID    Runtime      # DAGs    # Errors  Last Runtime    Last Run               Last # of DB Queries
--------------------------------  -----  ---------  --------  ----------  --------------  -------------------  ----------------------
/opt/airflow/dags/01_load_csv.py                           1           0  0.13s           2026-07-03T20:52:03                      10
================================================================================
[2026-07-03T20:52:45.023+0000] {manager.py:997} INFO - 
================================================================================
DAG File Processing Stats

File Path                         PID    Runtime      # DAGs    # Errors  Last Runtime    Last Run               Last # of DB Queries
--------------------------------  -----  ---------  --------  ----------  --------------  -------------------  ----------------------
/opt/airflow/dags/01_load_csv.py                           1           0  0.26s           2026-07-03T20:52:34                      10
================================================================================
[2026-07-03T20:53:15.579+0000] {manager.py:997} INFO - 
================================================================================
DAG File Processing Stats

File Path                         PID    Runtime      # DAGs    # Errors  Last Runtime    Last Run               Last # of DB Queries
--------------------------------  -----  ---------  --------  ----------  --------------  -------------------  ----------------------
/opt/airflow/dags/01_load_csv.py                           1           0  0.30s           2026-07-03T20:53:04                      10
================================================================================
[2026-07-03T20:53:46.002+0000] {manager.py:997} INFO - 
================================================================================
DAG File Processing Stats

File Path                         PID    Runtime      # DAGs    # Errors  Last Runtime    Last Run               Last # of DB Queries
--------------------------------  -----  ---------  --------  ----------  --------------  -------------------  ----------------------
/opt/airflow/dags/01_load_csv.py                           1           0  0.25s           2026-07-03T20:53:35                      10
================================================================================
[2026-07-03T20:54:16.591+0000] {manager.py:997} INFO - 
================================================================================
DAG File Processing Stats

File Path                         PID    Runtime      # DAGs    # Errors  Last Runtime    Last Run               Last # of DB Queries
--------------------------------  -----  ---------  --------  ----------  --------------  -------------------  ----------------------
/opt/airflow/dags/01_load_csv.py                           1           0  0.23s           2026-07-03T20:54:05                      10
================================================================================
[2026-07-03T20:54:36.955+0000] {manager.py:821} INFO - Searching for files in /opt/airflow/dags
[2026-07-03T20:54:36.964+0000] {manager.py:824} INFO - There are 1 files in /opt/airflow/dags
[2026-07-03T20:54:47.110+0000] {manager.py:997} INFO - 
================================================================================
DAG File Processing Stats

File Path                         PID    Runtime      # DAGs    # Errors  Last Runtime    Last Run               Last # of DB Queries
--------------------------------  -----  ---------  --------  ----------  --------------  -------------------  ----------------------
/opt/airflow/dags/01_load_csv.py                           1           0  0.16s           2026-07-03T20:54:36                      10
================================================================================
[2026-07-03T20:55:17.589+0000] {manager.py:997} INFO - 
================================================================================
DAG File Processing Stats

File Path                         PID    Runtime      # DAGs    # Errors  Last Runtime    Last Run               Last # of DB Queries
--------------------------------  -----  ---------  --------  ----------  --------------  -------------------  ----------------------
/opt/airflow/dags/01_load_csv.py                           1           0  0.25s           2026-07-03T20:55:06                      10
================================================================================
[2026-07-03T20:55:48.139+0000] {manager.py:997} INFO - 
================================================================================
DAG File Processing Stats

File Path                         PID    Runtime      # DAGs    # Errors  Last Runtime    Last Run               Last # of DB Queries
--------------------------------  -----  ---------  --------  ----------  --------------  -------------------  ----------------------
/opt/airflow/dags/01_load_csv.py                           1           0  0.29s           2026-07-03T20:55:37                      10
================================================================================
[2026-07-03T20:56:18.577+0000] {manager.py:997} INFO - 
================================================================================
DAG File Processing Stats

File Path                         PID    Runtime      # DAGs    # Errors  Last Runtime    Last Run               Last # of DB Queries
--------------------------------  -----  ---------  --------  ----------  --------------  -------------------  ----------------------
/opt/airflow/dags/01_load_csv.py                           1           0  0.13s           2026-07-03T20:56:07                      10
================================================================================
[2026-07-03T20:56:49.144+0000] {manager.py:997} INFO - 
================================================================================
DAG File Processing Stats

File Path                         PID    Runtime      # DAGs    # Errors  Last Runtime    Last Run               Last # of DB Queries
--------------------------------  -----  ---------  --------  ----------  --------------  -------------------  ----------------------
/opt/airflow/dags/01_load_csv.py                           1           0  0.25s           2026-07-03T20:56:38                      10
================================================================================
[2026-07-03T20:57:19.634+0000] {manager.py:997} INFO - 
================================================================================
DAG File Processing Stats

File Path                         PID    Runtime      # DAGs    # Errors  Last Runtime    Last Run               Last # of DB Queries
--------------------------------  -----  ---------  --------  ----------  --------------  -------------------  ----------------------
/opt/airflow/dags/01_load_csv.py                           1           0  0.26s           2026-07-03T20:57:08                      10
================================================================================
[2026-07-03T20:57:50.284+0000] {manager.py:997} INFO - 
================================================================================
DAG File Processing Stats

File Path                         PID    Runtime      # DAGs    # Errors  Last Runtime    Last Run               Last # of DB Queries
--------------------------------  -----  ---------  --------  ----------  --------------  -------------------  ----------------------
/opt/airflow/dags/01_load_csv.py                           1           0  0.29s           2026-07-03T20:57:39                      10
================================================================================
[2026-07-03T20:58:20.795+0000] {manager.py:997} INFO - 
================================================================================
DAG File Processing Stats

File Path                         PID    Runtime      # DAGs    # Errors  Last Runtime    Last Run               Last # of DB Queries
--------------------------------  -----  ---------  --------  ----------  --------------  -------------------  ----------------------
/opt/airflow/dags/01_load_csv.py                           1           0  0.48s           2026-07-03T20:58:10                      10
================================================================================
[2026-07-03T20:58:51.583+0000] {manager.py:997} INFO - 
================================================================================
DAG File Processing Stats

File Path                         PID    Runtime      # DAGs    # Errors  Last Runtime    Last Run               Last # of DB Queries
--------------------------------  -----  ---------  --------  ----------  --------------  -------------------  ----------------------
/opt/airflow/dags/01_load_csv.py                           1           0  0.25s           2026-07-03T20:58:40                      10
================================================================================
[2026-07-03T20:59:21.994+0000] {manager.py:997} INFO - 
================================================================================
DAG File Processing Stats

File Path                         PID    Runtime      # DAGs    # Errors  Last Runtime    Last Run               Last # of DB Queries
--------------------------------  -----  ---------  --------  ----------  --------------  -------------------  ----------------------
/opt/airflow/dags/01_load_csv.py                           1           0  0.59s           2026-07-03T20:59:11                      10
================================================================================
[2026-07-03T20:59:37.134+0000] {manager.py:821} INFO - Searching for files in /opt/airflow/dags
[2026-07-03T20:59:37.137+0000] {manager.py:824} INFO - There are 1 files in /opt/airflow/dags
[2026-07-03T20:59:52.178+0000] {manager.py:997} INFO - 
================================================================================
DAG File Processing Stats

File Path                         PID    Runtime      # DAGs    # Errors  Last Runtime    Last Run               Last # of DB Queries
--------------------------------  -----  ---------  --------  ----------  --------------  -------------------  ----------------------
/opt/airflow/dags/01_load_csv.py                           1           0  0.37s           2026-07-03T20:59:42                      10
================================================================================
[2026-07-03T21:00:22.197+0000] {manager.py:997} INFO - 
================================================================================
DAG File Processing Stats

File Path                         PID    Runtime      # DAGs    # Errors  Last Runtime    Last Run               Last # of DB Queries
--------------------------------  -----  ---------  --------  ----------  --------------  -------------------  ----------------------
/opt/airflow/dags/01_load_csv.py                           1           0  0.17s           2026-07-03T21:00:12                      10
================================================================================
[2026-07-03T21:00:52.702+0000] {manager.py:997} INFO - 
================================================================================
DAG File Processing Stats

File Path                         PID    Runtime      # DAGs    # Errors  Last Runtime    Last Run               Last # of DB Queries
--------------------------------  -----  ---------  --------  ----------  --------------  -------------------  ----------------------
/opt/airflow/dags/01_load_csv.py                           1           0  0.25s           2026-07-03T21:00:42                      10
================================================================================
[2026-07-03T21:01:23.238+0000] {manager.py:997} INFO - 
================================================================================
DAG File Processing Stats

File Path                         PID    Runtime      # DAGs    # Errors  Last Runtime    Last Run               Last # of DB Queries
--------------------------------  -----  ---------  --------  ----------  --------------  -------------------  ----------------------
/opt/airflow/dags/01_load_csv.py                           1           0  0.44s           2026-07-03T21:01:13                      10
================================================================================
[2026-07-03T21:01:53.586+0000] {manager.py:997} INFO - 
================================================================================
DAG File Processing Stats

File Path                         PID    Runtime      # DAGs    # Errors  Last Runtime    Last Run               Last # of DB Queries
--------------------------------  -----  ---------  --------  ----------  --------------  -------------------  ----------------------
/opt/airflow/dags/01_load_csv.py                           1           0  0.34s           2026-07-03T21:01:43                      10
================================================================================
[2026-07-03T21:02:24.294+0000] {manager.py:997} INFO - 
================================================================================
DAG File Processing Stats

File Path                         PID    Runtime      # DAGs    # Errors  Last Runtime    Last Run               Last # of DB Queries
--------------------------------  -----  ---------  --------  ----------  --------------  -------------------  ----------------------
/opt/airflow/dags/01_load_csv.py                           1           0  0.22s           2026-07-03T21:02:14                      10
================================================================================
[2026-07-03T21:02:54.629+0000] {manager.py:997} INFO - 
================================================================================
DAG File Processing Stats

File Path                         PID    Runtime      # DAGs    # Errors  Last Runtime    Last Run               Last # of DB Queries
--------------------------------  -----  ---------  --------  ----------  --------------  -------------------  ----------------------
/opt/airflow/dags/01_load_csv.py                           1           0  0.20s           2026-07-03T21:02:44                      10
================================================================================
[2026-07-03T21:03:24.949+0000] {manager.py:997} INFO - 
================================================================================
DAG File Processing Stats

File Path                         PID    Runtime      # DAGs    # Errors  Last Runtime    Last Run               Last # of DB Queries
--------------------------------  -----  ---------  --------  ----------  --------------  -------------------  ----------------------
/opt/airflow/dags/01_load_csv.py                           1           0  0.20s           2026-07-03T21:03:15                      10
================================================================================
[2026-07-03T21:03:55.485+0000] {manager.py:997} INFO - 
================================================================================
DAG File Processing Stats

File Path                         PID    Runtime      # DAGs    # Errors  Last Runtime    Last Run               Last # of DB Queries
--------------------------------  -----  ---------  --------  ----------  --------------  -------------------  ----------------------
/opt/airflow/dags/01_load_csv.py                           1           0  0.26s           2026-07-03T21:03:45                      10
================================================================================
[2026-07-03T21:04:25.867+0000] {manager.py:997} INFO - 
================================================================================
DAG File Processing Stats

File Path                         PID    Runtime      # DAGs    # Errors  Last Runtime    Last Run               Last # of DB Queries
--------------------------------  -----  ---------  --------  ----------  --------------  -------------------  ----------------------
/opt/airflow/dags/01_load_csv.py                           1           0  0.52s           2026-07-03T21:04:16                      10
================================================================================
[2026-07-03T21:04:37.421+0000] {manager.py:821} INFO - Searching for files in /opt/airflow/dags
[2026-07-03T21:04:37.431+0000] {manager.py:824} INFO - There are 1 files in /opt/airflow/dags
[2026-07-03T21:04:56.716+0000] {manager.py:997} INFO - 
================================================================================
DAG File Processing Stats

File Path                         PID    Runtime      # DAGs    # Errors  Last Runtime    Last Run               Last # of DB Queries
--------------------------------  -----  ---------  --------  ----------  --------------  -------------------  ----------------------
/opt/airflow/dags/01_load_csv.py                           1           0  0.17s           2026-07-03T21:04:46                      10
================================================================================
[2026-07-03T21:05:27.224+0000] {manager.py:997} INFO - 
================================================================================
DAG File Processing Stats

File Path                         PID    Runtime      # DAGs    # Errors  Last Runtime    Last Run               Last # of DB Queries
--------------------------------  -----  ---------  --------  ----------  --------------  -------------------  ----------------------
/opt/airflow/dags/01_load_csv.py                           1           0  0.23s           2026-07-03T21:05:17                      10
================================================================================
[2026-07-03T21:05:57.637+0000] {manager.py:997} INFO - 
================================================================================
DAG File Processing Stats

File Path                         PID    Runtime      # DAGs    # Errors  Last Runtime    Last Run               Last # of DB Queries
--------------------------------  -----  ---------  --------  ----------  --------------  -------------------  ----------------------
/opt/airflow/dags/01_load_csv.py                           1           0  0.18s           2026-07-03T21:05:47                      10
================================================================================
[2026-07-03T21:06:28.111+0000] {manager.py:997} INFO - 
================================================================================
DAG File Processing Stats

File Path                         PID    Runtime      # DAGs    # Errors  Last Runtime    Last Run               Last # of DB Queries
--------------------------------  -----  ---------  --------  ----------  --------------  -------------------  ----------------------
/opt/airflow/dags/01_load_csv.py                           1           0  0.28s           2026-07-03T21:06:18                      10
================================================================================
[2026-07-03T21:06:58.602+0000] {manager.py:997} INFO - 
================================================================================
DAG File Processing Stats

File Path                         PID    Runtime      # DAGs    # Errors  Last Runtime    Last Run               Last # of DB Queries
--------------------------------  -----  ---------  --------  ----------  --------------  -------------------  ----------------------
/opt/airflow/dags/01_load_csv.py                           1           0  0.43s           2026-07-03T21:06:48                      10
================================================================================
[2026-07-03T21:07:29.102+0000] {manager.py:997} INFO - 
================================================================================
DAG File Processing Stats

File Path                         PID    Runtime      # DAGs    # Errors  Last Runtime    Last Run               Last # of DB Queries
--------------------------------  -----  ---------  --------  ----------  --------------  -------------------  ----------------------
/opt/airflow/dags/01_load_csv.py                           1           0  0.52s           2026-07-03T21:07:19                      10
================================================================================
[2026-07-03T21:07:59.478+0000] {manager.py:997} INFO - 
================================================================================
DAG File Processing Stats

File Path                         PID    Runtime      # DAGs    # Errors  Last Runtime    Last Run               Last # of DB Queries
--------------------------------  -----  ---------  --------  ----------  --------------  -------------------  ----------------------
/opt/airflow/dags/01_load_csv.py                           1           0  0.25s           2026-07-03T21:07:49                      10
================================================================================
[2026-07-03T21:08:29.883+0000] {manager.py:997} INFO - 
================================================================================
DAG File Processing Stats

File Path                         PID    Runtime      # DAGs    # Errors  Last Runtime    Last Run               Last # of DB Queries
--------------------------------  -----  ---------  --------  ----------  --------------  -------------------  ----------------------
/opt/airflow/dags/01_load_csv.py                           1           0  0.33s           2026-07-03T21:08:20                      10
================================================================================
[2026-07-03T21:09:00.289+0000] {manager.py:997} INFO - 
================================================================================
DAG File Processing Stats

File Path                         PID    Runtime      # DAGs    # Errors  Last Runtime    Last Run               Last # of DB Queries
--------------------------------  -----  ---------  --------  ----------  --------------  -------------------  ----------------------
/opt/airflow/dags/01_load_csv.py                           1           0  0.20s           2026-07-03T21:08:50                      10
================================================================================
[2026-07-03T21:10:39.777+0000] {manager.py:483} INFO - Processing files using up to 2 processes at a time 
[2026-07-03T21:10:39.812+0000] {manager.py:484} INFO - Process each file at most once every 30 seconds
[2026-07-03T21:10:39.813+0000] {manager.py:485} INFO - Checking for new files in /opt/airflow/dags every 300 seconds
[2026-07-03T21:10:39.814+0000] {manager.py:821} INFO - Searching for files in /opt/airflow/dags
[2026-07-03T21:10:39.824+0000] {manager.py:824} INFO - There are 1 files in /opt/airflow/dags
[2026-07-03T21:10:40.169+0000] {manager.py:997} INFO - 
================================================================================
DAG File Processing Stats

File Path                           PID  Runtime      # DAGs    # Errors  Last Runtime    Last Run      Last # of DB Queries
--------------------------------  -----  ---------  --------  ----------  --------------  ----------  ----------------------
/opt/airflow/dags/01_load_csv.py    203  0.15s             0           0                                                   0
================================================================================
[2026-07-03T21:11:10.406+0000] {manager.py:997} INFO - 
================================================================================
DAG File Processing Stats

File Path                         PID    Runtime      # DAGs    # Errors  Last Runtime    Last Run               Last # of DB Queries
--------------------------------  -----  ---------  --------  ----------  --------------  -------------------  ----------------------
/opt/airflow/dags/01_load_csv.py                           1           0  0.84s           2026-07-03T21:10:40                      43
================================================================================
[2026-07-03T21:11:40.742+0000] {manager.py:997} INFO - 
================================================================================
DAG File Processing Stats

File Path                         PID    Runtime      # DAGs    # Errors  Last Runtime    Last Run               Last # of DB Queries
--------------------------------  -----  ---------  --------  ----------  --------------  -------------------  ----------------------
/opt/airflow/dags/01_load_csv.py                           1           0  0.30s           2026-07-03T21:11:11                      10
================================================================================
[2026-07-03T21:12:11.142+0000] {manager.py:997} INFO - 
================================================================================
DAG File Processing Stats

File Path                         PID    Runtime      # DAGs    # Errors  Last Runtime    Last Run               Last # of DB Queries
--------------------------------  -----  ---------  --------  ----------  --------------  -------------------  ----------------------
/opt/airflow/dags/01_load_csv.py                           1           0  0.26s           2026-07-03T21:11:42                      10
================================================================================
[2026-07-03T21:16:49.046+0000] {manager.py:483} INFO - Processing files using up to 2 processes at a time 
[2026-07-03T21:16:49.049+0000] {manager.py:484} INFO - Process each file at most once every 30 seconds
[2026-07-03T21:16:49.049+0000] {manager.py:485} INFO - Checking for new files in /opt/airflow/dags every 300 seconds
[2026-07-03T21:16:49.050+0000] {manager.py:821} INFO - Searching for files in /opt/airflow/dags
[2026-07-03T21:16:49.056+0000] {manager.py:824} INFO - There are 1 files in /opt/airflow/dags
[2026-07-03T21:16:49.265+0000] {manager.py:997} INFO - 
================================================================================
DAG File Processing Stats

File Path                           PID  Runtime      # DAGs    # Errors  Last Runtime    Last Run      Last # of DB Queries
--------------------------------  -----  ---------  --------  ----------  --------------  ----------  ----------------------
/opt/airflow/dags/01_load_csv.py    163  0.06s             0           0                                                   0
================================================================================
[2026-07-03T21:17:19.630+0000] {manager.py:997} INFO - 
================================================================================
DAG File Processing Stats

File Path                         PID    Runtime      # DAGs    # Errors  Last Runtime    Last Run               Last # of DB Queries
--------------------------------  -----  ---------  --------  ----------  --------------  -------------------  ----------------------
/opt/airflow/dags/01_load_csv.py                           1           0  1.16s           2026-07-03T21:16:50                      43
================================================================================
[2026-07-03T21:17:50.052+0000] {manager.py:997} INFO - 
================================================================================
DAG File Processing Stats

File Path                         PID    Runtime      # DAGs    # Errors  Last Runtime    Last Run               Last # of DB Queries
--------------------------------  -----  ---------  --------  ----------  --------------  -------------------  ----------------------
/opt/airflow/dags/01_load_csv.py                           1           0  0.17s           2026-07-03T21:17:20                      10
================================================================================
[2026-07-03T21:18:20.345+0000] {manager.py:997} INFO - 
================================================================================
DAG File Processing Stats

File Path                         PID    Runtime      # DAGs    # Errors  Last Runtime    Last Run               Last # of DB Queries
--------------------------------  -----  ---------  --------  ----------  --------------  -------------------  ----------------------
/opt/airflow/dags/01_load_csv.py                           1           0  0.25s           2026-07-03T21:17:51                      10
================================================================================
[2026-07-03T21:18:50.719+0000] {manager.py:997} INFO - 
================================================================================
DAG File Processing Stats

File Path                         PID    Runtime      # DAGs    # Errors  Last Runtime    Last Run               Last # of DB Queries
--------------------------------  -----  ---------  --------  ----------  --------------  -------------------  ----------------------
/opt/airflow/dags/01_load_csv.py                           1           0  0.27s           2026-07-03T21:18:21                      10
================================================================================
[2026-07-03T21:19:14.507+0000] {manager.py:465} INFO - Exiting gracefully upon receiving signal 15
[2026-07-03T21:21:19.041+0000] {manager.py:483} INFO - Processing files using up to 2 processes at a time 
[2026-07-03T21:21:19.044+0000] {manager.py:484} INFO - Process each file at most once every 30 seconds
[2026-07-03T21:21:19.045+0000] {manager.py:485} INFO - Checking for new files in /opt/airflow/dags every 300 seconds
[2026-07-03T21:21:19.045+0000] {manager.py:821} INFO - Searching for files in /opt/airflow/dags
[2026-07-03T21:21:19.055+0000] {manager.py:824} INFO - There are 1 files in /opt/airflow/dags
[2026-07-03T21:21:19.541+0000] {manager.py:997} INFO - 
================================================================================
DAG File Processing Stats

File Path                           PID  Runtime      # DAGs    # Errors  Last Runtime    Last Run      Last # of DB Queries
--------------------------------  -----  ---------  --------  ----------  --------------  ----------  ----------------------
/opt/airflow/dags/01_load_csv.py    163  0.14s             0           0                                                   0
================================================================================
[2026-07-03T21:21:49.789+0000] {manager.py:997} INFO - 
================================================================================
DAG File Processing Stats

File Path                         PID    Runtime      # DAGs    # Errors  Last Runtime    Last Run               Last # of DB Queries
--------------------------------  -----  ---------  --------  ----------  --------------  -------------------  ----------------------
/opt/airflow/dags/01_load_csv.py                           1           0  1.85s           2026-07-03T21:21:21                      43
================================================================================
[2026-07-03T21:22:20.011+0000] {manager.py:997} INFO - 
================================================================================
DAG File Processing Stats

File Path                         PID    Runtime      # DAGs    # Errors  Last Runtime    Last Run               Last # of DB Queries
--------------------------------  -----  ---------  --------  ----------  --------------  -------------------  ----------------------
/opt/airflow/dags/01_load_csv.py                           1           0  0.25s           2026-07-03T21:21:51                      10
================================================================================
[2026-07-03T21:22:50.282+0000] {manager.py:997} INFO - 
================================================================================
DAG File Processing Stats

File Path                         PID    Runtime      # DAGs    # Errors  Last Runtime    Last Run               Last # of DB Queries
--------------------------------  -----  ---------  --------  ----------  --------------  -------------------  ----------------------
/opt/airflow/dags/01_load_csv.py                           1           0  0.35s           2026-07-03T21:22:22                      10
================================================================================
[2026-07-03T21:23:20.715+0000] {manager.py:997} INFO - 
================================================================================
DAG File Processing Stats

File Path                         PID    Runtime      # DAGs    # Errors  Last Runtime    Last Run               Last # of DB Queries
--------------------------------  -----  ---------  --------  ----------  --------------  -------------------  ----------------------
/opt/airflow/dags/01_load_csv.py                           1           0  0.17s           2026-07-03T21:22:52                      10
================================================================================
[2026-07-03T21:23:22.137+0000] {manager.py:465} INFO - Exiting gracefully upon receiving signal 15
[2026-07-03T21:25:33.563+0000] {manager.py:483} INFO - Processing files using up to 2 processes at a time 
[2026-07-03T21:25:33.570+0000] {manager.py:484} INFO - Process each file at most once every 30 seconds
[2026-07-03T21:25:33.574+0000] {manager.py:485} INFO - Checking for new files in /opt/airflow/dags every 300 seconds
[2026-07-03T21:25:33.574+0000] {manager.py:821} INFO - Searching for files in /opt/airflow/dags
[2026-07-03T21:25:33.590+0000] {manager.py:824} INFO - There are 1 files in /opt/airflow/dags
[2026-07-03T21:25:33.985+0000] {manager.py:997} INFO - 
================================================================================
DAG File Processing Stats

File Path                           PID  Runtime      # DAGs    # Errors  Last Runtime    Last Run      Last # of DB Queries
--------------------------------  -----  ---------  --------  ----------  --------------  ----------  ----------------------
/opt/airflow/dags/01_load_csv.py    163  0.09s             0           0                                                   0
================================================================================
[2026-07-03T21:26:04.207+0000] {manager.py:997} INFO - 
================================================================================
DAG File Processing Stats

File Path                         PID    Runtime      # DAGs    # Errors  Last Runtime    Last Run               Last # of DB Queries
--------------------------------  -----  ---------  --------  ----------  --------------  -------------------  ----------------------
/opt/airflow/dags/01_load_csv.py                           1           0  1.26s           2026-07-03T21:25:35                      43
================================================================================
[2026-07-03T21:26:34.648+0000] {manager.py:997} INFO - 
================================================================================
DAG File Processing Stats

File Path                         PID    Runtime      # DAGs    # Errors  Last Runtime    Last Run               Last # of DB Queries
--------------------------------  -----  ---------  --------  ----------  --------------  -------------------  ----------------------
/opt/airflow/dags/01_load_csv.py                           1           0  0.33s           2026-07-03T21:26:05                      10
================================================================================
[2026-07-03T21:27:05.064+0000] {manager.py:997} INFO - 
================================================================================
DAG File Processing Stats

File Path                         PID    Runtime      # DAGs    # Errors  Last Runtime    Last Run               Last # of DB Queries
--------------------------------  -----  ---------  --------  ----------  --------------  -------------------  ----------------------
/opt/airflow/dags/01_load_csv.py                           1           0  0.20s           2026-07-03T21:26:35                      10
================================================================================
[2026-07-03T21:27:35.485+0000] {manager.py:997} INFO - 
================================================================================
DAG File Processing Stats

File Path                         PID    Runtime      # DAGs    # Errors  Last Runtime    Last Run               Last # of DB Queries
--------------------------------  -----  ---------  --------  ----------  --------------  -------------------  ----------------------
/opt/airflow/dags/01_load_csv.py                           1           0  0.23s           2026-07-03T21:27:06                      10
================================================================================
[2026-07-03T21:28:06.029+0000] {manager.py:997} INFO - 
================================================================================
DAG File Processing Stats

File Path                         PID    Runtime      # DAGs    # Errors  Last Runtime    Last Run               Last # of DB Queries
--------------------------------  -----  ---------  --------  ----------  --------------  -------------------  ----------------------
/opt/airflow/dags/01_load_csv.py                           1           0  0.26s           2026-07-03T21:27:36                      10
================================================================================
[2026-07-03T21:28:36.437+0000] {manager.py:997} INFO - 
================================================================================
DAG File Processing Stats

File Path                         PID    Runtime      # DAGs    # Errors  Last Runtime    Last Run               Last # of DB Queries
--------------------------------  -----  ---------  --------  ----------  --------------  -------------------  ----------------------
/opt/airflow/dags/01_load_csv.py                           1           0  0.22s           2026-07-03T21:28:07                      10
================================================================================
[2026-07-03T21:29:06.898+0000] {manager.py:997} INFO - 
================================================================================
DAG File Processing Stats

File Path                         PID    Runtime      # DAGs    # Errors  Last Runtime    Last Run               Last # of DB Queries
--------------------------------  -----  ---------  --------  ----------  --------------  -------------------  ----------------------
/opt/airflow/dags/01_load_csv.py                           1           0  0.24s           2026-07-03T21:28:37                      10
================================================================================
[2026-07-03T21:29:35.951+0000] {manager.py:465} INFO - Exiting gracefully upon receiving signal 15
[2026-07-06T14:56:43.612+0000] {manager.py:483} INFO - Processing files using up to 2 processes at a time 
[2026-07-06T14:56:43.615+0000] {manager.py:484} INFO - Process each file at most once every 30 seconds
[2026-07-06T14:56:43.616+0000] {manager.py:485} INFO - Checking for new files in /opt/airflow/dags every 300 seconds
[2026-07-06T14:56:43.616+0000] {manager.py:821} INFO - Searching for files in /opt/airflow/dags
[2026-07-06T14:56:43.623+0000] {manager.py:824} INFO - There are 1 files in /opt/airflow/dags
[2026-07-06T14:56:43.794+0000] {manager.py:997} INFO - 
================================================================================
DAG File Processing Stats

File Path                           PID  Runtime      # DAGs    # Errors  Last Runtime    Last Run      Last # of DB Queries
--------------------------------  -----  ---------  --------  ----------  --------------  ----------  ----------------------
/opt/airflow/dags/01_load_csv.py    163  0.04s             0           0                                                   0
================================================================================
[2026-07-06T14:57:14.010+0000] {manager.py:997} INFO - 
================================================================================
DAG File Processing Stats

File Path                         PID    Runtime      # DAGs    # Errors  Last Runtime    Last Run               Last # of DB Queries
--------------------------------  -----  ---------  --------  ----------  --------------  -------------------  ----------------------
/opt/airflow/dags/01_load_csv.py                           1           0  0.79s           2026-07-06T14:56:44                      43
================================================================================
[2026-07-06T14:57:44.079+0000] {manager.py:997} INFO - 
================================================================================
DAG File Processing Stats

File Path                         PID    Runtime      # DAGs    # Errors  Last Runtime    Last Run               Last # of DB Queries
--------------------------------  -----  ---------  --------  ----------  --------------  -------------------  ----------------------
/opt/airflow/dags/01_load_csv.py                           1           0  0.22s           2026-07-06T14:57:14                      10
================================================================================
[2026-07-06T14:58:14.531+0000] {manager.py:997} INFO - 
================================================================================
DAG File Processing Stats

File Path                         PID    Runtime      # DAGs    # Errors  Last Runtime    Last Run               Last # of DB Queries
--------------------------------  -----  ---------  --------  ----------  --------------  -------------------  ----------------------
/opt/airflow/dags/01_load_csv.py                           1           0  0.22s           2026-07-06T14:57:45                      10
================================================================================
[2026-07-06T14:58:45.013+0000] {manager.py:997} INFO - 
================================================================================
DAG File Processing Stats

File Path                         PID    Runtime      # DAGs    # Errors  Last Runtime    Last Run               Last # of DB Queries
--------------------------------  -----  ---------  --------  ----------  --------------  -------------------  ----------------------
/opt/airflow/dags/01_load_csv.py                           1           0  0.15s           2026-07-06T14:58:15                      10
================================================================================
[2026-07-06T14:59:15.313+0000] {manager.py:997} INFO - 
================================================================================
DAG File Processing Stats

File Path                         PID    Runtime      # DAGs    # Errors  Last Runtime    Last Run               Last # of DB Queries
--------------------------------  -----  ---------  --------  ----------  --------------  -------------------  ----------------------
/opt/airflow/dags/01_load_csv.py                           1           0  0.36s           2026-07-06T14:58:46                      10
================================================================================
[2026-07-06T14:59:45.953+0000] {manager.py:997} INFO - 
================================================================================
DAG File Processing Stats

File Path                         PID    Runtime      # DAGs    # Errors  Last Runtime    Last Run               Last # of DB Queries
--------------------------------  -----  ---------  --------  ----------  --------------  -------------------  ----------------------
/opt/airflow/dags/01_load_csv.py                           1           0  0.16s           2026-07-06T14:59:16                      10
================================================================================
[2026-07-06T15:00:16.493+0000] {manager.py:997} INFO - 
================================================================================
DAG File Processing Stats

File Path                         PID    Runtime      # DAGs    # Errors  Last Runtime    Last Run               Last # of DB Queries
--------------------------------  -----  ---------  --------  ----------  --------------  -------------------  ----------------------
/opt/airflow/dags/01_load_csv.py                           1           0  0.19s           2026-07-06T14:59:47                      10
================================================================================
[2026-07-06T15:00:47.011+0000] {manager.py:997} INFO - 
================================================================================
DAG File Processing Stats

File Path                         PID    Runtime      # DAGs    # Errors  Last Runtime    Last Run               Last # of DB Queries
--------------------------------  -----  ---------  --------  ----------  --------------  -------------------  ----------------------
/opt/airflow/dags/01_load_csv.py                           1           0  0.25s           2026-07-06T15:00:17                      10
================================================================================
[2026-07-06T15:01:17.425+0000] {manager.py:997} INFO - 
================================================================================
DAG File Processing Stats

File Path                         PID    Runtime      # DAGs    # Errors  Last Runtime    Last Run               Last # of DB Queries
--------------------------------  -----  ---------  --------  ----------  --------------  -------------------  ----------------------
/opt/airflow/dags/01_load_csv.py                           1           0  0.25s           2026-07-06T15:00:48                      10
================================================================================
[2026-07-06T15:01:43.810+0000] {manager.py:821} INFO - Searching for files in /opt/airflow/dags
[2026-07-06T15:01:43.815+0000] {manager.py:824} INFO - There are 1 files in /opt/airflow/dags
[2026-07-06T15:01:47.896+0000] {manager.py:997} INFO - 
================================================================================
DAG File Processing Stats

File Path                         PID    Runtime      # DAGs    # Errors  Last Runtime    Last Run               Last # of DB Queries
--------------------------------  -----  ---------  --------  ----------  --------------  -------------------  ----------------------
/opt/airflow/dags/01_load_csv.py                           1           0  0.19s           2026-07-06T15:01:18                      10
================================================================================
[2026-07-06T15:02:18.279+0000] {manager.py:997} INFO - 
================================================================================
DAG File Processing Stats

File Path                         PID    Runtime      # DAGs    # Errors  Last Runtime    Last Run               Last # of DB Queries
--------------------------------  -----  ---------  --------  ----------  --------------  -------------------  ----------------------
/opt/airflow/dags/01_load_csv.py                           1           0  0.26s           2026-07-06T15:01:49                      10
================================================================================
[2026-07-06T15:02:48.731+0000] {manager.py:997} INFO - 
================================================================================
DAG File Processing Stats

File Path                         PID    Runtime      # DAGs    # Errors  Last Runtime    Last Run               Last # of DB Queries
--------------------------------  -----  ---------  --------  ----------  --------------  -------------------  ----------------------
/opt/airflow/dags/01_load_csv.py                           1           0  0.25s           2026-07-06T15:02:19                      10
================================================================================
[2026-07-06T15:03:19.153+0000] {manager.py:997} INFO - 
================================================================================
DAG File Processing Stats

File Path                         PID    Runtime      # DAGs    # Errors  Last Runtime    Last Run               Last # of DB Queries
--------------------------------  -----  ---------  --------  ----------  --------------  -------------------  ----------------------
/opt/airflow/dags/01_load_csv.py                           1           0  0.18s           2026-07-06T15:02:49                      10
================================================================================
[2026-07-06T15:03:49.535+0000] {manager.py:997} INFO - 
================================================================================
DAG File Processing Stats

File Path                         PID    Runtime      # DAGs    # Errors  Last Runtime    Last Run               Last # of DB Queries
--------------------------------  -----  ---------  --------  ----------  --------------  -------------------  ----------------------
/opt/airflow/dags/01_load_csv.py                           1           0  0.20s           2026-07-06T15:03:20                      10
================================================================================
[2026-07-06T15:04:19.987+0000] {manager.py:997} INFO - 
================================================================================
DAG File Processing Stats

File Path                         PID    Runtime      # DAGs    # Errors  Last Runtime    Last Run               Last # of DB Queries
--------------------------------  -----  ---------  --------  ----------  --------------  -------------------  ----------------------
/opt/airflow/dags/01_load_csv.py                           1           0  0.64s           2026-07-06T15:03:51                      10
================================================================================
[2026-07-06T15:04:50.328+0000] {manager.py:997} INFO - 
================================================================================
DAG File Processing Stats

File Path                         PID    Runtime      # DAGs    # Errors  Last Runtime    Last Run               Last # of DB Queries
--------------------------------  -----  ---------  --------  ----------  --------------  -------------------  ----------------------
/opt/airflow/dags/01_load_csv.py                           1           0  0.57s           2026-07-06T15:04:22                      10
================================================================================
[2026-07-06T15:05:20.687+0000] {manager.py:997} INFO - 
================================================================================
DAG File Processing Stats

File Path                         PID    Runtime      # DAGs    # Errors  Last Runtime    Last Run               Last # of DB Queries
--------------------------------  -----  ---------  --------  ----------  --------------  -------------------  ----------------------
/opt/airflow/dags/01_load_csv.py                           1           0  0.17s           2026-07-06T15:04:52                      10
================================================================================
[2026-07-06T15:05:51.196+0000] {manager.py:997} INFO - 
================================================================================
DAG File Processing Stats

File Path                         PID    Runtime      # DAGs    # Errors  Last Runtime    Last Run               Last # of DB Queries
--------------------------------  -----  ---------  --------  ----------  --------------  -------------------  ----------------------
/opt/airflow/dags/01_load_csv.py                           1           0  0.23s           2026-07-06T15:05:22                      10
================================================================================
[2026-07-06T15:06:21.577+0000] {manager.py:997} INFO - 
================================================================================
DAG File Processing Stats

File Path                         PID    Runtime      # DAGs    # Errors  Last Runtime    Last Run               Last # of DB Queries
--------------------------------  -----  ---------  --------  ----------  --------------  -------------------  ----------------------
/opt/airflow/dags/01_load_csv.py                           1           0  0.13s           2026-07-06T15:05:53                      10
================================================================================
[2026-07-06T15:06:43.862+0000] {manager.py:821} INFO - Searching for files in /opt/airflow/dags
[2026-07-06T15:06:43.863+0000] {manager.py:824} INFO - There are 1 files in /opt/airflow/dags
[2026-07-06T15:06:51.925+0000] {manager.py:997} INFO - 
================================================================================
DAG File Processing Stats

File Path                         PID    Runtime      # DAGs    # Errors  Last Runtime    Last Run               Last # of DB Queries
--------------------------------  -----  ---------  --------  ----------  --------------  -------------------  ----------------------
/opt/airflow/dags/01_load_csv.py                           1           0  0.11s           2026-07-06T15:06:23                      10
================================================================================
[2026-07-06T15:06:56.084+0000] {manager.py:465} INFO - Exiting gracefully upon receiving signal 15
