[2026-07-09T00:16:16.290+0000] {processor.py:186} INFO - Started process (PID=176) to work on /opt/airflow/dags/00_hello_world.py
[2026-07-09T00:16:16.291+0000] {processor.py:914} INFO - Processing file /opt/airflow/dags/00_hello_world.py for tasks to queue
[2026-07-09T00:16:16.295+0000] {logging_mixin.py:190} INFO - [2026-07-09T00:16:16.294+0000] {dagbag.py:588} INFO - Filling up the DagBag from /opt/airflow/dags/00_hello_world.py
[2026-07-09T00:16:16.312+0000] {processor.py:925} INFO - DAG(s) '00_hello_world' retrieved from /opt/airflow/dags/00_hello_world.py
[2026-07-09T00:16:16.360+0000] {logging_mixin.py:190} INFO - [2026-07-09T00:16:16.360+0000] {dag.py:3239} INFO - Sync 1 DAGs
[2026-07-09T00:16:16.381+0000] {logging_mixin.py:190} INFO - [2026-07-09T00:16:16.380+0000] {dag.py:4180} INFO - Setting next_dagrun for 00_hello_world to None, run_after=None
[2026-07-09T00:16:16.416+0000] {processor.py:208} INFO - Processing /opt/airflow/dags/00_hello_world.py took 0.135 seconds
[2026-07-09T00:16:47.899+0000] {processor.py:186} INFO - Started process (PID=196) to work on /opt/airflow/dags/00_hello_world.py
[2026-07-09T00:16:47.903+0000] {processor.py:914} INFO - Processing file /opt/airflow/dags/00_hello_world.py for tasks to queue
[2026-07-09T00:16:47.916+0000] {logging_mixin.py:190} INFO - [2026-07-09T00:16:47.913+0000] {dagbag.py:588} INFO - Filling up the DagBag from /opt/airflow/dags/00_hello_world.py
[2026-07-09T00:16:47.963+0000] {processor.py:925} INFO - DAG(s) '00_hello_world' retrieved from /opt/airflow/dags/00_hello_world.py
[2026-07-09T00:16:48.044+0000] {logging_mixin.py:190} INFO - [2026-07-09T00:16:48.044+0000] {dag.py:3239} INFO - Sync 1 DAGs
[2026-07-09T00:16:48.077+0000] {logging_mixin.py:190} INFO - [2026-07-09T00:16:48.077+0000] {dag.py:4180} INFO - Setting next_dagrun for 00_hello_world to None, run_after=None
[2026-07-09T00:16:48.109+0000] {processor.py:208} INFO - Processing /opt/airflow/dags/00_hello_world.py took 0.231 seconds
[2026-07-09T00:17:18.792+0000] {processor.py:186} INFO - Started process (PID=218) to work on /opt/airflow/dags/00_hello_world.py
[2026-07-09T00:17:18.793+0000] {processor.py:914} INFO - Processing file /opt/airflow/dags/00_hello_world.py for tasks to queue
[2026-07-09T00:17:18.795+0000] {logging_mixin.py:190} INFO - [2026-07-09T00:17:18.795+0000] {dagbag.py:588} INFO - Filling up the DagBag from /opt/airflow/dags/00_hello_world.py
[2026-07-09T00:17:18.804+0000] {processor.py:925} INFO - DAG(s) '00_hello_world' retrieved from /opt/airflow/dags/00_hello_world.py
[2026-07-09T00:17:18.836+0000] {logging_mixin.py:190} INFO - [2026-07-09T00:17:18.836+0000] {dag.py:3239} INFO - Sync 1 DAGs
[2026-07-09T00:17:18.852+0000] {logging_mixin.py:190} INFO - [2026-07-09T00:17:18.851+0000] {dag.py:4180} INFO - Setting next_dagrun for 00_hello_world to None, run_after=None
[2026-07-09T00:17:18.870+0000] {processor.py:208} INFO - Processing /opt/airflow/dags/00_hello_world.py took 0.084 seconds
[2026-07-09T00:20:19.068+0000] {processor.py:186} INFO - Started process (PID=177) to work on /opt/airflow/dags/00_hello_world.py
[2026-07-09T00:20:19.070+0000] {processor.py:914} INFO - Processing file /opt/airflow/dags/00_hello_world.py for tasks to queue
[2026-07-09T00:20:19.074+0000] {logging_mixin.py:190} INFO - [2026-07-09T00:20:19.074+0000] {dagbag.py:588} INFO - Filling up the DagBag from /opt/airflow/dags/00_hello_world.py
[2026-07-09T00:20:19.097+0000] {processor.py:925} INFO - DAG(s) '00_hello_world' retrieved from /opt/airflow/dags/00_hello_world.py
[2026-07-09T00:20:19.490+0000] {logging_mixin.py:190} INFO - [2026-07-09T00:20:19.489+0000] {override.py:1911} INFO - Created Permission View: can read on DAG:00_hello_world
[2026-07-09T00:20:19.506+0000] {logging_mixin.py:190} INFO - [2026-07-09T00:20:19.506+0000] {override.py:1911} INFO - Created Permission View: can delete on DAG:00_hello_world
[2026-07-09T00:20:19.518+0000] {logging_mixin.py:190} INFO - [2026-07-09T00:20:19.518+0000] {override.py:1911} INFO - Created Permission View: can edit on DAG:00_hello_world
[2026-07-09T00:20:19.528+0000] {logging_mixin.py:190} INFO - [2026-07-09T00:20:19.528+0000] {override.py:1911} INFO - Created Permission View: menu access on DAG Run:00_hello_world
[2026-07-09T00:20:19.538+0000] {logging_mixin.py:190} INFO - [2026-07-09T00:20:19.538+0000] {override.py:1911} INFO - Created Permission View: can read on DAG Run:00_hello_world
[2026-07-09T00:20:19.547+0000] {logging_mixin.py:190} INFO - [2026-07-09T00:20:19.547+0000] {override.py:1911} INFO - Created Permission View: can create on DAG Run:00_hello_world
[2026-07-09T00:20:19.556+0000] {logging_mixin.py:190} INFO - [2026-07-09T00:20:19.555+0000] {override.py:1911} INFO - Created Permission View: can delete on DAG Run:00_hello_world
[2026-07-09T00:20:19.556+0000] {logging_mixin.py:190} INFO - [2026-07-09T00:20:19.556+0000] {dag.py:3239} INFO - Sync 1 DAGs
[2026-07-09T00:20:19.576+0000] {logging_mixin.py:190} INFO - [2026-07-09T00:20:19.575+0000] {dag.py:3262} INFO - Creating ORM DAG for 00_hello_world
[2026-07-09T00:20:19.577+0000] {logging_mixin.py:190} INFO - [2026-07-09T00:20:19.576+0000] {dag.py:4180} INFO - Setting next_dagrun for 00_hello_world to None, run_after=None
[2026-07-09T00:20:19.602+0000] {processor.py:208} INFO - Processing /opt/airflow/dags/00_hello_world.py took 0.549 seconds
[2026-07-09T00:20:50.352+0000] {processor.py:186} INFO - Started process (PID=195) to work on /opt/airflow/dags/00_hello_world.py
[2026-07-09T00:20:50.353+0000] {processor.py:914} INFO - Processing file /opt/airflow/dags/00_hello_world.py for tasks to queue
[2026-07-09T00:20:50.357+0000] {logging_mixin.py:190} INFO - [2026-07-09T00:20:50.356+0000] {dagbag.py:588} INFO - Filling up the DagBag from /opt/airflow/dags/00_hello_world.py
[2026-07-09T00:20:50.370+0000] {processor.py:925} INFO - DAG(s) '00_hello_world' retrieved from /opt/airflow/dags/00_hello_world.py
[2026-07-09T00:20:50.408+0000] {logging_mixin.py:190} INFO - [2026-07-09T00:20:50.408+0000] {dag.py:3239} INFO - Sync 1 DAGs
[2026-07-09T00:20:50.432+0000] {logging_mixin.py:190} INFO - [2026-07-09T00:20:50.431+0000] {dag.py:4180} INFO - Setting next_dagrun for 00_hello_world to None, run_after=None
[2026-07-09T00:20:50.452+0000] {processor.py:208} INFO - Processing /opt/airflow/dags/00_hello_world.py took 0.109 seconds
[2026-07-09T00:21:21.005+0000] {processor.py:186} INFO - Started process (PID=217) to work on /opt/airflow/dags/00_hello_world.py
[2026-07-09T00:21:21.012+0000] {processor.py:914} INFO - Processing file /opt/airflow/dags/00_hello_world.py for tasks to queue
[2026-07-09T00:21:21.028+0000] {logging_mixin.py:190} INFO - [2026-07-09T00:21:21.027+0000] {dagbag.py:588} INFO - Filling up the DagBag from /opt/airflow/dags/00_hello_world.py
[2026-07-09T00:21:21.079+0000] {processor.py:925} INFO - DAG(s) '00_hello_world' retrieved from /opt/airflow/dags/00_hello_world.py
[2026-07-09T00:21:21.122+0000] {logging_mixin.py:190} INFO - [2026-07-09T00:21:21.122+0000] {dag.py:3239} INFO - Sync 1 DAGs
[2026-07-09T00:21:21.146+0000] {logging_mixin.py:190} INFO - [2026-07-09T00:21:21.146+0000] {dag.py:4180} INFO - Setting next_dagrun for 00_hello_world to None, run_after=None
[2026-07-09T00:21:21.174+0000] {processor.py:208} INFO - Processing /opt/airflow/dags/00_hello_world.py took 0.218 seconds
[2026-07-09T00:21:51.759+0000] {processor.py:186} INFO - Started process (PID=235) to work on /opt/airflow/dags/00_hello_world.py
[2026-07-09T00:21:51.761+0000] {processor.py:914} INFO - Processing file /opt/airflow/dags/00_hello_world.py for tasks to queue
[2026-07-09T00:21:51.767+0000] {logging_mixin.py:190} INFO - [2026-07-09T00:21:51.766+0000] {dagbag.py:588} INFO - Filling up the DagBag from /opt/airflow/dags/00_hello_world.py
[2026-07-09T00:21:51.797+0000] {processor.py:925} INFO - DAG(s) '00_hello_world' retrieved from /opt/airflow/dags/00_hello_world.py
[2026-07-09T00:21:51.875+0000] {logging_mixin.py:190} INFO - [2026-07-09T00:21:51.874+0000] {dag.py:3239} INFO - Sync 1 DAGs
[2026-07-09T00:21:51.895+0000] {logging_mixin.py:190} INFO - [2026-07-09T00:21:51.895+0000] {dag.py:4180} INFO - Setting next_dagrun for 00_hello_world to None, run_after=None
[2026-07-09T00:21:51.925+0000] {processor.py:208} INFO - Processing /opt/airflow/dags/00_hello_world.py took 0.187 seconds
[2026-07-09T00:22:22.440+0000] {processor.py:186} INFO - Started process (PID=257) to work on /opt/airflow/dags/00_hello_world.py
[2026-07-09T00:22:22.442+0000] {processor.py:914} INFO - Processing file /opt/airflow/dags/00_hello_world.py for tasks to queue
[2026-07-09T00:22:22.445+0000] {logging_mixin.py:190} INFO - [2026-07-09T00:22:22.445+0000] {dagbag.py:588} INFO - Filling up the DagBag from /opt/airflow/dags/00_hello_world.py
[2026-07-09T00:22:22.461+0000] {processor.py:925} INFO - DAG(s) '00_hello_world' retrieved from /opt/airflow/dags/00_hello_world.py
[2026-07-09T00:22:22.511+0000] {logging_mixin.py:190} INFO - [2026-07-09T00:22:22.510+0000] {dag.py:3239} INFO - Sync 1 DAGs
[2026-07-09T00:22:22.533+0000] {logging_mixin.py:190} INFO - [2026-07-09T00:22:22.533+0000] {dag.py:4180} INFO - Setting next_dagrun for 00_hello_world to None, run_after=None
[2026-07-09T00:22:22.562+0000] {processor.py:208} INFO - Processing /opt/airflow/dags/00_hello_world.py took 0.135 seconds
[2026-07-09T00:22:52.970+0000] {processor.py:186} INFO - Started process (PID=277) to work on /opt/airflow/dags/00_hello_world.py
[2026-07-09T00:22:52.972+0000] {processor.py:914} INFO - Processing file /opt/airflow/dags/00_hello_world.py for tasks to queue
[2026-07-09T00:22:52.977+0000] {logging_mixin.py:190} INFO - [2026-07-09T00:22:52.976+0000] {dagbag.py:588} INFO - Filling up the DagBag from /opt/airflow/dags/00_hello_world.py
[2026-07-09T00:22:53.061+0000] {processor.py:925} INFO - DAG(s) '00_hello_world' retrieved from /opt/airflow/dags/00_hello_world.py
[2026-07-09T00:22:53.166+0000] {logging_mixin.py:190} INFO - [2026-07-09T00:22:53.166+0000] {dag.py:3239} INFO - Sync 1 DAGs
[2026-07-09T00:22:53.204+0000] {logging_mixin.py:190} INFO - [2026-07-09T00:22:53.204+0000] {dag.py:4180} INFO - Setting next_dagrun for 00_hello_world to None, run_after=None
[2026-07-09T00:22:53.257+0000] {processor.py:208} INFO - Processing /opt/airflow/dags/00_hello_world.py took 0.302 seconds
[2026-07-09T00:23:23.788+0000] {processor.py:186} INFO - Started process (PID=297) to work on /opt/airflow/dags/00_hello_world.py
[2026-07-09T00:23:23.793+0000] {processor.py:914} INFO - Processing file /opt/airflow/dags/00_hello_world.py for tasks to queue
[2026-07-09T00:23:23.806+0000] {logging_mixin.py:190} INFO - [2026-07-09T00:23:23.805+0000] {dagbag.py:588} INFO - Filling up the DagBag from /opt/airflow/dags/00_hello_world.py
[2026-07-09T00:23:23.848+0000] {processor.py:925} INFO - DAG(s) '00_hello_world' retrieved from /opt/airflow/dags/00_hello_world.py
[2026-07-09T00:23:23.903+0000] {logging_mixin.py:190} INFO - [2026-07-09T00:23:23.903+0000] {dag.py:3239} INFO - Sync 1 DAGs
[2026-07-09T00:23:23.929+0000] {logging_mixin.py:190} INFO - [2026-07-09T00:23:23.928+0000] {dag.py:4180} INFO - Setting next_dagrun for 00_hello_world to None, run_after=None
[2026-07-09T00:23:23.956+0000] {processor.py:208} INFO - Processing /opt/airflow/dags/00_hello_world.py took 0.203 seconds
[2026-07-09T00:23:54.581+0000] {processor.py:186} INFO - Started process (PID=317) to work on /opt/airflow/dags/00_hello_world.py
[2026-07-09T00:23:54.584+0000] {processor.py:914} INFO - Processing file /opt/airflow/dags/00_hello_world.py for tasks to queue
[2026-07-09T00:23:54.594+0000] {logging_mixin.py:190} INFO - [2026-07-09T00:23:54.592+0000] {dagbag.py:588} INFO - Filling up the DagBag from /opt/airflow/dags/00_hello_world.py
[2026-07-09T00:23:54.648+0000] {processor.py:925} INFO - DAG(s) '00_hello_world' retrieved from /opt/airflow/dags/00_hello_world.py
[2026-07-09T00:23:54.751+0000] {logging_mixin.py:190} INFO - [2026-07-09T00:23:54.750+0000] {dag.py:3239} INFO - Sync 1 DAGs
[2026-07-09T00:23:54.780+0000] {logging_mixin.py:190} INFO - [2026-07-09T00:23:54.779+0000] {dag.py:4180} INFO - Setting next_dagrun for 00_hello_world to None, run_after=None
[2026-07-09T00:23:54.803+0000] {processor.py:208} INFO - Processing /opt/airflow/dags/00_hello_world.py took 0.251 seconds
[2026-07-09T00:24:25.349+0000] {processor.py:186} INFO - Started process (PID=337) to work on /opt/airflow/dags/00_hello_world.py
[2026-07-09T00:24:25.354+0000] {processor.py:914} INFO - Processing file /opt/airflow/dags/00_hello_world.py for tasks to queue
[2026-07-09T00:24:25.364+0000] {logging_mixin.py:190} INFO - [2026-07-09T00:24:25.362+0000] {dagbag.py:588} INFO - Filling up the DagBag from /opt/airflow/dags/00_hello_world.py
[2026-07-09T00:24:25.409+0000] {processor.py:925} INFO - DAG(s) '00_hello_world' retrieved from /opt/airflow/dags/00_hello_world.py
[2026-07-09T00:24:25.537+0000] {logging_mixin.py:190} INFO - [2026-07-09T00:24:25.537+0000] {dag.py:3239} INFO - Sync 1 DAGs
[2026-07-09T00:24:25.560+0000] {logging_mixin.py:190} INFO - [2026-07-09T00:24:25.560+0000] {dag.py:4180} INFO - Setting next_dagrun for 00_hello_world to None, run_after=None
[2026-07-09T00:24:25.584+0000] {processor.py:208} INFO - Processing /opt/airflow/dags/00_hello_world.py took 0.267 seconds
[2026-07-09T00:24:56.128+0000] {processor.py:186} INFO - Started process (PID=357) to work on /opt/airflow/dags/00_hello_world.py
[2026-07-09T00:24:56.130+0000] {processor.py:914} INFO - Processing file /opt/airflow/dags/00_hello_world.py for tasks to queue
[2026-07-09T00:24:56.137+0000] {logging_mixin.py:190} INFO - [2026-07-09T00:24:56.136+0000] {dagbag.py:588} INFO - Filling up the DagBag from /opt/airflow/dags/00_hello_world.py
[2026-07-09T00:24:56.153+0000] {processor.py:925} INFO - DAG(s) '00_hello_world' retrieved from /opt/airflow/dags/00_hello_world.py
[2026-07-09T00:24:56.195+0000] {logging_mixin.py:190} INFO - [2026-07-09T00:24:56.195+0000] {dag.py:3239} INFO - Sync 1 DAGs
[2026-07-09T00:24:56.215+0000] {logging_mixin.py:190} INFO - [2026-07-09T00:24:56.214+0000] {dag.py:4180} INFO - Setting next_dagrun for 00_hello_world to None, run_after=None
[2026-07-09T00:24:56.236+0000] {processor.py:208} INFO - Processing /opt/airflow/dags/00_hello_world.py took 0.131 seconds
[2026-07-09T00:25:26.671+0000] {processor.py:186} INFO - Started process (PID=377) to work on /opt/airflow/dags/00_hello_world.py
[2026-07-09T00:25:26.673+0000] {processor.py:914} INFO - Processing file /opt/airflow/dags/00_hello_world.py for tasks to queue
[2026-07-09T00:25:26.677+0000] {logging_mixin.py:190} INFO - [2026-07-09T00:25:26.677+0000] {dagbag.py:588} INFO - Filling up the DagBag from /opt/airflow/dags/00_hello_world.py
[2026-07-09T00:25:26.696+0000] {processor.py:925} INFO - DAG(s) '00_hello_world' retrieved from /opt/airflow/dags/00_hello_world.py
[2026-07-09T00:25:26.734+0000] {logging_mixin.py:190} INFO - [2026-07-09T00:25:26.734+0000] {dag.py:3239} INFO - Sync 1 DAGs
[2026-07-09T00:25:26.753+0000] {logging_mixin.py:190} INFO - [2026-07-09T00:25:26.753+0000] {dag.py:4180} INFO - Setting next_dagrun for 00_hello_world to None, run_after=None
[2026-07-09T00:25:26.779+0000] {processor.py:208} INFO - Processing /opt/airflow/dags/00_hello_world.py took 0.119 seconds
[2026-07-09T00:25:57.533+0000] {processor.py:186} INFO - Started process (PID=397) to work on /opt/airflow/dags/00_hello_world.py
[2026-07-09T00:25:57.536+0000] {processor.py:914} INFO - Processing file /opt/airflow/dags/00_hello_world.py for tasks to queue
[2026-07-09T00:25:57.546+0000] {logging_mixin.py:190} INFO - [2026-07-09T00:25:57.545+0000] {dagbag.py:588} INFO - Filling up the DagBag from /opt/airflow/dags/00_hello_world.py
[2026-07-09T00:25:57.599+0000] {processor.py:925} INFO - DAG(s) '00_hello_world' retrieved from /opt/airflow/dags/00_hello_world.py
[2026-07-09T00:25:57.677+0000] {logging_mixin.py:190} INFO - [2026-07-09T00:25:57.677+0000] {dag.py:3239} INFO - Sync 1 DAGs
[2026-07-09T00:25:57.697+0000] {logging_mixin.py:190} INFO - [2026-07-09T00:25:57.697+0000] {dag.py:4180} INFO - Setting next_dagrun for 00_hello_world to None, run_after=None
[2026-07-09T00:25:57.723+0000] {processor.py:208} INFO - Processing /opt/airflow/dags/00_hello_world.py took 0.228 seconds
[2026-07-09T00:26:28.544+0000] {processor.py:186} INFO - Started process (PID=417) to work on /opt/airflow/dags/00_hello_world.py
[2026-07-09T00:26:28.545+0000] {processor.py:914} INFO - Processing file /opt/airflow/dags/00_hello_world.py for tasks to queue
[2026-07-09T00:26:28.550+0000] {logging_mixin.py:190} INFO - [2026-07-09T00:26:28.550+0000] {dagbag.py:588} INFO - Filling up the DagBag from /opt/airflow/dags/00_hello_world.py
[2026-07-09T00:26:28.569+0000] {processor.py:925} INFO - DAG(s) '00_hello_world' retrieved from /opt/airflow/dags/00_hello_world.py
[2026-07-09T00:26:28.613+0000] {logging_mixin.py:190} INFO - [2026-07-09T00:26:28.613+0000] {dag.py:3239} INFO - Sync 1 DAGs
[2026-07-09T00:26:28.651+0000] {logging_mixin.py:190} INFO - [2026-07-09T00:26:28.650+0000] {dag.py:4180} INFO - Setting next_dagrun for 00_hello_world to None, run_after=None
[2026-07-09T00:26:28.677+0000] {processor.py:208} INFO - Processing /opt/airflow/dags/00_hello_world.py took 0.155 seconds
[2026-07-09T00:26:59.302+0000] {processor.py:186} INFO - Started process (PID=437) to work on /opt/airflow/dags/00_hello_world.py
[2026-07-09T00:26:59.304+0000] {processor.py:914} INFO - Processing file /opt/airflow/dags/00_hello_world.py for tasks to queue
[2026-07-09T00:26:59.310+0000] {logging_mixin.py:190} INFO - [2026-07-09T00:26:59.309+0000] {dagbag.py:588} INFO - Filling up the DagBag from /opt/airflow/dags/00_hello_world.py
[2026-07-09T00:26:59.334+0000] {processor.py:925} INFO - DAG(s) '00_hello_world' retrieved from /opt/airflow/dags/00_hello_world.py
[2026-07-09T00:26:59.384+0000] {logging_mixin.py:190} INFO - [2026-07-09T00:26:59.383+0000] {dag.py:3239} INFO - Sync 1 DAGs
[2026-07-09T00:26:59.408+0000] {logging_mixin.py:190} INFO - [2026-07-09T00:26:59.408+0000] {dag.py:4180} INFO - Setting next_dagrun for 00_hello_world to None, run_after=None
[2026-07-09T00:26:59.435+0000] {processor.py:208} INFO - Processing /opt/airflow/dags/00_hello_world.py took 0.154 seconds
[2026-07-09T00:27:29.805+0000] {processor.py:186} INFO - Started process (PID=457) to work on /opt/airflow/dags/00_hello_world.py
[2026-07-09T00:27:29.806+0000] {processor.py:914} INFO - Processing file /opt/airflow/dags/00_hello_world.py for tasks to queue
[2026-07-09T00:27:29.811+0000] {logging_mixin.py:190} INFO - [2026-07-09T00:27:29.810+0000] {dagbag.py:588} INFO - Filling up the DagBag from /opt/airflow/dags/00_hello_world.py
[2026-07-09T00:27:29.826+0000] {processor.py:925} INFO - DAG(s) '00_hello_world' retrieved from /opt/airflow/dags/00_hello_world.py
[2026-07-09T00:27:29.868+0000] {logging_mixin.py:190} INFO - [2026-07-09T00:27:29.868+0000] {dag.py:3239} INFO - Sync 1 DAGs
[2026-07-09T00:27:29.888+0000] {logging_mixin.py:190} INFO - [2026-07-09T00:27:29.887+0000] {dag.py:4180} INFO - Setting next_dagrun for 00_hello_world to None, run_after=None
[2026-07-09T00:27:29.913+0000] {processor.py:208} INFO - Processing /opt/airflow/dags/00_hello_world.py took 0.120 seconds
[2026-07-09T00:28:00.491+0000] {processor.py:186} INFO - Started process (PID=477) to work on /opt/airflow/dags/00_hello_world.py
[2026-07-09T00:28:00.492+0000] {processor.py:914} INFO - Processing file /opt/airflow/dags/00_hello_world.py for tasks to queue
[2026-07-09T00:28:00.494+0000] {logging_mixin.py:190} INFO - [2026-07-09T00:28:00.494+0000] {dagbag.py:588} INFO - Filling up the DagBag from /opt/airflow/dags/00_hello_world.py
[2026-07-09T00:28:00.507+0000] {processor.py:925} INFO - DAG(s) '00_hello_world' retrieved from /opt/airflow/dags/00_hello_world.py
[2026-07-09T00:28:00.547+0000] {logging_mixin.py:190} INFO - [2026-07-09T00:28:00.547+0000] {dag.py:3239} INFO - Sync 1 DAGs
[2026-07-09T00:28:00.565+0000] {logging_mixin.py:190} INFO - [2026-07-09T00:28:00.565+0000] {dag.py:4180} INFO - Setting next_dagrun for 00_hello_world to None, run_after=None
[2026-07-09T00:28:00.586+0000] {processor.py:208} INFO - Processing /opt/airflow/dags/00_hello_world.py took 0.105 seconds
[2026-07-09T00:28:31.312+0000] {processor.py:186} INFO - Started process (PID=497) to work on /opt/airflow/dags/00_hello_world.py
[2026-07-09T00:28:31.317+0000] {processor.py:914} INFO - Processing file /opt/airflow/dags/00_hello_world.py for tasks to queue
[2026-07-09T00:28:31.328+0000] {logging_mixin.py:190} INFO - [2026-07-09T00:28:31.326+0000] {dagbag.py:588} INFO - Filling up the DagBag from /opt/airflow/dags/00_hello_world.py
[2026-07-09T00:28:31.377+0000] {processor.py:925} INFO - DAG(s) '00_hello_world' retrieved from /opt/airflow/dags/00_hello_world.py
[2026-07-09T00:28:31.458+0000] {logging_mixin.py:190} INFO - [2026-07-09T00:28:31.458+0000] {dag.py:3239} INFO - Sync 1 DAGs
[2026-07-09T00:28:31.495+0000] {logging_mixin.py:190} INFO - [2026-07-09T00:28:31.495+0000] {dag.py:4180} INFO - Setting next_dagrun for 00_hello_world to None, run_after=None
[2026-07-09T00:28:31.541+0000] {processor.py:208} INFO - Processing /opt/airflow/dags/00_hello_world.py took 0.268 seconds
[2026-07-09T00:29:01.706+0000] {processor.py:186} INFO - Started process (PID=517) to work on /opt/airflow/dags/00_hello_world.py
[2026-07-09T00:29:01.707+0000] {processor.py:914} INFO - Processing file /opt/airflow/dags/00_hello_world.py for tasks to queue
[2026-07-09T00:29:01.710+0000] {logging_mixin.py:190} INFO - [2026-07-09T00:29:01.710+0000] {dagbag.py:588} INFO - Filling up the DagBag from /opt/airflow/dags/00_hello_world.py
[2026-07-09T00:29:01.722+0000] {processor.py:925} INFO - DAG(s) '00_hello_world' retrieved from /opt/airflow/dags/00_hello_world.py
[2026-07-09T00:29:01.767+0000] {logging_mixin.py:190} INFO - [2026-07-09T00:29:01.767+0000] {dag.py:3239} INFO - Sync 1 DAGs
[2026-07-09T00:29:01.785+0000] {logging_mixin.py:190} INFO - [2026-07-09T00:29:01.785+0000] {dag.py:4180} INFO - Setting next_dagrun for 00_hello_world to None, run_after=None
[2026-07-09T00:29:01.811+0000] {processor.py:208} INFO - Processing /opt/airflow/dags/00_hello_world.py took 0.117 seconds
[2026-07-09T00:29:32.024+0000] {processor.py:186} INFO - Started process (PID=537) to work on /opt/airflow/dags/00_hello_world.py
[2026-07-09T00:29:32.026+0000] {processor.py:914} INFO - Processing file /opt/airflow/dags/00_hello_world.py for tasks to queue
[2026-07-09T00:29:32.029+0000] {logging_mixin.py:190} INFO - [2026-07-09T00:29:32.028+0000] {dagbag.py:588} INFO - Filling up the DagBag from /opt/airflow/dags/00_hello_world.py
[2026-07-09T00:29:32.043+0000] {processor.py:925} INFO - DAG(s) '00_hello_world' retrieved from /opt/airflow/dags/00_hello_world.py
[2026-07-09T00:29:32.095+0000] {logging_mixin.py:190} INFO - [2026-07-09T00:29:32.095+0000] {dag.py:3239} INFO - Sync 1 DAGs
[2026-07-09T00:29:32.132+0000] {logging_mixin.py:190} INFO - [2026-07-09T00:29:32.131+0000] {dag.py:4180} INFO - Setting next_dagrun for 00_hello_world to None, run_after=None
[2026-07-09T00:29:32.170+0000] {processor.py:208} INFO - Processing /opt/airflow/dags/00_hello_world.py took 0.154 seconds
[2026-07-09T00:30:02.416+0000] {processor.py:186} INFO - Started process (PID=557) to work on /opt/airflow/dags/00_hello_world.py
[2026-07-09T00:30:02.417+0000] {processor.py:914} INFO - Processing file /opt/airflow/dags/00_hello_world.py for tasks to queue
[2026-07-09T00:30:02.420+0000] {logging_mixin.py:190} INFO - [2026-07-09T00:30:02.419+0000] {dagbag.py:588} INFO - Filling up the DagBag from /opt/airflow/dags/00_hello_world.py
[2026-07-09T00:30:02.430+0000] {processor.py:925} INFO - DAG(s) '00_hello_world' retrieved from /opt/airflow/dags/00_hello_world.py
[2026-07-09T00:30:02.469+0000] {logging_mixin.py:190} INFO - [2026-07-09T00:30:02.468+0000] {dag.py:3239} INFO - Sync 1 DAGs
[2026-07-09T00:30:02.488+0000] {logging_mixin.py:190} INFO - [2026-07-09T00:30:02.488+0000] {dag.py:4180} INFO - Setting next_dagrun for 00_hello_world to None, run_after=None
[2026-07-09T00:30:02.510+0000] {processor.py:208} INFO - Processing /opt/airflow/dags/00_hello_world.py took 0.104 seconds
[2026-07-09T00:30:32.898+0000] {processor.py:186} INFO - Started process (PID=577) to work on /opt/airflow/dags/00_hello_world.py
[2026-07-09T00:30:32.899+0000] {processor.py:914} INFO - Processing file /opt/airflow/dags/00_hello_world.py for tasks to queue
[2026-07-09T00:30:32.901+0000] {logging_mixin.py:190} INFO - [2026-07-09T00:30:32.901+0000] {dagbag.py:588} INFO - Filling up the DagBag from /opt/airflow/dags/00_hello_world.py
[2026-07-09T00:30:32.910+0000] {processor.py:925} INFO - DAG(s) '00_hello_world' retrieved from /opt/airflow/dags/00_hello_world.py
[2026-07-09T00:30:32.942+0000] {logging_mixin.py:190} INFO - [2026-07-09T00:30:32.942+0000] {dag.py:3239} INFO - Sync 1 DAGs
[2026-07-09T00:30:32.963+0000] {logging_mixin.py:190} INFO - [2026-07-09T00:30:32.962+0000] {dag.py:4180} INFO - Setting next_dagrun for 00_hello_world to None, run_after=None
[2026-07-09T00:30:32.986+0000] {processor.py:208} INFO - Processing /opt/airflow/dags/00_hello_world.py took 0.094 seconds
[2026-07-09T00:31:03.232+0000] {processor.py:186} INFO - Started process (PID=597) to work on /opt/airflow/dags/00_hello_world.py
[2026-07-09T00:31:03.233+0000] {processor.py:914} INFO - Processing file /opt/airflow/dags/00_hello_world.py for tasks to queue
[2026-07-09T00:31:03.235+0000] {logging_mixin.py:190} INFO - [2026-07-09T00:31:03.235+0000] {dagbag.py:588} INFO - Filling up the DagBag from /opt/airflow/dags/00_hello_world.py
[2026-07-09T00:31:03.246+0000] {processor.py:925} INFO - DAG(s) '00_hello_world' retrieved from /opt/airflow/dags/00_hello_world.py
[2026-07-09T00:31:03.278+0000] {logging_mixin.py:190} INFO - [2026-07-09T00:31:03.278+0000] {dag.py:3239} INFO - Sync 1 DAGs
[2026-07-09T00:31:03.294+0000] {logging_mixin.py:190} INFO - [2026-07-09T00:31:03.294+0000] {dag.py:4180} INFO - Setting next_dagrun for 00_hello_world to None, run_after=None
[2026-07-09T00:31:03.315+0000] {processor.py:208} INFO - Processing /opt/airflow/dags/00_hello_world.py took 0.090 seconds
[2026-07-09T00:31:33.886+0000] {processor.py:186} INFO - Started process (PID=617) to work on /opt/airflow/dags/00_hello_world.py
[2026-07-09T00:31:33.891+0000] {processor.py:914} INFO - Processing file /opt/airflow/dags/00_hello_world.py for tasks to queue
[2026-07-09T00:31:33.902+0000] {logging_mixin.py:190} INFO - [2026-07-09T00:31:33.901+0000] {dagbag.py:588} INFO - Filling up the DagBag from /opt/airflow/dags/00_hello_world.py
[2026-07-09T00:31:33.941+0000] {processor.py:925} INFO - DAG(s) '00_hello_world' retrieved from /opt/airflow/dags/00_hello_world.py
[2026-07-09T00:31:33.979+0000] {logging_mixin.py:190} INFO - [2026-07-09T00:31:33.979+0000] {dag.py:3239} INFO - Sync 1 DAGs
[2026-07-09T00:31:33.995+0000] {logging_mixin.py:190} INFO - [2026-07-09T00:31:33.995+0000] {dag.py:4180} INFO - Setting next_dagrun for 00_hello_world to None, run_after=None
[2026-07-09T00:31:34.020+0000] {processor.py:208} INFO - Processing /opt/airflow/dags/00_hello_world.py took 0.182 seconds
[2026-07-09T00:32:04.364+0000] {processor.py:186} INFO - Started process (PID=637) to work on /opt/airflow/dags/00_hello_world.py
[2026-07-09T00:32:04.368+0000] {processor.py:914} INFO - Processing file /opt/airflow/dags/00_hello_world.py for tasks to queue
[2026-07-09T00:32:04.379+0000] {logging_mixin.py:190} INFO - [2026-07-09T00:32:04.377+0000] {dagbag.py:588} INFO - Filling up the DagBag from /opt/airflow/dags/00_hello_world.py
[2026-07-09T00:32:04.436+0000] {processor.py:925} INFO - DAG(s) '00_hello_world' retrieved from /opt/airflow/dags/00_hello_world.py
[2026-07-09T00:32:04.523+0000] {logging_mixin.py:190} INFO - [2026-07-09T00:32:04.523+0000] {dag.py:3239} INFO - Sync 1 DAGs
[2026-07-09T00:32:04.564+0000] {logging_mixin.py:190} INFO - [2026-07-09T00:32:04.563+0000] {dag.py:4180} INFO - Setting next_dagrun for 00_hello_world to None, run_after=None
[2026-07-09T00:32:04.596+0000] {processor.py:208} INFO - Processing /opt/airflow/dags/00_hello_world.py took 0.265 seconds
[2026-07-09T00:32:35.169+0000] {processor.py:186} INFO - Started process (PID=657) to work on /opt/airflow/dags/00_hello_world.py
[2026-07-09T00:32:35.172+0000] {processor.py:914} INFO - Processing file /opt/airflow/dags/00_hello_world.py for tasks to queue
[2026-07-09T00:32:35.178+0000] {logging_mixin.py:190} INFO - [2026-07-09T00:32:35.177+0000] {dagbag.py:588} INFO - Filling up the DagBag from /opt/airflow/dags/00_hello_world.py
[2026-07-09T00:32:35.205+0000] {processor.py:925} INFO - DAG(s) '00_hello_world' retrieved from /opt/airflow/dags/00_hello_world.py
[2026-07-09T00:32:35.278+0000] {logging_mixin.py:190} INFO - [2026-07-09T00:32:35.277+0000] {dag.py:3239} INFO - Sync 1 DAGs
[2026-07-09T00:32:35.324+0000] {logging_mixin.py:190} INFO - [2026-07-09T00:32:35.324+0000] {dag.py:4180} INFO - Setting next_dagrun for 00_hello_world to None, run_after=None
[2026-07-09T00:32:35.371+0000] {processor.py:208} INFO - Processing /opt/airflow/dags/00_hello_world.py took 0.219 seconds
[2026-07-09T00:33:05.955+0000] {processor.py:186} INFO - Started process (PID=677) to work on /opt/airflow/dags/00_hello_world.py
[2026-07-09T00:33:05.957+0000] {processor.py:914} INFO - Processing file /opt/airflow/dags/00_hello_world.py for tasks to queue
[2026-07-09T00:33:05.966+0000] {logging_mixin.py:190} INFO - [2026-07-09T00:33:05.965+0000] {dagbag.py:588} INFO - Filling up the DagBag from /opt/airflow/dags/00_hello_world.py
[2026-07-09T00:33:06.013+0000] {processor.py:925} INFO - DAG(s) '00_hello_world' retrieved from /opt/airflow/dags/00_hello_world.py
[2026-07-09T00:33:06.075+0000] {logging_mixin.py:190} INFO - [2026-07-09T00:33:06.075+0000] {dag.py:3239} INFO - Sync 1 DAGs
[2026-07-09T00:33:06.093+0000] {logging_mixin.py:190} INFO - [2026-07-09T00:33:06.093+0000] {dag.py:4180} INFO - Setting next_dagrun for 00_hello_world to None, run_after=None
[2026-07-09T00:33:06.119+0000] {processor.py:208} INFO - Processing /opt/airflow/dags/00_hello_world.py took 0.198 seconds
[2026-07-09T00:33:36.790+0000] {processor.py:186} INFO - Started process (PID=697) to work on /opt/airflow/dags/00_hello_world.py
[2026-07-09T00:33:36.792+0000] {processor.py:914} INFO - Processing file /opt/airflow/dags/00_hello_world.py for tasks to queue
[2026-07-09T00:33:36.796+0000] {logging_mixin.py:190} INFO - [2026-07-09T00:33:36.796+0000] {dagbag.py:588} INFO - Filling up the DagBag from /opt/airflow/dags/00_hello_world.py
[2026-07-09T00:33:36.815+0000] {processor.py:925} INFO - DAG(s) '00_hello_world' retrieved from /opt/airflow/dags/00_hello_world.py
[2026-07-09T00:33:36.877+0000] {logging_mixin.py:190} INFO - [2026-07-09T00:33:36.876+0000] {dag.py:3239} INFO - Sync 1 DAGs
[2026-07-09T00:33:36.912+0000] {logging_mixin.py:190} INFO - [2026-07-09T00:33:36.912+0000] {dag.py:4180} INFO - Setting next_dagrun for 00_hello_world to None, run_after=None
[2026-07-09T00:33:36.950+0000] {processor.py:208} INFO - Processing /opt/airflow/dags/00_hello_world.py took 0.179 seconds
[2026-07-09T00:34:07.475+0000] {processor.py:186} INFO - Started process (PID=717) to work on /opt/airflow/dags/00_hello_world.py
[2026-07-09T00:34:07.476+0000] {processor.py:914} INFO - Processing file /opt/airflow/dags/00_hello_world.py for tasks to queue
[2026-07-09T00:34:07.479+0000] {logging_mixin.py:190} INFO - [2026-07-09T00:34:07.479+0000] {dagbag.py:588} INFO - Filling up the DagBag from /opt/airflow/dags/00_hello_world.py
[2026-07-09T00:34:07.495+0000] {processor.py:925} INFO - DAG(s) '00_hello_world' retrieved from /opt/airflow/dags/00_hello_world.py
[2026-07-09T00:34:07.530+0000] {logging_mixin.py:190} INFO - [2026-07-09T00:34:07.530+0000] {dag.py:3239} INFO - Sync 1 DAGs
[2026-07-09T00:34:07.547+0000] {logging_mixin.py:190} INFO - [2026-07-09T00:34:07.546+0000] {dag.py:4180} INFO - Setting next_dagrun for 00_hello_world to None, run_after=None
[2026-07-09T00:34:07.570+0000] {processor.py:208} INFO - Processing /opt/airflow/dags/00_hello_world.py took 0.108 seconds
[2026-07-09T00:34:38.340+0000] {processor.py:186} INFO - Started process (PID=737) to work on /opt/airflow/dags/00_hello_world.py
[2026-07-09T00:34:38.345+0000] {processor.py:914} INFO - Processing file /opt/airflow/dags/00_hello_world.py for tasks to queue
[2026-07-09T00:34:38.356+0000] {logging_mixin.py:190} INFO - [2026-07-09T00:34:38.355+0000] {dagbag.py:588} INFO - Filling up the DagBag from /opt/airflow/dags/00_hello_world.py
[2026-07-09T00:34:38.414+0000] {processor.py:925} INFO - DAG(s) '00_hello_world' retrieved from /opt/airflow/dags/00_hello_world.py
[2026-07-09T00:34:38.484+0000] {logging_mixin.py:190} INFO - [2026-07-09T00:34:38.484+0000] {dag.py:3239} INFO - Sync 1 DAGs
[2026-07-09T00:34:38.510+0000] {logging_mixin.py:190} INFO - [2026-07-09T00:34:38.510+0000] {dag.py:4180} INFO - Setting next_dagrun for 00_hello_world to None, run_after=None
[2026-07-09T00:34:38.534+0000] {processor.py:208} INFO - Processing /opt/airflow/dags/00_hello_world.py took 0.235 seconds
[2026-07-09T00:35:09.002+0000] {processor.py:186} INFO - Started process (PID=757) to work on /opt/airflow/dags/00_hello_world.py
[2026-07-09T00:35:09.004+0000] {processor.py:914} INFO - Processing file /opt/airflow/dags/00_hello_world.py for tasks to queue
[2026-07-09T00:35:09.007+0000] {logging_mixin.py:190} INFO - [2026-07-09T00:35:09.007+0000] {dagbag.py:588} INFO - Filling up the DagBag from /opt/airflow/dags/00_hello_world.py
[2026-07-09T00:35:09.017+0000] {processor.py:925} INFO - DAG(s) '00_hello_world' retrieved from /opt/airflow/dags/00_hello_world.py
[2026-07-09T00:35:09.057+0000] {logging_mixin.py:190} INFO - [2026-07-09T00:35:09.057+0000] {dag.py:3239} INFO - Sync 1 DAGs
[2026-07-09T00:35:09.075+0000] {logging_mixin.py:190} INFO - [2026-07-09T00:35:09.075+0000] {dag.py:4180} INFO - Setting next_dagrun for 00_hello_world to None, run_after=None
[2026-07-09T00:35:09.095+0000] {processor.py:208} INFO - Processing /opt/airflow/dags/00_hello_world.py took 0.103 seconds
[2026-07-09T00:35:39.538+0000] {processor.py:186} INFO - Started process (PID=777) to work on /opt/airflow/dags/00_hello_world.py
[2026-07-09T00:35:39.540+0000] {processor.py:914} INFO - Processing file /opt/airflow/dags/00_hello_world.py for tasks to queue
[2026-07-09T00:35:39.542+0000] {logging_mixin.py:190} INFO - [2026-07-09T00:35:39.542+0000] {dagbag.py:588} INFO - Filling up the DagBag from /opt/airflow/dags/00_hello_world.py
[2026-07-09T00:35:39.553+0000] {processor.py:925} INFO - DAG(s) '00_hello_world' retrieved from /opt/airflow/dags/00_hello_world.py
[2026-07-09T00:35:39.586+0000] {logging_mixin.py:190} INFO - [2026-07-09T00:35:39.586+0000] {dag.py:3239} INFO - Sync 1 DAGs
[2026-07-09T00:35:39.601+0000] {logging_mixin.py:190} INFO - [2026-07-09T00:35:39.601+0000] {dag.py:4180} INFO - Setting next_dagrun for 00_hello_world to None, run_after=None
[2026-07-09T00:35:39.621+0000] {processor.py:208} INFO - Processing /opt/airflow/dags/00_hello_world.py took 0.089 seconds
[2026-07-09T00:36:10.222+0000] {processor.py:186} INFO - Started process (PID=797) to work on /opt/airflow/dags/00_hello_world.py
[2026-07-09T00:36:10.225+0000] {processor.py:914} INFO - Processing file /opt/airflow/dags/00_hello_world.py for tasks to queue
[2026-07-09T00:36:10.236+0000] {logging_mixin.py:190} INFO - [2026-07-09T00:36:10.234+0000] {dagbag.py:588} INFO - Filling up the DagBag from /opt/airflow/dags/00_hello_world.py
[2026-07-09T00:36:10.275+0000] {processor.py:925} INFO - DAG(s) '00_hello_world' retrieved from /opt/airflow/dags/00_hello_world.py
[2026-07-09T00:36:10.343+0000] {logging_mixin.py:190} INFO - [2026-07-09T00:36:10.343+0000] {dag.py:3239} INFO - Sync 1 DAGs
[2026-07-09T00:36:10.376+0000] {logging_mixin.py:190} INFO - [2026-07-09T00:36:10.376+0000] {dag.py:4180} INFO - Setting next_dagrun for 00_hello_world to None, run_after=None
[2026-07-09T00:36:10.411+0000] {processor.py:208} INFO - Processing /opt/airflow/dags/00_hello_world.py took 0.221 seconds
[2026-07-09T00:36:41.056+0000] {processor.py:186} INFO - Started process (PID=817) to work on /opt/airflow/dags/00_hello_world.py
[2026-07-09T00:36:41.057+0000] {processor.py:914} INFO - Processing file /opt/airflow/dags/00_hello_world.py for tasks to queue
[2026-07-09T00:36:41.061+0000] {logging_mixin.py:190} INFO - [2026-07-09T00:36:41.060+0000] {dagbag.py:588} INFO - Filling up the DagBag from /opt/airflow/dags/00_hello_world.py
[2026-07-09T00:36:41.076+0000] {processor.py:925} INFO - DAG(s) '00_hello_world' retrieved from /opt/airflow/dags/00_hello_world.py
[2026-07-09T00:36:41.131+0000] {logging_mixin.py:190} INFO - [2026-07-09T00:36:41.130+0000] {dag.py:3239} INFO - Sync 1 DAGs
[2026-07-09T00:36:41.157+0000] {logging_mixin.py:190} INFO - [2026-07-09T00:36:41.157+0000] {dag.py:4180} INFO - Setting next_dagrun for 00_hello_world to None, run_after=None
[2026-07-09T00:36:41.191+0000] {processor.py:208} INFO - Processing /opt/airflow/dags/00_hello_world.py took 0.146 seconds
[2026-07-09T00:37:11.795+0000] {processor.py:186} INFO - Started process (PID=837) to work on /opt/airflow/dags/00_hello_world.py
[2026-07-09T00:37:11.800+0000] {processor.py:914} INFO - Processing file /opt/airflow/dags/00_hello_world.py for tasks to queue
[2026-07-09T00:37:11.817+0000] {logging_mixin.py:190} INFO - [2026-07-09T00:37:11.815+0000] {dagbag.py:588} INFO - Filling up the DagBag from /opt/airflow/dags/00_hello_world.py
[2026-07-09T00:37:11.886+0000] {processor.py:925} INFO - DAG(s) '00_hello_world' retrieved from /opt/airflow/dags/00_hello_world.py
[2026-07-09T00:37:11.985+0000] {logging_mixin.py:190} INFO - [2026-07-09T00:37:11.984+0000] {dag.py:3239} INFO - Sync 1 DAGs
[2026-07-09T00:37:12.026+0000] {logging_mixin.py:190} INFO - [2026-07-09T00:37:12.025+0000] {dag.py:4180} INFO - Setting next_dagrun for 00_hello_world to None, run_after=None
[2026-07-09T00:37:12.067+0000] {processor.py:208} INFO - Processing /opt/airflow/dags/00_hello_world.py took 0.323 seconds
[2026-07-09T00:37:42.622+0000] {processor.py:186} INFO - Started process (PID=857) to work on /opt/airflow/dags/00_hello_world.py
[2026-07-09T00:37:42.626+0000] {processor.py:914} INFO - Processing file /opt/airflow/dags/00_hello_world.py for tasks to queue
[2026-07-09T00:37:42.639+0000] {logging_mixin.py:190} INFO - [2026-07-09T00:37:42.637+0000] {dagbag.py:588} INFO - Filling up the DagBag from /opt/airflow/dags/00_hello_world.py
[2026-07-09T00:37:42.678+0000] {processor.py:925} INFO - DAG(s) '00_hello_world' retrieved from /opt/airflow/dags/00_hello_world.py
[2026-07-09T00:37:42.767+0000] {logging_mixin.py:190} INFO - [2026-07-09T00:37:42.767+0000] {dag.py:3239} INFO - Sync 1 DAGs
[2026-07-09T00:37:42.820+0000] {logging_mixin.py:190} INFO - [2026-07-09T00:37:42.820+0000] {dag.py:4180} INFO - Setting next_dagrun for 00_hello_world to None, run_after=None
[2026-07-09T00:37:42.875+0000] {processor.py:208} INFO - Processing /opt/airflow/dags/00_hello_world.py took 0.294 seconds
[2026-07-09T00:38:13.520+0000] {processor.py:186} INFO - Started process (PID=877) to work on /opt/airflow/dags/00_hello_world.py
[2026-07-09T00:38:13.522+0000] {processor.py:914} INFO - Processing file /opt/airflow/dags/00_hello_world.py for tasks to queue
[2026-07-09T00:38:13.527+0000] {logging_mixin.py:190} INFO - [2026-07-09T00:38:13.526+0000] {dagbag.py:588} INFO - Filling up the DagBag from /opt/airflow/dags/00_hello_world.py
[2026-07-09T00:38:13.549+0000] {processor.py:925} INFO - DAG(s) '00_hello_world' retrieved from /opt/airflow/dags/00_hello_world.py
[2026-07-09T00:38:13.584+0000] {logging_mixin.py:190} INFO - [2026-07-09T00:38:13.584+0000] {dag.py:3239} INFO - Sync 1 DAGs
[2026-07-09T00:38:13.600+0000] {logging_mixin.py:190} INFO - [2026-07-09T00:38:13.600+0000] {dag.py:4180} INFO - Setting next_dagrun for 00_hello_world to None, run_after=None
[2026-07-09T00:38:13.621+0000] {processor.py:208} INFO - Processing /opt/airflow/dags/00_hello_world.py took 0.145 seconds
[2026-07-09T00:38:44.576+0000] {processor.py:186} INFO - Started process (PID=897) to work on /opt/airflow/dags/00_hello_world.py
[2026-07-09T00:38:44.580+0000] {processor.py:914} INFO - Processing file /opt/airflow/dags/00_hello_world.py for tasks to queue
[2026-07-09T00:38:44.588+0000] {logging_mixin.py:190} INFO - [2026-07-09T00:38:44.587+0000] {dagbag.py:588} INFO - Filling up the DagBag from /opt/airflow/dags/00_hello_world.py
[2026-07-09T00:38:44.620+0000] {processor.py:925} INFO - DAG(s) '00_hello_world' retrieved from /opt/airflow/dags/00_hello_world.py
[2026-07-09T00:38:44.725+0000] {logging_mixin.py:190} INFO - [2026-07-09T00:38:44.724+0000] {dag.py:3239} INFO - Sync 1 DAGs
[2026-07-09T00:38:44.750+0000] {logging_mixin.py:190} INFO - [2026-07-09T00:38:44.749+0000] {dag.py:4180} INFO - Setting next_dagrun for 00_hello_world to None, run_after=None
[2026-07-09T00:38:44.776+0000] {processor.py:208} INFO - Processing /opt/airflow/dags/00_hello_world.py took 0.227 seconds
[2026-07-09T00:39:15.354+0000] {processor.py:186} INFO - Started process (PID=917) to work on /opt/airflow/dags/00_hello_world.py
[2026-07-09T00:39:15.355+0000] {processor.py:914} INFO - Processing file /opt/airflow/dags/00_hello_world.py for tasks to queue
[2026-07-09T00:39:15.359+0000] {logging_mixin.py:190} INFO - [2026-07-09T00:39:15.359+0000] {dagbag.py:588} INFO - Filling up the DagBag from /opt/airflow/dags/00_hello_world.py
[2026-07-09T00:39:15.383+0000] {processor.py:925} INFO - DAG(s) '00_hello_world' retrieved from /opt/airflow/dags/00_hello_world.py
[2026-07-09T00:39:15.446+0000] {logging_mixin.py:190} INFO - [2026-07-09T00:39:15.445+0000] {dag.py:3239} INFO - Sync 1 DAGs
[2026-07-09T00:39:15.475+0000] {logging_mixin.py:190} INFO - [2026-07-09T00:39:15.475+0000] {dag.py:4180} INFO - Setting next_dagrun for 00_hello_world to None, run_after=None
[2026-07-09T00:39:15.512+0000] {processor.py:208} INFO - Processing /opt/airflow/dags/00_hello_world.py took 0.177 seconds
[2026-07-09T00:39:46.068+0000] {processor.py:186} INFO - Started process (PID=937) to work on /opt/airflow/dags/00_hello_world.py
[2026-07-09T00:39:46.073+0000] {processor.py:914} INFO - Processing file /opt/airflow/dags/00_hello_world.py for tasks to queue
[2026-07-09T00:39:46.080+0000] {logging_mixin.py:190} INFO - [2026-07-09T00:39:46.079+0000] {dagbag.py:588} INFO - Filling up the DagBag from /opt/airflow/dags/00_hello_world.py
[2026-07-09T00:39:46.123+0000] {processor.py:925} INFO - DAG(s) '00_hello_world' retrieved from /opt/airflow/dags/00_hello_world.py
[2026-07-09T00:39:46.190+0000] {logging_mixin.py:190} INFO - [2026-07-09T00:39:46.189+0000] {dag.py:3239} INFO - Sync 1 DAGs
[2026-07-09T00:39:46.240+0000] {logging_mixin.py:190} INFO - [2026-07-09T00:39:46.240+0000] {dag.py:4180} INFO - Setting next_dagrun for 00_hello_world to None, run_after=None
[2026-07-09T00:39:46.314+0000] {processor.py:208} INFO - Processing /opt/airflow/dags/00_hello_world.py took 0.287 seconds
[2026-07-09T00:40:17.143+0000] {processor.py:186} INFO - Started process (PID=957) to work on /opt/airflow/dags/00_hello_world.py
[2026-07-09T00:40:17.146+0000] {processor.py:914} INFO - Processing file /opt/airflow/dags/00_hello_world.py for tasks to queue
[2026-07-09T00:40:17.164+0000] {logging_mixin.py:190} INFO - [2026-07-09T00:40:17.163+0000] {dagbag.py:588} INFO - Filling up the DagBag from /opt/airflow/dags/00_hello_world.py
[2026-07-09T00:40:17.192+0000] {processor.py:925} INFO - DAG(s) '00_hello_world' retrieved from /opt/airflow/dags/00_hello_world.py
[2026-07-09T00:40:17.227+0000] {logging_mixin.py:190} INFO - [2026-07-09T00:40:17.227+0000] {dag.py:3239} INFO - Sync 1 DAGs
[2026-07-09T00:40:17.243+0000] {logging_mixin.py:190} INFO - [2026-07-09T00:40:17.243+0000] {dag.py:4180} INFO - Setting next_dagrun for 00_hello_world to None, run_after=None
[2026-07-09T00:40:17.285+0000] {processor.py:208} INFO - Processing /opt/airflow/dags/00_hello_world.py took 0.163 seconds
[2026-07-09T00:40:47.804+0000] {processor.py:186} INFO - Started process (PID=976) to work on /opt/airflow/dags/00_hello_world.py
[2026-07-09T00:40:47.808+0000] {processor.py:914} INFO - Processing file /opt/airflow/dags/00_hello_world.py for tasks to queue
[2026-07-09T00:40:47.812+0000] {logging_mixin.py:190} INFO - [2026-07-09T00:40:47.811+0000] {dagbag.py:588} INFO - Filling up the DagBag from /opt/airflow/dags/00_hello_world.py
[2026-07-09T00:40:47.827+0000] {processor.py:925} INFO - DAG(s) '00_hello_world' retrieved from /opt/airflow/dags/00_hello_world.py
[2026-07-09T00:40:47.863+0000] {logging_mixin.py:190} INFO - [2026-07-09T00:40:47.863+0000] {dag.py:3239} INFO - Sync 1 DAGs
[2026-07-09T00:40:47.881+0000] {logging_mixin.py:190} INFO - [2026-07-09T00:40:47.881+0000] {dag.py:4180} INFO - Setting next_dagrun for 00_hello_world to None, run_after=None
[2026-07-09T00:40:47.907+0000] {processor.py:208} INFO - Processing /opt/airflow/dags/00_hello_world.py took 0.112 seconds
[2026-07-09T00:41:18.429+0000] {processor.py:186} INFO - Started process (PID=997) to work on /opt/airflow/dags/00_hello_world.py
[2026-07-09T00:41:18.431+0000] {processor.py:914} INFO - Processing file /opt/airflow/dags/00_hello_world.py for tasks to queue
[2026-07-09T00:41:18.433+0000] {logging_mixin.py:190} INFO - [2026-07-09T00:41:18.433+0000] {dagbag.py:588} INFO - Filling up the DagBag from /opt/airflow/dags/00_hello_world.py
[2026-07-09T00:41:18.448+0000] {processor.py:925} INFO - DAG(s) '00_hello_world' retrieved from /opt/airflow/dags/00_hello_world.py
[2026-07-09T00:41:18.495+0000] {logging_mixin.py:190} INFO - [2026-07-09T00:41:18.495+0000] {dag.py:3239} INFO - Sync 1 DAGs
[2026-07-09T00:41:18.525+0000] {logging_mixin.py:190} INFO - [2026-07-09T00:41:18.525+0000] {dag.py:4180} INFO - Setting next_dagrun for 00_hello_world to None, run_after=None
[2026-07-09T00:41:18.622+0000] {processor.py:208} INFO - Processing /opt/airflow/dags/00_hello_world.py took 0.205 seconds
[2026-07-09T00:41:48.951+0000] {processor.py:186} INFO - Started process (PID=1032) to work on /opt/airflow/dags/00_hello_world.py
[2026-07-09T00:41:48.953+0000] {processor.py:914} INFO - Processing file /opt/airflow/dags/00_hello_world.py for tasks to queue
[2026-07-09T00:41:48.958+0000] {logging_mixin.py:190} INFO - [2026-07-09T00:41:48.957+0000] {dagbag.py:588} INFO - Filling up the DagBag from /opt/airflow/dags/00_hello_world.py
[2026-07-09T00:41:48.981+0000] {processor.py:925} INFO - DAG(s) '00_hello_world' retrieved from /opt/airflow/dags/00_hello_world.py
[2026-07-09T00:41:49.039+0000] {logging_mixin.py:190} INFO - [2026-07-09T00:41:49.038+0000] {dag.py:3239} INFO - Sync 1 DAGs
[2026-07-09T00:41:49.087+0000] {logging_mixin.py:190} INFO - [2026-07-09T00:41:49.087+0000] {dag.py:4180} INFO - Setting next_dagrun for 00_hello_world to None, run_after=None
[2026-07-09T00:41:49.173+0000] {processor.py:208} INFO - Processing /opt/airflow/dags/00_hello_world.py took 0.236 seconds
[2026-07-09T00:42:19.678+0000] {processor.py:186} INFO - Started process (PID=1067) to work on /opt/airflow/dags/00_hello_world.py
[2026-07-09T00:42:19.679+0000] {processor.py:914} INFO - Processing file /opt/airflow/dags/00_hello_world.py for tasks to queue
[2026-07-09T00:42:19.684+0000] {logging_mixin.py:190} INFO - [2026-07-09T00:42:19.684+0000] {dagbag.py:588} INFO - Filling up the DagBag from /opt/airflow/dags/00_hello_world.py
[2026-07-09T00:42:19.726+0000] {processor.py:925} INFO - DAG(s) '00_hello_world' retrieved from /opt/airflow/dags/00_hello_world.py
[2026-07-09T00:42:19.809+0000] {logging_mixin.py:190} INFO - [2026-07-09T00:42:19.809+0000] {dag.py:3239} INFO - Sync 1 DAGs
[2026-07-09T00:42:19.827+0000] {logging_mixin.py:190} INFO - [2026-07-09T00:42:19.827+0000] {dag.py:4180} INFO - Setting next_dagrun for 00_hello_world to None, run_after=None
[2026-07-09T00:42:19.863+0000] {processor.py:208} INFO - Processing /opt/airflow/dags/00_hello_world.py took 0.203 seconds
[2026-07-09T00:42:50.218+0000] {processor.py:186} INFO - Started process (PID=1087) to work on /opt/airflow/dags/00_hello_world.py
[2026-07-09T00:42:50.219+0000] {processor.py:914} INFO - Processing file /opt/airflow/dags/00_hello_world.py for tasks to queue
[2026-07-09T00:42:50.222+0000] {logging_mixin.py:190} INFO - [2026-07-09T00:42:50.222+0000] {dagbag.py:588} INFO - Filling up the DagBag from /opt/airflow/dags/00_hello_world.py
[2026-07-09T00:42:50.235+0000] {processor.py:925} INFO - DAG(s) '00_hello_world' retrieved from /opt/airflow/dags/00_hello_world.py
[2026-07-09T00:42:50.272+0000] {logging_mixin.py:190} INFO - [2026-07-09T00:42:50.271+0000] {dag.py:3239} INFO - Sync 1 DAGs
[2026-07-09T00:42:50.289+0000] {logging_mixin.py:190} INFO - [2026-07-09T00:42:50.289+0000] {dag.py:4180} INFO - Setting next_dagrun for 00_hello_world to None, run_after=None
[2026-07-09T00:42:50.314+0000] {processor.py:208} INFO - Processing /opt/airflow/dags/00_hello_world.py took 0.104 seconds
[2026-07-09T00:43:20.673+0000] {processor.py:186} INFO - Started process (PID=1119) to work on /opt/airflow/dags/00_hello_world.py
[2026-07-09T00:43:20.674+0000] {processor.py:914} INFO - Processing file /opt/airflow/dags/00_hello_world.py for tasks to queue
[2026-07-09T00:43:20.678+0000] {logging_mixin.py:190} INFO - [2026-07-09T00:43:20.677+0000] {dagbag.py:588} INFO - Filling up the DagBag from /opt/airflow/dags/00_hello_world.py
[2026-07-09T00:43:20.694+0000] {processor.py:925} INFO - DAG(s) '00_hello_world' retrieved from /opt/airflow/dags/00_hello_world.py
[2026-07-09T00:43:20.733+0000] {logging_mixin.py:190} INFO - [2026-07-09T00:43:20.733+0000] {dag.py:3239} INFO - Sync 1 DAGs
[2026-07-09T00:43:20.756+0000] {logging_mixin.py:190} INFO - [2026-07-09T00:43:20.756+0000] {dag.py:4180} INFO - Setting next_dagrun for 00_hello_world to None, run_after=None
[2026-07-09T00:43:20.782+0000] {processor.py:208} INFO - Processing /opt/airflow/dags/00_hello_world.py took 0.120 seconds
[2026-07-09T00:43:51.420+0000] {processor.py:186} INFO - Started process (PID=1142) to work on /opt/airflow/dags/00_hello_world.py
[2026-07-09T00:43:51.422+0000] {processor.py:914} INFO - Processing file /opt/airflow/dags/00_hello_world.py for tasks to queue
[2026-07-09T00:43:51.427+0000] {logging_mixin.py:190} INFO - [2026-07-09T00:43:51.426+0000] {dagbag.py:588} INFO - Filling up the DagBag from /opt/airflow/dags/00_hello_world.py
[2026-07-09T00:43:51.447+0000] {processor.py:925} INFO - DAG(s) '00_hello_world' retrieved from /opt/airflow/dags/00_hello_world.py
[2026-07-09T00:43:51.516+0000] {logging_mixin.py:190} INFO - [2026-07-09T00:43:51.515+0000] {dag.py:3239} INFO - Sync 1 DAGs
[2026-07-09T00:43:51.544+0000] {logging_mixin.py:190} INFO - [2026-07-09T00:43:51.544+0000] {dag.py:4180} INFO - Setting next_dagrun for 00_hello_world to None, run_after=None
[2026-07-09T00:43:51.579+0000] {processor.py:208} INFO - Processing /opt/airflow/dags/00_hello_world.py took 0.175 seconds
[2026-07-09T00:44:21.656+0000] {processor.py:186} INFO - Started process (PID=1162) to work on /opt/airflow/dags/00_hello_world.py
[2026-07-09T00:44:21.657+0000] {processor.py:914} INFO - Processing file /opt/airflow/dags/00_hello_world.py for tasks to queue
[2026-07-09T00:44:21.660+0000] {logging_mixin.py:190} INFO - [2026-07-09T00:44:21.659+0000] {dagbag.py:588} INFO - Filling up the DagBag from /opt/airflow/dags/00_hello_world.py
[2026-07-09T00:44:21.672+0000] {processor.py:925} INFO - DAG(s) '00_hello_world' retrieved from /opt/airflow/dags/00_hello_world.py
[2026-07-09T00:44:21.733+0000] {logging_mixin.py:190} INFO - [2026-07-09T00:44:21.733+0000] {dag.py:3239} INFO - Sync 1 DAGs
[2026-07-09T00:44:21.751+0000] {logging_mixin.py:190} INFO - [2026-07-09T00:44:21.750+0000] {dag.py:4180} INFO - Setting next_dagrun for 00_hello_world to None, run_after=None
[2026-07-09T00:44:21.783+0000] {processor.py:208} INFO - Processing /opt/airflow/dags/00_hello_world.py took 0.135 seconds
[2026-07-09T00:44:52.503+0000] {processor.py:186} INFO - Started process (PID=1182) to work on /opt/airflow/dags/00_hello_world.py
[2026-07-09T00:44:52.505+0000] {processor.py:914} INFO - Processing file /opt/airflow/dags/00_hello_world.py for tasks to queue
[2026-07-09T00:44:52.510+0000] {logging_mixin.py:190} INFO - [2026-07-09T00:44:52.509+0000] {dagbag.py:588} INFO - Filling up the DagBag from /opt/airflow/dags/00_hello_world.py
[2026-07-09T00:44:52.523+0000] {processor.py:925} INFO - DAG(s) '00_hello_world' retrieved from /opt/airflow/dags/00_hello_world.py
[2026-07-09T00:44:52.559+0000] {logging_mixin.py:190} INFO - [2026-07-09T00:44:52.559+0000] {dag.py:3239} INFO - Sync 1 DAGs
[2026-07-09T00:44:52.576+0000] {logging_mixin.py:190} INFO - [2026-07-09T00:44:52.576+0000] {dag.py:4180} INFO - Setting next_dagrun for 00_hello_world to None, run_after=None
[2026-07-09T00:44:52.599+0000] {processor.py:208} INFO - Processing /opt/airflow/dags/00_hello_world.py took 0.111 seconds
[2026-07-09T00:45:23.195+0000] {processor.py:186} INFO - Started process (PID=1202) to work on /opt/airflow/dags/00_hello_world.py
[2026-07-09T00:45:23.197+0000] {processor.py:914} INFO - Processing file /opt/airflow/dags/00_hello_world.py for tasks to queue
[2026-07-09T00:45:23.200+0000] {logging_mixin.py:190} INFO - [2026-07-09T00:45:23.200+0000] {dagbag.py:588} INFO - Filling up the DagBag from /opt/airflow/dags/00_hello_world.py
[2026-07-09T00:45:23.215+0000] {processor.py:925} INFO - DAG(s) '00_hello_world' retrieved from /opt/airflow/dags/00_hello_world.py
[2026-07-09T00:45:23.259+0000] {logging_mixin.py:190} INFO - [2026-07-09T00:45:23.259+0000] {dag.py:3239} INFO - Sync 1 DAGs
[2026-07-09T00:45:23.279+0000] {logging_mixin.py:190} INFO - [2026-07-09T00:45:23.279+0000] {dag.py:4180} INFO - Setting next_dagrun for 00_hello_world to None, run_after=None
[2026-07-09T00:45:23.302+0000] {processor.py:208} INFO - Processing /opt/airflow/dags/00_hello_world.py took 0.117 seconds
[2026-07-09T00:45:53.992+0000] {processor.py:186} INFO - Started process (PID=1231) to work on /opt/airflow/dags/00_hello_world.py
[2026-07-09T00:45:53.994+0000] {processor.py:914} INFO - Processing file /opt/airflow/dags/00_hello_world.py for tasks to queue
[2026-07-09T00:45:53.998+0000] {logging_mixin.py:190} INFO - [2026-07-09T00:45:53.998+0000] {dagbag.py:588} INFO - Filling up the DagBag from /opt/airflow/dags/00_hello_world.py
[2026-07-09T00:45:54.017+0000] {processor.py:925} INFO - DAG(s) '00_hello_world' retrieved from /opt/airflow/dags/00_hello_world.py
[2026-07-09T00:45:54.065+0000] {logging_mixin.py:190} INFO - [2026-07-09T00:45:54.065+0000] {dag.py:3239} INFO - Sync 1 DAGs
[2026-07-09T00:45:54.088+0000] {logging_mixin.py:190} INFO - [2026-07-09T00:45:54.088+0000] {dag.py:4180} INFO - Setting next_dagrun for 00_hello_world to None, run_after=None
[2026-07-09T00:45:54.120+0000] {processor.py:208} INFO - Processing /opt/airflow/dags/00_hello_world.py took 0.144 seconds
[2026-07-09T00:46:24.896+0000] {processor.py:186} INFO - Started process (PID=1259) to work on /opt/airflow/dags/00_hello_world.py
[2026-07-09T00:46:24.897+0000] {processor.py:914} INFO - Processing file /opt/airflow/dags/00_hello_world.py for tasks to queue
[2026-07-09T00:46:24.900+0000] {logging_mixin.py:190} INFO - [2026-07-09T00:46:24.900+0000] {dagbag.py:588} INFO - Filling up the DagBag from /opt/airflow/dags/00_hello_world.py
[2026-07-09T00:46:24.913+0000] {processor.py:925} INFO - DAG(s) '00_hello_world' retrieved from /opt/airflow/dags/00_hello_world.py
[2026-07-09T00:46:24.950+0000] {logging_mixin.py:190} INFO - [2026-07-09T00:46:24.950+0000] {dag.py:3239} INFO - Sync 1 DAGs
[2026-07-09T00:46:24.969+0000] {logging_mixin.py:190} INFO - [2026-07-09T00:46:24.969+0000] {dag.py:4180} INFO - Setting next_dagrun for 00_hello_world to None, run_after=None
[2026-07-09T00:46:24.991+0000] {processor.py:208} INFO - Processing /opt/airflow/dags/00_hello_world.py took 0.103 seconds
