[2026-07-09T16:25:43.036+0000] {processor.py:186} INFO - Started process (PID=5357) to work on /opt/airflow/dags/05_sensor.py
[2026-07-09T16:25:43.038+0000] {processor.py:914} INFO - Processing file /opt/airflow/dags/05_sensor.py for tasks to queue
[2026-07-09T16:25:43.045+0000] {logging_mixin.py:190} INFO - [2026-07-09T16:25:43.044+0000] {dagbag.py:588} INFO - Filling up the DagBag from /opt/airflow/dags/05_sensor.py
[2026-07-09T16:25:43.072+0000] {processor.py:925} INFO - DAG(s) '05_sensor' retrieved from /opt/airflow/dags/05_sensor.py
[2026-07-09T16:25:43.327+0000] {logging_mixin.py:190} INFO - [2026-07-09T16:25:43.327+0000] {override.py:1911} INFO - Created Permission View: can edit on DAG:05_sensor
[2026-07-09T16:25:43.338+0000] {logging_mixin.py:190} INFO - [2026-07-09T16:25:43.338+0000] {override.py:1911} INFO - Created Permission View: can read on DAG:05_sensor
[2026-07-09T16:25:43.347+0000] {logging_mixin.py:190} INFO - [2026-07-09T16:25:43.346+0000] {override.py:1911} INFO - Created Permission View: can delete on DAG:05_sensor
[2026-07-09T16:25:43.356+0000] {logging_mixin.py:190} INFO - [2026-07-09T16:25:43.355+0000] {override.py:1911} INFO - Created Permission View: menu access on DAG Run:05_sensor
[2026-07-09T16:25:43.364+0000] {logging_mixin.py:190} INFO - [2026-07-09T16:25:43.364+0000] {override.py:1911} INFO - Created Permission View: can read on DAG Run:05_sensor
[2026-07-09T16:25:43.372+0000] {logging_mixin.py:190} INFO - [2026-07-09T16:25:43.372+0000] {override.py:1911} INFO - Created Permission View: can create on DAG Run:05_sensor
[2026-07-09T16:25:43.382+0000] {logging_mixin.py:190} INFO - [2026-07-09T16:25:43.382+0000] {override.py:1911} INFO - Created Permission View: can delete on DAG Run:05_sensor
[2026-07-09T16:25:43.383+0000] {logging_mixin.py:190} INFO - [2026-07-09T16:25:43.383+0000] {dag.py:3239} INFO - Sync 1 DAGs
[2026-07-09T16:25:43.400+0000] {logging_mixin.py:190} INFO - [2026-07-09T16:25:43.399+0000] {dag.py:3262} INFO - Creating ORM DAG for 05_sensor
[2026-07-09T16:25:43.400+0000] {logging_mixin.py:190} INFO - [2026-07-09T16:25:43.400+0000] {dag.py:4180} INFO - Setting next_dagrun for 05_sensor to None, run_after=None
[2026-07-09T16:25:43.423+0000] {processor.py:208} INFO - Processing /opt/airflow/dags/05_sensor.py took 0.418 seconds
[2026-07-09T16:26:14.309+0000] {processor.py:186} INFO - Started process (PID=5387) to work on /opt/airflow/dags/05_sensor.py
[2026-07-09T16:26:14.317+0000] {processor.py:914} INFO - Processing file /opt/airflow/dags/05_sensor.py for tasks to queue
[2026-07-09T16:26:14.337+0000] {logging_mixin.py:190} INFO - [2026-07-09T16:26:14.335+0000] {dagbag.py:588} INFO - Filling up the DagBag from /opt/airflow/dags/05_sensor.py
[2026-07-09T16:26:14.368+0000] {processor.py:925} INFO - DAG(s) '05_sensor' retrieved from /opt/airflow/dags/05_sensor.py
[2026-07-09T16:26:14.422+0000] {logging_mixin.py:190} INFO - [2026-07-09T16:26:14.421+0000] {dag.py:3239} INFO - Sync 1 DAGs
[2026-07-09T16:26:14.444+0000] {logging_mixin.py:190} INFO - [2026-07-09T16:26:14.444+0000] {dag.py:4180} INFO - Setting next_dagrun for 05_sensor to None, run_after=None
[2026-07-09T16:26:14.463+0000] {processor.py:208} INFO - Processing /opt/airflow/dags/05_sensor.py took 0.214 seconds
[2026-07-09T16:26:45.317+0000] {processor.py:186} INFO - Started process (PID=5417) to work on /opt/airflow/dags/05_sensor.py
[2026-07-09T16:26:45.319+0000] {processor.py:914} INFO - Processing file /opt/airflow/dags/05_sensor.py for tasks to queue
[2026-07-09T16:26:45.322+0000] {logging_mixin.py:190} INFO - [2026-07-09T16:26:45.322+0000] {dagbag.py:588} INFO - Filling up the DagBag from /opt/airflow/dags/05_sensor.py
[2026-07-09T16:26:45.337+0000] {processor.py:925} INFO - DAG(s) '05_sensor' retrieved from /opt/airflow/dags/05_sensor.py
[2026-07-09T16:26:45.388+0000] {logging_mixin.py:190} INFO - [2026-07-09T16:26:45.387+0000] {dag.py:3239} INFO - Sync 1 DAGs
[2026-07-09T16:26:45.412+0000] {logging_mixin.py:190} INFO - [2026-07-09T16:26:45.412+0000] {dag.py:4180} INFO - Setting next_dagrun for 05_sensor to None, run_after=None
[2026-07-09T16:26:45.446+0000] {processor.py:208} INFO - Processing /opt/airflow/dags/05_sensor.py took 0.138 seconds
[2026-07-09T16:27:16.437+0000] {processor.py:186} INFO - Started process (PID=5447) to work on /opt/airflow/dags/05_sensor.py
[2026-07-09T16:27:16.443+0000] {processor.py:914} INFO - Processing file /opt/airflow/dags/05_sensor.py for tasks to queue
[2026-07-09T16:27:16.455+0000] {logging_mixin.py:190} INFO - [2026-07-09T16:27:16.454+0000] {dagbag.py:588} INFO - Filling up the DagBag from /opt/airflow/dags/05_sensor.py
[2026-07-09T16:27:16.506+0000] {processor.py:925} INFO - DAG(s) '05_sensor' retrieved from /opt/airflow/dags/05_sensor.py
[2026-07-09T16:27:16.590+0000] {logging_mixin.py:190} INFO - [2026-07-09T16:27:16.589+0000] {dag.py:3239} INFO - Sync 1 DAGs
[2026-07-09T16:27:16.629+0000] {logging_mixin.py:190} INFO - [2026-07-09T16:27:16.629+0000] {dag.py:4180} INFO - Setting next_dagrun for 05_sensor to None, run_after=None
[2026-07-09T16:27:16.671+0000] {processor.py:208} INFO - Processing /opt/airflow/dags/05_sensor.py took 0.281 seconds
[2026-07-09T16:27:46.766+0000] {processor.py:186} INFO - Started process (PID=5477) to work on /opt/airflow/dags/05_sensor.py
[2026-07-09T16:27:46.767+0000] {processor.py:914} INFO - Processing file /opt/airflow/dags/05_sensor.py for tasks to queue
[2026-07-09T16:27:46.770+0000] {logging_mixin.py:190} INFO - [2026-07-09T16:27:46.770+0000] {dagbag.py:588} INFO - Filling up the DagBag from /opt/airflow/dags/05_sensor.py
[2026-07-09T16:27:46.785+0000] {processor.py:925} INFO - DAG(s) '05_sensor' retrieved from /opt/airflow/dags/05_sensor.py
[2026-07-09T16:27:46.833+0000] {logging_mixin.py:190} INFO - [2026-07-09T16:27:46.833+0000] {dag.py:3239} INFO - Sync 1 DAGs
[2026-07-09T16:27:46.851+0000] {logging_mixin.py:190} INFO - [2026-07-09T16:27:46.851+0000] {dag.py:4180} INFO - Setting next_dagrun for 05_sensor to None, run_after=None
[2026-07-09T16:27:46.883+0000] {processor.py:208} INFO - Processing /opt/airflow/dags/05_sensor.py took 0.127 seconds
[2026-07-09T16:28:17.563+0000] {processor.py:186} INFO - Started process (PID=5513) to work on /opt/airflow/dags/05_sensor.py
[2026-07-09T16:28:17.565+0000] {processor.py:914} INFO - Processing file /opt/airflow/dags/05_sensor.py for tasks to queue
[2026-07-09T16:28:17.568+0000] {logging_mixin.py:190} INFO - [2026-07-09T16:28:17.568+0000] {dagbag.py:588} INFO - Filling up the DagBag from /opt/airflow/dags/05_sensor.py
[2026-07-09T16:28:17.582+0000] {processor.py:925} INFO - DAG(s) '05_sensor' retrieved from /opt/airflow/dags/05_sensor.py
[2026-07-09T16:28:17.635+0000] {logging_mixin.py:190} INFO - [2026-07-09T16:28:17.635+0000] {dag.py:3239} INFO - Sync 1 DAGs
[2026-07-09T16:28:17.655+0000] {logging_mixin.py:190} INFO - [2026-07-09T16:28:17.655+0000] {dag.py:4180} INFO - Setting next_dagrun for 05_sensor to None, run_after=None
[2026-07-09T16:28:17.680+0000] {processor.py:208} INFO - Processing /opt/airflow/dags/05_sensor.py took 0.128 seconds
[2026-07-09T16:28:48.457+0000] {processor.py:186} INFO - Started process (PID=5543) to work on /opt/airflow/dags/05_sensor.py
[2026-07-09T16:28:48.462+0000] {processor.py:914} INFO - Processing file /opt/airflow/dags/05_sensor.py for tasks to queue
[2026-07-09T16:28:48.468+0000] {logging_mixin.py:190} INFO - [2026-07-09T16:28:48.467+0000] {dagbag.py:588} INFO - Filling up the DagBag from /opt/airflow/dags/05_sensor.py
[2026-07-09T16:28:48.486+0000] {processor.py:925} INFO - DAG(s) '05_sensor' retrieved from /opt/airflow/dags/05_sensor.py
[2026-07-09T16:28:48.527+0000] {logging_mixin.py:190} INFO - [2026-07-09T16:28:48.526+0000] {dag.py:3239} INFO - Sync 1 DAGs
[2026-07-09T16:28:48.545+0000] {logging_mixin.py:190} INFO - [2026-07-09T16:28:48.544+0000] {dag.py:4180} INFO - Setting next_dagrun for 05_sensor to None, run_after=None
[2026-07-09T16:28:48.567+0000] {processor.py:208} INFO - Processing /opt/airflow/dags/05_sensor.py took 0.140 seconds
[2026-07-09T16:29:18.888+0000] {processor.py:186} INFO - Started process (PID=5573) to work on /opt/airflow/dags/05_sensor.py
[2026-07-09T16:29:18.898+0000] {processor.py:914} INFO - Processing file /opt/airflow/dags/05_sensor.py for tasks to queue
[2026-07-09T16:29:18.903+0000] {logging_mixin.py:190} INFO - [2026-07-09T16:29:18.902+0000] {dagbag.py:588} INFO - Filling up the DagBag from /opt/airflow/dags/05_sensor.py
[2026-07-09T16:29:18.933+0000] {processor.py:925} INFO - DAG(s) '05_sensor' retrieved from /opt/airflow/dags/05_sensor.py
[2026-07-09T16:29:19.037+0000] {logging_mixin.py:190} INFO - [2026-07-09T16:29:19.037+0000] {dag.py:3239} INFO - Sync 1 DAGs
[2026-07-09T16:29:19.086+0000] {logging_mixin.py:190} INFO - [2026-07-09T16:29:19.086+0000] {dag.py:4180} INFO - Setting next_dagrun for 05_sensor to None, run_after=None
[2026-07-09T16:29:19.146+0000] {processor.py:208} INFO - Processing /opt/airflow/dags/05_sensor.py took 0.268 seconds
[2026-07-09T16:29:49.328+0000] {processor.py:186} INFO - Started process (PID=5603) to work on /opt/airflow/dags/05_sensor.py
[2026-07-09T16:29:49.329+0000] {processor.py:914} INFO - Processing file /opt/airflow/dags/05_sensor.py for tasks to queue
[2026-07-09T16:29:49.334+0000] {logging_mixin.py:190} INFO - [2026-07-09T16:29:49.333+0000] {dagbag.py:588} INFO - Filling up the DagBag from /opt/airflow/dags/05_sensor.py
[2026-07-09T16:29:49.344+0000] {processor.py:925} INFO - DAG(s) '05_sensor' retrieved from /opt/airflow/dags/05_sensor.py
[2026-07-09T16:29:49.390+0000] {logging_mixin.py:190} INFO - [2026-07-09T16:29:49.390+0000] {dag.py:3239} INFO - Sync 1 DAGs
[2026-07-09T16:29:49.411+0000] {logging_mixin.py:190} INFO - [2026-07-09T16:29:49.411+0000] {dag.py:4180} INFO - Setting next_dagrun for 05_sensor to None, run_after=None
[2026-07-09T16:29:49.436+0000] {processor.py:208} INFO - Processing /opt/airflow/dags/05_sensor.py took 0.117 seconds
[2026-07-09T16:30:19.579+0000] {processor.py:186} INFO - Started process (PID=5633) to work on /opt/airflow/dags/05_sensor.py
[2026-07-09T16:30:19.582+0000] {processor.py:914} INFO - Processing file /opt/airflow/dags/05_sensor.py for tasks to queue
[2026-07-09T16:30:19.590+0000] {logging_mixin.py:190} INFO - [2026-07-09T16:30:19.589+0000] {dagbag.py:588} INFO - Filling up the DagBag from /opt/airflow/dags/05_sensor.py
[2026-07-09T16:30:19.608+0000] {processor.py:925} INFO - DAG(s) '05_sensor' retrieved from /opt/airflow/dags/05_sensor.py
[2026-07-09T16:30:19.674+0000] {logging_mixin.py:190} INFO - [2026-07-09T16:30:19.673+0000] {dag.py:3239} INFO - Sync 1 DAGs
[2026-07-09T16:30:19.706+0000] {logging_mixin.py:190} INFO - [2026-07-09T16:30:19.706+0000] {dag.py:4180} INFO - Setting next_dagrun for 05_sensor to None, run_after=None
[2026-07-09T16:30:19.752+0000] {processor.py:208} INFO - Processing /opt/airflow/dags/05_sensor.py took 0.209 seconds
[2026-07-09T16:30:50.594+0000] {processor.py:186} INFO - Started process (PID=5663) to work on /opt/airflow/dags/05_sensor.py
[2026-07-09T16:30:50.598+0000] {processor.py:914} INFO - Processing file /opt/airflow/dags/05_sensor.py for tasks to queue
[2026-07-09T16:30:50.610+0000] {logging_mixin.py:190} INFO - [2026-07-09T16:30:50.608+0000] {dagbag.py:588} INFO - Filling up the DagBag from /opt/airflow/dags/05_sensor.py
[2026-07-09T16:30:50.662+0000] {processor.py:925} INFO - DAG(s) '05_sensor' retrieved from /opt/airflow/dags/05_sensor.py
[2026-07-09T16:30:50.829+0000] {logging_mixin.py:190} INFO - [2026-07-09T16:30:50.827+0000] {dag.py:3239} INFO - Sync 1 DAGs
[2026-07-09T16:30:50.904+0000] {logging_mixin.py:190} INFO - [2026-07-09T16:30:50.903+0000] {dag.py:4180} INFO - Setting next_dagrun for 05_sensor to None, run_after=None
[2026-07-09T16:30:50.933+0000] {processor.py:208} INFO - Processing /opt/airflow/dags/05_sensor.py took 0.374 seconds
[2026-07-09T16:31:21.452+0000] {processor.py:186} INFO - Started process (PID=5693) to work on /opt/airflow/dags/05_sensor.py
[2026-07-09T16:31:21.460+0000] {processor.py:914} INFO - Processing file /opt/airflow/dags/05_sensor.py for tasks to queue
[2026-07-09T16:31:21.474+0000] {logging_mixin.py:190} INFO - [2026-07-09T16:31:21.472+0000] {dagbag.py:588} INFO - Filling up the DagBag from /opt/airflow/dags/05_sensor.py
[2026-07-09T16:31:21.524+0000] {processor.py:925} INFO - DAG(s) '05_sensor' retrieved from /opt/airflow/dags/05_sensor.py
[2026-07-09T16:31:21.656+0000] {logging_mixin.py:190} INFO - [2026-07-09T16:31:21.655+0000] {dag.py:3239} INFO - Sync 1 DAGs
[2026-07-09T16:31:21.681+0000] {logging_mixin.py:190} INFO - [2026-07-09T16:31:21.681+0000] {dag.py:4180} INFO - Setting next_dagrun for 05_sensor to None, run_after=None
[2026-07-09T16:31:21.707+0000] {processor.py:208} INFO - Processing /opt/airflow/dags/05_sensor.py took 0.291 seconds
[2026-07-09T16:31:52.601+0000] {processor.py:186} INFO - Started process (PID=5723) to work on /opt/airflow/dags/05_sensor.py
[2026-07-09T16:31:52.603+0000] {processor.py:914} INFO - Processing file /opt/airflow/dags/05_sensor.py for tasks to queue
[2026-07-09T16:31:52.607+0000] {logging_mixin.py:190} INFO - [2026-07-09T16:31:52.606+0000] {dagbag.py:588} INFO - Filling up the DagBag from /opt/airflow/dags/05_sensor.py
[2026-07-09T16:31:52.617+0000] {processor.py:925} INFO - DAG(s) '05_sensor' retrieved from /opt/airflow/dags/05_sensor.py
[2026-07-09T16:31:52.656+0000] {logging_mixin.py:190} INFO - [2026-07-09T16:31:52.655+0000] {dag.py:3239} INFO - Sync 1 DAGs
[2026-07-09T16:31:52.671+0000] {logging_mixin.py:190} INFO - [2026-07-09T16:31:52.671+0000] {dag.py:4180} INFO - Setting next_dagrun for 05_sensor to None, run_after=None
[2026-07-09T16:31:52.691+0000] {processor.py:208} INFO - Processing /opt/airflow/dags/05_sensor.py took 0.101 seconds
[2026-07-09T16:32:23.478+0000] {processor.py:186} INFO - Started process (PID=5753) to work on /opt/airflow/dags/05_sensor.py
[2026-07-09T16:32:23.479+0000] {processor.py:914} INFO - Processing file /opt/airflow/dags/05_sensor.py for tasks to queue
[2026-07-09T16:32:23.483+0000] {logging_mixin.py:190} INFO - [2026-07-09T16:32:23.482+0000] {dagbag.py:588} INFO - Filling up the DagBag from /opt/airflow/dags/05_sensor.py
[2026-07-09T16:32:23.496+0000] {processor.py:925} INFO - DAG(s) '05_sensor' retrieved from /opt/airflow/dags/05_sensor.py
[2026-07-09T16:32:23.536+0000] {logging_mixin.py:190} INFO - [2026-07-09T16:32:23.536+0000] {dag.py:3239} INFO - Sync 1 DAGs
[2026-07-09T16:32:23.552+0000] {logging_mixin.py:190} INFO - [2026-07-09T16:32:23.552+0000] {dag.py:4180} INFO - Setting next_dagrun for 05_sensor to None, run_after=None
[2026-07-09T16:32:23.573+0000] {processor.py:208} INFO - Processing /opt/airflow/dags/05_sensor.py took 0.105 seconds
[2026-07-09T16:32:54.365+0000] {processor.py:186} INFO - Started process (PID=5783) to work on /opt/airflow/dags/05_sensor.py
[2026-07-09T16:32:54.370+0000] {processor.py:914} INFO - Processing file /opt/airflow/dags/05_sensor.py for tasks to queue
[2026-07-09T16:32:54.382+0000] {logging_mixin.py:190} INFO - [2026-07-09T16:32:54.380+0000] {dagbag.py:588} INFO - Filling up the DagBag from /opt/airflow/dags/05_sensor.py
[2026-07-09T16:32:54.428+0000] {processor.py:925} INFO - DAG(s) '05_sensor' retrieved from /opt/airflow/dags/05_sensor.py
[2026-07-09T16:32:54.561+0000] {logging_mixin.py:190} INFO - [2026-07-09T16:32:54.560+0000] {dag.py:3239} INFO - Sync 1 DAGs
[2026-07-09T16:32:54.628+0000] {logging_mixin.py:190} INFO - [2026-07-09T16:32:54.628+0000] {dag.py:4180} INFO - Setting next_dagrun for 05_sensor to None, run_after=None
[2026-07-09T16:32:54.715+0000] {processor.py:208} INFO - Processing /opt/airflow/dags/05_sensor.py took 0.379 seconds
[2026-07-09T16:33:25.100+0000] {processor.py:186} INFO - Started process (PID=5813) to work on /opt/airflow/dags/05_sensor.py
[2026-07-09T16:33:25.101+0000] {processor.py:914} INFO - Processing file /opt/airflow/dags/05_sensor.py for tasks to queue
[2026-07-09T16:33:25.103+0000] {logging_mixin.py:190} INFO - [2026-07-09T16:33:25.103+0000] {dagbag.py:588} INFO - Filling up the DagBag from /opt/airflow/dags/05_sensor.py
[2026-07-09T16:33:25.127+0000] {processor.py:925} INFO - DAG(s) '05_sensor' retrieved from /opt/airflow/dags/05_sensor.py
[2026-07-09T16:33:25.175+0000] {logging_mixin.py:190} INFO - [2026-07-09T16:33:25.175+0000] {dag.py:3239} INFO - Sync 1 DAGs
[2026-07-09T16:33:25.199+0000] {logging_mixin.py:190} INFO - [2026-07-09T16:33:25.199+0000] {dag.py:4180} INFO - Setting next_dagrun for 05_sensor to None, run_after=None
[2026-07-09T16:33:25.221+0000] {processor.py:208} INFO - Processing /opt/airflow/dags/05_sensor.py took 0.130 seconds
[2026-07-09T16:33:56.170+0000] {processor.py:186} INFO - Started process (PID=5843) to work on /opt/airflow/dags/05_sensor.py
[2026-07-09T16:33:56.173+0000] {processor.py:914} INFO - Processing file /opt/airflow/dags/05_sensor.py for tasks to queue
[2026-07-09T16:33:56.179+0000] {logging_mixin.py:190} INFO - [2026-07-09T16:33:56.178+0000] {dagbag.py:588} INFO - Filling up the DagBag from /opt/airflow/dags/05_sensor.py
[2026-07-09T16:33:56.194+0000] {processor.py:925} INFO - DAG(s) '05_sensor' retrieved from /opt/airflow/dags/05_sensor.py
[2026-07-09T16:33:56.242+0000] {logging_mixin.py:190} INFO - [2026-07-09T16:33:56.241+0000] {dag.py:3239} INFO - Sync 1 DAGs
[2026-07-09T16:33:56.269+0000] {logging_mixin.py:190} INFO - [2026-07-09T16:33:56.269+0000] {dag.py:4180} INFO - Setting next_dagrun for 05_sensor to None, run_after=None
[2026-07-09T16:33:56.301+0000] {processor.py:208} INFO - Processing /opt/airflow/dags/05_sensor.py took 0.150 seconds
[2026-07-09T16:34:26.468+0000] {processor.py:186} INFO - Started process (PID=5873) to work on /opt/airflow/dags/05_sensor.py
[2026-07-09T16:34:26.469+0000] {processor.py:914} INFO - Processing file /opt/airflow/dags/05_sensor.py for tasks to queue
[2026-07-09T16:34:26.472+0000] {logging_mixin.py:190} INFO - [2026-07-09T16:34:26.471+0000] {dagbag.py:588} INFO - Filling up the DagBag from /opt/airflow/dags/05_sensor.py
[2026-07-09T16:34:26.485+0000] {processor.py:925} INFO - DAG(s) '05_sensor' retrieved from /opt/airflow/dags/05_sensor.py
[2026-07-09T16:34:26.525+0000] {logging_mixin.py:190} INFO - [2026-07-09T16:34:26.525+0000] {dag.py:3239} INFO - Sync 1 DAGs
[2026-07-09T16:34:26.555+0000] {logging_mixin.py:190} INFO - [2026-07-09T16:34:26.554+0000] {dag.py:4180} INFO - Setting next_dagrun for 05_sensor to None, run_after=None
[2026-07-09T16:34:26.582+0000] {processor.py:208} INFO - Processing /opt/airflow/dags/05_sensor.py took 0.124 seconds
[2026-07-09T16:34:57.543+0000] {processor.py:186} INFO - Started process (PID=5903) to work on /opt/airflow/dags/05_sensor.py
[2026-07-09T16:34:57.547+0000] {processor.py:914} INFO - Processing file /opt/airflow/dags/05_sensor.py for tasks to queue
[2026-07-09T16:34:57.556+0000] {logging_mixin.py:190} INFO - [2026-07-09T16:34:57.555+0000] {dagbag.py:588} INFO - Filling up the DagBag from /opt/airflow/dags/05_sensor.py
[2026-07-09T16:34:57.581+0000] {processor.py:925} INFO - DAG(s) '05_sensor' retrieved from /opt/airflow/dags/05_sensor.py
[2026-07-09T16:34:57.626+0000] {logging_mixin.py:190} INFO - [2026-07-09T16:34:57.625+0000] {dag.py:3239} INFO - Sync 1 DAGs
[2026-07-09T16:34:57.649+0000] {logging_mixin.py:190} INFO - [2026-07-09T16:34:57.649+0000] {dag.py:4180} INFO - Setting next_dagrun for 05_sensor to None, run_after=None
[2026-07-09T16:34:57.675+0000] {processor.py:208} INFO - Processing /opt/airflow/dags/05_sensor.py took 0.189 seconds
[2026-07-09T16:35:28.611+0000] {processor.py:186} INFO - Started process (PID=5933) to work on /opt/airflow/dags/05_sensor.py
[2026-07-09T16:35:28.613+0000] {processor.py:914} INFO - Processing file /opt/airflow/dags/05_sensor.py for tasks to queue
[2026-07-09T16:35:28.618+0000] {logging_mixin.py:190} INFO - [2026-07-09T16:35:28.618+0000] {dagbag.py:588} INFO - Filling up the DagBag from /opt/airflow/dags/05_sensor.py
[2026-07-09T16:35:28.633+0000] {processor.py:925} INFO - DAG(s) '05_sensor' retrieved from /opt/airflow/dags/05_sensor.py
[2026-07-09T16:35:28.724+0000] {logging_mixin.py:190} INFO - [2026-07-09T16:35:28.723+0000] {dag.py:3239} INFO - Sync 1 DAGs
[2026-07-09T16:35:28.768+0000] {logging_mixin.py:190} INFO - [2026-07-09T16:35:28.767+0000] {dag.py:4180} INFO - Setting next_dagrun for 05_sensor to None, run_after=None
[2026-07-09T16:35:28.794+0000] {processor.py:208} INFO - Processing /opt/airflow/dags/05_sensor.py took 0.203 seconds
[2026-07-09T16:35:59.584+0000] {processor.py:186} INFO - Started process (PID=5963) to work on /opt/airflow/dags/05_sensor.py
[2026-07-09T16:35:59.587+0000] {processor.py:914} INFO - Processing file /opt/airflow/dags/05_sensor.py for tasks to queue
[2026-07-09T16:35:59.589+0000] {logging_mixin.py:190} INFO - [2026-07-09T16:35:59.589+0000] {dagbag.py:588} INFO - Filling up the DagBag from /opt/airflow/dags/05_sensor.py
[2026-07-09T16:35:59.601+0000] {processor.py:925} INFO - DAG(s) '05_sensor' retrieved from /opt/airflow/dags/05_sensor.py
[2026-07-09T16:35:59.649+0000] {logging_mixin.py:190} INFO - [2026-07-09T16:35:59.649+0000] {dag.py:3239} INFO - Sync 1 DAGs
[2026-07-09T16:35:59.671+0000] {logging_mixin.py:190} INFO - [2026-07-09T16:35:59.670+0000] {dag.py:4180} INFO - Setting next_dagrun for 05_sensor to None, run_after=None
[2026-07-09T16:35:59.705+0000] {processor.py:208} INFO - Processing /opt/airflow/dags/05_sensor.py took 0.133 seconds
[2026-07-09T16:36:30.717+0000] {processor.py:186} INFO - Started process (PID=5993) to work on /opt/airflow/dags/05_sensor.py
[2026-07-09T16:36:30.723+0000] {processor.py:914} INFO - Processing file /opt/airflow/dags/05_sensor.py for tasks to queue
[2026-07-09T16:36:30.756+0000] {logging_mixin.py:190} INFO - [2026-07-09T16:36:30.755+0000] {dagbag.py:588} INFO - Filling up the DagBag from /opt/airflow/dags/05_sensor.py
[2026-07-09T16:36:30.805+0000] {processor.py:925} INFO - DAG(s) '05_sensor' retrieved from /opt/airflow/dags/05_sensor.py
[2026-07-09T16:36:30.899+0000] {logging_mixin.py:190} INFO - [2026-07-09T16:36:30.899+0000] {dag.py:3239} INFO - Sync 1 DAGs
[2026-07-09T16:36:30.947+0000] {logging_mixin.py:190} INFO - [2026-07-09T16:36:30.945+0000] {dag.py:4180} INFO - Setting next_dagrun for 05_sensor to None, run_after=None
[2026-07-09T16:36:30.983+0000] {processor.py:208} INFO - Processing /opt/airflow/dags/05_sensor.py took 0.335 seconds
[2026-07-09T16:37:01.880+0000] {processor.py:186} INFO - Started process (PID=6023) to work on /opt/airflow/dags/05_sensor.py
[2026-07-09T16:37:01.882+0000] {processor.py:914} INFO - Processing file /opt/airflow/dags/05_sensor.py for tasks to queue
[2026-07-09T16:37:01.886+0000] {logging_mixin.py:190} INFO - [2026-07-09T16:37:01.885+0000] {dagbag.py:588} INFO - Filling up the DagBag from /opt/airflow/dags/05_sensor.py
[2026-07-09T16:37:01.899+0000] {processor.py:925} INFO - DAG(s) '05_sensor' retrieved from /opt/airflow/dags/05_sensor.py
[2026-07-09T16:37:01.981+0000] {logging_mixin.py:190} INFO - [2026-07-09T16:37:01.981+0000] {dag.py:3239} INFO - Sync 1 DAGs
[2026-07-09T16:37:02.006+0000] {logging_mixin.py:190} INFO - [2026-07-09T16:37:02.006+0000] {dag.py:4180} INFO - Setting next_dagrun for 05_sensor to None, run_after=None
[2026-07-09T16:37:02.041+0000] {processor.py:208} INFO - Processing /opt/airflow/dags/05_sensor.py took 0.171 seconds
[2026-07-09T16:37:22.538+0000] {processor.py:186} INFO - Started process (PID=6053) to work on /opt/airflow/dags/05_sensor.py
[2026-07-09T16:37:22.540+0000] {processor.py:914} INFO - Processing file /opt/airflow/dags/05_sensor.py for tasks to queue
[2026-07-09T16:37:22.551+0000] {logging_mixin.py:190} INFO - [2026-07-09T16:37:22.548+0000] {dagbag.py:588} INFO - Filling up the DagBag from /opt/airflow/dags/05_sensor.py
[2026-07-09T16:37:22.572+0000] {processor.py:925} INFO - DAG(s) '05_sensor' retrieved from /opt/airflow/dags/05_sensor.py
[2026-07-09T16:37:22.651+0000] {logging_mixin.py:190} INFO - [2026-07-09T16:37:22.651+0000] {dag.py:3239} INFO - Sync 1 DAGs
[2026-07-09T16:37:22.698+0000] {logging_mixin.py:190} INFO - [2026-07-09T16:37:22.697+0000] {dag.py:4180} INFO - Setting next_dagrun for 05_sensor to None, run_after=None
[2026-07-09T16:37:22.747+0000] {processor.py:208} INFO - Processing /opt/airflow/dags/05_sensor.py took 0.225 seconds
[2026-07-09T16:37:53.751+0000] {processor.py:186} INFO - Started process (PID=6083) to work on /opt/airflow/dags/05_sensor.py
[2026-07-09T16:37:53.755+0000] {processor.py:914} INFO - Processing file /opt/airflow/dags/05_sensor.py for tasks to queue
[2026-07-09T16:37:53.768+0000] {logging_mixin.py:190} INFO - [2026-07-09T16:37:53.766+0000] {dagbag.py:588} INFO - Filling up the DagBag from /opt/airflow/dags/05_sensor.py
[2026-07-09T16:37:53.830+0000] {processor.py:925} INFO - DAG(s) '05_sensor' retrieved from /opt/airflow/dags/05_sensor.py
[2026-07-09T16:37:53.915+0000] {logging_mixin.py:190} INFO - [2026-07-09T16:37:53.914+0000] {dag.py:3239} INFO - Sync 1 DAGs
[2026-07-09T16:37:53.950+0000] {logging_mixin.py:190} INFO - [2026-07-09T16:37:53.949+0000] {dag.py:4180} INFO - Setting next_dagrun for 05_sensor to None, run_after=None
[2026-07-09T16:37:53.983+0000] {processor.py:208} INFO - Processing /opt/airflow/dags/05_sensor.py took 0.265 seconds
[2026-07-09T16:38:24.501+0000] {processor.py:186} INFO - Started process (PID=6113) to work on /opt/airflow/dags/05_sensor.py
[2026-07-09T16:38:24.503+0000] {processor.py:914} INFO - Processing file /opt/airflow/dags/05_sensor.py for tasks to queue
[2026-07-09T16:38:24.507+0000] {logging_mixin.py:190} INFO - [2026-07-09T16:38:24.506+0000] {dagbag.py:588} INFO - Filling up the DagBag from /opt/airflow/dags/05_sensor.py
[2026-07-09T16:38:24.522+0000] {processor.py:925} INFO - DAG(s) '05_sensor' retrieved from /opt/airflow/dags/05_sensor.py
[2026-07-09T16:38:24.575+0000] {logging_mixin.py:190} INFO - [2026-07-09T16:38:24.575+0000] {dag.py:3239} INFO - Sync 1 DAGs
[2026-07-09T16:38:24.613+0000] {logging_mixin.py:190} INFO - [2026-07-09T16:38:24.612+0000] {dag.py:4180} INFO - Setting next_dagrun for 05_sensor to None, run_after=None
[2026-07-09T16:38:24.642+0000] {processor.py:208} INFO - Processing /opt/airflow/dags/05_sensor.py took 0.153 seconds
[2026-07-09T16:38:54.786+0000] {processor.py:186} INFO - Started process (PID=6146) to work on /opt/airflow/dags/05_sensor.py
[2026-07-09T16:38:54.787+0000] {processor.py:914} INFO - Processing file /opt/airflow/dags/05_sensor.py for tasks to queue
[2026-07-09T16:38:54.790+0000] {logging_mixin.py:190} INFO - [2026-07-09T16:38:54.790+0000] {dagbag.py:588} INFO - Filling up the DagBag from /opt/airflow/dags/05_sensor.py
[2026-07-09T16:38:54.807+0000] {processor.py:925} INFO - DAG(s) '05_sensor' retrieved from /opt/airflow/dags/05_sensor.py
[2026-07-09T16:38:54.859+0000] {logging_mixin.py:190} INFO - [2026-07-09T16:38:54.859+0000] {dag.py:3239} INFO - Sync 1 DAGs
[2026-07-09T16:38:54.887+0000] {logging_mixin.py:190} INFO - [2026-07-09T16:38:54.886+0000] {dag.py:4180} INFO - Setting next_dagrun for 05_sensor to None, run_after=None
[2026-07-09T16:38:54.917+0000] {processor.py:208} INFO - Processing /opt/airflow/dags/05_sensor.py took 0.146 seconds
[2026-07-09T16:39:25.868+0000] {processor.py:186} INFO - Started process (PID=6179) to work on /opt/airflow/dags/05_sensor.py
[2026-07-09T16:39:25.873+0000] {processor.py:914} INFO - Processing file /opt/airflow/dags/05_sensor.py for tasks to queue
[2026-07-09T16:39:25.886+0000] {logging_mixin.py:190} INFO - [2026-07-09T16:39:25.885+0000] {dagbag.py:588} INFO - Filling up the DagBag from /opt/airflow/dags/05_sensor.py
[2026-07-09T16:39:25.928+0000] {processor.py:925} INFO - DAG(s) '05_sensor' retrieved from /opt/airflow/dags/05_sensor.py
[2026-07-09T16:39:26.082+0000] {logging_mixin.py:190} INFO - [2026-07-09T16:39:26.081+0000] {dag.py:3239} INFO - Sync 1 DAGs
[2026-07-09T16:39:26.115+0000] {logging_mixin.py:190} INFO - [2026-07-09T16:39:26.114+0000] {dag.py:4180} INFO - Setting next_dagrun for 05_sensor to None, run_after=None
[2026-07-09T16:39:26.153+0000] {processor.py:208} INFO - Processing /opt/airflow/dags/05_sensor.py took 0.320 seconds
[2026-07-09T16:39:56.706+0000] {processor.py:186} INFO - Started process (PID=6209) to work on /opt/airflow/dags/05_sensor.py
[2026-07-09T16:39:56.708+0000] {processor.py:914} INFO - Processing file /opt/airflow/dags/05_sensor.py for tasks to queue
[2026-07-09T16:39:56.713+0000] {logging_mixin.py:190} INFO - [2026-07-09T16:39:56.712+0000] {dagbag.py:588} INFO - Filling up the DagBag from /opt/airflow/dags/05_sensor.py
[2026-07-09T16:39:56.732+0000] {processor.py:925} INFO - DAG(s) '05_sensor' retrieved from /opt/airflow/dags/05_sensor.py
[2026-07-09T16:39:56.803+0000] {logging_mixin.py:190} INFO - [2026-07-09T16:39:56.802+0000] {dag.py:3239} INFO - Sync 1 DAGs
[2026-07-09T16:39:56.835+0000] {logging_mixin.py:190} INFO - [2026-07-09T16:39:56.835+0000] {dag.py:4180} INFO - Setting next_dagrun for 05_sensor to None, run_after=None
[2026-07-09T16:39:56.864+0000] {processor.py:208} INFO - Processing /opt/airflow/dags/05_sensor.py took 0.172 seconds
[2026-07-09T16:40:27.127+0000] {processor.py:186} INFO - Started process (PID=6239) to work on /opt/airflow/dags/05_sensor.py
[2026-07-09T16:40:27.134+0000] {processor.py:914} INFO - Processing file /opt/airflow/dags/05_sensor.py for tasks to queue
[2026-07-09T16:40:27.147+0000] {logging_mixin.py:190} INFO - [2026-07-09T16:40:27.146+0000] {dagbag.py:588} INFO - Filling up the DagBag from /opt/airflow/dags/05_sensor.py
[2026-07-09T16:40:27.177+0000] {processor.py:925} INFO - DAG(s) '05_sensor' retrieved from /opt/airflow/dags/05_sensor.py
[2026-07-09T16:40:27.222+0000] {logging_mixin.py:190} INFO - [2026-07-09T16:40:27.222+0000] {dag.py:3239} INFO - Sync 1 DAGs
[2026-07-09T16:40:27.238+0000] {logging_mixin.py:190} INFO - [2026-07-09T16:40:27.237+0000] {dag.py:4180} INFO - Setting next_dagrun for 05_sensor to None, run_after=None
[2026-07-09T16:40:27.255+0000] {processor.py:208} INFO - Processing /opt/airflow/dags/05_sensor.py took 0.184 seconds
[2026-07-09T16:40:58.193+0000] {processor.py:186} INFO - Started process (PID=6269) to work on /opt/airflow/dags/05_sensor.py
[2026-07-09T16:40:58.196+0000] {processor.py:914} INFO - Processing file /opt/airflow/dags/05_sensor.py for tasks to queue
[2026-07-09T16:40:58.212+0000] {logging_mixin.py:190} INFO - [2026-07-09T16:40:58.211+0000] {dagbag.py:588} INFO - Filling up the DagBag from /opt/airflow/dags/05_sensor.py
[2026-07-09T16:40:58.281+0000] {processor.py:925} INFO - DAG(s) '05_sensor' retrieved from /opt/airflow/dags/05_sensor.py
[2026-07-09T16:40:58.450+0000] {logging_mixin.py:190} INFO - [2026-07-09T16:40:58.449+0000] {dag.py:3239} INFO - Sync 1 DAGs
[2026-07-09T16:40:58.526+0000] {logging_mixin.py:190} INFO - [2026-07-09T16:40:58.525+0000] {dag.py:4180} INFO - Setting next_dagrun for 05_sensor to None, run_after=None
[2026-07-09T16:40:58.587+0000] {processor.py:208} INFO - Processing /opt/airflow/dags/05_sensor.py took 0.436 seconds
[2026-07-09T16:41:29.430+0000] {processor.py:186} INFO - Started process (PID=6299) to work on /opt/airflow/dags/05_sensor.py
[2026-07-09T16:41:29.432+0000] {processor.py:914} INFO - Processing file /opt/airflow/dags/05_sensor.py for tasks to queue
[2026-07-09T16:41:29.435+0000] {logging_mixin.py:190} INFO - [2026-07-09T16:41:29.434+0000] {dagbag.py:588} INFO - Filling up the DagBag from /opt/airflow/dags/05_sensor.py
[2026-07-09T16:41:29.449+0000] {processor.py:925} INFO - DAG(s) '05_sensor' retrieved from /opt/airflow/dags/05_sensor.py
[2026-07-09T16:41:29.498+0000] {logging_mixin.py:190} INFO - [2026-07-09T16:41:29.497+0000] {dag.py:3239} INFO - Sync 1 DAGs
[2026-07-09T16:41:29.515+0000] {logging_mixin.py:190} INFO - [2026-07-09T16:41:29.514+0000] {dag.py:4180} INFO - Setting next_dagrun for 05_sensor to None, run_after=None
[2026-07-09T16:41:29.535+0000] {processor.py:208} INFO - Processing /opt/airflow/dags/05_sensor.py took 0.121 seconds
[2026-07-09T16:42:00.482+0000] {processor.py:186} INFO - Started process (PID=6329) to work on /opt/airflow/dags/05_sensor.py
[2026-07-09T16:42:00.486+0000] {processor.py:914} INFO - Processing file /opt/airflow/dags/05_sensor.py for tasks to queue
[2026-07-09T16:42:00.502+0000] {logging_mixin.py:190} INFO - [2026-07-09T16:42:00.500+0000] {dagbag.py:588} INFO - Filling up the DagBag from /opt/airflow/dags/05_sensor.py
[2026-07-09T16:42:00.554+0000] {processor.py:925} INFO - DAG(s) '05_sensor' retrieved from /opt/airflow/dags/05_sensor.py
[2026-07-09T16:42:00.723+0000] {logging_mixin.py:190} INFO - [2026-07-09T16:42:00.722+0000] {dag.py:3239} INFO - Sync 1 DAGs
[2026-07-09T16:42:00.798+0000] {logging_mixin.py:190} INFO - [2026-07-09T16:42:00.797+0000] {dag.py:4180} INFO - Setting next_dagrun for 05_sensor to None, run_after=None
[2026-07-09T16:42:00.880+0000] {processor.py:208} INFO - Processing /opt/airflow/dags/05_sensor.py took 0.446 seconds
[2026-07-09T16:42:31.854+0000] {processor.py:186} INFO - Started process (PID=6359) to work on /opt/airflow/dags/05_sensor.py
[2026-07-09T16:42:31.858+0000] {processor.py:914} INFO - Processing file /opt/airflow/dags/05_sensor.py for tasks to queue
[2026-07-09T16:42:31.865+0000] {logging_mixin.py:190} INFO - [2026-07-09T16:42:31.864+0000] {dagbag.py:588} INFO - Filling up the DagBag from /opt/airflow/dags/05_sensor.py
[2026-07-09T16:42:31.883+0000] {processor.py:925} INFO - DAG(s) '05_sensor' retrieved from /opt/airflow/dags/05_sensor.py
[2026-07-09T16:42:31.923+0000] {logging_mixin.py:190} INFO - [2026-07-09T16:42:31.923+0000] {dag.py:3239} INFO - Sync 1 DAGs
[2026-07-09T16:42:31.942+0000] {logging_mixin.py:190} INFO - [2026-07-09T16:42:31.941+0000] {dag.py:4180} INFO - Setting next_dagrun for 05_sensor to None, run_after=None
[2026-07-09T16:42:31.961+0000] {processor.py:208} INFO - Processing /opt/airflow/dags/05_sensor.py took 0.138 seconds
[2026-07-09T16:43:02.971+0000] {processor.py:186} INFO - Started process (PID=6389) to work on /opt/airflow/dags/05_sensor.py
[2026-07-09T16:43:02.975+0000] {processor.py:914} INFO - Processing file /opt/airflow/dags/05_sensor.py for tasks to queue
[2026-07-09T16:43:02.988+0000] {logging_mixin.py:190} INFO - [2026-07-09T16:43:02.987+0000] {dagbag.py:588} INFO - Filling up the DagBag from /opt/airflow/dags/05_sensor.py
[2026-07-09T16:43:03.020+0000] {processor.py:925} INFO - DAG(s) '05_sensor' retrieved from /opt/airflow/dags/05_sensor.py
[2026-07-09T16:43:03.065+0000] {logging_mixin.py:190} INFO - [2026-07-09T16:43:03.065+0000] {dag.py:3239} INFO - Sync 1 DAGs
[2026-07-09T16:43:03.083+0000] {logging_mixin.py:190} INFO - [2026-07-09T16:43:03.082+0000] {dag.py:4180} INFO - Setting next_dagrun for 05_sensor to None, run_after=None
[2026-07-09T16:43:03.105+0000] {processor.py:208} INFO - Processing /opt/airflow/dags/05_sensor.py took 0.180 seconds
[2026-07-09T16:43:33.585+0000] {processor.py:186} INFO - Started process (PID=6419) to work on /opt/airflow/dags/05_sensor.py
[2026-07-09T16:43:33.590+0000] {processor.py:914} INFO - Processing file /opt/airflow/dags/05_sensor.py for tasks to queue
[2026-07-09T16:43:33.606+0000] {logging_mixin.py:190} INFO - [2026-07-09T16:43:33.605+0000] {dagbag.py:588} INFO - Filling up the DagBag from /opt/airflow/dags/05_sensor.py
[2026-07-09T16:43:33.645+0000] {processor.py:925} INFO - DAG(s) '05_sensor' retrieved from /opt/airflow/dags/05_sensor.py
[2026-07-09T16:43:33.711+0000] {logging_mixin.py:190} INFO - [2026-07-09T16:43:33.711+0000] {dag.py:3239} INFO - Sync 1 DAGs
[2026-07-09T16:43:33.737+0000] {logging_mixin.py:190} INFO - [2026-07-09T16:43:33.737+0000] {dag.py:4180} INFO - Setting next_dagrun for 05_sensor to None, run_after=None
[2026-07-09T16:43:33.761+0000] {processor.py:208} INFO - Processing /opt/airflow/dags/05_sensor.py took 0.215 seconds
[2026-07-09T16:44:03.880+0000] {processor.py:186} INFO - Started process (PID=6449) to work on /opt/airflow/dags/05_sensor.py
[2026-07-09T16:44:03.881+0000] {processor.py:914} INFO - Processing file /opt/airflow/dags/05_sensor.py for tasks to queue
[2026-07-09T16:44:03.884+0000] {logging_mixin.py:190} INFO - [2026-07-09T16:44:03.884+0000] {dagbag.py:588} INFO - Filling up the DagBag from /opt/airflow/dags/05_sensor.py
[2026-07-09T16:44:03.897+0000] {processor.py:925} INFO - DAG(s) '05_sensor' retrieved from /opt/airflow/dags/05_sensor.py
[2026-07-09T16:44:03.951+0000] {logging_mixin.py:190} INFO - [2026-07-09T16:44:03.951+0000] {dag.py:3239} INFO - Sync 1 DAGs
[2026-07-09T16:44:03.970+0000] {logging_mixin.py:190} INFO - [2026-07-09T16:44:03.970+0000] {dag.py:4180} INFO - Setting next_dagrun for 05_sensor to None, run_after=None
[2026-07-09T16:44:03.992+0000] {processor.py:208} INFO - Processing /opt/airflow/dags/05_sensor.py took 0.121 seconds
[2026-07-09T16:44:34.325+0000] {processor.py:186} INFO - Started process (PID=6479) to work on /opt/airflow/dags/05_sensor.py
[2026-07-09T16:44:34.329+0000] {processor.py:914} INFO - Processing file /opt/airflow/dags/05_sensor.py for tasks to queue
[2026-07-09T16:44:34.341+0000] {logging_mixin.py:190} INFO - [2026-07-09T16:44:34.340+0000] {dagbag.py:588} INFO - Filling up the DagBag from /opt/airflow/dags/05_sensor.py
[2026-07-09T16:44:34.379+0000] {processor.py:925} INFO - DAG(s) '05_sensor' retrieved from /opt/airflow/dags/05_sensor.py
[2026-07-09T16:44:34.443+0000] {logging_mixin.py:190} INFO - [2026-07-09T16:44:34.443+0000] {dag.py:3239} INFO - Sync 1 DAGs
[2026-07-09T16:44:34.470+0000] {logging_mixin.py:190} INFO - [2026-07-09T16:44:34.470+0000] {dag.py:4180} INFO - Setting next_dagrun for 05_sensor to None, run_after=None
[2026-07-09T16:44:34.499+0000] {processor.py:208} INFO - Processing /opt/airflow/dags/05_sensor.py took 0.208 seconds
[2026-07-09T16:45:04.605+0000] {processor.py:186} INFO - Started process (PID=6509) to work on /opt/airflow/dags/05_sensor.py
[2026-07-09T16:45:04.608+0000] {processor.py:914} INFO - Processing file /opt/airflow/dags/05_sensor.py for tasks to queue
[2026-07-09T16:45:04.614+0000] {logging_mixin.py:190} INFO - [2026-07-09T16:45:04.613+0000] {dagbag.py:588} INFO - Filling up the DagBag from /opt/airflow/dags/05_sensor.py
[2026-07-09T16:45:04.640+0000] {processor.py:925} INFO - DAG(s) '05_sensor' retrieved from /opt/airflow/dags/05_sensor.py
[2026-07-09T16:45:04.725+0000] {logging_mixin.py:190} INFO - [2026-07-09T16:45:04.725+0000] {dag.py:3239} INFO - Sync 1 DAGs
[2026-07-09T16:45:04.768+0000] {logging_mixin.py:190} INFO - [2026-07-09T16:45:04.768+0000] {dag.py:4180} INFO - Setting next_dagrun for 05_sensor to None, run_after=None
[2026-07-09T16:45:04.814+0000] {processor.py:208} INFO - Processing /opt/airflow/dags/05_sensor.py took 0.226 seconds
[2026-07-09T16:45:35.147+0000] {processor.py:186} INFO - Started process (PID=6539) to work on /opt/airflow/dags/05_sensor.py
[2026-07-09T16:45:35.152+0000] {processor.py:914} INFO - Processing file /opt/airflow/dags/05_sensor.py for tasks to queue
[2026-07-09T16:45:35.162+0000] {logging_mixin.py:190} INFO - [2026-07-09T16:45:35.161+0000] {dagbag.py:588} INFO - Filling up the DagBag from /opt/airflow/dags/05_sensor.py
[2026-07-09T16:45:35.181+0000] {processor.py:925} INFO - DAG(s) '05_sensor' retrieved from /opt/airflow/dags/05_sensor.py
[2026-07-09T16:45:35.239+0000] {logging_mixin.py:190} INFO - [2026-07-09T16:45:35.238+0000] {dag.py:3239} INFO - Sync 1 DAGs
[2026-07-09T16:45:35.262+0000] {logging_mixin.py:190} INFO - [2026-07-09T16:45:35.262+0000] {dag.py:4180} INFO - Setting next_dagrun for 05_sensor to None, run_after=None
[2026-07-09T16:45:35.302+0000] {processor.py:208} INFO - Processing /opt/airflow/dags/05_sensor.py took 0.204 seconds
[2026-07-09T16:46:05.525+0000] {processor.py:186} INFO - Started process (PID=6569) to work on /opt/airflow/dags/05_sensor.py
[2026-07-09T16:46:05.528+0000] {processor.py:914} INFO - Processing file /opt/airflow/dags/05_sensor.py for tasks to queue
[2026-07-09T16:46:05.534+0000] {logging_mixin.py:190} INFO - [2026-07-09T16:46:05.534+0000] {dagbag.py:588} INFO - Filling up the DagBag from /opt/airflow/dags/05_sensor.py
[2026-07-09T16:46:05.551+0000] {processor.py:925} INFO - DAG(s) '05_sensor' retrieved from /opt/airflow/dags/05_sensor.py
[2026-07-09T16:46:05.592+0000] {logging_mixin.py:190} INFO - [2026-07-09T16:46:05.591+0000] {dag.py:3239} INFO - Sync 1 DAGs
[2026-07-09T16:46:05.609+0000] {logging_mixin.py:190} INFO - [2026-07-09T16:46:05.608+0000] {dag.py:4180} INFO - Setting next_dagrun for 05_sensor to None, run_after=None
[2026-07-09T16:46:05.628+0000] {processor.py:208} INFO - Processing /opt/airflow/dags/05_sensor.py took 0.134 seconds
[2026-07-09T16:46:36.596+0000] {processor.py:186} INFO - Started process (PID=6599) to work on /opt/airflow/dags/05_sensor.py
[2026-07-09T16:46:36.601+0000] {processor.py:914} INFO - Processing file /opt/airflow/dags/05_sensor.py for tasks to queue
[2026-07-09T16:46:36.616+0000] {logging_mixin.py:190} INFO - [2026-07-09T16:46:36.614+0000] {dagbag.py:588} INFO - Filling up the DagBag from /opt/airflow/dags/05_sensor.py
[2026-07-09T16:46:36.662+0000] {processor.py:925} INFO - DAG(s) '05_sensor' retrieved from /opt/airflow/dags/05_sensor.py
[2026-07-09T16:46:36.834+0000] {logging_mixin.py:190} INFO - [2026-07-09T16:46:36.833+0000] {dag.py:3239} INFO - Sync 1 DAGs
[2026-07-09T16:46:36.904+0000] {logging_mixin.py:190} INFO - [2026-07-09T16:46:36.903+0000] {dag.py:4180} INFO - Setting next_dagrun for 05_sensor to None, run_after=None
[2026-07-09T16:46:36.984+0000] {processor.py:208} INFO - Processing /opt/airflow/dags/05_sensor.py took 0.428 seconds
[2026-07-09T16:47:07.935+0000] {processor.py:186} INFO - Started process (PID=6629) to work on /opt/airflow/dags/05_sensor.py
[2026-07-09T16:47:07.937+0000] {processor.py:914} INFO - Processing file /opt/airflow/dags/05_sensor.py for tasks to queue
[2026-07-09T16:47:07.942+0000] {logging_mixin.py:190} INFO - [2026-07-09T16:47:07.941+0000] {dagbag.py:588} INFO - Filling up the DagBag from /opt/airflow/dags/05_sensor.py
[2026-07-09T16:47:07.952+0000] {processor.py:925} INFO - DAG(s) '05_sensor' retrieved from /opt/airflow/dags/05_sensor.py
[2026-07-09T16:47:07.987+0000] {logging_mixin.py:190} INFO - [2026-07-09T16:47:07.987+0000] {dag.py:3239} INFO - Sync 1 DAGs
[2026-07-09T16:47:08.003+0000] {logging_mixin.py:190} INFO - [2026-07-09T16:47:08.002+0000] {dag.py:4180} INFO - Setting next_dagrun for 05_sensor to None, run_after=None
[2026-07-09T16:47:08.031+0000] {processor.py:208} INFO - Processing /opt/airflow/dags/05_sensor.py took 0.105 seconds
[2026-07-09T16:47:38.146+0000] {processor.py:186} INFO - Started process (PID=6659) to work on /opt/airflow/dags/05_sensor.py
[2026-07-09T16:47:38.149+0000] {processor.py:914} INFO - Processing file /opt/airflow/dags/05_sensor.py for tasks to queue
[2026-07-09T16:47:38.158+0000] {logging_mixin.py:190} INFO - [2026-07-09T16:47:38.157+0000] {dagbag.py:588} INFO - Filling up the DagBag from /opt/airflow/dags/05_sensor.py
[2026-07-09T16:47:38.181+0000] {processor.py:925} INFO - DAG(s) '05_sensor' retrieved from /opt/airflow/dags/05_sensor.py
[2026-07-09T16:47:38.241+0000] {logging_mixin.py:190} INFO - [2026-07-09T16:47:38.240+0000] {dag.py:3239} INFO - Sync 1 DAGs
[2026-07-09T16:47:38.267+0000] {logging_mixin.py:190} INFO - [2026-07-09T16:47:38.267+0000] {dag.py:4180} INFO - Setting next_dagrun for 05_sensor to None, run_after=None
[2026-07-09T16:47:38.299+0000] {processor.py:208} INFO - Processing /opt/airflow/dags/05_sensor.py took 0.179 seconds
[2026-07-09T16:48:08.525+0000] {processor.py:186} INFO - Started process (PID=6689) to work on /opt/airflow/dags/05_sensor.py
[2026-07-09T16:48:08.529+0000] {processor.py:914} INFO - Processing file /opt/airflow/dags/05_sensor.py for tasks to queue
[2026-07-09T16:48:08.534+0000] {logging_mixin.py:190} INFO - [2026-07-09T16:48:08.533+0000] {dagbag.py:588} INFO - Filling up the DagBag from /opt/airflow/dags/05_sensor.py
[2026-07-09T16:48:08.550+0000] {processor.py:925} INFO - DAG(s) '05_sensor' retrieved from /opt/airflow/dags/05_sensor.py
[2026-07-09T16:48:08.610+0000] {logging_mixin.py:190} INFO - [2026-07-09T16:48:08.610+0000] {dag.py:3239} INFO - Sync 1 DAGs
[2026-07-09T16:48:08.635+0000] {logging_mixin.py:190} INFO - [2026-07-09T16:48:08.635+0000] {dag.py:4180} INFO - Setting next_dagrun for 05_sensor to None, run_after=None
[2026-07-09T16:48:08.656+0000] {processor.py:208} INFO - Processing /opt/airflow/dags/05_sensor.py took 0.143 seconds
[2026-07-09T16:48:39.412+0000] {processor.py:186} INFO - Started process (PID=6725) to work on /opt/airflow/dags/05_sensor.py
[2026-07-09T16:48:39.416+0000] {processor.py:914} INFO - Processing file /opt/airflow/dags/05_sensor.py for tasks to queue
[2026-07-09T16:48:39.428+0000] {logging_mixin.py:190} INFO - [2026-07-09T16:48:39.426+0000] {dagbag.py:588} INFO - Filling up the DagBag from /opt/airflow/dags/05_sensor.py
[2026-07-09T16:48:39.461+0000] {processor.py:925} INFO - DAG(s) '05_sensor' retrieved from /opt/airflow/dags/05_sensor.py
[2026-07-09T16:48:39.513+0000] {logging_mixin.py:190} INFO - [2026-07-09T16:48:39.512+0000] {dag.py:3239} INFO - Sync 1 DAGs
[2026-07-09T16:48:39.536+0000] {logging_mixin.py:190} INFO - [2026-07-09T16:48:39.535+0000] {dag.py:4180} INFO - Setting next_dagrun for 05_sensor to None, run_after=None
[2026-07-09T16:48:39.564+0000] {processor.py:208} INFO - Processing /opt/airflow/dags/05_sensor.py took 0.184 seconds
[2026-07-09T16:49:10.545+0000] {processor.py:186} INFO - Started process (PID=6755) to work on /opt/airflow/dags/05_sensor.py
[2026-07-09T16:49:10.547+0000] {processor.py:914} INFO - Processing file /opt/airflow/dags/05_sensor.py for tasks to queue
[2026-07-09T16:49:10.552+0000] {logging_mixin.py:190} INFO - [2026-07-09T16:49:10.552+0000] {dagbag.py:588} INFO - Filling up the DagBag from /opt/airflow/dags/05_sensor.py
[2026-07-09T16:49:10.565+0000] {processor.py:925} INFO - DAG(s) '05_sensor' retrieved from /opt/airflow/dags/05_sensor.py
[2026-07-09T16:49:10.607+0000] {logging_mixin.py:190} INFO - [2026-07-09T16:49:10.607+0000] {dag.py:3239} INFO - Sync 1 DAGs
[2026-07-09T16:49:10.624+0000] {logging_mixin.py:190} INFO - [2026-07-09T16:49:10.623+0000] {dag.py:4180} INFO - Setting next_dagrun for 05_sensor to None, run_after=None
[2026-07-09T16:49:10.653+0000] {processor.py:208} INFO - Processing /opt/airflow/dags/05_sensor.py took 0.134 seconds
[2026-07-09T16:49:40.859+0000] {processor.py:186} INFO - Started process (PID=6785) to work on /opt/airflow/dags/05_sensor.py
[2026-07-09T16:49:40.864+0000] {processor.py:914} INFO - Processing file /opt/airflow/dags/05_sensor.py for tasks to queue
[2026-07-09T16:49:40.876+0000] {logging_mixin.py:190} INFO - [2026-07-09T16:49:40.874+0000] {dagbag.py:588} INFO - Filling up the DagBag from /opt/airflow/dags/05_sensor.py
[2026-07-09T16:49:40.911+0000] {processor.py:925} INFO - DAG(s) '05_sensor' retrieved from /opt/airflow/dags/05_sensor.py
[2026-07-09T16:49:40.961+0000] {logging_mixin.py:190} INFO - [2026-07-09T16:49:40.961+0000] {dag.py:3239} INFO - Sync 1 DAGs
[2026-07-09T16:49:40.980+0000] {logging_mixin.py:190} INFO - [2026-07-09T16:49:40.980+0000] {dag.py:4180} INFO - Setting next_dagrun for 05_sensor to None, run_after=None
[2026-07-09T16:49:41.004+0000] {processor.py:208} INFO - Processing /opt/airflow/dags/05_sensor.py took 0.177 seconds
[2026-07-09T16:50:11.307+0000] {processor.py:186} INFO - Started process (PID=6815) to work on /opt/airflow/dags/05_sensor.py
[2026-07-09T16:50:11.312+0000] {processor.py:914} INFO - Processing file /opt/airflow/dags/05_sensor.py for tasks to queue
[2026-07-09T16:50:11.325+0000] {logging_mixin.py:190} INFO - [2026-07-09T16:50:11.323+0000] {dagbag.py:588} INFO - Filling up the DagBag from /opt/airflow/dags/05_sensor.py
[2026-07-09T16:50:11.373+0000] {processor.py:925} INFO - DAG(s) '05_sensor' retrieved from /opt/airflow/dags/05_sensor.py
[2026-07-09T16:50:11.426+0000] {logging_mixin.py:190} INFO - [2026-07-09T16:50:11.426+0000] {dag.py:3239} INFO - Sync 1 DAGs
[2026-07-09T16:50:11.441+0000] {logging_mixin.py:190} INFO - [2026-07-09T16:50:11.441+0000] {dag.py:4180} INFO - Setting next_dagrun for 05_sensor to None, run_after=None
[2026-07-09T16:50:11.460+0000] {processor.py:208} INFO - Processing /opt/airflow/dags/05_sensor.py took 0.189 seconds
[2026-07-09T16:50:41.707+0000] {processor.py:186} INFO - Started process (PID=6845) to work on /opt/airflow/dags/05_sensor.py
[2026-07-09T16:50:41.709+0000] {processor.py:914} INFO - Processing file /opt/airflow/dags/05_sensor.py for tasks to queue
[2026-07-09T16:50:41.715+0000] {logging_mixin.py:190} INFO - [2026-07-09T16:50:41.714+0000] {dagbag.py:588} INFO - Filling up the DagBag from /opt/airflow/dags/05_sensor.py
[2026-07-09T16:50:41.727+0000] {processor.py:925} INFO - DAG(s) '05_sensor' retrieved from /opt/airflow/dags/05_sensor.py
[2026-07-09T16:50:41.767+0000] {logging_mixin.py:190} INFO - [2026-07-09T16:50:41.766+0000] {dag.py:3239} INFO - Sync 1 DAGs
[2026-07-09T16:50:41.783+0000] {logging_mixin.py:190} INFO - [2026-07-09T16:50:41.782+0000] {dag.py:4180} INFO - Setting next_dagrun for 05_sensor to None, run_after=None
[2026-07-09T16:50:41.800+0000] {processor.py:208} INFO - Processing /opt/airflow/dags/05_sensor.py took 0.111 seconds
[2026-07-09T16:51:12.621+0000] {processor.py:186} INFO - Started process (PID=6875) to work on /opt/airflow/dags/05_sensor.py
[2026-07-09T16:51:12.626+0000] {processor.py:914} INFO - Processing file /opt/airflow/dags/05_sensor.py for tasks to queue
[2026-07-09T16:51:12.642+0000] {logging_mixin.py:190} INFO - [2026-07-09T16:51:12.640+0000] {dagbag.py:588} INFO - Filling up the DagBag from /opt/airflow/dags/05_sensor.py
[2026-07-09T16:51:12.688+0000] {processor.py:925} INFO - DAG(s) '05_sensor' retrieved from /opt/airflow/dags/05_sensor.py
[2026-07-09T16:51:12.835+0000] {logging_mixin.py:190} INFO - [2026-07-09T16:51:12.834+0000] {dag.py:3239} INFO - Sync 1 DAGs
[2026-07-09T16:51:12.911+0000] {logging_mixin.py:190} INFO - [2026-07-09T16:51:12.910+0000] {dag.py:4180} INFO - Setting next_dagrun for 05_sensor to None, run_after=None
[2026-07-09T16:51:12.971+0000] {processor.py:208} INFO - Processing /opt/airflow/dags/05_sensor.py took 0.383 seconds
[2026-07-09T16:51:43.125+0000] {processor.py:186} INFO - Started process (PID=6905) to work on /opt/airflow/dags/05_sensor.py
[2026-07-09T16:51:43.131+0000] {processor.py:914} INFO - Processing file /opt/airflow/dags/05_sensor.py for tasks to queue
[2026-07-09T16:51:43.148+0000] {logging_mixin.py:190} INFO - [2026-07-09T16:51:43.146+0000] {dagbag.py:588} INFO - Filling up the DagBag from /opt/airflow/dags/05_sensor.py
[2026-07-09T16:51:43.180+0000] {processor.py:925} INFO - DAG(s) '05_sensor' retrieved from /opt/airflow/dags/05_sensor.py
[2026-07-09T16:51:43.245+0000] {logging_mixin.py:190} INFO - [2026-07-09T16:51:43.244+0000] {dag.py:3239} INFO - Sync 1 DAGs
[2026-07-09T16:51:43.273+0000] {logging_mixin.py:190} INFO - [2026-07-09T16:51:43.273+0000] {dag.py:4180} INFO - Setting next_dagrun for 05_sensor to None, run_after=None
[2026-07-09T16:51:43.311+0000] {processor.py:208} INFO - Processing /opt/airflow/dags/05_sensor.py took 0.224 seconds
[2026-07-09T16:52:13.666+0000] {processor.py:186} INFO - Started process (PID=6935) to work on /opt/airflow/dags/05_sensor.py
[2026-07-09T16:52:13.671+0000] {processor.py:914} INFO - Processing file /opt/airflow/dags/05_sensor.py for tasks to queue
[2026-07-09T16:52:13.678+0000] {logging_mixin.py:190} INFO - [2026-07-09T16:52:13.677+0000] {dagbag.py:588} INFO - Filling up the DagBag from /opt/airflow/dags/05_sensor.py
[2026-07-09T16:52:13.695+0000] {processor.py:925} INFO - DAG(s) '05_sensor' retrieved from /opt/airflow/dags/05_sensor.py
[2026-07-09T16:52:13.738+0000] {logging_mixin.py:190} INFO - [2026-07-09T16:52:13.738+0000] {dag.py:3239} INFO - Sync 1 DAGs
[2026-07-09T16:52:13.754+0000] {logging_mixin.py:190} INFO - [2026-07-09T16:52:13.754+0000] {dag.py:4180} INFO - Setting next_dagrun for 05_sensor to None, run_after=None
[2026-07-09T16:52:13.773+0000] {processor.py:208} INFO - Processing /opt/airflow/dags/05_sensor.py took 0.141 seconds
[2026-07-09T16:52:44.652+0000] {processor.py:186} INFO - Started process (PID=6965) to work on /opt/airflow/dags/05_sensor.py
[2026-07-09T16:52:44.656+0000] {processor.py:914} INFO - Processing file /opt/airflow/dags/05_sensor.py for tasks to queue
[2026-07-09T16:52:44.669+0000] {logging_mixin.py:190} INFO - [2026-07-09T16:52:44.667+0000] {dagbag.py:588} INFO - Filling up the DagBag from /opt/airflow/dags/05_sensor.py
[2026-07-09T16:52:44.694+0000] {processor.py:925} INFO - DAG(s) '05_sensor' retrieved from /opt/airflow/dags/05_sensor.py
[2026-07-09T16:52:44.771+0000] {logging_mixin.py:190} INFO - [2026-07-09T16:52:44.771+0000] {dag.py:3239} INFO - Sync 1 DAGs
[2026-07-09T16:52:44.804+0000] {logging_mixin.py:190} INFO - [2026-07-09T16:52:44.804+0000] {dag.py:4180} INFO - Setting next_dagrun for 05_sensor to None, run_after=None
[2026-07-09T16:52:44.839+0000] {processor.py:208} INFO - Processing /opt/airflow/dags/05_sensor.py took 0.224 seconds
[2026-07-09T16:53:15.424+0000] {processor.py:186} INFO - Started process (PID=6995) to work on /opt/airflow/dags/05_sensor.py
[2026-07-09T16:53:15.426+0000] {processor.py:914} INFO - Processing file /opt/airflow/dags/05_sensor.py for tasks to queue
[2026-07-09T16:53:15.429+0000] {logging_mixin.py:190} INFO - [2026-07-09T16:53:15.429+0000] {dagbag.py:588} INFO - Filling up the DagBag from /opt/airflow/dags/05_sensor.py
[2026-07-09T16:53:15.441+0000] {processor.py:925} INFO - DAG(s) '05_sensor' retrieved from /opt/airflow/dags/05_sensor.py
[2026-07-09T16:53:15.477+0000] {logging_mixin.py:190} INFO - [2026-07-09T16:53:15.477+0000] {dag.py:3239} INFO - Sync 1 DAGs
[2026-07-09T16:53:15.496+0000] {logging_mixin.py:190} INFO - [2026-07-09T16:53:15.496+0000] {dag.py:4180} INFO - Setting next_dagrun for 05_sensor to None, run_after=None
[2026-07-09T16:53:15.520+0000] {processor.py:208} INFO - Processing /opt/airflow/dags/05_sensor.py took 0.104 seconds
[2026-07-09T16:53:46.063+0000] {processor.py:186} INFO - Started process (PID=7025) to work on /opt/airflow/dags/05_sensor.py
[2026-07-09T16:53:46.064+0000] {processor.py:914} INFO - Processing file /opt/airflow/dags/05_sensor.py for tasks to queue
[2026-07-09T16:53:46.067+0000] {logging_mixin.py:190} INFO - [2026-07-09T16:53:46.066+0000] {dagbag.py:588} INFO - Filling up the DagBag from /opt/airflow/dags/05_sensor.py
[2026-07-09T16:53:46.078+0000] {processor.py:925} INFO - DAG(s) '05_sensor' retrieved from /opt/airflow/dags/05_sensor.py
[2026-07-09T16:53:46.120+0000] {logging_mixin.py:190} INFO - [2026-07-09T16:53:46.120+0000] {dag.py:3239} INFO - Sync 1 DAGs
[2026-07-09T16:53:46.137+0000] {logging_mixin.py:190} INFO - [2026-07-09T16:53:46.136+0000] {dag.py:4180} INFO - Setting next_dagrun for 05_sensor to None, run_after=None
[2026-07-09T16:53:46.156+0000] {processor.py:208} INFO - Processing /opt/airflow/dags/05_sensor.py took 0.102 seconds
[2026-07-09T16:54:16.656+0000] {processor.py:186} INFO - Started process (PID=7055) to work on /opt/airflow/dags/05_sensor.py
[2026-07-09T16:54:16.657+0000] {processor.py:914} INFO - Processing file /opt/airflow/dags/05_sensor.py for tasks to queue
[2026-07-09T16:54:16.660+0000] {logging_mixin.py:190} INFO - [2026-07-09T16:54:16.660+0000] {dagbag.py:588} INFO - Filling up the DagBag from /opt/airflow/dags/05_sensor.py
[2026-07-09T16:54:16.671+0000] {processor.py:925} INFO - DAG(s) '05_sensor' retrieved from /opt/airflow/dags/05_sensor.py
[2026-07-09T16:54:16.712+0000] {logging_mixin.py:190} INFO - [2026-07-09T16:54:16.712+0000] {dag.py:3239} INFO - Sync 1 DAGs
[2026-07-09T16:54:16.729+0000] {logging_mixin.py:190} INFO - [2026-07-09T16:54:16.729+0000] {dag.py:4180} INFO - Setting next_dagrun for 05_sensor to None, run_after=None
[2026-07-09T16:54:16.750+0000] {processor.py:208} INFO - Processing /opt/airflow/dags/05_sensor.py took 0.102 seconds
[2026-07-09T16:54:47.714+0000] {processor.py:186} INFO - Started process (PID=7085) to work on /opt/airflow/dags/05_sensor.py
[2026-07-09T16:54:47.720+0000] {processor.py:914} INFO - Processing file /opt/airflow/dags/05_sensor.py for tasks to queue
[2026-07-09T16:54:47.737+0000] {logging_mixin.py:190} INFO - [2026-07-09T16:54:47.735+0000] {dagbag.py:588} INFO - Filling up the DagBag from /opt/airflow/dags/05_sensor.py
[2026-07-09T16:54:47.780+0000] {processor.py:925} INFO - DAG(s) '05_sensor' retrieved from /opt/airflow/dags/05_sensor.py
[2026-07-09T16:54:47.924+0000] {logging_mixin.py:190} INFO - [2026-07-09T16:54:47.924+0000] {dag.py:3239} INFO - Sync 1 DAGs
[2026-07-09T16:54:47.949+0000] {logging_mixin.py:190} INFO - [2026-07-09T16:54:47.949+0000] {dag.py:4180} INFO - Setting next_dagrun for 05_sensor to None, run_after=None
[2026-07-09T16:54:47.972+0000] {processor.py:208} INFO - Processing /opt/airflow/dags/05_sensor.py took 0.300 seconds
[2026-07-09T16:55:18.806+0000] {processor.py:186} INFO - Started process (PID=7115) to work on /opt/airflow/dags/05_sensor.py
[2026-07-09T16:55:18.810+0000] {processor.py:914} INFO - Processing file /opt/airflow/dags/05_sensor.py for tasks to queue
[2026-07-09T16:55:18.819+0000] {logging_mixin.py:190} INFO - [2026-07-09T16:55:18.818+0000] {dagbag.py:588} INFO - Filling up the DagBag from /opt/airflow/dags/05_sensor.py
[2026-07-09T16:55:18.845+0000] {processor.py:925} INFO - DAG(s) '05_sensor' retrieved from /opt/airflow/dags/05_sensor.py
[2026-07-09T16:55:18.895+0000] {logging_mixin.py:190} INFO - [2026-07-09T16:55:18.894+0000] {dag.py:3239} INFO - Sync 1 DAGs
[2026-07-09T16:55:18.911+0000] {logging_mixin.py:190} INFO - [2026-07-09T16:55:18.911+0000] {dag.py:4180} INFO - Setting next_dagrun for 05_sensor to None, run_after=None
[2026-07-09T16:55:18.934+0000] {processor.py:208} INFO - Processing /opt/airflow/dags/05_sensor.py took 0.148 seconds
[2026-07-09T16:55:49.127+0000] {processor.py:186} INFO - Started process (PID=7145) to work on /opt/airflow/dags/05_sensor.py
[2026-07-09T16:55:49.131+0000] {processor.py:914} INFO - Processing file /opt/airflow/dags/05_sensor.py for tasks to queue
[2026-07-09T16:55:49.142+0000] {logging_mixin.py:190} INFO - [2026-07-09T16:55:49.141+0000] {dagbag.py:588} INFO - Filling up the DagBag from /opt/airflow/dags/05_sensor.py
[2026-07-09T16:55:49.181+0000] {processor.py:925} INFO - DAG(s) '05_sensor' retrieved from /opt/airflow/dags/05_sensor.py
[2026-07-09T16:55:49.238+0000] {logging_mixin.py:190} INFO - [2026-07-09T16:55:49.238+0000] {dag.py:3239} INFO - Sync 1 DAGs
[2026-07-09T16:55:49.257+0000] {logging_mixin.py:190} INFO - [2026-07-09T16:55:49.257+0000] {dag.py:4180} INFO - Setting next_dagrun for 05_sensor to None, run_after=None
[2026-07-09T16:55:49.276+0000] {processor.py:208} INFO - Processing /opt/airflow/dags/05_sensor.py took 0.192 seconds
[2026-07-09T16:56:20.194+0000] {processor.py:186} INFO - Started process (PID=7175) to work on /opt/airflow/dags/05_sensor.py
[2026-07-09T16:56:20.196+0000] {processor.py:914} INFO - Processing file /opt/airflow/dags/05_sensor.py for tasks to queue
[2026-07-09T16:56:20.199+0000] {logging_mixin.py:190} INFO - [2026-07-09T16:56:20.199+0000] {dagbag.py:588} INFO - Filling up the DagBag from /opt/airflow/dags/05_sensor.py
[2026-07-09T16:56:20.209+0000] {processor.py:925} INFO - DAG(s) '05_sensor' retrieved from /opt/airflow/dags/05_sensor.py
[2026-07-09T16:56:20.251+0000] {logging_mixin.py:190} INFO - [2026-07-09T16:56:20.251+0000] {dag.py:3239} INFO - Sync 1 DAGs
[2026-07-09T16:56:20.268+0000] {logging_mixin.py:190} INFO - [2026-07-09T16:56:20.267+0000] {dag.py:4180} INFO - Setting next_dagrun for 05_sensor to None, run_after=None
[2026-07-09T16:56:20.287+0000] {processor.py:208} INFO - Processing /opt/airflow/dags/05_sensor.py took 0.099 seconds
[2026-07-09T16:56:51.221+0000] {processor.py:186} INFO - Started process (PID=7205) to work on /opt/airflow/dags/05_sensor.py
[2026-07-09T16:56:51.225+0000] {processor.py:914} INFO - Processing file /opt/airflow/dags/05_sensor.py for tasks to queue
[2026-07-09T16:56:51.242+0000] {logging_mixin.py:190} INFO - [2026-07-09T16:56:51.239+0000] {dagbag.py:588} INFO - Filling up the DagBag from /opt/airflow/dags/05_sensor.py
[2026-07-09T16:56:51.277+0000] {processor.py:925} INFO - DAG(s) '05_sensor' retrieved from /opt/airflow/dags/05_sensor.py
[2026-07-09T16:56:51.329+0000] {logging_mixin.py:190} INFO - [2026-07-09T16:56:51.328+0000] {dag.py:3239} INFO - Sync 1 DAGs
[2026-07-09T16:56:51.347+0000] {logging_mixin.py:190} INFO - [2026-07-09T16:56:51.347+0000] {dag.py:4180} INFO - Setting next_dagrun for 05_sensor to None, run_after=None
[2026-07-09T16:56:51.368+0000] {processor.py:208} INFO - Processing /opt/airflow/dags/05_sensor.py took 0.190 seconds
[2026-07-09T16:57:22.006+0000] {processor.py:186} INFO - Started process (PID=7235) to work on /opt/airflow/dags/05_sensor.py
[2026-07-09T16:57:22.008+0000] {processor.py:914} INFO - Processing file /opt/airflow/dags/05_sensor.py for tasks to queue
[2026-07-09T16:57:22.015+0000] {logging_mixin.py:190} INFO - [2026-07-09T16:57:22.013+0000] {dagbag.py:588} INFO - Filling up the DagBag from /opt/airflow/dags/05_sensor.py
[2026-07-09T16:57:22.034+0000] {processor.py:925} INFO - DAG(s) '05_sensor' retrieved from /opt/airflow/dags/05_sensor.py
[2026-07-09T16:57:22.096+0000] {logging_mixin.py:190} INFO - [2026-07-09T16:57:22.096+0000] {dag.py:3239} INFO - Sync 1 DAGs
[2026-07-09T16:57:22.123+0000] {logging_mixin.py:190} INFO - [2026-07-09T16:57:22.123+0000] {dag.py:4180} INFO - Setting next_dagrun for 05_sensor to None, run_after=None
[2026-07-09T16:57:22.156+0000] {processor.py:208} INFO - Processing /opt/airflow/dags/05_sensor.py took 0.164 seconds
[2026-07-09T16:57:52.850+0000] {processor.py:186} INFO - Started process (PID=7265) to work on /opt/airflow/dags/05_sensor.py
[2026-07-09T16:57:52.850+0000] {processor.py:914} INFO - Processing file /opt/airflow/dags/05_sensor.py for tasks to queue
[2026-07-09T16:57:52.853+0000] {logging_mixin.py:190} INFO - [2026-07-09T16:57:52.853+0000] {dagbag.py:588} INFO - Filling up the DagBag from /opt/airflow/dags/05_sensor.py
[2026-07-09T16:57:52.864+0000] {processor.py:925} INFO - DAG(s) '05_sensor' retrieved from /opt/airflow/dags/05_sensor.py
[2026-07-09T16:57:52.903+0000] {logging_mixin.py:190} INFO - [2026-07-09T16:57:52.903+0000] {dag.py:3239} INFO - Sync 1 DAGs
[2026-07-09T16:57:52.920+0000] {logging_mixin.py:190} INFO - [2026-07-09T16:57:52.920+0000] {dag.py:4180} INFO - Setting next_dagrun for 05_sensor to None, run_after=None
[2026-07-09T16:57:52.939+0000] {processor.py:208} INFO - Processing /opt/airflow/dags/05_sensor.py took 0.097 seconds
[2026-07-09T16:58:23.613+0000] {processor.py:186} INFO - Started process (PID=7295) to work on /opt/airflow/dags/05_sensor.py
[2026-07-09T16:58:23.615+0000] {processor.py:914} INFO - Processing file /opt/airflow/dags/05_sensor.py for tasks to queue
[2026-07-09T16:58:23.618+0000] {logging_mixin.py:190} INFO - [2026-07-09T16:58:23.618+0000] {dagbag.py:588} INFO - Filling up the DagBag from /opt/airflow/dags/05_sensor.py
[2026-07-09T16:58:23.629+0000] {processor.py:925} INFO - DAG(s) '05_sensor' retrieved from /opt/airflow/dags/05_sensor.py
[2026-07-09T16:58:23.667+0000] {logging_mixin.py:190} INFO - [2026-07-09T16:58:23.667+0000] {dag.py:3239} INFO - Sync 1 DAGs
[2026-07-09T16:58:23.683+0000] {logging_mixin.py:190} INFO - [2026-07-09T16:58:23.683+0000] {dag.py:4180} INFO - Setting next_dagrun for 05_sensor to None, run_after=None
[2026-07-09T16:58:23.703+0000] {processor.py:208} INFO - Processing /opt/airflow/dags/05_sensor.py took 0.098 seconds
[2026-07-09T16:58:54.459+0000] {processor.py:186} INFO - Started process (PID=7325) to work on /opt/airflow/dags/05_sensor.py
[2026-07-09T16:58:54.460+0000] {processor.py:914} INFO - Processing file /opt/airflow/dags/05_sensor.py for tasks to queue
[2026-07-09T16:58:54.466+0000] {logging_mixin.py:190} INFO - [2026-07-09T16:58:54.465+0000] {dagbag.py:588} INFO - Filling up the DagBag from /opt/airflow/dags/05_sensor.py
[2026-07-09T16:58:54.483+0000] {processor.py:925} INFO - DAG(s) '05_sensor' retrieved from /opt/airflow/dags/05_sensor.py
[2026-07-09T16:58:54.533+0000] {logging_mixin.py:190} INFO - [2026-07-09T16:58:54.533+0000] {dag.py:3239} INFO - Sync 1 DAGs
[2026-07-09T16:58:54.556+0000] {logging_mixin.py:190} INFO - [2026-07-09T16:58:54.556+0000] {dag.py:4180} INFO - Setting next_dagrun for 05_sensor to None, run_after=None
[2026-07-09T16:58:54.582+0000] {processor.py:208} INFO - Processing /opt/airflow/dags/05_sensor.py took 0.149 seconds
[2026-07-09T16:59:25.428+0000] {processor.py:186} INFO - Started process (PID=7355) to work on /opt/airflow/dags/05_sensor.py
[2026-07-09T16:59:25.430+0000] {processor.py:914} INFO - Processing file /opt/airflow/dags/05_sensor.py for tasks to queue
[2026-07-09T16:59:25.433+0000] {logging_mixin.py:190} INFO - [2026-07-09T16:59:25.433+0000] {dagbag.py:588} INFO - Filling up the DagBag from /opt/airflow/dags/05_sensor.py
[2026-07-09T16:59:25.444+0000] {processor.py:925} INFO - DAG(s) '05_sensor' retrieved from /opt/airflow/dags/05_sensor.py
[2026-07-09T16:59:25.481+0000] {logging_mixin.py:190} INFO - [2026-07-09T16:59:25.481+0000] {dag.py:3239} INFO - Sync 1 DAGs
[2026-07-09T16:59:25.497+0000] {logging_mixin.py:190} INFO - [2026-07-09T16:59:25.497+0000] {dag.py:4180} INFO - Setting next_dagrun for 05_sensor to None, run_after=None
[2026-07-09T16:59:25.520+0000] {processor.py:208} INFO - Processing /opt/airflow/dags/05_sensor.py took 0.100 seconds
[2026-07-09T16:59:56.262+0000] {processor.py:186} INFO - Started process (PID=7385) to work on /opt/airflow/dags/05_sensor.py
[2026-07-09T16:59:56.264+0000] {processor.py:914} INFO - Processing file /opt/airflow/dags/05_sensor.py for tasks to queue
[2026-07-09T16:59:56.267+0000] {logging_mixin.py:190} INFO - [2026-07-09T16:59:56.267+0000] {dagbag.py:588} INFO - Filling up the DagBag from /opt/airflow/dags/05_sensor.py
[2026-07-09T16:59:56.278+0000] {processor.py:925} INFO - DAG(s) '05_sensor' retrieved from /opt/airflow/dags/05_sensor.py
[2026-07-09T16:59:56.328+0000] {logging_mixin.py:190} INFO - [2026-07-09T16:59:56.328+0000] {dag.py:3239} INFO - Sync 1 DAGs
[2026-07-09T16:59:56.352+0000] {logging_mixin.py:190} INFO - [2026-07-09T16:59:56.351+0000] {dag.py:4180} INFO - Setting next_dagrun for 05_sensor to None, run_after=None
[2026-07-09T16:59:56.371+0000] {processor.py:208} INFO - Processing /opt/airflow/dags/05_sensor.py took 0.120 seconds
[2026-07-09T17:00:27.414+0000] {processor.py:186} INFO - Started process (PID=7415) to work on /opt/airflow/dags/05_sensor.py
[2026-07-09T17:00:27.417+0000] {processor.py:914} INFO - Processing file /opt/airflow/dags/05_sensor.py for tasks to queue
[2026-07-09T17:00:27.423+0000] {logging_mixin.py:190} INFO - [2026-07-09T17:00:27.423+0000] {dagbag.py:588} INFO - Filling up the DagBag from /opt/airflow/dags/05_sensor.py
[2026-07-09T17:00:27.441+0000] {processor.py:925} INFO - DAG(s) '05_sensor' retrieved from /opt/airflow/dags/05_sensor.py
[2026-07-09T17:00:27.506+0000] {logging_mixin.py:190} INFO - [2026-07-09T17:00:27.505+0000] {dag.py:3239} INFO - Sync 1 DAGs
[2026-07-09T17:00:27.533+0000] {logging_mixin.py:190} INFO - [2026-07-09T17:00:27.533+0000] {dag.py:4180} INFO - Setting next_dagrun for 05_sensor to None, run_after=None
[2026-07-09T17:00:27.559+0000] {processor.py:208} INFO - Processing /opt/airflow/dags/05_sensor.py took 0.165 seconds
[2026-07-09T17:00:57.854+0000] {processor.py:186} INFO - Started process (PID=7451) to work on /opt/airflow/dags/05_sensor.py
[2026-07-09T17:00:57.857+0000] {processor.py:914} INFO - Processing file /opt/airflow/dags/05_sensor.py for tasks to queue
[2026-07-09T17:00:57.870+0000] {logging_mixin.py:190} INFO - [2026-07-09T17:00:57.868+0000] {dagbag.py:588} INFO - Filling up the DagBag from /opt/airflow/dags/05_sensor.py
[2026-07-09T17:00:57.914+0000] {processor.py:925} INFO - DAG(s) '05_sensor' retrieved from /opt/airflow/dags/05_sensor.py
[2026-07-09T17:00:58.085+0000] {logging_mixin.py:190} INFO - [2026-07-09T17:00:58.084+0000] {dag.py:3239} INFO - Sync 1 DAGs
[2026-07-09T17:00:58.115+0000] {logging_mixin.py:190} INFO - [2026-07-09T17:00:58.115+0000] {dag.py:4180} INFO - Setting next_dagrun for 05_sensor to None, run_after=None
[2026-07-09T17:00:58.139+0000] {processor.py:208} INFO - Processing /opt/airflow/dags/05_sensor.py took 0.320 seconds
[2026-07-09T17:01:29.038+0000] {processor.py:186} INFO - Started process (PID=7481) to work on /opt/airflow/dags/05_sensor.py
[2026-07-09T17:01:29.044+0000] {processor.py:914} INFO - Processing file /opt/airflow/dags/05_sensor.py for tasks to queue
[2026-07-09T17:01:29.059+0000] {logging_mixin.py:190} INFO - [2026-07-09T17:01:29.057+0000] {dagbag.py:588} INFO - Filling up the DagBag from /opt/airflow/dags/05_sensor.py
[2026-07-09T17:01:29.107+0000] {processor.py:925} INFO - DAG(s) '05_sensor' retrieved from /opt/airflow/dags/05_sensor.py
[2026-07-09T17:01:29.213+0000] {logging_mixin.py:190} INFO - [2026-07-09T17:01:29.212+0000] {dag.py:3239} INFO - Sync 1 DAGs
[2026-07-09T17:01:29.242+0000] {logging_mixin.py:190} INFO - [2026-07-09T17:01:29.242+0000] {dag.py:4180} INFO - Setting next_dagrun for 05_sensor to None, run_after=None
[2026-07-09T17:01:29.264+0000] {processor.py:208} INFO - Processing /opt/airflow/dags/05_sensor.py took 0.263 seconds
[2026-07-09T17:01:59.832+0000] {processor.py:186} INFO - Started process (PID=7511) to work on /opt/airflow/dags/05_sensor.py
[2026-07-09T17:01:59.835+0000] {processor.py:914} INFO - Processing file /opt/airflow/dags/05_sensor.py for tasks to queue
[2026-07-09T17:01:59.841+0000] {logging_mixin.py:190} INFO - [2026-07-09T17:01:59.841+0000] {dagbag.py:588} INFO - Filling up the DagBag from /opt/airflow/dags/05_sensor.py
[2026-07-09T17:01:59.858+0000] {processor.py:925} INFO - DAG(s) '05_sensor' retrieved from /opt/airflow/dags/05_sensor.py
[2026-07-09T17:01:59.916+0000] {logging_mixin.py:190} INFO - [2026-07-09T17:01:59.915+0000] {dag.py:3239} INFO - Sync 1 DAGs
[2026-07-09T17:01:59.939+0000] {logging_mixin.py:190} INFO - [2026-07-09T17:01:59.939+0000] {dag.py:4180} INFO - Setting next_dagrun for 05_sensor to None, run_after=None
[2026-07-09T17:01:59.967+0000] {processor.py:208} INFO - Processing /opt/airflow/dags/05_sensor.py took 0.151 seconds
[2026-07-09T17:02:23.689+0000] {processor.py:186} INFO - Started process (PID=7541) to work on /opt/airflow/dags/05_sensor.py
[2026-07-09T17:02:23.691+0000] {processor.py:914} INFO - Processing file /opt/airflow/dags/05_sensor.py for tasks to queue
[2026-07-09T17:02:23.697+0000] {logging_mixin.py:190} INFO - [2026-07-09T17:02:23.696+0000] {dagbag.py:588} INFO - Filling up the DagBag from /opt/airflow/dags/05_sensor.py
[2026-07-09T17:02:23.728+0000] {processor.py:925} INFO - DAG(s) '05_sensor' retrieved from /opt/airflow/dags/05_sensor.py
[2026-07-09T17:02:23.820+0000] {logging_mixin.py:190} INFO - [2026-07-09T17:02:23.819+0000] {dag.py:3239} INFO - Sync 1 DAGs
[2026-07-09T17:02:23.863+0000] {logging_mixin.py:190} INFO - [2026-07-09T17:02:23.863+0000] {dag.py:4180} INFO - Setting next_dagrun for 05_sensor to None, run_after=None
[2026-07-09T17:02:23.900+0000] {processor.py:208} INFO - Processing /opt/airflow/dags/05_sensor.py took 0.230 seconds
[2026-07-09T17:02:54.551+0000] {processor.py:186} INFO - Started process (PID=7589) to work on /opt/airflow/dags/05_sensor.py
[2026-07-09T17:02:54.554+0000] {processor.py:914} INFO - Processing file /opt/airflow/dags/05_sensor.py for tasks to queue
[2026-07-09T17:02:54.557+0000] {logging_mixin.py:190} INFO - [2026-07-09T17:02:54.557+0000] {dagbag.py:588} INFO - Filling up the DagBag from /opt/airflow/dags/05_sensor.py
[2026-07-09T17:02:54.573+0000] {processor.py:925} INFO - DAG(s) '05_sensor' retrieved from /opt/airflow/dags/05_sensor.py
[2026-07-09T17:02:54.629+0000] {logging_mixin.py:190} INFO - [2026-07-09T17:02:54.628+0000] {dag.py:3239} INFO - Sync 1 DAGs
[2026-07-09T17:02:54.668+0000] {logging_mixin.py:190} INFO - [2026-07-09T17:02:54.668+0000] {dag.py:4180} INFO - Setting next_dagrun for 05_sensor to None, run_after=None
[2026-07-09T17:02:54.717+0000] {processor.py:208} INFO - Processing /opt/airflow/dags/05_sensor.py took 0.192 seconds
[2026-07-09T17:03:25.660+0000] {processor.py:186} INFO - Started process (PID=7619) to work on /opt/airflow/dags/05_sensor.py
[2026-07-09T17:03:25.662+0000] {processor.py:914} INFO - Processing file /opt/airflow/dags/05_sensor.py for tasks to queue
[2026-07-09T17:03:25.667+0000] {logging_mixin.py:190} INFO - [2026-07-09T17:03:25.667+0000] {dagbag.py:588} INFO - Filling up the DagBag from /opt/airflow/dags/05_sensor.py
[2026-07-09T17:03:25.678+0000] {processor.py:925} INFO - DAG(s) '05_sensor' retrieved from /opt/airflow/dags/05_sensor.py
[2026-07-09T17:03:25.723+0000] {logging_mixin.py:190} INFO - [2026-07-09T17:03:25.723+0000] {dag.py:3239} INFO - Sync 1 DAGs
[2026-07-09T17:03:25.742+0000] {logging_mixin.py:190} INFO - [2026-07-09T17:03:25.742+0000] {dag.py:4180} INFO - Setting next_dagrun for 05_sensor to None, run_after=None
[2026-07-09T17:03:25.769+0000] {processor.py:208} INFO - Processing /opt/airflow/dags/05_sensor.py took 0.121 seconds
[2026-07-09T17:03:55.899+0000] {processor.py:186} INFO - Started process (PID=7649) to work on /opt/airflow/dags/05_sensor.py
[2026-07-09T17:03:55.902+0000] {processor.py:914} INFO - Processing file /opt/airflow/dags/05_sensor.py for tasks to queue
[2026-07-09T17:03:55.905+0000] {logging_mixin.py:190} INFO - [2026-07-09T17:03:55.904+0000] {dagbag.py:588} INFO - Filling up the DagBag from /opt/airflow/dags/05_sensor.py
[2026-07-09T17:03:55.917+0000] {processor.py:925} INFO - DAG(s) '05_sensor' retrieved from /opt/airflow/dags/05_sensor.py
[2026-07-09T17:03:55.966+0000] {logging_mixin.py:190} INFO - [2026-07-09T17:03:55.965+0000] {dag.py:3239} INFO - Sync 1 DAGs
[2026-07-09T17:03:55.985+0000] {logging_mixin.py:190} INFO - [2026-07-09T17:03:55.985+0000] {dag.py:4180} INFO - Setting next_dagrun for 05_sensor to None, run_after=None
[2026-07-09T17:03:56.014+0000] {processor.py:208} INFO - Processing /opt/airflow/dags/05_sensor.py took 0.126 seconds
[2026-07-09T17:04:26.829+0000] {processor.py:186} INFO - Started process (PID=7679) to work on /opt/airflow/dags/05_sensor.py
[2026-07-09T17:04:26.830+0000] {processor.py:914} INFO - Processing file /opt/airflow/dags/05_sensor.py for tasks to queue
[2026-07-09T17:04:26.836+0000] {logging_mixin.py:190} INFO - [2026-07-09T17:04:26.835+0000] {dagbag.py:588} INFO - Filling up the DagBag from /opt/airflow/dags/05_sensor.py
[2026-07-09T17:04:26.851+0000] {processor.py:925} INFO - DAG(s) '05_sensor' retrieved from /opt/airflow/dags/05_sensor.py
[2026-07-09T17:04:26.897+0000] {logging_mixin.py:190} INFO - [2026-07-09T17:04:26.897+0000] {dag.py:3239} INFO - Sync 1 DAGs
[2026-07-09T17:04:26.920+0000] {logging_mixin.py:190} INFO - [2026-07-09T17:04:26.920+0000] {dag.py:4180} INFO - Setting next_dagrun for 05_sensor to None, run_after=None
[2026-07-09T17:04:27.755+0000] {processor.py:208} INFO - Processing /opt/airflow/dags/05_sensor.py took 0.942 seconds
[2026-07-09T17:04:58.724+0000] {processor.py:186} INFO - Started process (PID=7709) to work on /opt/airflow/dags/05_sensor.py
[2026-07-09T17:04:58.730+0000] {processor.py:914} INFO - Processing file /opt/airflow/dags/05_sensor.py for tasks to queue
[2026-07-09T17:04:58.743+0000] {logging_mixin.py:190} INFO - [2026-07-09T17:04:58.742+0000] {dagbag.py:588} INFO - Filling up the DagBag from /opt/airflow/dags/05_sensor.py
[2026-07-09T17:04:58.789+0000] {processor.py:925} INFO - DAG(s) '05_sensor' retrieved from /opt/airflow/dags/05_sensor.py
[2026-07-09T17:04:58.913+0000] {logging_mixin.py:190} INFO - [2026-07-09T17:04:58.913+0000] {dag.py:3239} INFO - Sync 1 DAGs
[2026-07-09T17:04:58.934+0000] {logging_mixin.py:190} INFO - [2026-07-09T17:04:58.934+0000] {dag.py:4180} INFO - Setting next_dagrun for 05_sensor to None, run_after=None
[2026-07-09T17:04:58.953+0000] {processor.py:208} INFO - Processing /opt/airflow/dags/05_sensor.py took 0.265 seconds
[2026-07-09T17:05:29.652+0000] {processor.py:186} INFO - Started process (PID=7739) to work on /opt/airflow/dags/05_sensor.py
[2026-07-09T17:05:29.654+0000] {processor.py:914} INFO - Processing file /opt/airflow/dags/05_sensor.py for tasks to queue
[2026-07-09T17:05:29.666+0000] {logging_mixin.py:190} INFO - [2026-07-09T17:05:29.664+0000] {dagbag.py:588} INFO - Filling up the DagBag from /opt/airflow/dags/05_sensor.py
[2026-07-09T17:05:29.709+0000] {processor.py:925} INFO - DAG(s) '05_sensor' retrieved from /opt/airflow/dags/05_sensor.py
[2026-07-09T17:05:29.853+0000] {logging_mixin.py:190} INFO - [2026-07-09T17:05:29.852+0000] {dag.py:3239} INFO - Sync 1 DAGs
[2026-07-09T17:05:29.910+0000] {logging_mixin.py:190} INFO - [2026-07-09T17:05:29.909+0000] {dag.py:4180} INFO - Setting next_dagrun for 05_sensor to None, run_after=None
[2026-07-09T17:05:29.941+0000] {processor.py:208} INFO - Processing /opt/airflow/dags/05_sensor.py took 0.322 seconds
[2026-07-09T17:06:00.920+0000] {processor.py:186} INFO - Started process (PID=7769) to work on /opt/airflow/dags/05_sensor.py
[2026-07-09T17:06:00.925+0000] {processor.py:914} INFO - Processing file /opt/airflow/dags/05_sensor.py for tasks to queue
[2026-07-09T17:06:00.938+0000] {logging_mixin.py:190} INFO - [2026-07-09T17:06:00.936+0000] {dagbag.py:588} INFO - Filling up the DagBag from /opt/airflow/dags/05_sensor.py
[2026-07-09T17:06:00.981+0000] {processor.py:925} INFO - DAG(s) '05_sensor' retrieved from /opt/airflow/dags/05_sensor.py
[2026-07-09T17:06:01.038+0000] {logging_mixin.py:190} INFO - [2026-07-09T17:06:01.038+0000] {dag.py:3239} INFO - Sync 1 DAGs
[2026-07-09T17:06:01.059+0000] {logging_mixin.py:190} INFO - [2026-07-09T17:06:01.059+0000] {dag.py:4180} INFO - Setting next_dagrun for 05_sensor to None, run_after=None
[2026-07-09T17:06:01.288+0000] {processor.py:208} INFO - Processing /opt/airflow/dags/05_sensor.py took 0.402 seconds
[2026-07-09T17:06:31.547+0000] {processor.py:186} INFO - Started process (PID=7799) to work on /opt/airflow/dags/05_sensor.py
[2026-07-09T17:06:31.551+0000] {processor.py:914} INFO - Processing file /opt/airflow/dags/05_sensor.py for tasks to queue
[2026-07-09T17:06:31.565+0000] {logging_mixin.py:190} INFO - [2026-07-09T17:06:31.563+0000] {dagbag.py:588} INFO - Filling up the DagBag from /opt/airflow/dags/05_sensor.py
[2026-07-09T17:06:31.609+0000] {processor.py:925} INFO - DAG(s) '05_sensor' retrieved from /opt/airflow/dags/05_sensor.py
[2026-07-09T17:06:31.883+0000] {logging_mixin.py:190} INFO - [2026-07-09T17:06:31.883+0000] {dag.py:3239} INFO - Sync 1 DAGs
[2026-07-09T17:06:31.895+0000] {logging_mixin.py:190} INFO - [2026-07-09T17:06:31.895+0000] {dag.py:4180} INFO - Setting next_dagrun for 05_sensor to None, run_after=None
[2026-07-09T17:06:31.913+0000] {processor.py:208} INFO - Processing /opt/airflow/dags/05_sensor.py took 0.406 seconds
