[2026-07-09T23:28:54.787+0000] {processor.py:186} INFO - Started process (PID=6840) to work on /opt/airflow/dags/06_xcom.py
[2026-07-09T23:28:54.790+0000] {processor.py:914} INFO - Processing file /opt/airflow/dags/06_xcom.py for tasks to queue
[2026-07-09T23:28:54.794+0000] {logging_mixin.py:190} INFO - [2026-07-09T23:28:54.793+0000] {dagbag.py:588} INFO - Filling up the DagBag from /opt/airflow/dags/06_xcom.py
[2026-07-09T23:28:54.815+0000] {processor.py:925} INFO - DAG(s) '06_xcom' retrieved from /opt/airflow/dags/06_xcom.py
[2026-07-09T23:28:55.541+0000] {logging_mixin.py:190} INFO - [2026-07-09T23:28:55.539+0000] {override.py:1911} INFO - Created Permission View: can edit on DAG:06_xcom
[2026-07-09T23:28:55.576+0000] {logging_mixin.py:190} INFO - [2026-07-09T23:28:55.576+0000] {override.py:1911} INFO - Created Permission View: can read on DAG:06_xcom
[2026-07-09T23:28:55.610+0000] {logging_mixin.py:190} INFO - [2026-07-09T23:28:55.609+0000] {override.py:1911} INFO - Created Permission View: can delete on DAG:06_xcom
[2026-07-09T23:28:55.635+0000] {logging_mixin.py:190} INFO - [2026-07-09T23:28:55.634+0000] {override.py:1911} INFO - Created Permission View: menu access on DAG Run:06_xcom
[2026-07-09T23:28:55.647+0000] {logging_mixin.py:190} INFO - [2026-07-09T23:28:55.647+0000] {override.py:1911} INFO - Created Permission View: can create on DAG Run:06_xcom
[2026-07-09T23:28:55.664+0000] {logging_mixin.py:190} INFO - [2026-07-09T23:28:55.664+0000] {override.py:1911} INFO - Created Permission View: can read on DAG Run:06_xcom
[2026-07-09T23:28:55.680+0000] {logging_mixin.py:190} INFO - [2026-07-09T23:28:55.680+0000] {override.py:1911} INFO - Created Permission View: can delete on DAG Run:06_xcom
[2026-07-09T23:28:55.680+0000] {logging_mixin.py:190} INFO - [2026-07-09T23:28:55.680+0000] {dag.py:3239} INFO - Sync 1 DAGs
[2026-07-09T23:28:55.711+0000] {logging_mixin.py:190} INFO - [2026-07-09T23:28:55.710+0000] {dag.py:3262} INFO - Creating ORM DAG for 06_xcom
[2026-07-09T23:28:55.712+0000] {logging_mixin.py:190} INFO - [2026-07-09T23:28:55.711+0000] {dag.py:4180} INFO - Setting next_dagrun for 06_xcom to None, run_after=None
[2026-07-09T23:28:55.763+0000] {processor.py:208} INFO - Processing /opt/airflow/dags/06_xcom.py took 0.989 seconds
[2026-07-09T23:29:26.438+0000] {processor.py:186} INFO - Started process (PID=6875) to work on /opt/airflow/dags/06_xcom.py
[2026-07-09T23:29:26.440+0000] {processor.py:914} INFO - Processing file /opt/airflow/dags/06_xcom.py for tasks to queue
[2026-07-09T23:29:26.447+0000] {logging_mixin.py:190} INFO - [2026-07-09T23:29:26.446+0000] {dagbag.py:588} INFO - Filling up the DagBag from /opt/airflow/dags/06_xcom.py
[2026-07-09T23:29:26.948+0000] {processor.py:925} INFO - DAG(s) '06_xcom' retrieved from /opt/airflow/dags/06_xcom.py
[2026-07-09T23:29:27.002+0000] {logging_mixin.py:190} INFO - [2026-07-09T23:29:27.001+0000] {dag.py:3239} INFO - Sync 1 DAGs
[2026-07-09T23:29:27.016+0000] {logging_mixin.py:190} INFO - [2026-07-09T23:29:27.016+0000] {dag.py:4180} INFO - Setting next_dagrun for 06_xcom to None, run_after=None
[2026-07-09T23:29:27.040+0000] {processor.py:208} INFO - Processing /opt/airflow/dags/06_xcom.py took 0.618 seconds
[2026-07-09T23:29:57.188+0000] {processor.py:186} INFO - Started process (PID=6910) to work on /opt/airflow/dags/06_xcom.py
[2026-07-09T23:29:57.191+0000] {processor.py:914} INFO - Processing file /opt/airflow/dags/06_xcom.py for tasks to queue
[2026-07-09T23:29:57.195+0000] {logging_mixin.py:190} INFO - [2026-07-09T23:29:57.195+0000] {dagbag.py:588} INFO - Filling up the DagBag from /opt/airflow/dags/06_xcom.py
[2026-07-09T23:29:57.216+0000] {processor.py:925} INFO - DAG(s) '06_xcom' retrieved from /opt/airflow/dags/06_xcom.py
[2026-07-09T23:29:57.283+0000] {logging_mixin.py:190} INFO - [2026-07-09T23:29:57.282+0000] {dag.py:3239} INFO - Sync 1 DAGs
[2026-07-09T23:29:57.322+0000] {logging_mixin.py:190} INFO - [2026-07-09T23:29:57.321+0000] {dag.py:4180} INFO - Setting next_dagrun for 06_xcom to None, run_after=None
[2026-07-09T23:29:57.362+0000] {processor.py:208} INFO - Processing /opt/airflow/dags/06_xcom.py took 0.188 seconds
[2026-07-09T23:30:28.143+0000] {processor.py:186} INFO - Started process (PID=6945) to work on /opt/airflow/dags/06_xcom.py
[2026-07-09T23:30:28.145+0000] {processor.py:914} INFO - Processing file /opt/airflow/dags/06_xcom.py for tasks to queue
[2026-07-09T23:30:28.148+0000] {logging_mixin.py:190} INFO - [2026-07-09T23:30:28.148+0000] {dagbag.py:588} INFO - Filling up the DagBag from /opt/airflow/dags/06_xcom.py
[2026-07-09T23:30:28.165+0000] {processor.py:925} INFO - DAG(s) '06_xcom' retrieved from /opt/airflow/dags/06_xcom.py
[2026-07-09T23:30:28.226+0000] {logging_mixin.py:190} INFO - [2026-07-09T23:30:28.226+0000] {dag.py:3239} INFO - Sync 1 DAGs
[2026-07-09T23:30:28.254+0000] {logging_mixin.py:190} INFO - [2026-07-09T23:30:28.254+0000] {dag.py:4180} INFO - Setting next_dagrun for 06_xcom to None, run_after=None
[2026-07-09T23:30:28.284+0000] {processor.py:208} INFO - Processing /opt/airflow/dags/06_xcom.py took 0.153 seconds
[2026-07-09T23:30:58.346+0000] {processor.py:186} INFO - Started process (PID=6980) to work on /opt/airflow/dags/06_xcom.py
[2026-07-09T23:30:58.348+0000] {processor.py:914} INFO - Processing file /opt/airflow/dags/06_xcom.py for tasks to queue
[2026-07-09T23:30:58.351+0000] {logging_mixin.py:190} INFO - [2026-07-09T23:30:58.350+0000] {dagbag.py:588} INFO - Filling up the DagBag from /opt/airflow/dags/06_xcom.py
[2026-07-09T23:30:58.362+0000] {processor.py:925} INFO - DAG(s) '06_xcom' retrieved from /opt/airflow/dags/06_xcom.py
[2026-07-09T23:30:58.403+0000] {logging_mixin.py:190} INFO - [2026-07-09T23:30:58.402+0000] {dag.py:3239} INFO - Sync 1 DAGs
[2026-07-09T23:30:58.419+0000] {logging_mixin.py:190} INFO - [2026-07-09T23:30:58.419+0000] {dag.py:4180} INFO - Setting next_dagrun for 06_xcom to None, run_after=None
[2026-07-09T23:30:58.438+0000] {processor.py:208} INFO - Processing /opt/airflow/dags/06_xcom.py took 0.100 seconds
[2026-07-09T23:31:28.601+0000] {processor.py:186} INFO - Started process (PID=7015) to work on /opt/airflow/dags/06_xcom.py
[2026-07-09T23:31:28.605+0000] {processor.py:914} INFO - Processing file /opt/airflow/dags/06_xcom.py for tasks to queue
[2026-07-09T23:31:28.620+0000] {logging_mixin.py:190} INFO - [2026-07-09T23:31:28.618+0000] {dagbag.py:588} INFO - Filling up the DagBag from /opt/airflow/dags/06_xcom.py
[2026-07-09T23:31:28.667+0000] {processor.py:925} INFO - DAG(s) '06_xcom' retrieved from /opt/airflow/dags/06_xcom.py
[2026-07-09T23:31:28.746+0000] {logging_mixin.py:190} INFO - [2026-07-09T23:31:28.746+0000] {dag.py:3239} INFO - Sync 1 DAGs
[2026-07-09T23:31:28.790+0000] {logging_mixin.py:190} INFO - [2026-07-09T23:31:28.789+0000] {dag.py:4180} INFO - Setting next_dagrun for 06_xcom to None, run_after=None
[2026-07-09T23:31:28.877+0000] {processor.py:208} INFO - Processing /opt/airflow/dags/06_xcom.py took 0.315 seconds
[2026-07-09T23:31:59.768+0000] {processor.py:186} INFO - Started process (PID=7050) to work on /opt/airflow/dags/06_xcom.py
[2026-07-09T23:31:59.770+0000] {processor.py:914} INFO - Processing file /opt/airflow/dags/06_xcom.py for tasks to queue
[2026-07-09T23:31:59.774+0000] {logging_mixin.py:190} INFO - [2026-07-09T23:31:59.774+0000] {dagbag.py:588} INFO - Filling up the DagBag from /opt/airflow/dags/06_xcom.py
[2026-07-09T23:31:59.791+0000] {processor.py:925} INFO - DAG(s) '06_xcom' retrieved from /opt/airflow/dags/06_xcom.py
[2026-07-09T23:31:59.881+0000] {logging_mixin.py:190} INFO - [2026-07-09T23:31:59.880+0000] {dag.py:3239} INFO - Sync 1 DAGs
[2026-07-09T23:31:59.914+0000] {logging_mixin.py:190} INFO - [2026-07-09T23:31:59.913+0000] {dag.py:4180} INFO - Setting next_dagrun for 06_xcom to None, run_after=None
[2026-07-09T23:31:59.953+0000] {processor.py:208} INFO - Processing /opt/airflow/dags/06_xcom.py took 0.197 seconds
[2026-07-09T23:32:30.879+0000] {processor.py:186} INFO - Started process (PID=7085) to work on /opt/airflow/dags/06_xcom.py
[2026-07-09T23:32:30.884+0000] {processor.py:914} INFO - Processing file /opt/airflow/dags/06_xcom.py for tasks to queue
[2026-07-09T23:32:30.893+0000] {logging_mixin.py:190} INFO - [2026-07-09T23:32:30.891+0000] {dagbag.py:588} INFO - Filling up the DagBag from /opt/airflow/dags/06_xcom.py
[2026-07-09T23:32:30.913+0000] {processor.py:925} INFO - DAG(s) '06_xcom' retrieved from /opt/airflow/dags/06_xcom.py
[2026-07-09T23:32:30.958+0000] {logging_mixin.py:190} INFO - [2026-07-09T23:32:30.958+0000] {dag.py:3239} INFO - Sync 1 DAGs
[2026-07-09T23:32:30.982+0000] {logging_mixin.py:190} INFO - [2026-07-09T23:32:30.982+0000] {dag.py:4180} INFO - Setting next_dagrun for 06_xcom to None, run_after=None
[2026-07-09T23:32:31.009+0000] {processor.py:208} INFO - Processing /opt/airflow/dags/06_xcom.py took 0.170 seconds
[2026-07-09T23:33:01.827+0000] {processor.py:186} INFO - Started process (PID=7120) to work on /opt/airflow/dags/06_xcom.py
[2026-07-09T23:33:01.829+0000] {processor.py:914} INFO - Processing file /opt/airflow/dags/06_xcom.py for tasks to queue
[2026-07-09T23:33:01.832+0000] {logging_mixin.py:190} INFO - [2026-07-09T23:33:01.832+0000] {dagbag.py:588} INFO - Filling up the DagBag from /opt/airflow/dags/06_xcom.py
[2026-07-09T23:33:01.845+0000] {processor.py:925} INFO - DAG(s) '06_xcom' retrieved from /opt/airflow/dags/06_xcom.py
[2026-07-09T23:33:01.884+0000] {logging_mixin.py:190} INFO - [2026-07-09T23:33:01.884+0000] {dag.py:3239} INFO - Sync 1 DAGs
[2026-07-09T23:33:01.902+0000] {logging_mixin.py:190} INFO - [2026-07-09T23:33:01.901+0000] {dag.py:4180} INFO - Setting next_dagrun for 06_xcom to None, run_after=None
[2026-07-09T23:33:01.924+0000] {processor.py:208} INFO - Processing /opt/airflow/dags/06_xcom.py took 0.113 seconds
[2026-07-09T23:33:32.838+0000] {processor.py:186} INFO - Started process (PID=7155) to work on /opt/airflow/dags/06_xcom.py
[2026-07-09T23:33:32.839+0000] {processor.py:914} INFO - Processing file /opt/airflow/dags/06_xcom.py for tasks to queue
[2026-07-09T23:33:32.842+0000] {logging_mixin.py:190} INFO - [2026-07-09T23:33:32.841+0000] {dagbag.py:588} INFO - Filling up the DagBag from /opt/airflow/dags/06_xcom.py
[2026-07-09T23:33:32.854+0000] {processor.py:925} INFO - DAG(s) '06_xcom' retrieved from /opt/airflow/dags/06_xcom.py
[2026-07-09T23:33:32.901+0000] {logging_mixin.py:190} INFO - [2026-07-09T23:33:32.901+0000] {dag.py:3239} INFO - Sync 1 DAGs
[2026-07-09T23:33:32.922+0000] {logging_mixin.py:190} INFO - [2026-07-09T23:33:32.922+0000] {dag.py:4180} INFO - Setting next_dagrun for 06_xcom to None, run_after=None
[2026-07-09T23:33:32.947+0000] {processor.py:208} INFO - Processing /opt/airflow/dags/06_xcom.py took 0.121 seconds
[2026-07-09T23:34:03.187+0000] {processor.py:186} INFO - Started process (PID=7199) to work on /opt/airflow/dags/06_xcom.py
[2026-07-09T23:34:03.190+0000] {processor.py:914} INFO - Processing file /opt/airflow/dags/06_xcom.py for tasks to queue
[2026-07-09T23:34:03.198+0000] {logging_mixin.py:190} INFO - [2026-07-09T23:34:03.196+0000] {dagbag.py:588} INFO - Filling up the DagBag from /opt/airflow/dags/06_xcom.py
[2026-07-09T23:34:03.221+0000] {processor.py:925} INFO - DAG(s) '06_xcom' retrieved from /opt/airflow/dags/06_xcom.py
[2026-07-09T23:34:03.278+0000] {logging_mixin.py:190} INFO - [2026-07-09T23:34:03.278+0000] {dag.py:3239} INFO - Sync 1 DAGs
[2026-07-09T23:34:03.305+0000] {logging_mixin.py:190} INFO - [2026-07-09T23:34:03.305+0000] {dag.py:4180} INFO - Setting next_dagrun for 06_xcom to None, run_after=None
[2026-07-09T23:34:03.332+0000] {processor.py:208} INFO - Processing /opt/airflow/dags/06_xcom.py took 0.172 seconds
[2026-07-09T23:34:34.196+0000] {processor.py:186} INFO - Started process (PID=7234) to work on /opt/airflow/dags/06_xcom.py
[2026-07-09T23:34:34.198+0000] {processor.py:914} INFO - Processing file /opt/airflow/dags/06_xcom.py for tasks to queue
[2026-07-09T23:34:34.203+0000] {logging_mixin.py:190} INFO - [2026-07-09T23:34:34.202+0000] {dagbag.py:588} INFO - Filling up the DagBag from /opt/airflow/dags/06_xcom.py
[2026-07-09T23:34:34.226+0000] {processor.py:925} INFO - DAG(s) '06_xcom' retrieved from /opt/airflow/dags/06_xcom.py
[2026-07-09T23:34:34.302+0000] {logging_mixin.py:190} INFO - [2026-07-09T23:34:34.302+0000] {dag.py:3239} INFO - Sync 1 DAGs
[2026-07-09T23:34:34.325+0000] {logging_mixin.py:190} INFO - [2026-07-09T23:34:34.324+0000] {dag.py:4180} INFO - Setting next_dagrun for 06_xcom to None, run_after=None
[2026-07-09T23:34:34.359+0000] {processor.py:208} INFO - Processing /opt/airflow/dags/06_xcom.py took 0.175 seconds
[2026-07-09T23:35:04.644+0000] {processor.py:186} INFO - Started process (PID=7269) to work on /opt/airflow/dags/06_xcom.py
[2026-07-09T23:35:04.646+0000] {processor.py:914} INFO - Processing file /opt/airflow/dags/06_xcom.py for tasks to queue
[2026-07-09T23:35:04.653+0000] {logging_mixin.py:190} INFO - [2026-07-09T23:35:04.652+0000] {dagbag.py:588} INFO - Filling up the DagBag from /opt/airflow/dags/06_xcom.py
[2026-07-09T23:35:04.685+0000] {processor.py:925} INFO - DAG(s) '06_xcom' retrieved from /opt/airflow/dags/06_xcom.py
[2026-07-09T23:35:04.732+0000] {logging_mixin.py:190} INFO - [2026-07-09T23:35:04.732+0000] {dag.py:3239} INFO - Sync 1 DAGs
[2026-07-09T23:35:04.750+0000] {logging_mixin.py:190} INFO - [2026-07-09T23:35:04.750+0000] {dag.py:4180} INFO - Setting next_dagrun for 06_xcom to None, run_after=None
[2026-07-09T23:35:04.772+0000] {processor.py:208} INFO - Processing /opt/airflow/dags/06_xcom.py took 0.159 seconds
[2026-07-09T23:35:34.952+0000] {processor.py:186} INFO - Started process (PID=7304) to work on /opt/airflow/dags/06_xcom.py
[2026-07-09T23:35:34.956+0000] {processor.py:914} INFO - Processing file /opt/airflow/dags/06_xcom.py for tasks to queue
[2026-07-09T23:35:34.965+0000] {logging_mixin.py:190} INFO - [2026-07-09T23:35:34.964+0000] {dagbag.py:588} INFO - Filling up the DagBag from /opt/airflow/dags/06_xcom.py
[2026-07-09T23:35:35.004+0000] {processor.py:925} INFO - DAG(s) '06_xcom' retrieved from /opt/airflow/dags/06_xcom.py
[2026-07-09T23:35:35.183+0000] {logging_mixin.py:190} INFO - [2026-07-09T23:35:35.182+0000] {dag.py:3239} INFO - Sync 1 DAGs
[2026-07-09T23:35:35.252+0000] {logging_mixin.py:190} INFO - [2026-07-09T23:35:35.251+0000] {dag.py:4180} INFO - Setting next_dagrun for 06_xcom to None, run_after=None
[2026-07-09T23:35:35.312+0000] {processor.py:208} INFO - Processing /opt/airflow/dags/06_xcom.py took 0.386 seconds
[2026-07-09T23:36:06.282+0000] {processor.py:186} INFO - Started process (PID=7339) to work on /opt/airflow/dags/06_xcom.py
[2026-07-09T23:36:06.287+0000] {processor.py:914} INFO - Processing file /opt/airflow/dags/06_xcom.py for tasks to queue
[2026-07-09T23:36:06.297+0000] {logging_mixin.py:190} INFO - [2026-07-09T23:36:06.296+0000] {dagbag.py:588} INFO - Filling up the DagBag from /opt/airflow/dags/06_xcom.py
[2026-07-09T23:36:06.318+0000] {processor.py:925} INFO - DAG(s) '06_xcom' retrieved from /opt/airflow/dags/06_xcom.py
[2026-07-09T23:36:06.366+0000] {logging_mixin.py:190} INFO - [2026-07-09T23:36:06.366+0000] {dag.py:3239} INFO - Sync 1 DAGs
[2026-07-09T23:36:06.388+0000] {logging_mixin.py:190} INFO - [2026-07-09T23:36:06.387+0000] {dag.py:4180} INFO - Setting next_dagrun for 06_xcom to None, run_after=None
[2026-07-09T23:36:06.415+0000] {processor.py:208} INFO - Processing /opt/airflow/dags/06_xcom.py took 0.184 seconds
[2026-07-09T23:36:36.620+0000] {processor.py:186} INFO - Started process (PID=7374) to work on /opt/airflow/dags/06_xcom.py
[2026-07-09T23:36:36.624+0000] {processor.py:914} INFO - Processing file /opt/airflow/dags/06_xcom.py for tasks to queue
[2026-07-09T23:36:36.635+0000] {logging_mixin.py:190} INFO - [2026-07-09T23:36:36.633+0000] {dagbag.py:588} INFO - Filling up the DagBag from /opt/airflow/dags/06_xcom.py
[2026-07-09T23:36:36.659+0000] {processor.py:925} INFO - DAG(s) '06_xcom' retrieved from /opt/airflow/dags/06_xcom.py
[2026-07-09T23:36:36.694+0000] {logging_mixin.py:190} INFO - [2026-07-09T23:36:36.693+0000] {dag.py:3239} INFO - Sync 1 DAGs
[2026-07-09T23:36:36.714+0000] {logging_mixin.py:190} INFO - [2026-07-09T23:36:36.713+0000] {dag.py:4180} INFO - Setting next_dagrun for 06_xcom to None, run_after=None
[2026-07-09T23:36:36.737+0000] {processor.py:208} INFO - Processing /opt/airflow/dags/06_xcom.py took 0.144 seconds
[2026-07-09T23:37:07.011+0000] {processor.py:186} INFO - Started process (PID=7409) to work on /opt/airflow/dags/06_xcom.py
[2026-07-09T23:37:07.013+0000] {processor.py:914} INFO - Processing file /opt/airflow/dags/06_xcom.py for tasks to queue
[2026-07-09T23:37:07.019+0000] {logging_mixin.py:190} INFO - [2026-07-09T23:37:07.019+0000] {dagbag.py:588} INFO - Filling up the DagBag from /opt/airflow/dags/06_xcom.py
[2026-07-09T23:37:07.035+0000] {processor.py:925} INFO - DAG(s) '06_xcom' retrieved from /opt/airflow/dags/06_xcom.py
[2026-07-09T23:37:07.082+0000] {logging_mixin.py:190} INFO - [2026-07-09T23:37:07.082+0000] {dag.py:3239} INFO - Sync 1 DAGs
[2026-07-09T23:37:07.102+0000] {logging_mixin.py:190} INFO - [2026-07-09T23:37:07.102+0000] {dag.py:4180} INFO - Setting next_dagrun for 06_xcom to None, run_after=None
[2026-07-09T23:37:07.123+0000] {processor.py:208} INFO - Processing /opt/airflow/dags/06_xcom.py took 0.145 seconds
[2026-07-09T23:37:37.674+0000] {processor.py:186} INFO - Started process (PID=7444) to work on /opt/airflow/dags/06_xcom.py
[2026-07-09T23:37:37.675+0000] {processor.py:914} INFO - Processing file /opt/airflow/dags/06_xcom.py for tasks to queue
[2026-07-09T23:37:37.677+0000] {logging_mixin.py:190} INFO - [2026-07-09T23:37:37.677+0000] {dagbag.py:588} INFO - Filling up the DagBag from /opt/airflow/dags/06_xcom.py
[2026-07-09T23:37:37.686+0000] {processor.py:925} INFO - DAG(s) '06_xcom' retrieved from /opt/airflow/dags/06_xcom.py
[2026-07-09T23:37:37.720+0000] {logging_mixin.py:190} INFO - [2026-07-09T23:37:37.720+0000] {dag.py:3239} INFO - Sync 1 DAGs
[2026-07-09T23:37:37.736+0000] {logging_mixin.py:190} INFO - [2026-07-09T23:37:37.735+0000] {dag.py:4180} INFO - Setting next_dagrun for 06_xcom to None, run_after=None
[2026-07-09T23:37:37.759+0000] {processor.py:208} INFO - Processing /opt/airflow/dags/06_xcom.py took 0.091 seconds
[2026-07-09T23:38:07.895+0000] {processor.py:186} INFO - Started process (PID=7479) to work on /opt/airflow/dags/06_xcom.py
[2026-07-09T23:38:07.901+0000] {processor.py:914} INFO - Processing file /opt/airflow/dags/06_xcom.py for tasks to queue
[2026-07-09T23:38:07.922+0000] {logging_mixin.py:190} INFO - [2026-07-09T23:38:07.918+0000] {dagbag.py:588} INFO - Filling up the DagBag from /opt/airflow/dags/06_xcom.py
[2026-07-09T23:38:07.958+0000] {processor.py:925} INFO - DAG(s) '06_xcom' retrieved from /opt/airflow/dags/06_xcom.py
[2026-07-09T23:38:08.000+0000] {logging_mixin.py:190} INFO - [2026-07-09T23:38:08.000+0000] {dag.py:3239} INFO - Sync 1 DAGs
[2026-07-09T23:38:08.018+0000] {logging_mixin.py:190} INFO - [2026-07-09T23:38:08.018+0000] {dag.py:4180} INFO - Setting next_dagrun for 06_xcom to None, run_after=None
[2026-07-09T23:38:08.044+0000] {processor.py:208} INFO - Processing /opt/airflow/dags/06_xcom.py took 0.190 seconds
[2026-07-09T23:38:38.922+0000] {processor.py:186} INFO - Started process (PID=7514) to work on /opt/airflow/dags/06_xcom.py
[2026-07-09T23:38:38.927+0000] {processor.py:914} INFO - Processing file /opt/airflow/dags/06_xcom.py for tasks to queue
[2026-07-09T23:38:38.939+0000] {logging_mixin.py:190} INFO - [2026-07-09T23:38:38.937+0000] {dagbag.py:588} INFO - Filling up the DagBag from /opt/airflow/dags/06_xcom.py
[2026-07-09T23:38:38.980+0000] {processor.py:925} INFO - DAG(s) '06_xcom' retrieved from /opt/airflow/dags/06_xcom.py
[2026-07-09T23:38:39.162+0000] {logging_mixin.py:190} INFO - [2026-07-09T23:38:39.161+0000] {dag.py:3239} INFO - Sync 1 DAGs
[2026-07-09T23:38:39.209+0000] {logging_mixin.py:190} INFO - [2026-07-09T23:38:39.209+0000] {dag.py:4180} INFO - Setting next_dagrun for 06_xcom to None, run_after=None
[2026-07-09T23:38:39.242+0000] {processor.py:208} INFO - Processing /opt/airflow/dags/06_xcom.py took 0.367 seconds
[2026-07-09T23:39:09.847+0000] {processor.py:186} INFO - Started process (PID=7549) to work on /opt/airflow/dags/06_xcom.py
[2026-07-09T23:39:09.851+0000] {processor.py:914} INFO - Processing file /opt/airflow/dags/06_xcom.py for tasks to queue
[2026-07-09T23:39:09.858+0000] {logging_mixin.py:190} INFO - [2026-07-09T23:39:09.857+0000] {dagbag.py:588} INFO - Filling up the DagBag from /opt/airflow/dags/06_xcom.py
[2026-07-09T23:39:09.883+0000] {processor.py:925} INFO - DAG(s) '06_xcom' retrieved from /opt/airflow/dags/06_xcom.py
[2026-07-09T23:39:09.966+0000] {logging_mixin.py:190} INFO - [2026-07-09T23:39:09.964+0000] {dag.py:3239} INFO - Sync 1 DAGs
[2026-07-09T23:39:10.028+0000] {logging_mixin.py:190} INFO - [2026-07-09T23:39:10.028+0000] {dag.py:4180} INFO - Setting next_dagrun for 06_xcom to None, run_after=None
[2026-07-09T23:39:10.054+0000] {processor.py:208} INFO - Processing /opt/airflow/dags/06_xcom.py took 0.226 seconds
[2026-07-09T23:39:40.862+0000] {processor.py:186} INFO - Started process (PID=7584) to work on /opt/airflow/dags/06_xcom.py
[2026-07-09T23:39:40.863+0000] {processor.py:914} INFO - Processing file /opt/airflow/dags/06_xcom.py for tasks to queue
[2026-07-09T23:39:40.866+0000] {logging_mixin.py:190} INFO - [2026-07-09T23:39:40.865+0000] {dagbag.py:588} INFO - Filling up the DagBag from /opt/airflow/dags/06_xcom.py
[2026-07-09T23:39:40.877+0000] {processor.py:925} INFO - DAG(s) '06_xcom' retrieved from /opt/airflow/dags/06_xcom.py
[2026-07-09T23:39:40.912+0000] {logging_mixin.py:190} INFO - [2026-07-09T23:39:40.912+0000] {dag.py:3239} INFO - Sync 1 DAGs
[2026-07-09T23:39:40.931+0000] {logging_mixin.py:190} INFO - [2026-07-09T23:39:40.930+0000] {dag.py:4180} INFO - Setting next_dagrun for 06_xcom to None, run_after=None
[2026-07-09T23:39:40.963+0000] {processor.py:208} INFO - Processing /opt/airflow/dags/06_xcom.py took 0.109 seconds
[2026-07-09T23:40:11.863+0000] {processor.py:186} INFO - Started process (PID=7619) to work on /opt/airflow/dags/06_xcom.py
[2026-07-09T23:40:11.865+0000] {processor.py:914} INFO - Processing file /opt/airflow/dags/06_xcom.py for tasks to queue
[2026-07-09T23:40:11.867+0000] {logging_mixin.py:190} INFO - [2026-07-09T23:40:11.867+0000] {dagbag.py:588} INFO - Filling up the DagBag from /opt/airflow/dags/06_xcom.py
[2026-07-09T23:40:11.876+0000] {processor.py:925} INFO - DAG(s) '06_xcom' retrieved from /opt/airflow/dags/06_xcom.py
[2026-07-09T23:40:11.911+0000] {logging_mixin.py:190} INFO - [2026-07-09T23:40:11.910+0000] {dag.py:3239} INFO - Sync 1 DAGs
[2026-07-09T23:40:11.926+0000] {logging_mixin.py:190} INFO - [2026-07-09T23:40:11.926+0000] {dag.py:4180} INFO - Setting next_dagrun for 06_xcom to None, run_after=None
[2026-07-09T23:40:11.958+0000] {processor.py:208} INFO - Processing /opt/airflow/dags/06_xcom.py took 0.101 seconds
[2026-07-09T23:40:42.172+0000] {processor.py:186} INFO - Started process (PID=7654) to work on /opt/airflow/dags/06_xcom.py
[2026-07-09T23:40:42.174+0000] {processor.py:914} INFO - Processing file /opt/airflow/dags/06_xcom.py for tasks to queue
[2026-07-09T23:40:42.179+0000] {logging_mixin.py:190} INFO - [2026-07-09T23:40:42.179+0000] {dagbag.py:588} INFO - Filling up the DagBag from /opt/airflow/dags/06_xcom.py
[2026-07-09T23:40:42.198+0000] {processor.py:925} INFO - DAG(s) '06_xcom' retrieved from /opt/airflow/dags/06_xcom.py
[2026-07-09T23:40:42.271+0000] {logging_mixin.py:190} INFO - [2026-07-09T23:40:42.271+0000] {dag.py:3239} INFO - Sync 1 DAGs
[2026-07-09T23:40:42.299+0000] {logging_mixin.py:190} INFO - [2026-07-09T23:40:42.298+0000] {dag.py:4180} INFO - Setting next_dagrun for 06_xcom to None, run_after=None
[2026-07-09T23:40:42.336+0000] {processor.py:208} INFO - Processing /opt/airflow/dags/06_xcom.py took 0.176 seconds
[2026-07-09T23:41:12.604+0000] {processor.py:186} INFO - Started process (PID=7689) to work on /opt/airflow/dags/06_xcom.py
[2026-07-09T23:41:12.606+0000] {processor.py:914} INFO - Processing file /opt/airflow/dags/06_xcom.py for tasks to queue
[2026-07-09T23:41:12.615+0000] {logging_mixin.py:190} INFO - [2026-07-09T23:41:12.613+0000] {dagbag.py:588} INFO - Filling up the DagBag from /opt/airflow/dags/06_xcom.py
[2026-07-09T23:41:12.644+0000] {processor.py:925} INFO - DAG(s) '06_xcom' retrieved from /opt/airflow/dags/06_xcom.py
[2026-07-09T23:41:12.708+0000] {logging_mixin.py:190} INFO - [2026-07-09T23:41:12.707+0000] {dag.py:3239} INFO - Sync 1 DAGs
[2026-07-09T23:41:12.734+0000] {logging_mixin.py:190} INFO - [2026-07-09T23:41:12.733+0000] {dag.py:4180} INFO - Setting next_dagrun for 06_xcom to None, run_after=None
[2026-07-09T23:41:12.756+0000] {processor.py:208} INFO - Processing /opt/airflow/dags/06_xcom.py took 0.192 seconds
[2026-07-09T23:41:29.811+0000] {processor.py:186} INFO - Started process (PID=7694) to work on /opt/airflow/dags/06_xcom.py
[2026-07-09T23:41:29.817+0000] {processor.py:914} INFO - Processing file /opt/airflow/dags/06_xcom.py for tasks to queue
[2026-07-09T23:41:29.824+0000] {logging_mixin.py:190} INFO - [2026-07-09T23:41:29.823+0000] {dagbag.py:588} INFO - Filling up the DagBag from /opt/airflow/dags/06_xcom.py
[2026-07-09T23:41:29.858+0000] {processor.py:925} INFO - DAG(s) '06_xcom' retrieved from /opt/airflow/dags/06_xcom.py
[2026-07-09T23:41:29.942+0000] {logging_mixin.py:190} INFO - [2026-07-09T23:41:29.941+0000] {dag.py:3239} INFO - Sync 1 DAGs
[2026-07-09T23:41:29.988+0000] {logging_mixin.py:190} INFO - [2026-07-09T23:41:29.987+0000] {dag.py:4180} INFO - Setting next_dagrun for 06_xcom to None, run_after=None
[2026-07-09T23:41:30.052+0000] {processor.py:208} INFO - Processing /opt/airflow/dags/06_xcom.py took 0.261 seconds
[2026-07-09T23:42:00.172+0000] {processor.py:186} INFO - Started process (PID=7738) to work on /opt/airflow/dags/06_xcom.py
[2026-07-09T23:42:00.174+0000] {processor.py:914} INFO - Processing file /opt/airflow/dags/06_xcom.py for tasks to queue
[2026-07-09T23:42:00.183+0000] {logging_mixin.py:190} INFO - [2026-07-09T23:42:00.182+0000] {dagbag.py:588} INFO - Filling up the DagBag from /opt/airflow/dags/06_xcom.py
[2026-07-09T23:42:00.211+0000] {processor.py:925} INFO - DAG(s) '06_xcom' retrieved from /opt/airflow/dags/06_xcom.py
[2026-07-09T23:42:00.336+0000] {logging_mixin.py:190} INFO - [2026-07-09T23:42:00.335+0000] {dag.py:3239} INFO - Sync 1 DAGs
[2026-07-09T23:42:00.369+0000] {logging_mixin.py:190} INFO - [2026-07-09T23:42:00.368+0000] {dag.py:4180} INFO - Setting next_dagrun for 06_xcom to None, run_after=None
[2026-07-09T23:42:00.401+0000] {processor.py:208} INFO - Processing /opt/airflow/dags/06_xcom.py took 0.248 seconds
[2026-07-09T23:42:31.426+0000] {processor.py:186} INFO - Started process (PID=7773) to work on /opt/airflow/dags/06_xcom.py
[2026-07-09T23:42:31.428+0000] {processor.py:914} INFO - Processing file /opt/airflow/dags/06_xcom.py for tasks to queue
[2026-07-09T23:42:31.432+0000] {logging_mixin.py:190} INFO - [2026-07-09T23:42:31.432+0000] {dagbag.py:588} INFO - Filling up the DagBag from /opt/airflow/dags/06_xcom.py
[2026-07-09T23:42:31.446+0000] {processor.py:925} INFO - DAG(s) '06_xcom' retrieved from /opt/airflow/dags/06_xcom.py
[2026-07-09T23:42:31.483+0000] {logging_mixin.py:190} INFO - [2026-07-09T23:42:31.483+0000] {dag.py:3239} INFO - Sync 1 DAGs
[2026-07-09T23:42:31.500+0000] {logging_mixin.py:190} INFO - [2026-07-09T23:42:31.500+0000] {dag.py:4180} INFO - Setting next_dagrun for 06_xcom to None, run_after=None
[2026-07-09T23:42:31.523+0000] {processor.py:208} INFO - Processing /opt/airflow/dags/06_xcom.py took 0.108 seconds
[2026-07-09T23:43:01.637+0000] {processor.py:186} INFO - Started process (PID=7808) to work on /opt/airflow/dags/06_xcom.py
[2026-07-09T23:43:01.645+0000] {processor.py:914} INFO - Processing file /opt/airflow/dags/06_xcom.py for tasks to queue
[2026-07-09T23:43:01.661+0000] {logging_mixin.py:190} INFO - [2026-07-09T23:43:01.655+0000] {dagbag.py:588} INFO - Filling up the DagBag from /opt/airflow/dags/06_xcom.py
[2026-07-09T23:43:01.728+0000] {processor.py:925} INFO - DAG(s) '06_xcom' retrieved from /opt/airflow/dags/06_xcom.py
[2026-07-09T23:43:01.817+0000] {logging_mixin.py:190} INFO - [2026-07-09T23:43:01.816+0000] {dag.py:3239} INFO - Sync 1 DAGs
[2026-07-09T23:43:01.836+0000] {logging_mixin.py:190} INFO - [2026-07-09T23:43:01.835+0000] {dag.py:4180} INFO - Setting next_dagrun for 06_xcom to None, run_after=None
[2026-07-09T23:43:01.866+0000] {processor.py:208} INFO - Processing /opt/airflow/dags/06_xcom.py took 0.268 seconds
[2026-07-09T23:43:32.859+0000] {processor.py:186} INFO - Started process (PID=7843) to work on /opt/airflow/dags/06_xcom.py
[2026-07-09T23:43:32.861+0000] {processor.py:914} INFO - Processing file /opt/airflow/dags/06_xcom.py for tasks to queue
[2026-07-09T23:43:32.866+0000] {logging_mixin.py:190} INFO - [2026-07-09T23:43:32.865+0000] {dagbag.py:588} INFO - Filling up the DagBag from /opt/airflow/dags/06_xcom.py
[2026-07-09T23:43:32.883+0000] {processor.py:925} INFO - DAG(s) '06_xcom' retrieved from /opt/airflow/dags/06_xcom.py
[2026-07-09T23:43:32.919+0000] {logging_mixin.py:190} INFO - [2026-07-09T23:43:32.919+0000] {dag.py:3239} INFO - Sync 1 DAGs
[2026-07-09T23:43:32.934+0000] {logging_mixin.py:190} INFO - [2026-07-09T23:43:32.934+0000] {dag.py:4180} INFO - Setting next_dagrun for 06_xcom to None, run_after=None
[2026-07-09T23:43:32.956+0000] {processor.py:208} INFO - Processing /opt/airflow/dags/06_xcom.py took 0.140 seconds
[2026-07-09T23:44:03.977+0000] {processor.py:186} INFO - Started process (PID=7878) to work on /opt/airflow/dags/06_xcom.py
[2026-07-09T23:44:03.982+0000] {processor.py:914} INFO - Processing file /opt/airflow/dags/06_xcom.py for tasks to queue
[2026-07-09T23:44:03.995+0000] {logging_mixin.py:190} INFO - [2026-07-09T23:44:03.993+0000] {dagbag.py:588} INFO - Filling up the DagBag from /opt/airflow/dags/06_xcom.py
[2026-07-09T23:44:04.039+0000] {processor.py:925} INFO - DAG(s) '06_xcom' retrieved from /opt/airflow/dags/06_xcom.py
[2026-07-09T23:44:04.095+0000] {logging_mixin.py:190} INFO - [2026-07-09T23:44:04.095+0000] {dag.py:3239} INFO - Sync 1 DAGs
[2026-07-09T23:44:04.119+0000] {logging_mixin.py:190} INFO - [2026-07-09T23:44:04.119+0000] {dag.py:4180} INFO - Setting next_dagrun for 06_xcom to None, run_after=None
[2026-07-09T23:44:04.148+0000] {processor.py:208} INFO - Processing /opt/airflow/dags/06_xcom.py took 0.206 seconds
[2026-07-09T23:44:34.222+0000] {processor.py:186} INFO - Started process (PID=7913) to work on /opt/airflow/dags/06_xcom.py
[2026-07-09T23:44:34.224+0000] {processor.py:914} INFO - Processing file /opt/airflow/dags/06_xcom.py for tasks to queue
[2026-07-09T23:44:34.227+0000] {logging_mixin.py:190} INFO - [2026-07-09T23:44:34.227+0000] {dagbag.py:588} INFO - Filling up the DagBag from /opt/airflow/dags/06_xcom.py
[2026-07-09T23:44:34.240+0000] {processor.py:925} INFO - DAG(s) '06_xcom' retrieved from /opt/airflow/dags/06_xcom.py
[2026-07-09T23:44:34.276+0000] {logging_mixin.py:190} INFO - [2026-07-09T23:44:34.275+0000] {dag.py:3239} INFO - Sync 1 DAGs
[2026-07-09T23:44:34.291+0000] {logging_mixin.py:190} INFO - [2026-07-09T23:44:34.291+0000] {dag.py:4180} INFO - Setting next_dagrun for 06_xcom to None, run_after=None
[2026-07-09T23:44:34.310+0000] {processor.py:208} INFO - Processing /opt/airflow/dags/06_xcom.py took 0.100 seconds
[2026-07-09T23:45:04.440+0000] {processor.py:186} INFO - Started process (PID=7948) to work on /opt/airflow/dags/06_xcom.py
[2026-07-09T23:45:04.446+0000] {processor.py:914} INFO - Processing file /opt/airflow/dags/06_xcom.py for tasks to queue
[2026-07-09T23:45:04.456+0000] {logging_mixin.py:190} INFO - [2026-07-09T23:45:04.455+0000] {dagbag.py:588} INFO - Filling up the DagBag from /opt/airflow/dags/06_xcom.py
[2026-07-09T23:45:04.479+0000] {processor.py:925} INFO - DAG(s) '06_xcom' retrieved from /opt/airflow/dags/06_xcom.py
[2026-07-09T23:45:04.549+0000] {logging_mixin.py:190} INFO - [2026-07-09T23:45:04.548+0000] {dag.py:3239} INFO - Sync 1 DAGs
[2026-07-09T23:45:04.592+0000] {logging_mixin.py:190} INFO - [2026-07-09T23:45:04.592+0000] {dag.py:4180} INFO - Setting next_dagrun for 06_xcom to None, run_after=None
[2026-07-09T23:45:04.624+0000] {processor.py:208} INFO - Processing /opt/airflow/dags/06_xcom.py took 0.226 seconds
[2026-07-09T23:45:34.719+0000] {processor.py:186} INFO - Started process (PID=7983) to work on /opt/airflow/dags/06_xcom.py
[2026-07-09T23:45:34.721+0000] {processor.py:914} INFO - Processing file /opt/airflow/dags/06_xcom.py for tasks to queue
[2026-07-09T23:45:34.726+0000] {logging_mixin.py:190} INFO - [2026-07-09T23:45:34.725+0000] {dagbag.py:588} INFO - Filling up the DagBag from /opt/airflow/dags/06_xcom.py
[2026-07-09T23:45:34.754+0000] {processor.py:925} INFO - DAG(s) '06_xcom' retrieved from /opt/airflow/dags/06_xcom.py
[2026-07-09T23:45:34.850+0000] {logging_mixin.py:190} INFO - [2026-07-09T23:45:34.850+0000] {dag.py:3239} INFO - Sync 1 DAGs
[2026-07-09T23:45:34.878+0000] {logging_mixin.py:190} INFO - [2026-07-09T23:45:34.878+0000] {dag.py:4180} INFO - Setting next_dagrun for 06_xcom to None, run_after=None
[2026-07-09T23:45:34.900+0000] {processor.py:208} INFO - Processing /opt/airflow/dags/06_xcom.py took 0.194 seconds
[2026-07-09T23:46:05.903+0000] {processor.py:186} INFO - Started process (PID=8018) to work on /opt/airflow/dags/06_xcom.py
[2026-07-09T23:46:05.907+0000] {processor.py:914} INFO - Processing file /opt/airflow/dags/06_xcom.py for tasks to queue
[2026-07-09T23:46:05.914+0000] {logging_mixin.py:190} INFO - [2026-07-09T23:46:05.911+0000] {dagbag.py:588} INFO - Filling up the DagBag from /opt/airflow/dags/06_xcom.py
[2026-07-09T23:46:05.931+0000] {processor.py:925} INFO - DAG(s) '06_xcom' retrieved from /opt/airflow/dags/06_xcom.py
[2026-07-09T23:46:05.966+0000] {logging_mixin.py:190} INFO - [2026-07-09T23:46:05.965+0000] {dag.py:3239} INFO - Sync 1 DAGs
[2026-07-09T23:46:05.985+0000] {logging_mixin.py:190} INFO - [2026-07-09T23:46:05.984+0000] {dag.py:4180} INFO - Setting next_dagrun for 06_xcom to None, run_after=None
[2026-07-09T23:46:06.007+0000] {processor.py:208} INFO - Processing /opt/airflow/dags/06_xcom.py took 0.119 seconds
[2026-07-09T23:46:36.883+0000] {processor.py:186} INFO - Started process (PID=8053) to work on /opt/airflow/dags/06_xcom.py
[2026-07-09T23:46:36.887+0000] {processor.py:914} INFO - Processing file /opt/airflow/dags/06_xcom.py for tasks to queue
[2026-07-09T23:46:36.895+0000] {logging_mixin.py:190} INFO - [2026-07-09T23:46:36.894+0000] {dagbag.py:588} INFO - Filling up the DagBag from /opt/airflow/dags/06_xcom.py
[2026-07-09T23:46:36.915+0000] {processor.py:925} INFO - DAG(s) '06_xcom' retrieved from /opt/airflow/dags/06_xcom.py
[2026-07-09T23:46:36.964+0000] {logging_mixin.py:190} INFO - [2026-07-09T23:46:36.964+0000] {dag.py:3239} INFO - Sync 1 DAGs
[2026-07-09T23:46:36.983+0000] {logging_mixin.py:190} INFO - [2026-07-09T23:46:36.983+0000] {dag.py:4180} INFO - Setting next_dagrun for 06_xcom to None, run_after=None
[2026-07-09T23:46:37.009+0000] {processor.py:208} INFO - Processing /opt/airflow/dags/06_xcom.py took 0.183 seconds
[2026-07-09T23:47:08.021+0000] {processor.py:186} INFO - Started process (PID=8088) to work on /opt/airflow/dags/06_xcom.py
[2026-07-09T23:47:08.025+0000] {processor.py:914} INFO - Processing file /opt/airflow/dags/06_xcom.py for tasks to queue
[2026-07-09T23:47:08.032+0000] {logging_mixin.py:190} INFO - [2026-07-09T23:47:08.032+0000] {dagbag.py:588} INFO - Filling up the DagBag from /opt/airflow/dags/06_xcom.py
[2026-07-09T23:47:08.050+0000] {processor.py:925} INFO - DAG(s) '06_xcom' retrieved from /opt/airflow/dags/06_xcom.py
[2026-07-09T23:47:08.091+0000] {logging_mixin.py:190} INFO - [2026-07-09T23:47:08.091+0000] {dag.py:3239} INFO - Sync 1 DAGs
[2026-07-09T23:47:08.112+0000] {logging_mixin.py:190} INFO - [2026-07-09T23:47:08.111+0000] {dag.py:4180} INFO - Setting next_dagrun for 06_xcom to None, run_after=None
[2026-07-09T23:47:08.133+0000] {processor.py:208} INFO - Processing /opt/airflow/dags/06_xcom.py took 0.160 seconds
[2026-07-09T23:47:39.211+0000] {processor.py:186} INFO - Started process (PID=8123) to work on /opt/airflow/dags/06_xcom.py
[2026-07-09T23:47:39.214+0000] {processor.py:914} INFO - Processing file /opt/airflow/dags/06_xcom.py for tasks to queue
[2026-07-09T23:47:39.224+0000] {logging_mixin.py:190} INFO - [2026-07-09T23:47:39.223+0000] {dagbag.py:588} INFO - Filling up the DagBag from /opt/airflow/dags/06_xcom.py
[2026-07-09T23:47:39.259+0000] {processor.py:925} INFO - DAG(s) '06_xcom' retrieved from /opt/airflow/dags/06_xcom.py
[2026-07-09T23:47:39.311+0000] {logging_mixin.py:190} INFO - [2026-07-09T23:47:39.311+0000] {dag.py:3239} INFO - Sync 1 DAGs
[2026-07-09T23:47:39.340+0000] {logging_mixin.py:190} INFO - [2026-07-09T23:47:39.339+0000] {dag.py:4180} INFO - Setting next_dagrun for 06_xcom to None, run_after=None
[2026-07-09T23:47:39.368+0000] {processor.py:208} INFO - Processing /opt/airflow/dags/06_xcom.py took 0.212 seconds
[2026-07-09T23:48:09.752+0000] {processor.py:186} INFO - Started process (PID=8158) to work on /opt/airflow/dags/06_xcom.py
[2026-07-09T23:48:09.754+0000] {processor.py:914} INFO - Processing file /opt/airflow/dags/06_xcom.py for tasks to queue
[2026-07-09T23:48:09.758+0000] {logging_mixin.py:190} INFO - [2026-07-09T23:48:09.758+0000] {dagbag.py:588} INFO - Filling up the DagBag from /opt/airflow/dags/06_xcom.py
[2026-07-09T23:48:09.774+0000] {processor.py:925} INFO - DAG(s) '06_xcom' retrieved from /opt/airflow/dags/06_xcom.py
[2026-07-09T23:48:09.825+0000] {logging_mixin.py:190} INFO - [2026-07-09T23:48:09.824+0000] {dag.py:3239} INFO - Sync 1 DAGs
[2026-07-09T23:48:09.847+0000] {logging_mixin.py:190} INFO - [2026-07-09T23:48:09.847+0000] {dag.py:4180} INFO - Setting next_dagrun for 06_xcom to None, run_after=None
[2026-07-09T23:48:09.869+0000] {processor.py:208} INFO - Processing /opt/airflow/dags/06_xcom.py took 0.129 seconds
[2026-07-09T23:48:40.847+0000] {processor.py:186} INFO - Started process (PID=8193) to work on /opt/airflow/dags/06_xcom.py
[2026-07-09T23:48:40.851+0000] {processor.py:914} INFO - Processing file /opt/airflow/dags/06_xcom.py for tasks to queue
[2026-07-09T23:48:40.865+0000] {logging_mixin.py:190} INFO - [2026-07-09T23:48:40.863+0000] {dagbag.py:588} INFO - Filling up the DagBag from /opt/airflow/dags/06_xcom.py
[2026-07-09T23:48:40.901+0000] {processor.py:925} INFO - DAG(s) '06_xcom' retrieved from /opt/airflow/dags/06_xcom.py
[2026-07-09T23:48:40.982+0000] {logging_mixin.py:190} INFO - [2026-07-09T23:48:40.981+0000] {dag.py:3239} INFO - Sync 1 DAGs
[2026-07-09T23:48:41.023+0000] {logging_mixin.py:190} INFO - [2026-07-09T23:48:41.022+0000] {dag.py:4180} INFO - Setting next_dagrun for 06_xcom to None, run_after=None
[2026-07-09T23:48:41.068+0000] {processor.py:208} INFO - Processing /opt/airflow/dags/06_xcom.py took 0.262 seconds
[2026-07-09T23:49:11.281+0000] {processor.py:186} INFO - Started process (PID=8228) to work on /opt/airflow/dags/06_xcom.py
[2026-07-09T23:49:11.287+0000] {processor.py:914} INFO - Processing file /opt/airflow/dags/06_xcom.py for tasks to queue
[2026-07-09T23:49:11.302+0000] {logging_mixin.py:190} INFO - [2026-07-09T23:49:11.299+0000] {dagbag.py:588} INFO - Filling up the DagBag from /opt/airflow/dags/06_xcom.py
[2026-07-09T23:49:11.356+0000] {processor.py:925} INFO - DAG(s) '06_xcom' retrieved from /opt/airflow/dags/06_xcom.py
[2026-07-09T23:49:11.435+0000] {logging_mixin.py:190} INFO - [2026-07-09T23:49:11.434+0000] {dag.py:3239} INFO - Sync 1 DAGs
[2026-07-09T23:49:11.470+0000] {logging_mixin.py:190} INFO - [2026-07-09T23:49:11.470+0000] {dag.py:4180} INFO - Setting next_dagrun for 06_xcom to None, run_after=None
[2026-07-09T23:49:11.520+0000] {processor.py:208} INFO - Processing /opt/airflow/dags/06_xcom.py took 0.284 seconds
[2026-07-09T23:49:41.734+0000] {processor.py:186} INFO - Started process (PID=8263) to work on /opt/airflow/dags/06_xcom.py
[2026-07-09T23:49:41.735+0000] {processor.py:914} INFO - Processing file /opt/airflow/dags/06_xcom.py for tasks to queue
[2026-07-09T23:49:41.738+0000] {logging_mixin.py:190} INFO - [2026-07-09T23:49:41.737+0000] {dagbag.py:588} INFO - Filling up the DagBag from /opt/airflow/dags/06_xcom.py
[2026-07-09T23:49:41.749+0000] {processor.py:925} INFO - DAG(s) '06_xcom' retrieved from /opt/airflow/dags/06_xcom.py
[2026-07-09T23:49:41.783+0000] {logging_mixin.py:190} INFO - [2026-07-09T23:49:41.783+0000] {dag.py:3239} INFO - Sync 1 DAGs
[2026-07-09T23:49:41.802+0000] {logging_mixin.py:190} INFO - [2026-07-09T23:49:41.802+0000] {dag.py:4180} INFO - Setting next_dagrun for 06_xcom to None, run_after=None
[2026-07-09T23:49:41.826+0000] {processor.py:208} INFO - Processing /opt/airflow/dags/06_xcom.py took 0.102 seconds
[2026-07-09T23:50:12.159+0000] {processor.py:186} INFO - Started process (PID=8298) to work on /opt/airflow/dags/06_xcom.py
[2026-07-09T23:50:12.166+0000] {processor.py:914} INFO - Processing file /opt/airflow/dags/06_xcom.py for tasks to queue
[2026-07-09T23:50:12.182+0000] {logging_mixin.py:190} INFO - [2026-07-09T23:50:12.179+0000] {dagbag.py:588} INFO - Filling up the DagBag from /opt/airflow/dags/06_xcom.py
[2026-07-09T23:50:12.235+0000] {processor.py:925} INFO - DAG(s) '06_xcom' retrieved from /opt/airflow/dags/06_xcom.py
[2026-07-09T23:50:12.397+0000] {logging_mixin.py:190} INFO - [2026-07-09T23:50:12.395+0000] {dag.py:3239} INFO - Sync 1 DAGs
[2026-07-09T23:50:12.473+0000] {logging_mixin.py:190} INFO - [2026-07-09T23:50:12.472+0000] {dag.py:4180} INFO - Setting next_dagrun for 06_xcom to None, run_after=None
[2026-07-09T23:50:12.566+0000] {processor.py:208} INFO - Processing /opt/airflow/dags/06_xcom.py took 0.448 seconds
[2026-07-09T23:50:43.412+0000] {processor.py:186} INFO - Started process (PID=8333) to work on /opt/airflow/dags/06_xcom.py
[2026-07-09T23:50:43.413+0000] {processor.py:914} INFO - Processing file /opt/airflow/dags/06_xcom.py for tasks to queue
[2026-07-09T23:50:43.418+0000] {logging_mixin.py:190} INFO - [2026-07-09T23:50:43.417+0000] {dagbag.py:588} INFO - Filling up the DagBag from /opt/airflow/dags/06_xcom.py
[2026-07-09T23:50:43.438+0000] {processor.py:925} INFO - DAG(s) '06_xcom' retrieved from /opt/airflow/dags/06_xcom.py
[2026-07-09T23:50:43.495+0000] {logging_mixin.py:190} INFO - [2026-07-09T23:50:43.494+0000] {dag.py:3239} INFO - Sync 1 DAGs
[2026-07-09T23:50:43.527+0000] {logging_mixin.py:190} INFO - [2026-07-09T23:50:43.527+0000] {dag.py:4180} INFO - Setting next_dagrun for 06_xcom to None, run_after=None
[2026-07-09T23:50:43.560+0000] {processor.py:208} INFO - Processing /opt/airflow/dags/06_xcom.py took 0.167 seconds
[2026-07-09T23:51:13.799+0000] {processor.py:186} INFO - Started process (PID=8368) to work on /opt/airflow/dags/06_xcom.py
[2026-07-09T23:51:13.800+0000] {processor.py:914} INFO - Processing file /opt/airflow/dags/06_xcom.py for tasks to queue
[2026-07-09T23:51:13.803+0000] {logging_mixin.py:190} INFO - [2026-07-09T23:51:13.803+0000] {dagbag.py:588} INFO - Filling up the DagBag from /opt/airflow/dags/06_xcom.py
[2026-07-09T23:51:13.815+0000] {processor.py:925} INFO - DAG(s) '06_xcom' retrieved from /opt/airflow/dags/06_xcom.py
[2026-07-09T23:51:13.848+0000] {logging_mixin.py:190} INFO - [2026-07-09T23:51:13.848+0000] {dag.py:3239} INFO - Sync 1 DAGs
[2026-07-09T23:51:13.865+0000] {logging_mixin.py:190} INFO - [2026-07-09T23:51:13.864+0000] {dag.py:4180} INFO - Setting next_dagrun for 06_xcom to None, run_after=None
[2026-07-09T23:51:13.884+0000] {processor.py:208} INFO - Processing /opt/airflow/dags/06_xcom.py took 0.100 seconds
[2026-07-09T23:51:43.967+0000] {processor.py:186} INFO - Started process (PID=8403) to work on /opt/airflow/dags/06_xcom.py
[2026-07-09T23:51:43.970+0000] {processor.py:914} INFO - Processing file /opt/airflow/dags/06_xcom.py for tasks to queue
[2026-07-09T23:51:43.980+0000] {logging_mixin.py:190} INFO - [2026-07-09T23:51:43.978+0000] {dagbag.py:588} INFO - Filling up the DagBag from /opt/airflow/dags/06_xcom.py
[2026-07-09T23:51:44.021+0000] {processor.py:925} INFO - DAG(s) '06_xcom' retrieved from /opt/airflow/dags/06_xcom.py
[2026-07-09T23:51:44.214+0000] {logging_mixin.py:190} INFO - [2026-07-09T23:51:44.214+0000] {dag.py:3239} INFO - Sync 1 DAGs
[2026-07-09T23:51:44.295+0000] {logging_mixin.py:190} INFO - [2026-07-09T23:51:44.294+0000] {dag.py:4180} INFO - Setting next_dagrun for 06_xcom to None, run_after=None
[2026-07-09T23:51:44.403+0000] {processor.py:208} INFO - Processing /opt/airflow/dags/06_xcom.py took 0.470 seconds
[2026-07-09T23:52:14.668+0000] {processor.py:186} INFO - Started process (PID=8438) to work on /opt/airflow/dags/06_xcom.py
[2026-07-09T23:52:14.671+0000] {processor.py:914} INFO - Processing file /opt/airflow/dags/06_xcom.py for tasks to queue
[2026-07-09T23:52:14.681+0000] {logging_mixin.py:190} INFO - [2026-07-09T23:52:14.680+0000] {dagbag.py:588} INFO - Filling up the DagBag from /opt/airflow/dags/06_xcom.py
[2026-07-09T23:52:14.707+0000] {processor.py:925} INFO - DAG(s) '06_xcom' retrieved from /opt/airflow/dags/06_xcom.py
[2026-07-09T23:52:14.793+0000] {logging_mixin.py:190} INFO - [2026-07-09T23:52:14.793+0000] {dag.py:3239} INFO - Sync 1 DAGs
[2026-07-09T23:52:14.817+0000] {logging_mixin.py:190} INFO - [2026-07-09T23:52:14.817+0000] {dag.py:4180} INFO - Setting next_dagrun for 06_xcom to None, run_after=None
[2026-07-09T23:52:14.848+0000] {processor.py:208} INFO - Processing /opt/airflow/dags/06_xcom.py took 0.211 seconds
[2026-07-09T23:52:45.156+0000] {processor.py:186} INFO - Started process (PID=8473) to work on /opt/airflow/dags/06_xcom.py
[2026-07-09T23:52:45.160+0000] {processor.py:914} INFO - Processing file /opt/airflow/dags/06_xcom.py for tasks to queue
[2026-07-09T23:52:45.173+0000] {logging_mixin.py:190} INFO - [2026-07-09T23:52:45.170+0000] {dagbag.py:588} INFO - Filling up the DagBag from /opt/airflow/dags/06_xcom.py
[2026-07-09T23:52:45.227+0000] {processor.py:925} INFO - DAG(s) '06_xcom' retrieved from /opt/airflow/dags/06_xcom.py
[2026-07-09T23:52:45.339+0000] {logging_mixin.py:190} INFO - [2026-07-09T23:52:45.339+0000] {dag.py:3239} INFO - Sync 1 DAGs
[2026-07-09T23:52:45.358+0000] {logging_mixin.py:190} INFO - [2026-07-09T23:52:45.358+0000] {dag.py:4180} INFO - Setting next_dagrun for 06_xcom to None, run_after=None
[2026-07-09T23:52:45.385+0000] {processor.py:208} INFO - Processing /opt/airflow/dags/06_xcom.py took 0.271 seconds
[2026-07-09T23:53:15.642+0000] {processor.py:186} INFO - Started process (PID=8508) to work on /opt/airflow/dags/06_xcom.py
[2026-07-09T23:53:15.649+0000] {processor.py:914} INFO - Processing file /opt/airflow/dags/06_xcom.py for tasks to queue
[2026-07-09T23:53:15.662+0000] {logging_mixin.py:190} INFO - [2026-07-09T23:53:15.660+0000] {dagbag.py:588} INFO - Filling up the DagBag from /opt/airflow/dags/06_xcom.py
[2026-07-09T23:53:15.709+0000] {processor.py:925} INFO - DAG(s) '06_xcom' retrieved from /opt/airflow/dags/06_xcom.py
[2026-07-09T23:53:15.891+0000] {logging_mixin.py:190} INFO - [2026-07-09T23:53:15.890+0000] {dag.py:3239} INFO - Sync 1 DAGs
[2026-07-09T23:53:15.927+0000] {logging_mixin.py:190} INFO - [2026-07-09T23:53:15.926+0000] {dag.py:4180} INFO - Setting next_dagrun for 06_xcom to None, run_after=None
[2026-07-09T23:53:15.968+0000] {processor.py:208} INFO - Processing /opt/airflow/dags/06_xcom.py took 0.364 seconds
[2026-07-09T23:53:46.040+0000] {processor.py:186} INFO - Started process (PID=8543) to work on /opt/airflow/dags/06_xcom.py
[2026-07-09T23:53:46.042+0000] {processor.py:914} INFO - Processing file /opt/airflow/dags/06_xcom.py for tasks to queue
[2026-07-09T23:53:46.045+0000] {logging_mixin.py:190} INFO - [2026-07-09T23:53:46.045+0000] {dagbag.py:588} INFO - Filling up the DagBag from /opt/airflow/dags/06_xcom.py
[2026-07-09T23:53:46.055+0000] {processor.py:925} INFO - DAG(s) '06_xcom' retrieved from /opt/airflow/dags/06_xcom.py
[2026-07-09T23:53:46.089+0000] {logging_mixin.py:190} INFO - [2026-07-09T23:53:46.089+0000] {dag.py:3239} INFO - Sync 1 DAGs
[2026-07-09T23:53:46.105+0000] {logging_mixin.py:190} INFO - [2026-07-09T23:53:46.104+0000] {dag.py:4180} INFO - Setting next_dagrun for 06_xcom to None, run_after=None
[2026-07-09T23:53:46.125+0000] {processor.py:208} INFO - Processing /opt/airflow/dags/06_xcom.py took 0.094 seconds
[2026-07-09T23:54:17.070+0000] {processor.py:186} INFO - Started process (PID=8578) to work on /opt/airflow/dags/06_xcom.py
[2026-07-09T23:54:17.074+0000] {processor.py:914} INFO - Processing file /opt/airflow/dags/06_xcom.py for tasks to queue
[2026-07-09T23:54:17.081+0000] {logging_mixin.py:190} INFO - [2026-07-09T23:54:17.079+0000] {dagbag.py:588} INFO - Filling up the DagBag from /opt/airflow/dags/06_xcom.py
[2026-07-09T23:54:17.106+0000] {processor.py:925} INFO - DAG(s) '06_xcom' retrieved from /opt/airflow/dags/06_xcom.py
[2026-07-09T23:54:17.173+0000] {logging_mixin.py:190} INFO - [2026-07-09T23:54:17.173+0000] {dag.py:3239} INFO - Sync 1 DAGs
[2026-07-09T23:54:17.212+0000] {logging_mixin.py:190} INFO - [2026-07-09T23:54:17.212+0000] {dag.py:4180} INFO - Setting next_dagrun for 06_xcom to None, run_after=None
[2026-07-09T23:54:17.252+0000] {processor.py:208} INFO - Processing /opt/airflow/dags/06_xcom.py took 0.209 seconds
[2026-07-09T23:54:47.880+0000] {processor.py:186} INFO - Started process (PID=8613) to work on /opt/airflow/dags/06_xcom.py
[2026-07-09T23:54:47.882+0000] {processor.py:914} INFO - Processing file /opt/airflow/dags/06_xcom.py for tasks to queue
[2026-07-09T23:54:47.887+0000] {logging_mixin.py:190} INFO - [2026-07-09T23:54:47.886+0000] {dagbag.py:588} INFO - Filling up the DagBag from /opt/airflow/dags/06_xcom.py
[2026-07-09T23:54:47.899+0000] {processor.py:925} INFO - DAG(s) '06_xcom' retrieved from /opt/airflow/dags/06_xcom.py
[2026-07-09T23:54:47.947+0000] {logging_mixin.py:190} INFO - [2026-07-09T23:54:47.947+0000] {dag.py:3239} INFO - Sync 1 DAGs
[2026-07-09T23:54:47.969+0000] {logging_mixin.py:190} INFO - [2026-07-09T23:54:47.969+0000] {dag.py:4180} INFO - Setting next_dagrun for 06_xcom to None, run_after=None
[2026-07-09T23:54:47.991+0000] {processor.py:208} INFO - Processing /opt/airflow/dags/06_xcom.py took 0.123 seconds
[2026-07-09T23:55:19.033+0000] {processor.py:186} INFO - Started process (PID=8648) to work on /opt/airflow/dags/06_xcom.py
[2026-07-09T23:55:19.035+0000] {processor.py:914} INFO - Processing file /opt/airflow/dags/06_xcom.py for tasks to queue
[2026-07-09T23:55:19.041+0000] {logging_mixin.py:190} INFO - [2026-07-09T23:55:19.038+0000] {dagbag.py:588} INFO - Filling up the DagBag from /opt/airflow/dags/06_xcom.py
[2026-07-09T23:55:19.055+0000] {processor.py:925} INFO - DAG(s) '06_xcom' retrieved from /opt/airflow/dags/06_xcom.py
[2026-07-09T23:55:19.106+0000] {logging_mixin.py:190} INFO - [2026-07-09T23:55:19.106+0000] {dag.py:3239} INFO - Sync 1 DAGs
[2026-07-09T23:55:19.123+0000] {logging_mixin.py:190} INFO - [2026-07-09T23:55:19.123+0000] {dag.py:4180} INFO - Setting next_dagrun for 06_xcom to None, run_after=None
[2026-07-09T23:55:19.142+0000] {processor.py:208} INFO - Processing /opt/airflow/dags/06_xcom.py took 0.136 seconds
[2026-07-09T23:55:49.274+0000] {processor.py:186} INFO - Started process (PID=8683) to work on /opt/airflow/dags/06_xcom.py
[2026-07-09T23:55:49.277+0000] {processor.py:914} INFO - Processing file /opt/airflow/dags/06_xcom.py for tasks to queue
[2026-07-09T23:55:49.287+0000] {logging_mixin.py:190} INFO - [2026-07-09T23:55:49.285+0000] {dagbag.py:588} INFO - Filling up the DagBag from /opt/airflow/dags/06_xcom.py
[2026-07-09T23:55:49.333+0000] {processor.py:925} INFO - DAG(s) '06_xcom' retrieved from /opt/airflow/dags/06_xcom.py
[2026-07-09T23:55:49.404+0000] {logging_mixin.py:190} INFO - [2026-07-09T23:55:49.403+0000] {dag.py:3239} INFO - Sync 1 DAGs
[2026-07-09T23:55:49.442+0000] {logging_mixin.py:190} INFO - [2026-07-09T23:55:49.442+0000] {dag.py:4180} INFO - Setting next_dagrun for 06_xcom to None, run_after=None
[2026-07-09T23:55:49.502+0000] {processor.py:208} INFO - Processing /opt/airflow/dags/06_xcom.py took 0.260 seconds
[2026-07-09T23:56:19.787+0000] {processor.py:186} INFO - Started process (PID=8718) to work on /opt/airflow/dags/06_xcom.py
[2026-07-09T23:56:19.792+0000] {processor.py:914} INFO - Processing file /opt/airflow/dags/06_xcom.py for tasks to queue
[2026-07-09T23:56:19.804+0000] {logging_mixin.py:190} INFO - [2026-07-09T23:56:19.802+0000] {dagbag.py:588} INFO - Filling up the DagBag from /opt/airflow/dags/06_xcom.py
[2026-07-09T23:56:19.850+0000] {processor.py:925} INFO - DAG(s) '06_xcom' retrieved from /opt/airflow/dags/06_xcom.py
[2026-07-09T23:56:19.964+0000] {logging_mixin.py:190} INFO - [2026-07-09T23:56:19.964+0000] {dag.py:3239} INFO - Sync 1 DAGs
[2026-07-09T23:56:19.996+0000] {logging_mixin.py:190} INFO - [2026-07-09T23:56:19.995+0000] {dag.py:4180} INFO - Setting next_dagrun for 06_xcom to None, run_after=None
[2026-07-09T23:56:20.024+0000] {processor.py:208} INFO - Processing /opt/airflow/dags/06_xcom.py took 0.274 seconds
[2026-07-09T23:56:50.984+0000] {processor.py:186} INFO - Started process (PID=8753) to work on /opt/airflow/dags/06_xcom.py
[2026-07-09T23:56:50.986+0000] {processor.py:914} INFO - Processing file /opt/airflow/dags/06_xcom.py for tasks to queue
[2026-07-09T23:56:50.992+0000] {logging_mixin.py:190} INFO - [2026-07-09T23:56:50.991+0000] {dagbag.py:588} INFO - Filling up the DagBag from /opt/airflow/dags/06_xcom.py
[2026-07-09T23:56:51.013+0000] {processor.py:925} INFO - DAG(s) '06_xcom' retrieved from /opt/airflow/dags/06_xcom.py
[2026-07-09T23:56:51.082+0000] {logging_mixin.py:190} INFO - [2026-07-09T23:56:51.082+0000] {dag.py:3239} INFO - Sync 1 DAGs
[2026-07-09T23:56:51.111+0000] {logging_mixin.py:190} INFO - [2026-07-09T23:56:51.111+0000] {dag.py:4180} INFO - Setting next_dagrun for 06_xcom to None, run_after=None
[2026-07-09T23:56:51.147+0000] {processor.py:208} INFO - Processing /opt/airflow/dags/06_xcom.py took 0.196 seconds
[2026-07-09T23:57:21.947+0000] {processor.py:186} INFO - Started process (PID=8788) to work on /opt/airflow/dags/06_xcom.py
[2026-07-09T23:57:21.952+0000] {processor.py:914} INFO - Processing file /opt/airflow/dags/06_xcom.py for tasks to queue
[2026-07-09T23:57:21.961+0000] {logging_mixin.py:190} INFO - [2026-07-09T23:57:21.959+0000] {dagbag.py:588} INFO - Filling up the DagBag from /opt/airflow/dags/06_xcom.py
[2026-07-09T23:57:21.996+0000] {processor.py:925} INFO - DAG(s) '06_xcom' retrieved from /opt/airflow/dags/06_xcom.py
[2026-07-09T23:57:22.109+0000] {logging_mixin.py:190} INFO - [2026-07-09T23:57:22.109+0000] {dag.py:3239} INFO - Sync 1 DAGs
[2026-07-09T23:57:22.164+0000] {logging_mixin.py:190} INFO - [2026-07-09T23:57:22.163+0000] {dag.py:4180} INFO - Setting next_dagrun for 06_xcom to None, run_after=None
[2026-07-09T23:57:22.230+0000] {processor.py:208} INFO - Processing /opt/airflow/dags/06_xcom.py took 0.318 seconds
[2026-07-09T23:57:53.235+0000] {processor.py:186} INFO - Started process (PID=8823) to work on /opt/airflow/dags/06_xcom.py
[2026-07-09T23:57:53.240+0000] {processor.py:914} INFO - Processing file /opt/airflow/dags/06_xcom.py for tasks to queue
[2026-07-09T23:57:53.252+0000] {logging_mixin.py:190} INFO - [2026-07-09T23:57:53.251+0000] {dagbag.py:588} INFO - Filling up the DagBag from /opt/airflow/dags/06_xcom.py
[2026-07-09T23:57:53.303+0000] {processor.py:925} INFO - DAG(s) '06_xcom' retrieved from /opt/airflow/dags/06_xcom.py
[2026-07-09T23:57:53.367+0000] {logging_mixin.py:190} INFO - [2026-07-09T23:57:53.367+0000] {dag.py:3239} INFO - Sync 1 DAGs
[2026-07-09T23:57:53.429+0000] {logging_mixin.py:190} INFO - [2026-07-09T23:57:53.429+0000] {dag.py:4180} INFO - Setting next_dagrun for 06_xcom to None, run_after=None
[2026-07-09T23:57:53.494+0000] {processor.py:208} INFO - Processing /opt/airflow/dags/06_xcom.py took 0.299 seconds
[2026-07-09T23:58:24.234+0000] {processor.py:186} INFO - Started process (PID=8858) to work on /opt/airflow/dags/06_xcom.py
[2026-07-09T23:58:24.236+0000] {processor.py:914} INFO - Processing file /opt/airflow/dags/06_xcom.py for tasks to queue
[2026-07-09T23:58:24.242+0000] {logging_mixin.py:190} INFO - [2026-07-09T23:58:24.241+0000] {dagbag.py:588} INFO - Filling up the DagBag from /opt/airflow/dags/06_xcom.py
[2026-07-09T23:58:24.265+0000] {processor.py:925} INFO - DAG(s) '06_xcom' retrieved from /opt/airflow/dags/06_xcom.py
[2026-07-09T23:58:24.355+0000] {logging_mixin.py:190} INFO - [2026-07-09T23:58:24.354+0000] {dag.py:3239} INFO - Sync 1 DAGs
[2026-07-09T23:58:24.406+0000] {logging_mixin.py:190} INFO - [2026-07-09T23:58:24.406+0000] {dag.py:4180} INFO - Setting next_dagrun for 06_xcom to None, run_after=None
[2026-07-09T23:58:24.438+0000] {processor.py:208} INFO - Processing /opt/airflow/dags/06_xcom.py took 0.228 seconds
[2026-07-09T23:58:55.235+0000] {processor.py:186} INFO - Started process (PID=8893) to work on /opt/airflow/dags/06_xcom.py
[2026-07-09T23:58:55.236+0000] {processor.py:914} INFO - Processing file /opt/airflow/dags/06_xcom.py for tasks to queue
[2026-07-09T23:58:55.239+0000] {logging_mixin.py:190} INFO - [2026-07-09T23:58:55.238+0000] {dagbag.py:588} INFO - Filling up the DagBag from /opt/airflow/dags/06_xcom.py
[2026-07-09T23:58:55.251+0000] {processor.py:925} INFO - DAG(s) '06_xcom' retrieved from /opt/airflow/dags/06_xcom.py
[2026-07-09T23:58:55.284+0000] {logging_mixin.py:190} INFO - [2026-07-09T23:58:55.284+0000] {dag.py:3239} INFO - Sync 1 DAGs
[2026-07-09T23:58:55.301+0000] {logging_mixin.py:190} INFO - [2026-07-09T23:58:55.300+0000] {dag.py:4180} INFO - Setting next_dagrun for 06_xcom to None, run_after=None
[2026-07-09T23:58:55.322+0000] {processor.py:208} INFO - Processing /opt/airflow/dags/06_xcom.py took 0.095 seconds
[2026-07-09T23:59:26.112+0000] {processor.py:186} INFO - Started process (PID=8928) to work on /opt/airflow/dags/06_xcom.py
[2026-07-09T23:59:26.120+0000] {processor.py:914} INFO - Processing file /opt/airflow/dags/06_xcom.py for tasks to queue
[2026-07-09T23:59:26.135+0000] {logging_mixin.py:190} INFO - [2026-07-09T23:59:26.133+0000] {dagbag.py:588} INFO - Filling up the DagBag from /opt/airflow/dags/06_xcom.py
[2026-07-09T23:59:26.192+0000] {processor.py:925} INFO - DAG(s) '06_xcom' retrieved from /opt/airflow/dags/06_xcom.py
[2026-07-09T23:59:26.344+0000] {logging_mixin.py:190} INFO - [2026-07-09T23:59:26.344+0000] {dag.py:3239} INFO - Sync 1 DAGs
[2026-07-09T23:59:26.365+0000] {logging_mixin.py:190} INFO - [2026-07-09T23:59:26.365+0000] {dag.py:4180} INFO - Setting next_dagrun for 06_xcom to None, run_after=None
[2026-07-09T23:59:26.394+0000] {processor.py:208} INFO - Processing /opt/airflow/dags/06_xcom.py took 0.318 seconds
[2026-07-09T23:59:56.583+0000] {processor.py:186} INFO - Started process (PID=8963) to work on /opt/airflow/dags/06_xcom.py
[2026-07-09T23:59:56.589+0000] {processor.py:914} INFO - Processing file /opt/airflow/dags/06_xcom.py for tasks to queue
[2026-07-09T23:59:56.603+0000] {logging_mixin.py:190} INFO - [2026-07-09T23:59:56.601+0000] {dagbag.py:588} INFO - Filling up the DagBag from /opt/airflow/dags/06_xcom.py
[2026-07-09T23:59:56.652+0000] {processor.py:925} INFO - DAG(s) '06_xcom' retrieved from /opt/airflow/dags/06_xcom.py
[2026-07-09T23:59:56.832+0000] {logging_mixin.py:190} INFO - [2026-07-09T23:59:56.829+0000] {dag.py:3239} INFO - Sync 1 DAGs
[2026-07-09T23:59:56.889+0000] {logging_mixin.py:190} INFO - [2026-07-09T23:59:56.889+0000] {dag.py:4180} INFO - Setting next_dagrun for 06_xcom to None, run_after=None
[2026-07-09T23:59:56.941+0000] {processor.py:208} INFO - Processing /opt/airflow/dags/06_xcom.py took 0.395 seconds
