[2026-07-10T19:32:58.382+0000] {local_task_job_runner.py:123} INFO - ::group::Pre task execution logs
[2026-07-10T19:32:58.428+0000] {taskinstance.py:2613} INFO - Dependencies all met for dep_context=non-requeueable deps ti=<TaskInstance: 04_branch.generate_summary manual__2026-07-10T19:32:50.783421+00:00 [queued]>
[2026-07-10T19:32:58.445+0000] {taskinstance.py:2613} INFO - Dependencies all met for dep_context=requeueable deps ti=<TaskInstance: 04_branch.generate_summary manual__2026-07-10T19:32:50.783421+00:00 [queued]>
[2026-07-10T19:32:58.446+0000] {taskinstance.py:2866} INFO - Starting attempt 1 of 1
[2026-07-10T19:32:58.466+0000] {taskinstance.py:2889} INFO - Executing <Task(PythonOperator): generate_summary> on 2026-07-10 19:32:50.783421+00:00
[2026-07-10T19:32:58.478+0000] {logging_mixin.py:190} WARNING - /home/***/.local/lib/python3.12/site-packages/***/task/task_runner/standard_task_runner.py:70 DeprecationWarning: This process (pid=1256) is multi-threaded, use of fork() may lead to deadlocks in the child.
[2026-07-10T19:32:58.477+0000] {standard_task_runner.py:104} INFO - Running: ['***', 'tasks', 'run', '04_branch', 'generate_summary', 'manual__2026-07-10T19:32:50.783421+00:00', '--job-id', '33', '--raw', '--subdir', 'DAGS_FOLDER/04_branch.py', '--cfg-path', '/tmp/tmp4kkcvrkr']
[2026-07-10T19:32:58.479+0000] {standard_task_runner.py:105} INFO - Job 33: Subtask generate_summary
[2026-07-10T19:32:58.479+0000] {standard_task_runner.py:72} INFO - Started process 1257 to run task
[2026-07-10T19:32:58.550+0000] {task_command.py:467} INFO - Running <TaskInstance: 04_branch.generate_summary manual__2026-07-10T19:32:50.783421+00:00 [running]> on host 9e68c458d5bd
[2026-07-10T19:32:58.778+0000] {taskinstance.py:3132} INFO - Exporting env vars: AIRFLOW_CTX_DAG_OWNER='***' AIRFLOW_CTX_DAG_ID='04_branch' AIRFLOW_CTX_TASK_ID='generate_summary' AIRFLOW_CTX_EXECUTION_DATE='2026-07-10T19:32:50.783421+00:00' AIRFLOW_CTX_TRY_NUMBER='1' AIRFLOW_CTX_DAG_RUN_ID='manual__2026-07-10T19:32:50.783421+00:00'
[2026-07-10T19:32:58.779+0000] {taskinstance.py:731} INFO - ::endgroup::
[2026-07-10T19:32:58.852+0000] {logging_mixin.py:190} INFO - 
📋 Summary generated:
[2026-07-10T19:32:58.854+0000] {logging_mixin.py:190} INFO -    - Branch: SMALL
[2026-07-10T19:32:58.855+0000] {logging_mixin.py:190} INFO -    - Total orders: 0
[2026-07-10T19:32:58.857+0000] {logging_mixin.py:190} INFO -    - Total revenue: $0
[2026-07-10T19:32:58.858+0000] {logging_mixin.py:190} INFO -    - Status: Pending=0, Shipped=0, Delivered=0, Cancelled=0
[2026-07-10T19:32:58.860+0000] {python.py:240} INFO - Done. Returned value was: None
[2026-07-10T19:32:58.882+0000] {taskinstance.py:340} INFO - ::group::Post task execution logs
[2026-07-10T19:32:58.883+0000] {taskinstance.py:352} INFO - Marking task as SUCCESS. dag_id=04_branch, task_id=generate_summary, run_id=manual__2026-07-10T19:32:50.783421+00:00, execution_date=20260710T193250, start_date=20260710T193258, end_date=20260710T193258
[2026-07-10T19:32:58.953+0000] {local_task_job_runner.py:266} INFO - Task exited with return code 0
[2026-07-10T19:32:58.983+0000] {taskinstance.py:3895} INFO - 0 downstream tasks scheduled from follow-on schedule check
[2026-07-10T19:32:58.985+0000] {local_task_job_runner.py:245} INFO - ::endgroup::
