[2026-07-09T15:44:55.547+0000] {local_task_job_runner.py:123} INFO - ::group::Pre task execution logs
[2026-07-09T15:44:55.578+0000] {taskinstance.py:2613} INFO - Dependencies all met for dep_context=non-requeueable deps ti=<TaskInstance: 04_branch.generate_summary manual__2026-07-09T15:44:48.054045+00:00 [queued]>
[2026-07-09T15:44:55.593+0000] {taskinstance.py:2613} INFO - Dependencies all met for dep_context=requeueable deps ti=<TaskInstance: 04_branch.generate_summary manual__2026-07-09T15:44:48.054045+00:00 [queued]>
[2026-07-09T15:44:55.594+0000] {taskinstance.py:2866} INFO - Starting attempt 1 of 1
[2026-07-09T15:44:55.613+0000] {taskinstance.py:2889} INFO - Executing <Task(PythonOperator): generate_summary> on 2026-07-09 15:44:48.054045+00:00
[2026-07-09T15:44:55.627+0000] {logging_mixin.py:190} WARNING - /home/***/.local/lib/python3.12/site-packages/***/task/task_runner/standard_task_runner.py:70 DeprecationWarning: This process (pid=3343) is multi-threaded, use of fork() may lead to deadlocks in the child.
[2026-07-09T15:44:55.626+0000] {standard_task_runner.py:104} INFO - Running: ['***', 'tasks', 'run', '04_branch', 'generate_summary', 'manual__2026-07-09T15:44:48.054045+00:00', '--job-id', '12', '--raw', '--subdir', 'DAGS_FOLDER/04_branch.py', '--cfg-path', '/tmp/tmp7hnptavc']
[2026-07-09T15:44:55.629+0000] {standard_task_runner.py:105} INFO - Job 12: Subtask generate_summary
[2026-07-09T15:44:55.629+0000] {standard_task_runner.py:72} INFO - Started process 3344 to run task
[2026-07-09T15:44:55.716+0000] {task_command.py:467} INFO - Running <TaskInstance: 04_branch.generate_summary manual__2026-07-09T15:44:48.054045+00:00 [running]> on host 5a7e11089a04
[2026-07-09T15:44:55.864+0000] {taskinstance.py:3132} INFO - Exporting env vars: AIRFLOW_CTX_DAG_OWNER='***' AIRFLOW_CTX_DAG_ID='04_branch' AIRFLOW_CTX_TASK_ID='generate_summary' AIRFLOW_CTX_EXECUTION_DATE='2026-07-09T15:44:48.054045+00:00' AIRFLOW_CTX_TRY_NUMBER='1' AIRFLOW_CTX_DAG_RUN_ID='manual__2026-07-09T15:44:48.054045+00:00'
[2026-07-09T15:44:55.865+0000] {taskinstance.py:731} INFO - ::endgroup::
[2026-07-09T15:44:55.921+0000] {logging_mixin.py:190} INFO - 
📋 Summary generated:
[2026-07-09T15:44:55.922+0000] {logging_mixin.py:190} INFO -    - Branch: LARGE
[2026-07-09T15:44:55.922+0000] {logging_mixin.py:190} INFO -    - Total orders: 100
[2026-07-09T15:44:55.923+0000] {logging_mixin.py:190} INFO -    - Total revenue: $31284
[2026-07-09T15:44:55.923+0000] {logging_mixin.py:190} INFO -    - Status: Pending=24, Shipped=26, Delivered=22, Cancelled=28
[2026-07-09T15:44:55.925+0000] {python.py:240} INFO - Done. Returned value was: None
[2026-07-09T15:44:55.943+0000] {taskinstance.py:340} INFO - ::group::Post task execution logs
[2026-07-09T15:44:55.944+0000] {taskinstance.py:352} INFO - Marking task as SUCCESS. dag_id=04_branch, task_id=generate_summary, run_id=manual__2026-07-09T15:44:48.054045+00:00, execution_date=20260709T154448, start_date=20260709T154455, end_date=20260709T154455
[2026-07-09T15:44:55.968+0000] {local_task_job_runner.py:266} INFO - Task exited with return code 0
[2026-07-09T15:44:55.997+0000] {taskinstance.py:3895} INFO - 0 downstream tasks scheduled from follow-on schedule check
[2026-07-09T15:44:56.000+0000] {local_task_job_runner.py:245} INFO - ::endgroup::
