[2026-07-09T15:47:39.997+0000] {local_task_job_runner.py:123} INFO - ::group::Pre task execution logs
[2026-07-09T15:47:40.029+0000] {taskinstance.py:2613} INFO - Dependencies all met for dep_context=non-requeueable deps ti=<TaskInstance: 04_branch.check_data_size manual__2026-07-09T15:47:35.023132+00:00 [queued]>
[2026-07-09T15:47:40.040+0000] {taskinstance.py:2613} INFO - Dependencies all met for dep_context=requeueable deps ti=<TaskInstance: 04_branch.check_data_size manual__2026-07-09T15:47:35.023132+00:00 [queued]>
[2026-07-09T15:47:40.041+0000] {taskinstance.py:2866} INFO - Starting attempt 1 of 1
[2026-07-09T15:47:40.063+0000] {taskinstance.py:2889} INFO - Executing <Task(BranchPythonOperator): check_data_size> on 2026-07-09 15:47:35.023132+00:00
[2026-07-09T15:47:40.075+0000] {logging_mixin.py:190} WARNING - /home/***/.local/lib/python3.12/site-packages/***/task/task_runner/standard_task_runner.py:70 DeprecationWarning: This process (pid=3480) is multi-threaded, use of fork() may lead to deadlocks in the child.
[2026-07-09T15:47:40.073+0000] {standard_task_runner.py:104} INFO - Running: ['***', 'tasks', 'run', '04_branch', 'check_data_size', 'manual__2026-07-09T15:47:35.023132+00:00', '--job-id', '16', '--raw', '--subdir', 'DAGS_FOLDER/04_branch.py', '--cfg-path', '/tmp/tmpkdubhwfi']
[2026-07-09T15:47:40.078+0000] {standard_task_runner.py:72} INFO - Started process 3481 to run task
[2026-07-09T15:47:40.078+0000] {standard_task_runner.py:105} INFO - Job 16: Subtask check_data_size
[2026-07-09T15:47:40.141+0000] {task_command.py:467} INFO - Running <TaskInstance: 04_branch.check_data_size manual__2026-07-09T15:47:35.023132+00:00 [running]> on host 5a7e11089a04
[2026-07-09T15:47:40.254+0000] {taskinstance.py:3132} INFO - Exporting env vars: AIRFLOW_CTX_DAG_OWNER='***' AIRFLOW_CTX_DAG_ID='04_branch' AIRFLOW_CTX_TASK_ID='check_data_size' AIRFLOW_CTX_EXECUTION_DATE='2026-07-09T15:47:35.023132+00:00' AIRFLOW_CTX_TRY_NUMBER='1' AIRFLOW_CTX_DAG_RUN_ID='manual__2026-07-09T15:47:35.023132+00:00'
[2026-07-09T15:47:40.255+0000] {taskinstance.py:731} INFO - ::endgroup::
[2026-07-09T15:47:40.275+0000] {baseoperator.py:416} WARNING - BranchPythonOperator.execute cannot be called outside TaskInstance!
[2026-07-09T15:47:40.285+0000] {logging_mixin.py:190} INFO - 📊 Total orders: 20
[2026-07-09T15:47:40.285+0000] {logging_mixin.py:190} INFO - ➡️ Branch: SMALL (light processing)
[2026-07-09T15:47:40.286+0000] {python.py:240} INFO - Done. Returned value was: process_small
[2026-07-09T15:47:40.286+0000] {branch.py:38} INFO - Branch into process_small
[2026-07-09T15:47:40.286+0000] {skipmixin.py:230} INFO - Following branch ('process_small',)
[2026-07-09T15:47:40.302+0000] {skipmixin.py:278} INFO - Skipping tasks [('process_medium', -1), ('process_large', -1)]
[2026-07-09T15:47:40.345+0000] {taskinstance.py:340} INFO - ::group::Post task execution logs
[2026-07-09T15:47:40.345+0000] {taskinstance.py:352} INFO - Marking task as SUCCESS. dag_id=04_branch, task_id=check_data_size, run_id=manual__2026-07-09T15:47:35.023132+00:00, execution_date=20260709T154735, start_date=20260709T154740, end_date=20260709T154740
[2026-07-09T15:47:40.376+0000] {local_task_job_runner.py:266} INFO - Task exited with return code 0
[2026-07-09T15:47:40.416+0000] {taskinstance.py:3895} INFO - 1 downstream tasks scheduled from follow-on schedule check
[2026-07-09T15:47:40.418+0000] {local_task_job_runner.py:245} INFO - ::endgroup::
