[2026-09-10T20:45:48.092+0000] {local_task_job_runner.py:123} INFO - ::group::Pre task execution logs
[2026-09-10T20:45:48.112+0000] {taskinstance.py:2613} INFO - Dependencies all met for dep_context=non-requeueable deps ti=<TaskInstance: 1202_payload_consumer.reconcile manual__2026-09-10T20:45:44.397005+00:00 [queued]>
[2026-09-10T20:45:48.120+0000] {taskinstance.py:2613} INFO - Dependencies all met for dep_context=requeueable deps ti=<TaskInstance: 1202_payload_consumer.reconcile manual__2026-09-10T20:45:44.397005+00:00 [queued]>
[2026-09-10T20:45:48.120+0000] {taskinstance.py:2866} INFO - Starting attempt 1 of 1
[2026-09-10T20:45:48.134+0000] {taskinstance.py:2889} INFO - Executing <Task(PythonOperator): reconcile> on 2026-09-10 20:45:44.397005+00:00
[2026-09-10T20:45:48.144+0000] {logging_mixin.py:190} WARNING - /home/***/.local/lib/python3.12/site-packages/***/task/task_runner/standard_task_runner.py:70 DeprecationWarning: This process (pid=3906) is multi-threaded, use of fork() may lead to deadlocks in the child.
[2026-09-10T20:45:48.143+0000] {standard_task_runner.py:104} INFO - Running: ['***', 'tasks', 'run', '1202_payload_consumer', 'reconcile', 'manual__2026-09-10T20:45:44.397005+00:00', '--job-id', '13', '--raw', '--subdir', 'DAGS_FOLDER/1202_payload_consumer.py', '--cfg-path', '/tmp/tmp_rd55x33']
[2026-09-10T20:45:48.145+0000] {standard_task_runner.py:72} INFO - Started process 3907 to run task
[2026-09-10T20:45:48.145+0000] {standard_task_runner.py:105} INFO - Job 13: Subtask reconcile
[2026-09-10T20:45:48.204+0000] {task_command.py:467} INFO - Running <TaskInstance: 1202_payload_consumer.reconcile manual__2026-09-10T20:45:44.397005+00:00 [running]> on host f0b5c0de88a4
[2026-09-10T20:45:48.300+0000] {taskinstance.py:3132} INFO - Exporting env vars: AIRFLOW_CTX_DAG_OWNER='***' AIRFLOW_CTX_DAG_ID='1202_payload_consumer' AIRFLOW_CTX_TASK_ID='reconcile' AIRFLOW_CTX_EXECUTION_DATE='2026-09-10T20:45:44.397005+00:00' AIRFLOW_CTX_TRY_NUMBER='1' AIRFLOW_CTX_DAG_RUN_ID='manual__2026-09-10T20:45:44.397005+00:00'
[2026-09-10T20:45:48.300+0000] {taskinstance.py:731} INFO - ::endgroup::
[2026-09-10T20:45:48.340+0000] {logging_mixin.py:190} INFO - 
🧮 Reconciliation:
[2026-09-10T20:45:48.340+0000] {logging_mixin.py:190} INFO -    expected   = 3
[2026-09-10T20:45:48.340+0000] {logging_mixin.py:190} INFO -    from file  = 3
[2026-09-10T20:45:48.341+0000] {logging_mixin.py:190} INFO -    from DB    = 3
[2026-09-10T20:45:48.341+0000] {logging_mixin.py:190} INFO -    ✅ All copies agree
[2026-09-10T20:45:48.341+0000] {python.py:240} INFO - Done. Returned value was: None
[2026-09-10T20:45:48.352+0000] {taskinstance.py:340} INFO - ::group::Post task execution logs
[2026-09-10T20:45:48.353+0000] {taskinstance.py:352} INFO - Marking task as SUCCESS. dag_id=1202_payload_consumer, task_id=reconcile, run_id=manual__2026-09-10T20:45:44.397005+00:00, execution_date=20260910T204544, start_date=20260910T204548, end_date=20260910T204548
[2026-09-10T20:45:48.401+0000] {local_task_job_runner.py:266} INFO - Task exited with return code 0
[2026-09-10T20:45:48.421+0000] {taskinstance.py:3895} INFO - 0 downstream tasks scheduled from follow-on schedule check
[2026-09-10T20:45:48.422+0000] {local_task_job_runner.py:245} INFO - ::endgroup::
