[2026-07-08T20:13:43.622+0000] {local_task_job_runner.py:123} INFO - ::group::Pre task execution logs
[2026-07-08T20:13:43.651+0000] {taskinstance.py:2613} INFO - Dependencies all met for dep_context=non-requeueable deps ti=<TaskInstance: 01_load_csv.create_customers_table manual__2026-07-08T20:13:41.701572+00:00 [queued]>
[2026-07-08T20:13:43.665+0000] {taskinstance.py:2613} INFO - Dependencies all met for dep_context=requeueable deps ti=<TaskInstance: 01_load_csv.create_customers_table manual__2026-07-08T20:13:41.701572+00:00 [queued]>
[2026-07-08T20:13:43.666+0000] {taskinstance.py:2866} INFO - Starting attempt 1 of 1
[2026-07-08T20:13:43.694+0000] {taskinstance.py:2889} INFO - Executing <Task(PythonOperator): create_customers_table> on 2026-07-08 20:13:41.701572+00:00
[2026-07-08T20:13:43.709+0000] {logging_mixin.py:190} WARNING - /home/***/.local/lib/python3.12/site-packages/***/task/task_runner/standard_task_runner.py:70 DeprecationWarning: This process (pid=1563) is multi-threaded, use of fork() may lead to deadlocks in the child.
[2026-07-08T20:13:43.707+0000] {standard_task_runner.py:104} INFO - Running: ['***', 'tasks', 'run', '01_load_csv', 'create_customers_table', 'manual__2026-07-08T20:13:41.701572+00:00', '--job-id', '12', '--raw', '--subdir', 'DAGS_FOLDER/01_load_csv.py', '--cfg-path', '/tmp/tmp9whtjorj']
[2026-07-08T20:13:43.710+0000] {standard_task_runner.py:105} INFO - Job 12: Subtask create_customers_table
[2026-07-08T20:13:43.710+0000] {standard_task_runner.py:72} INFO - Started process 1564 to run task
[2026-07-08T20:13:43.792+0000] {task_command.py:467} INFO - Running <TaskInstance: 01_load_csv.create_customers_table manual__2026-07-08T20:13:41.701572+00:00 [running]> on host 5fa44fd9c86a
[2026-07-08T20:13:43.928+0000] {taskinstance.py:3132} INFO - Exporting env vars: AIRFLOW_CTX_DAG_OWNER='***' AIRFLOW_CTX_DAG_ID='01_load_csv' AIRFLOW_CTX_TASK_ID='create_customers_table' AIRFLOW_CTX_EXECUTION_DATE='2026-07-08T20:13:41.701572+00:00' AIRFLOW_CTX_TRY_NUMBER='1' AIRFLOW_CTX_DAG_RUN_ID='manual__2026-07-08T20:13:41.701572+00:00'
[2026-07-08T20:13:43.929+0000] {taskinstance.py:731} INFO - ::endgroup::
[2026-07-08T20:13:43.962+0000] {taskinstance.py:3311} ERROR - Task failed with exception
Traceback (most recent call last):
  File "/home/airflow/.local/lib/python3.12/site-packages/airflow/models/taskinstance.py", line 767, in _execute_task
    result = _execute_callable(context=context, **execute_callable_kwargs)
             ^^^^^^^^^^^^^^^^^^^^^^^^^^^^^^^^^^^^^^^^^^^^^^^^^^^^^^^^^^^^^
  File "/home/airflow/.local/lib/python3.12/site-packages/airflow/models/taskinstance.py", line 733, in _execute_callable
    return ExecutionCallableRunner(
           ^^^^^^^^^^^^^^^^^^^^^^^^
  File "/home/airflow/.local/lib/python3.12/site-packages/airflow/utils/operator_helpers.py", line 252, in run
    return self.func(*args, **kwargs)
           ^^^^^^^^^^^^^^^^^^^^^^^^^^
  File "/home/airflow/.local/lib/python3.12/site-packages/airflow/models/baseoperator.py", line 417, in wrapper
    return func(self, *args, **kwargs)
           ^^^^^^^^^^^^^^^^^^^^^^^^^^^
  File "/home/airflow/.local/lib/python3.12/site-packages/airflow/operators/python.py", line 238, in execute
    return_value = self.execute_callable()
                   ^^^^^^^^^^^^^^^^^^^^^^^
  File "/home/airflow/.local/lib/python3.12/site-packages/airflow/operators/python.py", line 256, in execute_callable
    return runner.run(*self.op_args, **self.op_kwargs)
           ^^^^^^^^^^^^^^^^^^^^^^^^^^^^^^^^^^^^^^^^^^^
  File "/home/airflow/.local/lib/python3.12/site-packages/airflow/utils/operator_helpers.py", line 252, in run
    return self.func(*args, **kwargs)
           ^^^^^^^^^^^^^^^^^^^^^^^^^^
  File "/opt/airflow/dags/01_load_csv.py", line 27, in create_customers_table
    cur.execute(
psycopg2.errors.SyntaxError: trailing junk after numeric literal at or near "01_customers"
LINE 2:             CREATE TABLE IF NOT EXISTS 01_customers (
                                               ^

[2026-07-08T20:13:43.992+0000] {taskinstance.py:1225} INFO - Marking task as FAILED. dag_id=01_load_csv, task_id=create_customers_table, run_id=manual__2026-07-08T20:13:41.701572+00:00, execution_date=20260708T201341, start_date=20260708T201343, end_date=20260708T201343
[2026-07-08T20:13:44.010+0000] {taskinstance.py:340} INFO - ::group::Post task execution logs
[2026-07-08T20:13:44.011+0000] {standard_task_runner.py:124} ERROR - Failed to execute job 12 for task create_customers_table (trailing junk after numeric literal at or near "01_customers"
LINE 2:             CREATE TABLE IF NOT EXISTS 01_customers (
                                               ^
; 1564)
Traceback (most recent call last):
  File "/home/airflow/.local/lib/python3.12/site-packages/airflow/task/task_runner/standard_task_runner.py", line 117, in _start_by_fork
    ret = args.func(args, dag=self.dag)
          ^^^^^^^^^^^^^^^^^^^^^^^^^^^^^
  File "/home/airflow/.local/lib/python3.12/site-packages/airflow/cli/cli_config.py", line 49, in command
    return func(*args, **kwargs)
           ^^^^^^^^^^^^^^^^^^^^^
  File "/home/airflow/.local/lib/python3.12/site-packages/airflow/utils/cli.py", line 116, in wrapper
    return f(*args, **kwargs)
           ^^^^^^^^^^^^^^^^^^
  File "/home/airflow/.local/lib/python3.12/site-packages/airflow/cli/commands/task_command.py", line 483, in task_run
    task_return_code = _run_task_by_selected_method(args, _dag, ti)
                       ^^^^^^^^^^^^^^^^^^^^^^^^^^^^^^^^^^^^^^^^^^^^
  File "/home/airflow/.local/lib/python3.12/site-packages/airflow/cli/commands/task_command.py", line 256, in _run_task_by_selected_method
    return _run_raw_task(args, ti)
           ^^^^^^^^^^^^^^^^^^^^^^^
  File "/home/airflow/.local/lib/python3.12/site-packages/airflow/cli/commands/task_command.py", line 341, in _run_raw_task
    return ti._run_raw_task(
           ^^^^^^^^^^^^^^^^^
  File "/home/airflow/.local/lib/python3.12/site-packages/airflow/utils/session.py", line 97, in wrapper
    return func(*args, session=session, **kwargs)
           ^^^^^^^^^^^^^^^^^^^^^^^^^^^^^^^^^^^^^^
  File "/home/airflow/.local/lib/python3.12/site-packages/airflow/models/taskinstance.py", line 3005, in _run_raw_task
    return _run_raw_task(
           ^^^^^^^^^^^^^^
  File "/home/airflow/.local/lib/python3.12/site-packages/airflow/models/taskinstance.py", line 273, in _run_raw_task
    TaskInstance._execute_task_with_callbacks(
  File "/home/airflow/.local/lib/python3.12/site-packages/airflow/models/taskinstance.py", line 3159, in _execute_task_with_callbacks
    result = self._execute_task(context, task_orig)
             ^^^^^^^^^^^^^^^^^^^^^^^^^^^^^^^^^^^^^^
  File "/home/airflow/.local/lib/python3.12/site-packages/airflow/models/taskinstance.py", line 3183, in _execute_task
    return _execute_task(self, context, task_orig)
           ^^^^^^^^^^^^^^^^^^^^^^^^^^^^^^^^^^^^^^^
  File "/home/airflow/.local/lib/python3.12/site-packages/airflow/models/taskinstance.py", line 767, in _execute_task
    result = _execute_callable(context=context, **execute_callable_kwargs)
             ^^^^^^^^^^^^^^^^^^^^^^^^^^^^^^^^^^^^^^^^^^^^^^^^^^^^^^^^^^^^^
  File "/home/airflow/.local/lib/python3.12/site-packages/airflow/models/taskinstance.py", line 733, in _execute_callable
    return ExecutionCallableRunner(
           ^^^^^^^^^^^^^^^^^^^^^^^^
  File "/home/airflow/.local/lib/python3.12/site-packages/airflow/utils/operator_helpers.py", line 252, in run
    return self.func(*args, **kwargs)
           ^^^^^^^^^^^^^^^^^^^^^^^^^^
  File "/home/airflow/.local/lib/python3.12/site-packages/airflow/models/baseoperator.py", line 417, in wrapper
    return func(self, *args, **kwargs)
           ^^^^^^^^^^^^^^^^^^^^^^^^^^^
  File "/home/airflow/.local/lib/python3.12/site-packages/airflow/operators/python.py", line 238, in execute
    return_value = self.execute_callable()
                   ^^^^^^^^^^^^^^^^^^^^^^^
  File "/home/airflow/.local/lib/python3.12/site-packages/airflow/operators/python.py", line 256, in execute_callable
    return runner.run(*self.op_args, **self.op_kwargs)
           ^^^^^^^^^^^^^^^^^^^^^^^^^^^^^^^^^^^^^^^^^^^
  File "/home/airflow/.local/lib/python3.12/site-packages/airflow/utils/operator_helpers.py", line 252, in run
    return self.func(*args, **kwargs)
           ^^^^^^^^^^^^^^^^^^^^^^^^^^
  File "/opt/airflow/dags/01_load_csv.py", line 27, in create_customers_table
    cur.execute(
psycopg2.errors.SyntaxError: trailing junk after numeric literal at or near "01_customers"
LINE 2:             CREATE TABLE IF NOT EXISTS 01_customers (
                                               ^

[2026-07-08T20:13:44.048+0000] {local_task_job_runner.py:266} INFO - Task exited with return code 1
[2026-07-08T20:13:44.083+0000] {taskinstance.py:3895} INFO - 0 downstream tasks scheduled from follow-on schedule check
[2026-07-08T20:13:44.090+0000] {local_task_job_runner.py:245} INFO - ::endgroup::
