[2026-09-11T00:13:06.301+0000] {processor.py:186} INFO - Started process (PID=14402) to work on /opt/airflow/dags/00_hello_world.py
[2026-09-11T00:13:06.313+0000] {processor.py:914} INFO - Processing file /opt/airflow/dags/00_hello_world.py for tasks to queue
[2026-09-11T00:13:06.317+0000] {logging_mixin.py:190} INFO - [2026-09-11T00:13:06.317+0000] {dagbag.py:588} INFO - Filling up the DagBag from /opt/airflow/dags/00_hello_world.py
[2026-09-11T00:13:06.351+0000] {processor.py:925} INFO - DAG(s) '00_hello_world' retrieved from /opt/airflow/dags/00_hello_world.py
[2026-09-11T00:13:06.486+0000] {logging_mixin.py:190} INFO - [2026-09-11T00:13:06.486+0000] {dag.py:3239} INFO - Sync 1 DAGs
[2026-09-11T00:13:06.567+0000] {logging_mixin.py:190} INFO - [2026-09-11T00:13:06.567+0000] {dag.py:4180} INFO - Setting next_dagrun for 00_hello_world to None, run_after=None
[2026-09-11T00:13:06.764+0000] {processor.py:208} INFO - Processing /opt/airflow/dags/00_hello_world.py took 0.495 seconds
[2026-09-11T00:13:37.164+0000] {processor.py:186} INFO - Started process (PID=14474) to work on /opt/airflow/dags/00_hello_world.py
[2026-09-11T00:13:37.167+0000] {processor.py:914} INFO - Processing file /opt/airflow/dags/00_hello_world.py for tasks to queue
[2026-09-11T00:13:37.171+0000] {logging_mixin.py:190} INFO - [2026-09-11T00:13:37.170+0000] {dagbag.py:588} INFO - Filling up the DagBag from /opt/airflow/dags/00_hello_world.py
[2026-09-11T00:13:37.183+0000] {processor.py:925} INFO - DAG(s) '00_hello_world' retrieved from /opt/airflow/dags/00_hello_world.py
[2026-09-11T00:13:37.219+0000] {logging_mixin.py:190} INFO - [2026-09-11T00:13:37.219+0000] {dag.py:3239} INFO - Sync 1 DAGs
[2026-09-11T00:13:37.241+0000] {logging_mixin.py:190} INFO - [2026-09-11T00:13:37.240+0000] {dag.py:4180} INFO - Setting next_dagrun for 00_hello_world to None, run_after=None
[2026-09-11T00:13:37.267+0000] {processor.py:208} INFO - Processing /opt/airflow/dags/00_hello_world.py took 0.118 seconds
[2026-09-11T00:14:07.328+0000] {processor.py:186} INFO - Started process (PID=14544) to work on /opt/airflow/dags/00_hello_world.py
[2026-09-11T00:14:07.328+0000] {processor.py:914} INFO - Processing file /opt/airflow/dags/00_hello_world.py for tasks to queue
[2026-09-11T00:14:07.331+0000] {logging_mixin.py:190} INFO - [2026-09-11T00:14:07.331+0000] {dagbag.py:588} INFO - Filling up the DagBag from /opt/airflow/dags/00_hello_world.py
[2026-09-11T00:14:07.340+0000] {processor.py:925} INFO - DAG(s) '00_hello_world' retrieved from /opt/airflow/dags/00_hello_world.py
[2026-09-11T00:14:07.367+0000] {logging_mixin.py:190} INFO - [2026-09-11T00:14:07.366+0000] {dag.py:3239} INFO - Sync 1 DAGs
[2026-09-11T00:14:07.381+0000] {logging_mixin.py:190} INFO - [2026-09-11T00:14:07.381+0000] {dag.py:4180} INFO - Setting next_dagrun for 00_hello_world to None, run_after=None
[2026-09-11T00:14:07.399+0000] {processor.py:208} INFO - Processing /opt/airflow/dags/00_hello_world.py took 0.079 seconds
