[2026-09-11T00:13:05.682+0000] {processor.py:186} INFO - Started process (PID=14392) to work on /opt/airflow/dags/02_sql_transform.py
[2026-09-11T00:13:05.684+0000] {processor.py:914} INFO - Processing file /opt/airflow/dags/02_sql_transform.py for tasks to queue
[2026-09-11T00:13:05.702+0000] {logging_mixin.py:190} INFO - [2026-09-11T00:13:05.701+0000] {dagbag.py:588} INFO - Filling up the DagBag from /opt/airflow/dags/02_sql_transform.py
[2026-09-11T00:13:05.806+0000] {processor.py:925} INFO - DAG(s) '02_sql_transform' retrieved from /opt/airflow/dags/02_sql_transform.py
[2026-09-11T00:13:05.941+0000] {logging_mixin.py:190} INFO - [2026-09-11T00:13:05.940+0000] {dag.py:3239} INFO - Sync 1 DAGs
[2026-09-11T00:13:06.024+0000] {logging_mixin.py:190} INFO - [2026-09-11T00:13:06.024+0000] {dag.py:4180} INFO - Setting next_dagrun for 02_sql_transform to None, run_after=None
[2026-09-11T00:13:06.142+0000] {processor.py:208} INFO - Processing /opt/airflow/dags/02_sql_transform.py took 0.509 seconds
[2026-09-11T00:13:36.803+0000] {processor.py:186} INFO - Started process (PID=14462) to work on /opt/airflow/dags/02_sql_transform.py
[2026-09-11T00:13:36.804+0000] {processor.py:914} INFO - Processing file /opt/airflow/dags/02_sql_transform.py for tasks to queue
[2026-09-11T00:13:36.809+0000] {logging_mixin.py:190} INFO - [2026-09-11T00:13:36.808+0000] {dagbag.py:588} INFO - Filling up the DagBag from /opt/airflow/dags/02_sql_transform.py
[2026-09-11T00:13:36.824+0000] {processor.py:925} INFO - DAG(s) '02_sql_transform' retrieved from /opt/airflow/dags/02_sql_transform.py
[2026-09-11T00:13:36.879+0000] {logging_mixin.py:190} INFO - [2026-09-11T00:13:36.878+0000] {dag.py:3239} INFO - Sync 1 DAGs
[2026-09-11T00:13:36.904+0000] {logging_mixin.py:190} INFO - [2026-09-11T00:13:36.904+0000] {dag.py:4180} INFO - Setting next_dagrun for 02_sql_transform to None, run_after=None
[2026-09-11T00:13:36.936+0000] {processor.py:208} INFO - Processing /opt/airflow/dags/02_sql_transform.py took 0.146 seconds
[2026-09-11T00:14:07.101+0000] {processor.py:186} INFO - Started process (PID=14534) to work on /opt/airflow/dags/02_sql_transform.py
[2026-09-11T00:14:07.101+0000] {processor.py:914} INFO - Processing file /opt/airflow/dags/02_sql_transform.py for tasks to queue
[2026-09-11T00:14:07.104+0000] {logging_mixin.py:190} INFO - [2026-09-11T00:14:07.104+0000] {dagbag.py:588} INFO - Filling up the DagBag from /opt/airflow/dags/02_sql_transform.py
[2026-09-11T00:14:07.115+0000] {processor.py:925} INFO - DAG(s) '02_sql_transform' retrieved from /opt/airflow/dags/02_sql_transform.py
[2026-09-11T00:14:07.148+0000] {logging_mixin.py:190} INFO - [2026-09-11T00:14:07.148+0000] {dag.py:3239} INFO - Sync 1 DAGs
[2026-09-11T00:14:07.163+0000] {logging_mixin.py:190} INFO - [2026-09-11T00:14:07.163+0000] {dag.py:4180} INFO - Setting next_dagrun for 02_sql_transform to None, run_after=None
[2026-09-11T00:14:07.181+0000] {processor.py:208} INFO - Processing /opt/airflow/dags/02_sql_transform.py took 0.089 seconds
