[2026-09-11T00:13:03.115+0000] {processor.py:186} INFO - Started process (PID=14362) to work on /opt/airflow/dags/03_parallel.py
[2026-09-11T00:13:03.117+0000] {processor.py:914} INFO - Processing file /opt/airflow/dags/03_parallel.py for tasks to queue
[2026-09-11T00:13:03.132+0000] {logging_mixin.py:190} INFO - [2026-09-11T00:13:03.131+0000] {dagbag.py:588} INFO - Filling up the DagBag from /opt/airflow/dags/03_parallel.py
[2026-09-11T00:13:03.168+0000] {processor.py:925} INFO - DAG(s) '03_parallel' retrieved from /opt/airflow/dags/03_parallel.py
[2026-09-11T00:13:03.304+0000] {logging_mixin.py:190} INFO - [2026-09-11T00:13:03.303+0000] {dag.py:3239} INFO - Sync 1 DAGs
[2026-09-11T00:13:03.383+0000] {logging_mixin.py:190} INFO - [2026-09-11T00:13:03.382+0000] {dag.py:4180} INFO - Setting next_dagrun for 03_parallel to None, run_after=None
[2026-09-11T00:13:03.680+0000] {processor.py:208} INFO - Processing /opt/airflow/dags/03_parallel.py took 0.607 seconds
[2026-09-11T00:13:34.071+0000] {processor.py:186} INFO - Started process (PID=14434) to work on /opt/airflow/dags/03_parallel.py
[2026-09-11T00:13:34.073+0000] {processor.py:914} INFO - Processing file /opt/airflow/dags/03_parallel.py for tasks to queue
[2026-09-11T00:13:34.078+0000] {logging_mixin.py:190} INFO - [2026-09-11T00:13:34.077+0000] {dagbag.py:588} INFO - Filling up the DagBag from /opt/airflow/dags/03_parallel.py
[2026-09-11T00:13:34.100+0000] {processor.py:925} INFO - DAG(s) '03_parallel' retrieved from /opt/airflow/dags/03_parallel.py
[2026-09-11T00:13:34.185+0000] {logging_mixin.py:190} INFO - [2026-09-11T00:13:34.185+0000] {dag.py:3239} INFO - Sync 1 DAGs
[2026-09-11T00:13:34.215+0000] {logging_mixin.py:190} INFO - [2026-09-11T00:13:34.215+0000] {dag.py:4180} INFO - Setting next_dagrun for 03_parallel to None, run_after=None
[2026-09-11T00:13:34.259+0000] {processor.py:208} INFO - Processing /opt/airflow/dags/03_parallel.py took 0.204 seconds
[2026-09-11T00:14:04.717+0000] {processor.py:186} INFO - Started process (PID=14504) to work on /opt/airflow/dags/03_parallel.py
[2026-09-11T00:14:04.718+0000] {processor.py:914} INFO - Processing file /opt/airflow/dags/03_parallel.py for tasks to queue
[2026-09-11T00:14:04.720+0000] {logging_mixin.py:190} INFO - [2026-09-11T00:14:04.720+0000] {dagbag.py:588} INFO - Filling up the DagBag from /opt/airflow/dags/03_parallel.py
[2026-09-11T00:14:04.731+0000] {processor.py:925} INFO - DAG(s) '03_parallel' retrieved from /opt/airflow/dags/03_parallel.py
[2026-09-11T00:14:04.763+0000] {logging_mixin.py:190} INFO - [2026-09-11T00:14:04.763+0000] {dag.py:3239} INFO - Sync 1 DAGs
[2026-09-11T00:14:04.780+0000] {logging_mixin.py:190} INFO - [2026-09-11T00:14:04.779+0000] {dag.py:4180} INFO - Setting next_dagrun for 03_parallel to None, run_after=None
[2026-09-11T00:14:04.803+0000] {processor.py:208} INFO - Processing /opt/airflow/dags/03_parallel.py took 0.095 seconds
