[2026-09-11T00:13:05.515+0000] {processor.py:186} INFO - Started process (PID=14387) to work on /opt/airflow/dags/04_branch.py
[2026-09-11T00:13:05.527+0000] {processor.py:914} INFO - Processing file /opt/airflow/dags/04_branch.py for tasks to queue
[2026-09-11T00:13:05.543+0000] {logging_mixin.py:190} INFO - [2026-09-11T00:13:05.542+0000] {dagbag.py:588} INFO - Filling up the DagBag from /opt/airflow/dags/04_branch.py
[2026-09-11T00:13:05.593+0000] {processor.py:925} INFO - DAG(s) '04_branch' retrieved from /opt/airflow/dags/04_branch.py
[2026-09-11T00:13:05.757+0000] {logging_mixin.py:190} INFO - [2026-09-11T00:13:05.757+0000] {dag.py:3239} INFO - Sync 1 DAGs
[2026-09-11T00:13:05.828+0000] {logging_mixin.py:190} INFO - [2026-09-11T00:13:05.828+0000] {dag.py:4180} INFO - Setting next_dagrun for 04_branch to None, run_after=None
[2026-09-11T00:13:05.965+0000] {processor.py:208} INFO - Processing /opt/airflow/dags/04_branch.py took 0.497 seconds
[2026-09-11T00:13:36.788+0000] {processor.py:186} INFO - Started process (PID=14459) to work on /opt/airflow/dags/04_branch.py
[2026-09-11T00:13:36.790+0000] {processor.py:914} INFO - Processing file /opt/airflow/dags/04_branch.py for tasks to queue
[2026-09-11T00:13:36.794+0000] {logging_mixin.py:190} INFO - [2026-09-11T00:13:36.793+0000] {dagbag.py:588} INFO - Filling up the DagBag from /opt/airflow/dags/04_branch.py
[2026-09-11T00:13:36.809+0000] {processor.py:925} INFO - DAG(s) '04_branch' retrieved from /opt/airflow/dags/04_branch.py
[2026-09-11T00:13:36.876+0000] {logging_mixin.py:190} INFO - [2026-09-11T00:13:36.875+0000] {dag.py:3239} INFO - Sync 1 DAGs
[2026-09-11T00:13:36.904+0000] {logging_mixin.py:190} INFO - [2026-09-11T00:13:36.904+0000] {dag.py:4180} INFO - Setting next_dagrun for 04_branch to None, run_after=None
[2026-09-11T00:13:36.932+0000] {processor.py:208} INFO - Processing /opt/airflow/dags/04_branch.py took 0.157 seconds
[2026-09-11T00:14:06.991+0000] {processor.py:186} INFO - Started process (PID=14529) to work on /opt/airflow/dags/04_branch.py
[2026-09-11T00:14:06.992+0000] {processor.py:914} INFO - Processing file /opt/airflow/dags/04_branch.py for tasks to queue
[2026-09-11T00:14:06.995+0000] {logging_mixin.py:190} INFO - [2026-09-11T00:14:06.994+0000] {dagbag.py:588} INFO - Filling up the DagBag from /opt/airflow/dags/04_branch.py
[2026-09-11T00:14:07.005+0000] {processor.py:925} INFO - DAG(s) '04_branch' retrieved from /opt/airflow/dags/04_branch.py
[2026-09-11T00:14:07.037+0000] {logging_mixin.py:190} INFO - [2026-09-11T00:14:07.037+0000] {dag.py:3239} INFO - Sync 1 DAGs
[2026-09-11T00:14:07.052+0000] {logging_mixin.py:190} INFO - [2026-09-11T00:14:07.052+0000] {dag.py:4180} INFO - Setting next_dagrun for 04_branch to None, run_after=None
[2026-09-11T00:14:07.071+0000] {processor.py:208} INFO - Processing /opt/airflow/dags/04_branch.py took 0.087 seconds
