[2026-09-11T00:13:03.871+0000] {processor.py:186} INFO - Started process (PID=14372) to work on /opt/airflow/dags/07_dynamic_mapping.py
[2026-09-11T00:13:03.874+0000] {processor.py:914} INFO - Processing file /opt/airflow/dags/07_dynamic_mapping.py for tasks to queue
[2026-09-11T00:13:03.893+0000] {logging_mixin.py:190} INFO - [2026-09-11T00:13:03.892+0000] {dagbag.py:588} INFO - Filling up the DagBag from /opt/airflow/dags/07_dynamic_mapping.py
[2026-09-11T00:13:03.953+0000] {processor.py:925} INFO - DAG(s) '07_dynamic_mapping' retrieved from /opt/airflow/dags/07_dynamic_mapping.py
[2026-09-11T00:13:04.142+0000] {logging_mixin.py:190} INFO - [2026-09-11T00:13:04.141+0000] {dag.py:3239} INFO - Sync 1 DAGs
[2026-09-11T00:13:04.250+0000] {logging_mixin.py:190} INFO - [2026-09-11T00:13:04.250+0000] {dag.py:4180} INFO - Setting next_dagrun for 07_dynamic_mapping to None, run_after=None
[2026-09-11T00:13:04.498+0000] {processor.py:208} INFO - Processing /opt/airflow/dags/07_dynamic_mapping.py took 0.673 seconds
[2026-09-11T00:13:35.135+0000] {processor.py:186} INFO - Started process (PID=14442) to work on /opt/airflow/dags/07_dynamic_mapping.py
[2026-09-11T00:13:35.140+0000] {processor.py:914} INFO - Processing file /opt/airflow/dags/07_dynamic_mapping.py for tasks to queue
[2026-09-11T00:13:35.145+0000] {logging_mixin.py:190} INFO - [2026-09-11T00:13:35.144+0000] {dagbag.py:588} INFO - Filling up the DagBag from /opt/airflow/dags/07_dynamic_mapping.py
[2026-09-11T00:13:35.164+0000] {processor.py:925} INFO - DAG(s) '07_dynamic_mapping' retrieved from /opt/airflow/dags/07_dynamic_mapping.py
[2026-09-11T00:13:35.247+0000] {logging_mixin.py:190} INFO - [2026-09-11T00:13:35.247+0000] {dag.py:3239} INFO - Sync 1 DAGs
[2026-09-11T00:13:35.331+0000] {logging_mixin.py:190} INFO - [2026-09-11T00:13:35.330+0000] {dag.py:4180} INFO - Setting next_dagrun for 07_dynamic_mapping to None, run_after=None
[2026-09-11T00:13:35.399+0000] {processor.py:208} INFO - Processing /opt/airflow/dags/07_dynamic_mapping.py took 0.283 seconds
[2026-09-11T00:14:05.744+0000] {processor.py:186} INFO - Started process (PID=14512) to work on /opt/airflow/dags/07_dynamic_mapping.py
[2026-09-11T00:14:05.745+0000] {processor.py:914} INFO - Processing file /opt/airflow/dags/07_dynamic_mapping.py for tasks to queue
[2026-09-11T00:14:05.750+0000] {logging_mixin.py:190} INFO - [2026-09-11T00:14:05.749+0000] {dagbag.py:588} INFO - Filling up the DagBag from /opt/airflow/dags/07_dynamic_mapping.py
[2026-09-11T00:14:05.762+0000] {processor.py:925} INFO - DAG(s) '07_dynamic_mapping' retrieved from /opt/airflow/dags/07_dynamic_mapping.py
[2026-09-11T00:14:05.793+0000] {logging_mixin.py:190} INFO - [2026-09-11T00:14:05.793+0000] {dag.py:3239} INFO - Sync 1 DAGs
[2026-09-11T00:14:05.812+0000] {logging_mixin.py:190} INFO - [2026-09-11T00:14:05.812+0000] {dag.py:4180} INFO - Setting next_dagrun for 07_dynamic_mapping to None, run_after=None
[2026-09-11T00:14:05.832+0000] {processor.py:208} INFO - Processing /opt/airflow/dags/07_dynamic_mapping.py took 0.097 seconds
