[2026-09-11T00:13:03.731+0000] {processor.py:186} INFO - Started process (PID=14367) to work on /opt/airflow/dags/10_sql_operator_pro.py
[2026-09-11T00:13:03.733+0000] {processor.py:914} INFO - Processing file /opt/airflow/dags/10_sql_operator_pro.py for tasks to queue
[2026-09-11T00:13:03.749+0000] {logging_mixin.py:190} INFO - [2026-09-11T00:13:03.748+0000] {dagbag.py:588} INFO - Filling up the DagBag from /opt/airflow/dags/10_sql_operator_pro.py
[2026-09-11T00:13:03.815+0000] {processor.py:925} INFO - DAG(s) '10_sql_operator_pro' retrieved from /opt/airflow/dags/10_sql_operator_pro.py
[2026-09-11T00:13:03.989+0000] {logging_mixin.py:190} INFO - [2026-09-11T00:13:03.988+0000] {dag.py:3239} INFO - Sync 1 DAGs
[2026-09-11T00:13:04.102+0000] {logging_mixin.py:190} INFO - [2026-09-11T00:13:04.101+0000] {dag.py:4180} INFO - Setting next_dagrun for 10_sql_operator_pro to None, run_after=None
[2026-09-11T00:13:04.293+0000] {processor.py:208} INFO - Processing /opt/airflow/dags/10_sql_operator_pro.py took 0.624 seconds
[2026-09-11T00:13:35.103+0000] {processor.py:186} INFO - Started process (PID=14439) to work on /opt/airflow/dags/10_sql_operator_pro.py
[2026-09-11T00:13:35.105+0000] {processor.py:914} INFO - Processing file /opt/airflow/dags/10_sql_operator_pro.py for tasks to queue
[2026-09-11T00:13:35.111+0000] {logging_mixin.py:190} INFO - [2026-09-11T00:13:35.109+0000] {dagbag.py:588} INFO - Filling up the DagBag from /opt/airflow/dags/10_sql_operator_pro.py
[2026-09-11T00:13:35.179+0000] {processor.py:925} INFO - DAG(s) '10_sql_operator_pro' retrieved from /opt/airflow/dags/10_sql_operator_pro.py
[2026-09-11T00:13:35.337+0000] {logging_mixin.py:190} INFO - [2026-09-11T00:13:35.336+0000] {dag.py:3239} INFO - Sync 1 DAGs
[2026-09-11T00:13:35.436+0000] {logging_mixin.py:190} INFO - [2026-09-11T00:13:35.435+0000] {dag.py:4180} INFO - Setting next_dagrun for 10_sql_operator_pro to None, run_after=None
[2026-09-11T00:13:35.488+0000] {processor.py:208} INFO - Processing /opt/airflow/dags/10_sql_operator_pro.py took 0.402 seconds
[2026-09-11T00:14:05.732+0000] {processor.py:186} INFO - Started process (PID=14509) to work on /opt/airflow/dags/10_sql_operator_pro.py
[2026-09-11T00:14:05.733+0000] {processor.py:914} INFO - Processing file /opt/airflow/dags/10_sql_operator_pro.py for tasks to queue
[2026-09-11T00:14:05.736+0000] {logging_mixin.py:190} INFO - [2026-09-11T00:14:05.736+0000] {dagbag.py:588} INFO - Filling up the DagBag from /opt/airflow/dags/10_sql_operator_pro.py
[2026-09-11T00:14:05.752+0000] {processor.py:925} INFO - DAG(s) '10_sql_operator_pro' retrieved from /opt/airflow/dags/10_sql_operator_pro.py
[2026-09-11T00:14:05.786+0000] {logging_mixin.py:190} INFO - [2026-09-11T00:14:05.786+0000] {dag.py:3239} INFO - Sync 1 DAGs
[2026-09-11T00:14:05.802+0000] {logging_mixin.py:190} INFO - [2026-09-11T00:14:05.802+0000] {dag.py:4180} INFO - Setting next_dagrun for 10_sql_operator_pro to None, run_after=None
[2026-09-11T00:14:05.828+0000] {processor.py:208} INFO - Processing /opt/airflow/dags/10_sql_operator_pro.py took 0.105 seconds
