[2026-09-11T00:13:02.351+0000] {processor.py:186} INFO - Started process (PID=14347) to work on /opt/airflow/dags/1102_trigger_consumer.py
[2026-09-11T00:13:02.353+0000] {processor.py:914} INFO - Processing file /opt/airflow/dags/1102_trigger_consumer.py for tasks to queue
[2026-09-11T00:13:02.369+0000] {logging_mixin.py:190} INFO - [2026-09-11T00:13:02.368+0000] {dagbag.py:588} INFO - Filling up the DagBag from /opt/airflow/dags/1102_trigger_consumer.py
[2026-09-11T00:13:02.404+0000] {processor.py:925} INFO - DAG(s) '1102_trigger_consumer' retrieved from /opt/airflow/dags/1102_trigger_consumer.py
[2026-09-11T00:13:02.508+0000] {logging_mixin.py:190} INFO - [2026-09-11T00:13:02.507+0000] {dag.py:3239} INFO - Sync 1 DAGs
[2026-09-11T00:13:02.675+0000] {logging_mixin.py:190} INFO - [2026-09-11T00:13:02.675+0000] {dag.py:4180} INFO - Setting next_dagrun for 1102_trigger_consumer to None, run_after=None
[2026-09-11T00:13:02.798+0000] {processor.py:208} INFO - Processing /opt/airflow/dags/1102_trigger_consumer.py took 0.477 seconds
[2026-09-11T00:13:33.495+0000] {processor.py:186} INFO - Started process (PID=14419) to work on /opt/airflow/dags/1102_trigger_consumer.py
[2026-09-11T00:13:33.497+0000] {processor.py:914} INFO - Processing file /opt/airflow/dags/1102_trigger_consumer.py for tasks to queue
[2026-09-11T00:13:33.511+0000] {logging_mixin.py:190} INFO - [2026-09-11T00:13:33.511+0000] {dagbag.py:588} INFO - Filling up the DagBag from /opt/airflow/dags/1102_trigger_consumer.py
[2026-09-11T00:13:33.535+0000] {processor.py:925} INFO - DAG(s) '1102_trigger_consumer' retrieved from /opt/airflow/dags/1102_trigger_consumer.py
[2026-09-11T00:13:33.623+0000] {logging_mixin.py:190} INFO - [2026-09-11T00:13:33.622+0000] {dag.py:3239} INFO - Sync 1 DAGs
[2026-09-11T00:13:33.725+0000] {logging_mixin.py:190} INFO - [2026-09-11T00:13:33.725+0000] {dag.py:4180} INFO - Setting next_dagrun for 1102_trigger_consumer to None, run_after=None
[2026-09-11T00:13:33.787+0000] {processor.py:208} INFO - Processing /opt/airflow/dags/1102_trigger_consumer.py took 0.308 seconds
[2026-09-11T00:14:04.438+0000] {processor.py:186} INFO - Started process (PID=14489) to work on /opt/airflow/dags/1102_trigger_consumer.py
[2026-09-11T00:14:04.440+0000] {processor.py:914} INFO - Processing file /opt/airflow/dags/1102_trigger_consumer.py for tasks to queue
[2026-09-11T00:14:04.445+0000] {logging_mixin.py:190} INFO - [2026-09-11T00:14:04.444+0000] {dagbag.py:588} INFO - Filling up the DagBag from /opt/airflow/dags/1102_trigger_consumer.py
[2026-09-11T00:14:04.457+0000] {processor.py:925} INFO - DAG(s) '1102_trigger_consumer' retrieved from /opt/airflow/dags/1102_trigger_consumer.py
[2026-09-11T00:14:04.501+0000] {logging_mixin.py:190} INFO - [2026-09-11T00:14:04.500+0000] {dag.py:3239} INFO - Sync 1 DAGs
[2026-09-11T00:14:04.533+0000] {logging_mixin.py:190} INFO - [2026-09-11T00:14:04.533+0000] {dag.py:4180} INFO - Setting next_dagrun for 1102_trigger_consumer to None, run_after=None
[2026-09-11T00:14:04.562+0000] {processor.py:208} INFO - Processing /opt/airflow/dags/1102_trigger_consumer.py took 0.134 seconds
