[2026-09-11T00:13:01.917+0000] {processor.py:186} INFO - Started process (PID=14342) to work on /opt/airflow/dags/1201_payload_producer.py
[2026-09-11T00:13:01.918+0000] {processor.py:914} INFO - Processing file /opt/airflow/dags/1201_payload_producer.py for tasks to queue
[2026-09-11T00:13:01.923+0000] {logging_mixin.py:190} INFO - [2026-09-11T00:13:01.923+0000] {dagbag.py:588} INFO - Filling up the DagBag from /opt/airflow/dags/1201_payload_producer.py
[2026-09-11T00:13:01.964+0000] {processor.py:925} INFO - DAG(s) '1201_payload_producer' retrieved from /opt/airflow/dags/1201_payload_producer.py
[2026-09-11T00:13:02.126+0000] {logging_mixin.py:190} INFO - [2026-09-11T00:13:02.126+0000] {dag.py:3239} INFO - Sync 1 DAGs
[2026-09-11T00:13:02.216+0000] {logging_mixin.py:190} INFO - [2026-09-11T00:13:02.216+0000] {dag.py:4180} INFO - Setting next_dagrun for 1201_payload_producer to None, run_after=None
[2026-09-11T00:13:02.318+0000] {processor.py:208} INFO - Processing /opt/airflow/dags/1201_payload_producer.py took 0.455 seconds
[2026-09-11T00:13:32.464+0000] {processor.py:186} INFO - Started process (PID=14412) to work on /opt/airflow/dags/1201_payload_producer.py
[2026-09-11T00:13:32.466+0000] {processor.py:914} INFO - Processing file /opt/airflow/dags/1201_payload_producer.py for tasks to queue
[2026-09-11T00:13:32.468+0000] {logging_mixin.py:190} INFO - [2026-09-11T00:13:32.468+0000] {dagbag.py:588} INFO - Filling up the DagBag from /opt/airflow/dags/1201_payload_producer.py
[2026-09-11T00:13:32.481+0000] {processor.py:925} INFO - DAG(s) '1201_payload_producer' retrieved from /opt/airflow/dags/1201_payload_producer.py
[2026-09-11T00:13:32.516+0000] {logging_mixin.py:190} INFO - [2026-09-11T00:13:32.515+0000] {dag.py:3239} INFO - Sync 1 DAGs
[2026-09-11T00:13:32.534+0000] {logging_mixin.py:190} INFO - [2026-09-11T00:13:32.533+0000] {dag.py:4180} INFO - Setting next_dagrun for 1201_payload_producer to None, run_after=None
[2026-09-11T00:13:32.559+0000] {processor.py:208} INFO - Processing /opt/airflow/dags/1201_payload_producer.py took 0.106 seconds
[2026-09-11T00:14:03.317+0000] {processor.py:186} INFO - Started process (PID=14482) to work on /opt/airflow/dags/1201_payload_producer.py
[2026-09-11T00:14:03.318+0000] {processor.py:914} INFO - Processing file /opt/airflow/dags/1201_payload_producer.py for tasks to queue
[2026-09-11T00:14:03.321+0000] {logging_mixin.py:190} INFO - [2026-09-11T00:14:03.321+0000] {dagbag.py:588} INFO - Filling up the DagBag from /opt/airflow/dags/1201_payload_producer.py
[2026-09-11T00:14:03.332+0000] {processor.py:925} INFO - DAG(s) '1201_payload_producer' retrieved from /opt/airflow/dags/1201_payload_producer.py
[2026-09-11T00:14:03.365+0000] {logging_mixin.py:190} INFO - [2026-09-11T00:14:03.365+0000] {dag.py:3239} INFO - Sync 1 DAGs
[2026-09-11T00:14:03.382+0000] {logging_mixin.py:190} INFO - [2026-09-11T00:14:03.382+0000] {dag.py:4180} INFO - Setting next_dagrun for 1201_payload_producer to None, run_after=None
[2026-09-11T00:14:03.404+0000] {processor.py:208} INFO - Processing /opt/airflow/dags/1201_payload_producer.py took 0.095 seconds
