[2026-09-11T00:13:01.826+0000] {processor.py:186} INFO - Started process (PID=14339) to work on /opt/airflow/dags/1202_payload_consumer.py
[2026-09-11T00:13:01.829+0000] {processor.py:914} INFO - Processing file /opt/airflow/dags/1202_payload_consumer.py for tasks to queue
[2026-09-11T00:13:01.833+0000] {logging_mixin.py:190} INFO - [2026-09-11T00:13:01.833+0000] {dagbag.py:588} INFO - Filling up the DagBag from /opt/airflow/dags/1202_payload_consumer.py
[2026-09-11T00:13:01.882+0000] {processor.py:925} INFO - DAG(s) '1202_payload_consumer' retrieved from /opt/airflow/dags/1202_payload_consumer.py
[2026-09-11T00:13:02.006+0000] {logging_mixin.py:190} INFO - [2026-09-11T00:13:02.006+0000] {dag.py:3239} INFO - Sync 1 DAGs
[2026-09-11T00:13:02.104+0000] {logging_mixin.py:190} INFO - [2026-09-11T00:13:02.103+0000] {dag.py:4180} INFO - Setting next_dagrun for 1202_payload_consumer to None, run_after=None
[2026-09-11T00:13:02.187+0000] {processor.py:208} INFO - Processing /opt/airflow/dags/1202_payload_consumer.py took 0.433 seconds
[2026-09-11T00:13:32.454+0000] {processor.py:186} INFO - Started process (PID=14409) to work on /opt/airflow/dags/1202_payload_consumer.py
[2026-09-11T00:13:32.455+0000] {processor.py:914} INFO - Processing file /opt/airflow/dags/1202_payload_consumer.py for tasks to queue
[2026-09-11T00:13:32.459+0000] {logging_mixin.py:190} INFO - [2026-09-11T00:13:32.458+0000] {dagbag.py:588} INFO - Filling up the DagBag from /opt/airflow/dags/1202_payload_consumer.py
[2026-09-11T00:13:32.468+0000] {processor.py:925} INFO - DAG(s) '1202_payload_consumer' retrieved from /opt/airflow/dags/1202_payload_consumer.py
[2026-09-11T00:13:32.506+0000] {logging_mixin.py:190} INFO - [2026-09-11T00:13:32.506+0000] {dag.py:3239} INFO - Sync 1 DAGs
[2026-09-11T00:13:32.532+0000] {logging_mixin.py:190} INFO - [2026-09-11T00:13:32.532+0000] {dag.py:4180} INFO - Setting next_dagrun for 1202_payload_consumer to None, run_after=None
[2026-09-11T00:13:32.556+0000] {processor.py:208} INFO - Processing /opt/airflow/dags/1202_payload_consumer.py took 0.115 seconds
[2026-09-11T00:14:03.304+0000] {processor.py:186} INFO - Started process (PID=14479) to work on /opt/airflow/dags/1202_payload_consumer.py
[2026-09-11T00:14:03.306+0000] {processor.py:914} INFO - Processing file /opt/airflow/dags/1202_payload_consumer.py for tasks to queue
[2026-09-11T00:14:03.309+0000] {logging_mixin.py:190} INFO - [2026-09-11T00:14:03.309+0000] {dagbag.py:588} INFO - Filling up the DagBag from /opt/airflow/dags/1202_payload_consumer.py
[2026-09-11T00:14:03.319+0000] {processor.py:925} INFO - DAG(s) '1202_payload_consumer' retrieved from /opt/airflow/dags/1202_payload_consumer.py
[2026-09-11T00:14:03.353+0000] {logging_mixin.py:190} INFO - [2026-09-11T00:14:03.353+0000] {dag.py:3239} INFO - Sync 1 DAGs
[2026-09-11T00:14:03.370+0000] {logging_mixin.py:190} INFO - [2026-09-11T00:14:03.370+0000] {dag.py:4180} INFO - Setting next_dagrun for 1202_payload_consumer to None, run_after=None
[2026-09-11T00:14:03.393+0000] {processor.py:208} INFO - Processing /opt/airflow/dags/1202_payload_consumer.py took 0.099 seconds
