[2026-07-10T19:44:54.498+0000] {local_task_job_runner.py:123} INFO - ::group::Pre task execution logs
[2026-07-10T19:44:54.570+0000] {taskinstance.py:2613} INFO - Dependencies all met for dep_context=non-requeueable deps ti=<TaskInstance: 10_sql_operator_pro.grade_distribution manual__2026-07-10T19:44:48.859845+00:00 [queued]>
[2026-07-10T19:44:54.661+0000] {taskinstance.py:2613} INFO - Dependencies all met for dep_context=requeueable deps ti=<TaskInstance: 10_sql_operator_pro.grade_distribution manual__2026-07-10T19:44:48.859845+00:00 [queued]>
[2026-07-10T19:44:54.662+0000] {taskinstance.py:2866} INFO - Starting attempt 1 of 1
[2026-07-10T19:44:54.716+0000] {taskinstance.py:2889} INFO - Executing <Task(PostgresOperator): grade_distribution> on 2026-07-10 19:44:48.859845+00:00
[2026-07-10T19:44:54.746+0000] {logging_mixin.py:190} WARNING - /home/***/.local/lib/python3.12/site-packages/***/task/task_runner/standard_task_runner.py:70 DeprecationWarning: This process (pid=859) is multi-threaded, use of fork() may lead to deadlocks in the child.
[2026-07-10T19:44:54.750+0000] {standard_task_runner.py:72} INFO - Started process 867 to run task
[2026-07-10T19:44:54.753+0000] {standard_task_runner.py:104} INFO - Running: ['***', 'tasks', 'run', '10_sql_operator_pro', 'grade_distribution', 'manual__2026-07-10T19:44:48.859845+00:00', '--job-id', '36', '--raw', '--subdir', 'DAGS_FOLDER/10_sql_operator_pro.py', '--cfg-path', '/tmp/tmpvxjl9_6j']
[2026-07-10T19:44:54.763+0000] {standard_task_runner.py:105} INFO - Job 36: Subtask grade_distribution
[2026-07-10T19:44:55.093+0000] {task_command.py:467} INFO - Running <TaskInstance: 10_sql_operator_pro.grade_distribution manual__2026-07-10T19:44:48.859845+00:00 [running]> on host 35bdc1b28d94
[2026-07-10T19:44:55.734+0000] {taskinstance.py:3132} INFO - Exporting env vars: AIRFLOW_CTX_DAG_OWNER='***' AIRFLOW_CTX_DAG_ID='10_sql_operator_pro' AIRFLOW_CTX_TASK_ID='grade_distribution' AIRFLOW_CTX_EXECUTION_DATE='2026-07-10T19:44:48.859845+00:00' AIRFLOW_CTX_TRY_NUMBER='1' AIRFLOW_CTX_DAG_RUN_ID='manual__2026-07-10T19:44:48.859845+00:00'
[2026-07-10T19:44:55.742+0000] {taskinstance.py:731} INFO - ::endgroup::
[2026-07-10T19:44:55.849+0000] {sql.py:278} INFO - Executing: 
            SELECT c.course_name, e.grade, COUNT(*) as count
            FROM t10_enrollments e
            JOIN t10_courses c ON e.course_id = c.course_id
            GROUP BY c.course_name, e.grade
            ORDER BY c.course_name, e.grade;
        
[2026-07-10T19:44:55.851+0000] {crypto.py:82} WARNING - empty cryptography key - values will not be stored encrypted.
[2026-07-10T19:44:55.859+0000] {base.py:84} INFO - Retrieving connection 'etl_postgres'
[2026-07-10T19:44:55.890+0000] {base.py:84} INFO - Retrieving connection 'etl_postgres'
[2026-07-10T19:44:55.929+0000] {sql.py:544} INFO - Running statement: 
            SELECT c.course_name, e.grade, COUNT(*) as count
            FROM t10_enrollments e
            JOIN t10_courses c ON e.course_id = c.course_id
            GROUP BY c.course_name, e.grade
            ORDER BY c.course_name, e.grade;
        , parameters: None
[2026-07-10T19:44:55.938+0000] {sql.py:553} INFO - Rows affected: 16
[2026-07-10T19:44:56.184+0000] {taskinstance.py:340} INFO - ::group::Post task execution logs
[2026-07-10T19:44:56.185+0000] {taskinstance.py:352} INFO - Marking task as SUCCESS. dag_id=10_sql_operator_pro, task_id=grade_distribution, run_id=manual__2026-07-10T19:44:48.859845+00:00, execution_date=20260710T194448, start_date=20260710T194454, end_date=20260710T194456
[2026-07-10T19:44:56.275+0000] {local_task_job_runner.py:266} INFO - Task exited with return code 0
[2026-07-10T19:44:56.361+0000] {local_task_job_runner.py:245} INFO - ::endgroup::
