[2026-07-06T14:56:43.789+0000] {processor.py:186} INFO - Started process (PID=163) to work on /opt/airflow/dags/01_load_csv.py
[2026-07-06T14:56:43.790+0000] {processor.py:914} INFO - Processing file /opt/airflow/dags/01_load_csv.py for tasks to queue
[2026-07-06T14:56:43.793+0000] {logging_mixin.py:190} INFO - [2026-07-06T14:56:43.793+0000] {dagbag.py:588} INFO - Filling up the DagBag from /opt/airflow/dags/01_load_csv.py
[2026-07-06T14:56:43.840+0000] {processor.py:925} INFO - DAG(s) '01_load_csv' retrieved from /opt/airflow/dags/01_load_csv.py
[2026-07-06T14:56:44.382+0000] {logging_mixin.py:190} INFO - [2026-07-06T14:56:44.381+0000] {override.py:1911} INFO - Created Permission View: can read on DAG:01_load_csv
[2026-07-06T14:56:44.398+0000] {logging_mixin.py:190} INFO - [2026-07-06T14:56:44.397+0000] {override.py:1911} INFO - Created Permission View: can edit on DAG:01_load_csv
[2026-07-06T14:56:44.409+0000] {logging_mixin.py:190} INFO - [2026-07-06T14:56:44.409+0000] {override.py:1911} INFO - Created Permission View: can delete on DAG:01_load_csv
[2026-07-06T14:56:44.424+0000] {logging_mixin.py:190} INFO - [2026-07-06T14:56:44.424+0000] {override.py:1911} INFO - Created Permission View: menu access on DAG Run:01_load_csv
[2026-07-06T14:56:44.436+0000] {logging_mixin.py:190} INFO - [2026-07-06T14:56:44.436+0000] {override.py:1911} INFO - Created Permission View: can delete on DAG Run:01_load_csv
[2026-07-06T14:56:44.448+0000] {logging_mixin.py:190} INFO - [2026-07-06T14:56:44.448+0000] {override.py:1911} INFO - Created Permission View: can read on DAG Run:01_load_csv
[2026-07-06T14:56:44.459+0000] {logging_mixin.py:190} INFO - [2026-07-06T14:56:44.458+0000] {override.py:1911} INFO - Created Permission View: can create on DAG Run:01_load_csv
[2026-07-06T14:56:44.459+0000] {logging_mixin.py:190} INFO - [2026-07-06T14:56:44.459+0000] {dag.py:3239} INFO - Sync 1 DAGs
[2026-07-06T14:56:44.501+0000] {logging_mixin.py:190} INFO - [2026-07-06T14:56:44.500+0000] {dag.py:3262} INFO - Creating ORM DAG for 01_load_csv
[2026-07-06T14:56:44.502+0000] {logging_mixin.py:190} INFO - [2026-07-06T14:56:44.502+0000] {dag.py:4180} INFO - Setting next_dagrun for 01_load_csv to None, run_after=None
[2026-07-06T14:56:44.533+0000] {processor.py:208} INFO - Processing /opt/airflow/dags/01_load_csv.py took 0.753 seconds
[2026-07-06T14:57:14.793+0000] {processor.py:186} INFO - Started process (PID=168) to work on /opt/airflow/dags/01_load_csv.py
[2026-07-06T14:57:14.794+0000] {processor.py:914} INFO - Processing file /opt/airflow/dags/01_load_csv.py for tasks to queue
[2026-07-06T14:57:14.798+0000] {logging_mixin.py:190} INFO - [2026-07-06T14:57:14.798+0000] {dagbag.py:588} INFO - Filling up the DagBag from /opt/airflow/dags/01_load_csv.py
[2026-07-06T14:57:14.825+0000] {processor.py:925} INFO - DAG(s) '01_load_csv' retrieved from /opt/airflow/dags/01_load_csv.py
[2026-07-06T14:57:14.920+0000] {logging_mixin.py:190} INFO - [2026-07-06T14:57:14.919+0000] {dag.py:3239} INFO - Sync 1 DAGs
[2026-07-06T14:57:14.945+0000] {logging_mixin.py:190} INFO - [2026-07-06T14:57:14.945+0000] {dag.py:4180} INFO - Setting next_dagrun for 01_load_csv to None, run_after=None
[2026-07-06T14:57:14.979+0000] {processor.py:208} INFO - Processing /opt/airflow/dags/01_load_csv.py took 0.194 seconds
[2026-07-06T14:57:45.163+0000] {processor.py:186} INFO - Started process (PID=173) to work on /opt/airflow/dags/01_load_csv.py
[2026-07-06T14:57:45.167+0000] {processor.py:914} INFO - Processing file /opt/airflow/dags/01_load_csv.py for tasks to queue
[2026-07-06T14:57:45.183+0000] {logging_mixin.py:190} INFO - [2026-07-06T14:57:45.182+0000] {dagbag.py:588} INFO - Filling up the DagBag from /opt/airflow/dags/01_load_csv.py
[2026-07-06T14:57:45.207+0000] {processor.py:925} INFO - DAG(s) '01_load_csv' retrieved from /opt/airflow/dags/01_load_csv.py
[2026-07-06T14:57:45.259+0000] {logging_mixin.py:190} INFO - [2026-07-06T14:57:45.258+0000] {dag.py:3239} INFO - Sync 1 DAGs
[2026-07-06T14:57:45.280+0000] {logging_mixin.py:190} INFO - [2026-07-06T14:57:45.279+0000] {dag.py:4180} INFO - Setting next_dagrun for 01_load_csv to None, run_after=None
[2026-07-06T14:57:45.309+0000] {processor.py:208} INFO - Processing /opt/airflow/dags/01_load_csv.py took 0.168 seconds
[2026-07-06T14:58:15.561+0000] {processor.py:186} INFO - Started process (PID=178) to work on /opt/airflow/dags/01_load_csv.py
[2026-07-06T14:58:15.562+0000] {processor.py:914} INFO - Processing file /opt/airflow/dags/01_load_csv.py for tasks to queue
[2026-07-06T14:58:15.564+0000] {logging_mixin.py:190} INFO - [2026-07-06T14:58:15.564+0000] {dagbag.py:588} INFO - Filling up the DagBag from /opt/airflow/dags/01_load_csv.py
[2026-07-06T14:58:15.578+0000] {processor.py:925} INFO - DAG(s) '01_load_csv' retrieved from /opt/airflow/dags/01_load_csv.py
[2026-07-06T14:58:15.617+0000] {logging_mixin.py:190} INFO - [2026-07-06T14:58:15.616+0000] {dag.py:3239} INFO - Sync 1 DAGs
[2026-07-06T14:58:15.642+0000] {logging_mixin.py:190} INFO - [2026-07-06T14:58:15.641+0000] {dag.py:4180} INFO - Setting next_dagrun for 01_load_csv to None, run_after=None
[2026-07-06T14:58:15.676+0000] {processor.py:208} INFO - Processing /opt/airflow/dags/01_load_csv.py took 0.123 seconds
[2026-07-06T14:58:46.092+0000] {processor.py:186} INFO - Started process (PID=183) to work on /opt/airflow/dags/01_load_csv.py
[2026-07-06T14:58:46.107+0000] {processor.py:914} INFO - Processing file /opt/airflow/dags/01_load_csv.py for tasks to queue
[2026-07-06T14:58:46.111+0000] {logging_mixin.py:190} INFO - [2026-07-06T14:58:46.110+0000] {dagbag.py:588} INFO - Filling up the DagBag from /opt/airflow/dags/01_load_csv.py
[2026-07-06T14:58:46.143+0000] {processor.py:925} INFO - DAG(s) '01_load_csv' retrieved from /opt/airflow/dags/01_load_csv.py
[2026-07-06T14:58:46.262+0000] {logging_mixin.py:190} INFO - [2026-07-06T14:58:46.261+0000] {dag.py:3239} INFO - Sync 1 DAGs
[2026-07-06T14:58:46.284+0000] {logging_mixin.py:190} INFO - [2026-07-06T14:58:46.284+0000] {dag.py:4180} INFO - Setting next_dagrun for 01_load_csv to None, run_after=None
[2026-07-06T14:58:46.342+0000] {processor.py:208} INFO - Processing /opt/airflow/dags/01_load_csv.py took 0.282 seconds
[2026-07-06T14:59:16.653+0000] {processor.py:186} INFO - Started process (PID=188) to work on /opt/airflow/dags/01_load_csv.py
[2026-07-06T14:59:16.656+0000] {processor.py:914} INFO - Processing file /opt/airflow/dags/01_load_csv.py for tasks to queue
[2026-07-06T14:59:16.660+0000] {logging_mixin.py:190} INFO - [2026-07-06T14:59:16.660+0000] {dagbag.py:588} INFO - Filling up the DagBag from /opt/airflow/dags/01_load_csv.py
[2026-07-06T14:59:16.674+0000] {processor.py:925} INFO - DAG(s) '01_load_csv' retrieved from /opt/airflow/dags/01_load_csv.py
[2026-07-06T14:59:16.717+0000] {logging_mixin.py:190} INFO - [2026-07-06T14:59:16.717+0000] {dag.py:3239} INFO - Sync 1 DAGs
[2026-07-06T14:59:16.744+0000] {logging_mixin.py:190} INFO - [2026-07-06T14:59:16.744+0000] {dag.py:4180} INFO - Setting next_dagrun for 01_load_csv to None, run_after=None
[2026-07-06T14:59:16.778+0000] {processor.py:208} INFO - Processing /opt/airflow/dags/01_load_csv.py took 0.132 seconds
[2026-07-06T14:59:47.008+0000] {processor.py:186} INFO - Started process (PID=193) to work on /opt/airflow/dags/01_load_csv.py
[2026-07-06T14:59:47.011+0000] {processor.py:914} INFO - Processing file /opt/airflow/dags/01_load_csv.py for tasks to queue
[2026-07-06T14:59:47.014+0000] {logging_mixin.py:190} INFO - [2026-07-06T14:59:47.014+0000] {dagbag.py:588} INFO - Filling up the DagBag from /opt/airflow/dags/01_load_csv.py
[2026-07-06T14:59:47.031+0000] {processor.py:925} INFO - DAG(s) '01_load_csv' retrieved from /opt/airflow/dags/01_load_csv.py
[2026-07-06T14:59:47.082+0000] {logging_mixin.py:190} INFO - [2026-07-06T14:59:47.081+0000] {dag.py:3239} INFO - Sync 1 DAGs
[2026-07-06T14:59:47.114+0000] {logging_mixin.py:190} INFO - [2026-07-06T14:59:47.114+0000] {dag.py:4180} INFO - Setting next_dagrun for 01_load_csv to None, run_after=None
[2026-07-06T14:59:47.145+0000] {processor.py:208} INFO - Processing /opt/airflow/dags/01_load_csv.py took 0.149 seconds
[2026-07-06T15:00:17.600+0000] {processor.py:186} INFO - Started process (PID=198) to work on /opt/airflow/dags/01_load_csv.py
[2026-07-06T15:00:17.603+0000] {processor.py:914} INFO - Processing file /opt/airflow/dags/01_load_csv.py for tasks to queue
[2026-07-06T15:00:17.607+0000] {logging_mixin.py:190} INFO - [2026-07-06T15:00:17.607+0000] {dagbag.py:588} INFO - Filling up the DagBag from /opt/airflow/dags/01_load_csv.py
[2026-07-06T15:00:17.630+0000] {processor.py:925} INFO - DAG(s) '01_load_csv' retrieved from /opt/airflow/dags/01_load_csv.py
[2026-07-06T15:00:17.687+0000] {logging_mixin.py:190} INFO - [2026-07-06T15:00:17.687+0000] {dag.py:3239} INFO - Sync 1 DAGs
[2026-07-06T15:00:17.720+0000] {logging_mixin.py:190} INFO - [2026-07-06T15:00:17.719+0000] {dag.py:4180} INFO - Setting next_dagrun for 01_load_csv to None, run_after=None
[2026-07-06T15:00:17.751+0000] {processor.py:208} INFO - Processing /opt/airflow/dags/01_load_csv.py took 0.193 seconds
[2026-07-06T15:00:48.089+0000] {processor.py:186} INFO - Started process (PID=203) to work on /opt/airflow/dags/01_load_csv.py
[2026-07-06T15:00:48.092+0000] {processor.py:914} INFO - Processing file /opt/airflow/dags/01_load_csv.py for tasks to queue
[2026-07-06T15:00:48.097+0000] {logging_mixin.py:190} INFO - [2026-07-06T15:00:48.096+0000] {dagbag.py:588} INFO - Filling up the DagBag from /opt/airflow/dags/01_load_csv.py
[2026-07-06T15:00:48.117+0000] {processor.py:925} INFO - DAG(s) '01_load_csv' retrieved from /opt/airflow/dags/01_load_csv.py
[2026-07-06T15:00:48.189+0000] {logging_mixin.py:190} INFO - [2026-07-06T15:00:48.188+0000] {dag.py:3239} INFO - Sync 1 DAGs
[2026-07-06T15:00:48.216+0000] {logging_mixin.py:190} INFO - [2026-07-06T15:00:48.216+0000] {dag.py:4180} INFO - Setting next_dagrun for 01_load_csv to None, run_after=None
[2026-07-06T15:00:48.258+0000] {processor.py:208} INFO - Processing /opt/airflow/dags/01_load_csv.py took 0.188 seconds
[2026-07-06T15:01:18.478+0000] {processor.py:186} INFO - Started process (PID=208) to work on /opt/airflow/dags/01_load_csv.py
[2026-07-06T15:01:18.481+0000] {processor.py:914} INFO - Processing file /opt/airflow/dags/01_load_csv.py for tasks to queue
[2026-07-06T15:01:18.484+0000] {logging_mixin.py:190} INFO - [2026-07-06T15:01:18.484+0000] {dagbag.py:588} INFO - Filling up the DagBag from /opt/airflow/dags/01_load_csv.py
[2026-07-06T15:01:18.504+0000] {processor.py:925} INFO - DAG(s) '01_load_csv' retrieved from /opt/airflow/dags/01_load_csv.py
[2026-07-06T15:01:18.557+0000] {logging_mixin.py:190} INFO - [2026-07-06T15:01:18.557+0000] {dag.py:3239} INFO - Sync 1 DAGs
[2026-07-06T15:01:18.585+0000] {logging_mixin.py:190} INFO - [2026-07-06T15:01:18.585+0000] {dag.py:4180} INFO - Setting next_dagrun for 01_load_csv to None, run_after=None
[2026-07-06T15:01:18.619+0000] {processor.py:208} INFO - Processing /opt/airflow/dags/01_load_csv.py took 0.154 seconds
[2026-07-06T15:01:49.025+0000] {processor.py:186} INFO - Started process (PID=213) to work on /opt/airflow/dags/01_load_csv.py
[2026-07-06T15:01:49.027+0000] {processor.py:914} INFO - Processing file /opt/airflow/dags/01_load_csv.py for tasks to queue
[2026-07-06T15:01:49.037+0000] {logging_mixin.py:190} INFO - [2026-07-06T15:01:49.036+0000] {dagbag.py:588} INFO - Filling up the DagBag from /opt/airflow/dags/01_load_csv.py
[2026-07-06T15:01:49.057+0000] {processor.py:925} INFO - DAG(s) '01_load_csv' retrieved from /opt/airflow/dags/01_load_csv.py
[2026-07-06T15:01:49.110+0000] {logging_mixin.py:190} INFO - [2026-07-06T15:01:49.110+0000] {dag.py:3239} INFO - Sync 1 DAGs
[2026-07-06T15:01:49.137+0000] {logging_mixin.py:190} INFO - [2026-07-06T15:01:49.137+0000] {dag.py:4180} INFO - Setting next_dagrun for 01_load_csv to None, run_after=None
[2026-07-06T15:01:49.162+0000] {processor.py:208} INFO - Processing /opt/airflow/dags/01_load_csv.py took 0.175 seconds
[2026-07-06T15:02:19.369+0000] {processor.py:186} INFO - Started process (PID=218) to work on /opt/airflow/dags/01_load_csv.py
[2026-07-06T15:02:19.374+0000] {processor.py:914} INFO - Processing file /opt/airflow/dags/01_load_csv.py for tasks to queue
[2026-07-06T15:02:19.383+0000] {logging_mixin.py:190} INFO - [2026-07-06T15:02:19.381+0000] {dagbag.py:588} INFO - Filling up the DagBag from /opt/airflow/dags/01_load_csv.py
[2026-07-06T15:02:19.410+0000] {processor.py:925} INFO - DAG(s) '01_load_csv' retrieved from /opt/airflow/dags/01_load_csv.py
[2026-07-06T15:02:19.459+0000] {logging_mixin.py:190} INFO - [2026-07-06T15:02:19.459+0000] {dag.py:3239} INFO - Sync 1 DAGs
[2026-07-06T15:02:19.492+0000] {logging_mixin.py:190} INFO - [2026-07-06T15:02:19.492+0000] {dag.py:4180} INFO - Setting next_dagrun for 01_load_csv to None, run_after=None
[2026-07-06T15:02:19.528+0000] {processor.py:208} INFO - Processing /opt/airflow/dags/01_load_csv.py took 0.195 seconds
[2026-07-06T15:02:49.794+0000] {processor.py:186} INFO - Started process (PID=223) to work on /opt/airflow/dags/01_load_csv.py
[2026-07-06T15:02:49.795+0000] {processor.py:914} INFO - Processing file /opt/airflow/dags/01_load_csv.py for tasks to queue
[2026-07-06T15:02:49.798+0000] {logging_mixin.py:190} INFO - [2026-07-06T15:02:49.798+0000] {dagbag.py:588} INFO - Filling up the DagBag from /opt/airflow/dags/01_load_csv.py
[2026-07-06T15:02:49.810+0000] {processor.py:925} INFO - DAG(s) '01_load_csv' retrieved from /opt/airflow/dags/01_load_csv.py
[2026-07-06T15:02:49.861+0000] {logging_mixin.py:190} INFO - [2026-07-06T15:02:49.860+0000] {dag.py:3239} INFO - Sync 1 DAGs
[2026-07-06T15:02:49.883+0000] {logging_mixin.py:190} INFO - [2026-07-06T15:02:49.883+0000] {dag.py:4180} INFO - Setting next_dagrun for 01_load_csv to None, run_after=None
[2026-07-06T15:02:49.911+0000] {processor.py:208} INFO - Processing /opt/airflow/dags/01_load_csv.py took 0.127 seconds
[2026-07-06T15:03:20.185+0000] {processor.py:186} INFO - Started process (PID=228) to work on /opt/airflow/dags/01_load_csv.py
[2026-07-06T15:03:20.187+0000] {processor.py:914} INFO - Processing file /opt/airflow/dags/01_load_csv.py for tasks to queue
[2026-07-06T15:03:20.191+0000] {logging_mixin.py:190} INFO - [2026-07-06T15:03:20.191+0000] {dagbag.py:588} INFO - Filling up the DagBag from /opt/airflow/dags/01_load_csv.py
[2026-07-06T15:03:20.212+0000] {processor.py:925} INFO - DAG(s) '01_load_csv' retrieved from /opt/airflow/dags/01_load_csv.py
[2026-07-06T15:03:20.283+0000] {logging_mixin.py:190} INFO - [2026-07-06T15:03:20.283+0000] {dag.py:3239} INFO - Sync 1 DAGs
[2026-07-06T15:03:20.308+0000] {logging_mixin.py:190} INFO - [2026-07-06T15:03:20.307+0000] {dag.py:4180} INFO - Setting next_dagrun for 01_load_csv to None, run_after=None
[2026-07-06T15:03:20.341+0000] {processor.py:208} INFO - Processing /opt/airflow/dags/01_load_csv.py took 0.167 seconds
[2026-07-06T15:03:50.647+0000] {processor.py:186} INFO - Started process (PID=233) to work on /opt/airflow/dags/01_load_csv.py
[2026-07-06T15:03:50.653+0000] {processor.py:914} INFO - Processing file /opt/airflow/dags/01_load_csv.py for tasks to queue
[2026-07-06T15:03:50.674+0000] {logging_mixin.py:190} INFO - [2026-07-06T15:03:50.667+0000] {dagbag.py:588} INFO - Filling up the DagBag from /opt/airflow/dags/01_load_csv.py
[2026-07-06T15:03:50.850+0000] {processor.py:925} INFO - DAG(s) '01_load_csv' retrieved from /opt/airflow/dags/01_load_csv.py
[2026-07-06T15:03:51.031+0000] {logging_mixin.py:190} INFO - [2026-07-06T15:03:51.030+0000] {dag.py:3239} INFO - Sync 1 DAGs
[2026-07-06T15:03:51.116+0000] {logging_mixin.py:190} INFO - [2026-07-06T15:03:51.116+0000] {dag.py:4180} INFO - Setting next_dagrun for 01_load_csv to None, run_after=None
[2026-07-06T15:03:51.182+0000] {processor.py:208} INFO - Processing /opt/airflow/dags/01_load_csv.py took 0.575 seconds
[2026-07-06T15:04:21.631+0000] {processor.py:186} INFO - Started process (PID=238) to work on /opt/airflow/dags/01_load_csv.py
[2026-07-06T15:04:21.634+0000] {processor.py:914} INFO - Processing file /opt/airflow/dags/01_load_csv.py for tasks to queue
[2026-07-06T15:04:21.668+0000] {logging_mixin.py:190} INFO - [2026-07-06T15:04:21.664+0000] {dagbag.py:588} INFO - Filling up the DagBag from /opt/airflow/dags/01_load_csv.py
[2026-07-06T15:04:21.802+0000] {processor.py:925} INFO - DAG(s) '01_load_csv' retrieved from /opt/airflow/dags/01_load_csv.py
[2026-07-06T15:04:21.940+0000] {logging_mixin.py:190} INFO - [2026-07-06T15:04:21.940+0000] {dag.py:3239} INFO - Sync 1 DAGs
[2026-07-06T15:04:21.978+0000] {logging_mixin.py:190} INFO - [2026-07-06T15:04:21.978+0000] {dag.py:4180} INFO - Setting next_dagrun for 01_load_csv to None, run_after=None
[2026-07-06T15:04:22.016+0000] {processor.py:208} INFO - Processing /opt/airflow/dags/01_load_csv.py took 0.467 seconds
[2026-07-06T15:04:52.372+0000] {processor.py:186} INFO - Started process (PID=243) to work on /opt/airflow/dags/01_load_csv.py
[2026-07-06T15:04:52.374+0000] {processor.py:914} INFO - Processing file /opt/airflow/dags/01_load_csv.py for tasks to queue
[2026-07-06T15:04:52.378+0000] {logging_mixin.py:190} INFO - [2026-07-06T15:04:52.378+0000] {dagbag.py:588} INFO - Filling up the DagBag from /opt/airflow/dags/01_load_csv.py
[2026-07-06T15:04:52.401+0000] {processor.py:925} INFO - DAG(s) '01_load_csv' retrieved from /opt/airflow/dags/01_load_csv.py
[2026-07-06T15:04:52.455+0000] {logging_mixin.py:190} INFO - [2026-07-06T15:04:52.454+0000] {dag.py:3239} INFO - Sync 1 DAGs
[2026-07-06T15:04:52.481+0000] {logging_mixin.py:190} INFO - [2026-07-06T15:04:52.481+0000] {dag.py:4180} INFO - Setting next_dagrun for 01_load_csv to None, run_after=None
[2026-07-06T15:04:52.511+0000] {processor.py:208} INFO - Processing /opt/airflow/dags/01_load_csv.py took 0.148 seconds
[2026-07-06T15:05:22.791+0000] {processor.py:186} INFO - Started process (PID=248) to work on /opt/airflow/dags/01_load_csv.py
[2026-07-06T15:05:22.794+0000] {processor.py:914} INFO - Processing file /opt/airflow/dags/01_load_csv.py for tasks to queue
[2026-07-06T15:05:22.801+0000] {logging_mixin.py:190} INFO - [2026-07-06T15:05:22.800+0000] {dagbag.py:588} INFO - Filling up the DagBag from /opt/airflow/dags/01_load_csv.py
[2026-07-06T15:05:22.823+0000] {processor.py:925} INFO - DAG(s) '01_load_csv' retrieved from /opt/airflow/dags/01_load_csv.py
[2026-07-06T15:05:22.887+0000] {logging_mixin.py:190} INFO - [2026-07-06T15:05:22.887+0000] {dag.py:3239} INFO - Sync 1 DAGs
[2026-07-06T15:05:22.916+0000] {logging_mixin.py:190} INFO - [2026-07-06T15:05:22.915+0000] {dag.py:4180} INFO - Setting next_dagrun for 01_load_csv to None, run_after=None
[2026-07-06T15:05:22.938+0000] {processor.py:208} INFO - Processing /opt/airflow/dags/01_load_csv.py took 0.171 seconds
[2026-07-06T15:05:53.233+0000] {processor.py:186} INFO - Started process (PID=253) to work on /opt/airflow/dags/01_load_csv.py
[2026-07-06T15:05:53.235+0000] {processor.py:914} INFO - Processing file /opt/airflow/dags/01_load_csv.py for tasks to queue
[2026-07-06T15:05:53.239+0000] {logging_mixin.py:190} INFO - [2026-07-06T15:05:53.239+0000] {dagbag.py:588} INFO - Filling up the DagBag from /opt/airflow/dags/01_load_csv.py
[2026-07-06T15:05:53.252+0000] {processor.py:925} INFO - DAG(s) '01_load_csv' retrieved from /opt/airflow/dags/01_load_csv.py
[2026-07-06T15:05:53.289+0000] {logging_mixin.py:190} INFO - [2026-07-06T15:05:53.289+0000] {dag.py:3239} INFO - Sync 1 DAGs
[2026-07-06T15:05:53.306+0000] {logging_mixin.py:190} INFO - [2026-07-06T15:05:53.306+0000] {dag.py:4180} INFO - Setting next_dagrun for 01_load_csv to None, run_after=None
[2026-07-06T15:05:53.327+0000] {processor.py:208} INFO - Processing /opt/airflow/dags/01_load_csv.py took 0.103 seconds
[2026-07-06T15:06:23.619+0000] {processor.py:186} INFO - Started process (PID=258) to work on /opt/airflow/dags/01_load_csv.py
[2026-07-06T15:06:23.620+0000] {processor.py:914} INFO - Processing file /opt/airflow/dags/01_load_csv.py for tasks to queue
[2026-07-06T15:06:23.623+0000] {logging_mixin.py:190} INFO - [2026-07-06T15:06:23.622+0000] {dagbag.py:588} INFO - Filling up the DagBag from /opt/airflow/dags/01_load_csv.py
[2026-07-06T15:06:23.632+0000] {processor.py:925} INFO - DAG(s) '01_load_csv' retrieved from /opt/airflow/dags/01_load_csv.py
[2026-07-06T15:06:23.664+0000] {logging_mixin.py:190} INFO - [2026-07-06T15:06:23.664+0000] {dag.py:3239} INFO - Sync 1 DAGs
[2026-07-06T15:06:23.680+0000] {logging_mixin.py:190} INFO - [2026-07-06T15:06:23.680+0000] {dag.py:4180} INFO - Setting next_dagrun for 01_load_csv to None, run_after=None
[2026-07-06T15:06:23.699+0000] {processor.py:208} INFO - Processing /opt/airflow/dags/01_load_csv.py took 0.087 seconds
[2026-07-06T15:06:53.957+0000] {processor.py:186} INFO - Started process (PID=263) to work on /opt/airflow/dags/01_load_csv.py
[2026-07-06T15:06:53.958+0000] {processor.py:914} INFO - Processing file /opt/airflow/dags/01_load_csv.py for tasks to queue
[2026-07-06T15:06:53.961+0000] {logging_mixin.py:190} INFO - [2026-07-06T15:06:53.960+0000] {dagbag.py:588} INFO - Filling up the DagBag from /opt/airflow/dags/01_load_csv.py
[2026-07-06T15:06:53.972+0000] {processor.py:925} INFO - DAG(s) '01_load_csv' retrieved from /opt/airflow/dags/01_load_csv.py
[2026-07-06T15:06:54.008+0000] {logging_mixin.py:190} INFO - [2026-07-06T15:06:54.008+0000] {dag.py:3239} INFO - Sync 1 DAGs
[2026-07-06T15:06:54.028+0000] {logging_mixin.py:190} INFO - [2026-07-06T15:06:54.027+0000] {dag.py:4180} INFO - Setting next_dagrun for 01_load_csv to None, run_after=None
[2026-07-06T15:06:54.048+0000] {processor.py:208} INFO - Processing /opt/airflow/dags/01_load_csv.py took 0.099 seconds
